--------- beginning of main
07-04 18:17:05.952 I/adbd    ( 2198): adbd service requested 'shell,v2,TERM=dumb,raw:input keyevent KEYCODE_WAKEUP'
07-04 18:17:06.012 I/ctjp    ( 2168): connectToGlassesApi before mutex
07-04 18:17:06.013 I/ctjp    ( 2168): connectToGlassesApi mutex acquired
07-04 18:17:06.013 D/ApiFactory( 2168): returning GlassesApi
07-04 18:17:06.015 E/GlassesApi( 2168): Unable to load GlassesApi implementation.
07-04 18:17:06.015 E/GlassesApi( 2168): com.google.android.glasses.sdk.ApiFactory$ClassLoadException: java.lang.ClassNotFoundException: GlassesCore is a stub.
07-04 18:17:06.015 E/GlassesApi( 2168): 	at com.google.android.glasses.sdk.ApiFactory.getObjectByApiMethodName(PG:41)
07-04 18:17:06.015 E/GlassesApi( 2168): 	at com.google.android.glasses.sdk.ApiFactory.getGlassesApi(PG:16)
07-04 18:17:06.015 E/GlassesApi( 2168): 	at com.google.android.glasses.sdk.GlassesApi$-CC.create(PG:4)
07-04 18:17:06.015 E/GlassesApi( 2168): 	at ctjp.e(PG:156)
07-04 18:17:06.015 E/GlassesApi( 2168): 	at ctjo.invokeSuspend(PG:29)
07-04 18:17:06.015 E/GlassesApi( 2168): 	at ctjo.a(PG:14)
07-04 18:17:06.015 E/GlassesApi( 2168): 	at ctjh.invokeSuspend(PG:42)
07-04 18:17:06.015 E/GlassesApi( 2168): 	at ctjh.invoke(PG:13)
07-04 18:17:06.015 E/GlassesApi( 2168): 	at gmfv.g(PG:3)
07-04 18:17:06.015 E/GlassesApi( 2168): 	at gmfq.b(PG:57)
07-04 18:17:06.015 E/GlassesApi( 2168): 	at gmkw.invokeSuspend(PG:24)
07-04 18:17:06.015 E/GlassesApi( 2168): 	at glrk.resumeWith(PG:11)
07-04 18:17:06.015 E/GlassesApi( 2168): 	at gmbc.run(PG:115)
07-04 18:17:06.015 E/GlassesApi( 2168): 	at fgtu.run(PG:3)
07-04 18:17:06.015 E/GlassesApi( 2168): 	at fiic.run(PG:17)
07-04 18:17:06.015 E/GlassesApi( 2168): 	at dhec.run(PG:5)
07-04 18:17:06.015 E/GlassesApi( 2168): 	at fryo.run(PG:46)
07-04 18:17:06.015 E/GlassesApi( 2168): 	at dhdo.run(PG:81)
07-04 18:17:06.015 E/GlassesApi( 2168): 	at java.lang.Thread.run(Thread.java:1572)
07-04 18:17:06.015 E/GlassesApi( 2168): 	at dhfd.run(PG:62)
07-04 18:17:06.015 E/GlassesApi( 2168): Caused by: java.lang.ClassNotFoundException: GlassesCore is a stub.
07-04 18:17:06.015 E/GlassesApi( 2168): 	at com.google.android.glasses.sdk.ApiFactory.getApiFactoryClass(PG:45)
07-04 18:17:06.015 E/GlassesApi( 2168): 	at com.google.android.glasses.sdk.ApiFactory.getObjectByApiMethodName(PG:1)
07-04 18:17:06.015 E/GlassesApi( 2168): 	... 19 more
07-04 18:17:06.016 W/ctjp    ( 2168): Failed to connect to GlassesApi
07-04 18:17:06.016 W/ctjp    ( 2168): java.lang.IllegalStateException: Failed to create GlassesApi
07-04 18:17:06.016 W/ctjp    ( 2168): 	at ctjp.e(PG:282)
07-04 18:17:06.016 W/ctjp    ( 2168): 	at ctjo.invokeSuspend(PG:29)
07-04 18:17:06.016 W/ctjp    ( 2168): 	at ctjo.a(PG:14)
07-04 18:17:06.016 W/ctjp    ( 2168): 	at ctjh.invokeSuspend(PG:42)
07-04 18:17:06.016 W/ctjp    ( 2168): 	at ctjh.invoke(PG:13)
07-04 18:17:06.016 W/ctjp    ( 2168): 	at gmfv.g(PG:3)
07-04 18:17:06.016 W/ctjp    ( 2168): 	at gmfq.b(PG:57)
07-04 18:17:06.016 W/ctjp    ( 2168): 	at gmkw.invokeSuspend(PG:24)
07-04 18:17:06.016 W/ctjp    ( 2168): 	at glrk.resumeWith(PG:11)
07-04 18:17:06.016 W/ctjp    ( 2168): 	at gmbc.run(PG:115)
07-04 18:17:06.016 W/ctjp    ( 2168): 	at fgtu.run(PG:3)
07-04 18:17:06.016 W/ctjp    ( 2168): 	at fiic.run(PG:17)
07-04 18:17:06.016 W/ctjp    ( 2168): 	at dhec.run(PG:5)
07-04 18:17:06.016 W/ctjp    ( 2168): 	at fryo.run(PG:46)
07-04 18:17:06.016 W/ctjp    ( 2168): 	at dhdo.run(PG:81)
07-04 18:17:06.016 W/ctjp    ( 2168): 	at java.lang.Thread.run(Thread.java:1572)
07-04 18:17:06.016 W/ctjp    ( 2168): 	at dhfd.run(PG:62)
07-04 18:17:06.017 I/adzq    ( 2168): Settings API module disconnected
07-04 18:17:06.017 I/adzq    ( 2168): Wear detection disabled, using connection status
07-04 18:17:06.017 I/ctjp    ( 2168): (REDACTED) delay retry by %s second(s)
07-04 18:17:06.071 I/adbd    ( 2198): adbd service requested 'shell,v2,TERM=dumb,raw:wm dismiss-keyguard'
07-04 18:17:06.197 I/adbd    ( 2198): adbd service requested 'shell,v2,TERM=dumb,raw:am force-stop com.kenleren.my_art_collection'
--------- beginning of system
07-04 18:17:06.357 I/ActivityManager( 1795): Force stopping com.kenleren.my_art_collection appid=10326 user=0: from pid 5967
07-04 18:17:06.364 I/ActivityManager( 1795): Killing 5474:com.kenleren.my_art_collection/u0a326 (adj 0): stop com.kenleren.my_art_collection due to from pid 5967
07-04 18:17:06.367 D/HintManagerService( 1795): Uid gone for 10326
07-04 18:17:06.368 W/powerhal-libperfmgr(  745): sched_setattr failed for thread 5651, err=3
07-04 18:17:06.368 W/powerhal-libperfmgr(  745): sched_setattr failed for thread 5531, err=3
07-04 18:17:06.368 W/libbinder.IPCThreadState( 1795): Sending oneway calls to frozen process.
07-04 18:17:06.370 W/libprocessgroup(  745): Failed to apply SCHED_QOS_NONE task profile
07-04 18:17:06.370 E/powerhal-libperfmgr(  745): Failed to remove task profiles for tid:5650
07-04 18:17:06.370 W/ActivityTaskManager( 1795): Force removing ActivityRecord{24527137 u0 com.kenleren.my_art_collection/.MainActivity t9920 f}}: app died, no saved state
07-04 18:17:06.373 V/WindowManagerShell( 2967): Transition requested (#1758): android.os.BinderProxy@b69343b TransitionRequestInfo { type = CLOSE, triggerTask = TaskInfo{userId=0 taskId=9920 effectiveUid=10326 displayId=0 isRunning=false baseIntent=Intent { flg=0x10000000 cmp=com.kenleren.my_art_collection/.MainActivity } baseActivity=null topActivity=null origActivity=null realActivity=ComponentInfo{com.kenleren.my_art_collection/com.kenleren.my_art_collection.MainActivity} realActivityIsAppLockEnabled=false numActivities=0 lastActiveTime=104911226 supportsMultiWindow=true resizeMode=1 isResizeable=true minWidth=-1 minHeight=-1 defaultMinSize=220 token=WCT{android.os.BinderProxy@a29ad9b} topActivityType=1 pictureInPictureParams=null shouldDockBigOverlays=false launchIntoPipHostTaskId=-1 lastParentTaskIdBeforePip=-1 displayCutoutSafeInsets=Rect(0, 0 - 0, 0) topActivityInfo=null launchCookies=[] positionInParent=Point(0, 0) parentTaskId=-1 isFocused=true isVisible=true isVisibleRequested=true isTopActivityNoDisplay=false isSleeping=false locusId=null displayAreaFeatureId=1 isTopActivityTransparent=false isActivityStackTransparent=true lastNonFullscreenBounds=null leafTaskBoundsFromOptions= false capturedLink=null capturedLinkTimestamp=0 requestedVisibleTypes=503 topActivityRequestOpenInBrowserEducationTimestamp=0 appCompatTaskInfo=AppCompatTaskInfo { topActivityInSizeCompat=false isLeafTask= true eligibleForLetterboxEducation= false isLetterboxEducationEnabled= false isLetterboxDoubleTapEnabled= false eligibleForUserAspectRatioButton= false topActivityBoundsLetterboxed= false isFromLetterboxDoubleTap= false topActivityLetterboxVerticalPosition= -1 topActivityLetterboxHorizontalPosition= -1 topActivityLetterboxWidth=-1 topActivityLetterboxHeight=-1 topActivityAppBounds=Rect(0, 0 - 0, 0) isUserFullscreenOverrideEnabled=false isSystemFullscreenOverrideEnabled=false hasMinAspectRatioOverride=false topActivityLetterboxBounds=null topNonResizableActivityAspectRatio=-1.0} topActivityMainWindowFrame=null isAppBubble=false}, pipChange = null, remoteTransitionInfo = null, displayChange = null, requestedLocation = null, userChange = null, windowingLayerChange = null, fullscreenRequestChange = null, flags = 0, debugId = 1758 }
07-04 18:17:06.373 W/DisplayDisconnectTransitionHandler( 2967): No disconnect change found in the transition, not handling request.
07-04 18:17:06.373 V/ShellDesktopMode( 2967): DesktopTasksController: skipping handleRequest reason=triggerTask's display doesn't support desktop mode
07-04 18:17:06.377 I/libbinder.BpBinder(  485): onLastStrongRef automatically unlinking death recipients for binder (0xb40000766da8e850) with descriptor: '(not cached)'
07-04 18:17:06.380 D/InetDiagMessage( 1795): Destroyed 0 sockets, proto=IPPROTO_TCP, family=AF_INET, states=14
07-04 18:17:06.384 D/ViewRootImpl(29459): Skipping stats log for color mode
07-04 18:17:06.384 D/BaseActivity(29459): Launcher flags updated: [state_started] +[state_started]
07-04 18:17:06.385 D/BaseActivity(29459): Launcher flags updated: [state_started|state_resumed|state_user_active] +[state_resumed|state_user_active]
07-04 18:17:06.385 D/BaseActivity(29459): Launcher flags updated: [state_started|state_resumed|state_user_active] +[]
07-04 18:17:06.385 V/WindowManager( 1795): Defer transition id=1758 for TaskFragmentTransaction=android.os.Binder@50341c8
07-04 18:17:06.385 D/BaseActivity(29459): Launcher flags updated: [state_started|state_resumed|state_deferred_resumed|state_user_active] +[state_deferred_resumed]
07-04 18:17:06.385 D/StatsLog(29459): LAUNCHER_ONRESUME
07-04 18:17:06.387 D/Bubbles ( 2967): BubbleTaskStackListener.onTaskMovedToFront(): taskId=5
07-04 18:17:06.387 D/NexusLauncherModelDelegate(29459): notifySmartspaceEvent: SmartspaceTargetEvent{mSmartspaceTarget=null, mSmartspaceActionId='null', mEventType=6}
07-04 18:17:06.389 D/BackgroundInstallControlService( 1795): Package event received: 0
07-04 18:17:06.389 D/BackgroundInstallControlService( 1795): Package event received: 0
07-04 18:17:06.389 D/BackgroundInstallControlService( 1795): Package event received: 0
07-04 18:17:06.392 D/WindowManagerShell( 2967): setLauncherKeepClearAreaHeight: visible=true, height=461
07-04 18:17:06.393 I/pixel-thermal( 1688): EARLY-EMERGENCY-WARNING-SENSOR data is under collecting
07-04 18:17:06.393 I/pixel-thermal( 1688): EARLY-WARNING-SENSOR data is under collecting
07-04 18:17:06.394 I/pixel-thermal( 1688): Thermal sensor EARLY-WARNING-SENSOR is under collecting
07-04 18:17:06.394 I/pixel-thermal( 1688): Thermal sensor VT-FORECAST-60SEC is under collecting
07-04 18:17:06.394 D/ShortcutAndWidgetContainer(29459): appWidgetScale - [x,y]: [1.0,1.0]
07-04 18:17:06.394 D/NavigableAppWidgetHostView(29459): updateScale - [fitScale,bounceScale]: [1.0,1.0]
07-04 18:17:06.394 I/pixel-thermal( 1688): VIRTUAL-USB-THROTTLING:0 raw data: VIRTUAL-USB-THROTTLING:0 
07-04 18:17:06.394 D/SsBaseTemplateCard(29459): Passed-in item info is null
07-04 18:17:06.394 I/SsBaseTemplateCard(29459): setFormattedContentDescription: text=20°C, iconDescription=Mostly cloudy day, contentDescription=Mostly cloudy day 20°C
07-04 18:17:06.394 D/SsBaseTemplateCard(29459): Passed-in item info is null
07-04 18:17:06.394 D/SsBaseTemplateCard(29459): Passed-in item info is null
07-04 18:17:06.394 I/SsBaseTemplateCard(29459): Secondary card pane is null
07-04 18:17:06.394 D/QuickstepModelDelegate(29459): notifyAppTargetEvent action=1 launchLocation=workspace/1/[-1,-1]/[1,1]
07-04 18:17:06.394 I/pixel-thermal( 1688): VIRTUAL-SKIN-CHARGE-PERSIST:33.7913 raw data: VIRTUAL-SKIN-CHARGE:33791.3 VIRTUAL-SKIN-CHARGE-PERSIST:33791.3 VIRTUAL-SKIN-EQ:33291.3 VIRTUAL-SKIN-LEGACY:33620.3 VIRTUAL-SKIN-LEGACY-MODEL-DIFF:309.508 VIRTUAL-SKIN-LEGACY-SHUTDOWN:0 VIRTUAL-SKIN-MODEL:33310.8 VIRTUAL-SKIN-MODEL-CLAMPED:33310.8 VIRTUAL-SKIN-MODEL-LEGACY-DIFF:-309.508 VIRTUAL-SKIN-MODEL-UPDATED:33291.3 VIRTUAL-SKIN-MODEL-UPPER-CLAMPED:33310.8 VIRTUAL-SKIN-SUB-0:33612.9 VIRTUAL-SKIN-SUB-1:33620.3 VIRTUAL-SKIN-SUB-2:33604 VIRTUAL-SKIN-SUB-3:33484.5 VIRTUAL-SKIN-SUB-4:33338.9 VIRTUAL-SKIN-SUB-5:33096.6 VIRTUAL-SKIN-SUB-6:33226.7 VIRTUAL-SKIN-SUB-7:33245.5 VT_LEGACY_WEIGHT:0 VT_MODEL_WEIGHT:1 charging_therm:36118 disp0_therm:31813 flash_therm:32783 north_therm:33880 quiet_therm:35535 rfpa_therm:34692 soc_therm:36543 usb_pwr_therm:31658 
07-04 18:17:06.395 I/pixel-thermal( 1688): VIRTUAL-SKIN-CHARGE-WIRED:33.7913 raw data: NO_WLC:1 VIRTUAL-SKIN-CHARGE:33791.3 VIRTUAL-SKIN-CHARGE-WIRED:33791.3 WLC_CHECK:1 thb_hda:54 
07-04 18:17:06.395 I/pixel-thermal( 1688): quiet_therm:35.535 raw data: quiet_therm:35535 
07-04 18:17:06.395 D/BaseDepthController(29459): setSurface:
07-04 18:17:06.395 D/BaseDepthController(29459): 	mWaitingOnSurfaceValidity: false
07-04 18:17:06.395 D/BaseDepthController(29459): 	mBaseSurface: Surface(name=com.google.android.apps.nexuslauncher/com.google.android.apps.nexuslauncher.NexusLauncherActivity#19027)/@0xe1462e2
07-04 18:17:06.395 V/BaseDepthController(29459): Applying blur: 0 to Surface(name=com.google.android.apps.nexuslauncher/com.google.android.apps.nexuslauncher.NexusLauncherActivity#19027)/@0xe1462e2 applyImmediately: false
07-04 18:17:06.395 D/BaseDepthController(29459): shouldBlurWorkspace: false targetState: Normal currentStableState: Normal mCurrentBlur: 0 mLauncher.getDepthBlurTargets(): [com.android.launcher3.Workspace{19b2673 V.ED..... ......ID 0,0-1080,2404 #7f0a04ae app:id/workspace}, com.android.launcher3.Hotseat{4b89930 V.ED..... .......D 0,1943-1080,2404 #7f0a01f6 app:id/hotseat}]
07-04 18:17:06.395 I/pixel-thermal( 1688): rfpa_therm:34.692 raw data: rfpa_therm:34692 
07-04 18:17:06.395 I/pixel-thermal( 1688): flash_therm:32.783 raw data: flash_therm:32783 
07-04 18:17:06.395 I/pixel-thermal( 1688): usb_pwr_therm:31.658 raw data: usb_pwr_therm:31658 
07-04 18:17:06.395 I/pixel-thermal( 1688): charging_therm:36.118 raw data: charging_therm:36118 
07-04 18:17:06.395 I/pixel-thermal( 1688): VIRTUAL-SKIN-SPEAKER:33.6741 raw data: VIRTUAL-SKIN-SPEAKER:33674.1 VIRTUAL-SKIN-SPEAKER-SUB-0:32600.6 VIRTUAL-SKIN-SPEAKER-SUB-1:32674.1 charging_therm:36118 disp0_therm:31813 flash_therm:32783 north_therm:33880 quiet_therm:35535 rfpa_therm:34692 soc_therm:36543 usb_pwr_therm:31658 
07-04 18:17:06.395 I/pixel-thermal( 1688): VIRTUAL-SKIN:33.2913 raw data: VIRTUAL-SKIN:33291.3 VIRTUAL-SKIN-EQ:33291.3 
07-04 18:17:06.396 D/InetDiagMessage( 1795): Destroyed 0 sockets, proto=IPPROTO_TCP, family=AF_INET6, states=14
07-04 18:17:06.396 D/InetDiagMessage( 1795): Destroyed live tcp sockets for uids={10326} in 19ms
07-04 18:17:06.397 I/AppsFilter( 1795): interaction: PackageSetting{a0aa4c4 com.google.android.microdroid.empty_payload/10299} -> PackageSetting{8546186 com.kenleren.my_art_collection/10326} BLOCKED
07-04 18:17:06.397 D/InetDiagMessage( 1795): Destroyed 0 sockets, proto=IPPROTO_TCP, family=AF_INET, states=14
07-04 18:17:06.398 W/ActivityManager( 1795): Invalid packageName: com.kenleren.my_art_collection
07-04 18:17:06.398 D/InetDiagMessage( 1795): Destroyed 0 sockets, proto=IPPROTO_TCP, family=AF_INET6, states=14
07-04 18:17:06.398 D/InetDiagMessage( 1795): Destroyed live tcp sockets for uids={20326} in 2ms
07-04 18:17:06.400 D/WallpaperService( 2967): onVisibilityChanged(true): com.android.systemui.wallpapers.ImageWallpaper$CanvasEngine@b51968d
07-04 18:17:06.400 I/pixel-thermal( 1688): north_therm:33.88 raw data: north_therm:33880 
07-04 18:17:06.400 I/pixel-thermal( 1688): disp0_therm:31.813 raw data: disp0_therm:31813 
07-04 18:17:06.400 I/pixel-thermal( 1688): VIRTUAL-USB-UI:0 raw data: VIRTUAL-USB-UI:0 
07-04 18:17:06.401 I/pixel-thermal( 1688): cellular-emergency:33.2913 raw data: VIRTUAL-SKIN:33291.3 cellular-emergency:33291.3 
07-04 18:17:06.401 I/pixel-thermal( 1688): soc_therm:36.543 raw data: soc_therm:36543 
07-04 18:17:06.401 I/DisplayDeviceRepository( 1795): Display device changed render timings: "Built-in Screen", renderFrameRate=120.00001, presentationDeadlineNanos=11500000, appVsyncOffsetNanos=6233332, frameRateOverrides=[{uid=10253 frameRateHz=120.00001}, {uid=10270 frameRateHz=120.00001}, {uid=10326 frameRateHz=120.00001}]
07-04 18:17:06.407 D/b/417220811(29459): invalidateLoadedTasks - previous requestLoadId: -1
07-04 18:17:06.408 D/CarrierSvcBindHelper( 3281): onHandleForceStop: [com.kenleren.my_art_collection]
07-04 18:17:06.409 D/EuiccConnector( 3281): handleMessage: E msg.what=1
07-04 18:17:06.410 D/EuiccConnector( 3281): processMsg: AvailableState
07-04 18:17:06.410 D/EuiccConnector( 3281): processMsg: UnavailableState
07-04 18:17:06.410 V/WindowManager( 1795): Continue transition id=1758 for TaskFragmentTransaction=android.os.Binder@50341c8
07-04 18:17:06.413 D/EuiccConnector( 3281): transitionTo: destState=AvailableState
07-04 18:17:06.417 D/EuiccConnector( 3281): handleMessage: new destination call exit/enter
07-04 18:17:06.417 D/EuiccConnector( 3281): setupTempStateStackWithStatesToEnter: X mTempStateStackCount=1,curStateInfo: state=UnavailableState,active=true,parent=null
07-04 18:17:06.417 D/EuiccConnector( 3281): invokeExitMethods: AvailableState
07-04 18:17:06.417 D/EuiccConnector( 3281): moveTempStackToStateStack: i=0,j=1
07-04 18:17:06.417 D/EuiccConnector( 3281): moveTempStackToStateStack: X mStateStackTop=1,startingIndex=1,Top=AvailableState
07-04 18:17:06.417 D/EuiccConnector( 3281): invokeEnterMethods: AvailableState
07-04 18:17:06.417 D/EuiccConnector( 3281): handleMessage: X
07-04 18:17:06.418 D/CarrierSvcBindHelper( 3281): No carrier app for: 0
07-04 18:17:06.418 D/CarrierSvcBindHelper( 3281): No carrier app for: 1
07-04 18:17:06.423 V/WindowManagerShell( 2967): onTransitionReady(transaction=7709466579015)
07-04 18:17:06.423 V/WindowManagerShell( 2967): onTransitionReady (#1758) android.os.BinderProxy@b69343b: {id=1758 t=CLOSE f=0x0 trk=0 r=[0@Point(0, 0)] c=[
07-04 18:17:06.423 V/WindowManagerShell( 2967):         {m=TO_FRONT f=SHOW_WALLPAPER|MOVE_TO_TOP leash=Surface(name=Task=1#44)/@0xec400b1 sb=Rect(0, 0 - 1080, 2404) eb=Rect(0, 0 - 1080, 2404) epz=Point(1080, 2404) d=0 taskParent=-1 winMode=1 userId=0},
07-04 18:17:06.423 V/WindowManagerShell( 2967):         {m=CLOSE f=NONE leash=Surface(name=Task=9920#19008)/@0xb906996 sb=Rect(0, 0 - 1080, 2404) eb=Rect(0, 0 - 1080, 2404) epz=Point(1080, 2404) d=0 taskParent=-1 winMode=1 userId=0},
07-04 18:17:06.423 V/WindowManagerShell( 2967):         {m=TO_FRONT f=IS_WALLPAPER leash=Surface(name=WallpaperWindowToken{6c44cff}#61)/@0xcacd917 sb=Rect(0, 0 - 1080, 2404) eb=Rect(0, 0 - 1080, 2404) epz=Point(1080, 2404) d=0}
07-04 18:17:06.423 V/WindowManagerShell( 2967):     ]}
07-04 18:17:06.424 V/ShellDesktopMode( 2967): DesktopModeLogger: taskInfo map after processing changes 0
07-04 18:17:06.424 D/ShellDesktopMode( 2967): DesktopTaskChangeListener: onTaskClosing for taskId=9920, displayId=0 - desktop not supported
07-04 18:17:06.424 D/ShellDesktopMode( 2967): DesktopTaskChangeListener: onTaskMovingToFront for taskId=1, displayId=0 - desktop not supported
07-04 18:17:06.424 V/WindowManagerShell( 2967): Playing animation for (#1758) android.os.BinderProxy@b69343b@0
07-04 18:17:06.424 D/ShellSplitScreen( 2967): startAnimation: transition=1758 isSplitActive=false
07-04 18:17:06.424 V/ShellRecents( 2967): RecentsTransitionHandler.startAnimation: no controller found
07-04 18:17:06.424 V/ShellDesktopMode( 2967): DesktopMixedTransitionHandler: No pending desktop transition
07-04 18:17:06.424 V/WindowManagerShell( 2967): Transition doesn't have explicit remote, search filters for match for {id=1758 t=CLOSE f=0x0 trk=0 r=[0@Point(0, 0)] c=[{m=TO_FRONT f=SHOW_WALLPAPER|MOVE_TO_TOP leash=Surface(name=Task=1#44)/@0xec400b1 sb=Rect(0, 0 - 1080, 2404) eb=Rect(0, 0 - 1080, 2404) epz=Point(1080, 2404) d=0 taskParent=-1 winMode=1 userId=0},{m=CLOSE f=NONE leash=Surface(name=Task=9920#19008)/@0xb906996 sb=Rect(0, 0 - 1080, 2404) eb=Rect(0, 0 - 1080, 2404) epz=Point(1080, 2404) d=0 taskParent=-1 winMode=1 userId=0},{m=TO_FRONT f=IS_WALLPAPER leash=Surface(name=WallpaperWindowToken{6c44cff}#61)/@0xcacd917 sb=Rect(0, 0 - 1080, 2404) eb=Rect(0, 0 - 1080, 2404) epz=Point(1080, 2404) d=0}]}
07-04 18:17:06.424 V/WindowManagerShell( 2967):  Checking filter Pair{{types=[] flags=0x0] notFlags=0x0 checks=[{atype=undefined independent=true modes=[CLOSE,TO_BACK] flags=IN_TASK_WITH_EMBEDDED_ACTIVITY mustBeTask=false order=ANY topActivity=null launchCookie=null taskFragmentToken=android.os.BinderProxy@61b7bee windowingMode=undefined isCrossDisplayMove=false}]} RemoteTransition { remoteTransition = android.window.IRemoteTransition$Stub$Proxy@18a788f, appThread = android.app.IApplicationThread$Stub$Proxy@64b171c, debugName = overlayBackTransition, filter = null }}
07-04 18:17:06.424 V/WindowManagerShell( 2967):  Checking filter Pair{{types=[] flags=0x0] notFlags=0x0 checks=[{atype=dream independent=true modes=[OPEN,TO_FRONT] flags=NONE mustBeTask=false order=ANY topActivity=null launchCookie=null windowingMode=undefined isCrossDisplayMove=false},{atype=home independent=true modes=[CLOSE,TO_BACK] flags=NONE mustBeTask=false order=ANY topActivity=null launchCookie=null windowingMode=undefined isCrossDisplayMove=false}]} RemoteTransition { remoteTransition = android.window.IRemoteTransition$Stub$Proxy@aab8f25, appThread = android.app.IApplicationThread$Stub$Proxy@c4768fa, debugName = LauncherToDream, filter = null }}
07-04 18:17:06.424 V/WindowManagerShell( 2967):  Checking filter Pair{{types=[] flags=0x0] notFlags=0x0 checks=[{atype=standard independent=false modes=[CHANGE] flags=NONE mustBeTask=true order=ANY topActivity=null launchCookie=null windowingMode=undefined isCrossDisplayMove=true}]} RemoteTransition { remoteTransition = android.window.IRemoteTransition$Stub$Proxy@7c00eab, appThread = android.app.IApplicationThread$Stub$Proxy@4808908, debugName = QuickstepDisplayMove, filter = null }}
07-04 18:17:06.424 V/WindowManagerShell( 2967):  Checking filter Pair{{types=[] flags=0x0] notFlags=0x100 checks=[{atype=home independent=true modes=[OPEN,TO_FRONT] flags=NONE mustBeTask=false order=ANY topActivity=ComponentInfo{com.google.android.apps.nexuslauncher/com.google.android.apps.nexuslauncher.NexusLauncherActivity} launchCookie=null windowingMode=undefined isCrossDisplayMove=false},{atype=standard independent=true modes=[CLOSE,TO_BACK] flags=NONE mustBeTask=false order=ANY topActivity=null launchCookie=null windowingMode=undefined isCrossDisplayMove=false},{NOT atype=undefined independent=true modes=[] flags=NONE mustBeTask=true order=ANY topActivity=null launchCookie=null customAnim=true windowingMode=undefined isCrossDisplayMove=false}]} RemoteTransition { remoteTransition = android.window.IRemoteTransition$Stub$Proxy@8aaf8a1, appThread = android.app.IApplicationThread$Stub$Proxy@6131ac6, debugName = QuickstepLaunchHome, filter = null }}
07-04 18:17:06.424 D/RemoteTransitionHandler( 2967): Found filterPair{{types=[] flags=0x0] notFlags=0x100 checks=[{atype=home independent=true modes=[OPEN,TO_FRONT] flags=NONE mustBeTask=false order=ANY topActivity=ComponentInfo{com.google.android.apps.nexuslauncher/com.google.android.apps.nexuslauncher.NexusLauncherActivity} launchCookie=null windowingMode=undefined isCrossDisplayMove=false},{atype=standard independent=true modes=[CLOSE,TO_BACK] flags=NONE mustBeTask=false order=ANY topActivity=null launchCookie=null windowingMode=undefined isCrossDisplayMove=false},{NOT atype=undefined independent=true modes=[] flags=NONE mustBeTask=true order=ANY topActivity=null launchCookie=null customAnim=true windowingMode=undefined isCrossDisplayMove=false}]} RemoteTransition { remoteTransition = android.window.IRemoteTransition$Stub$Proxy@8aaf8a1, appThread = android.app.IApplicationThread$Stub$Proxy@6131ac6, debugName = QuickstepLaunchHome, filter = null }}
07-04 18:17:06.425 V/WindowManagerShell( 2967):  Delegate animation for (#1758) to RemoteTransition { remoteTransition = android.window.IRemoteTransition$Stub$Proxy@8aaf8a1, appThread = android.app.IApplicationThread$Stub$Proxy@6131ac6, debugName = QuickstepLaunchHome, filter = null }
07-04 18:17:06.427 I/pixel-thermal( 1688): VIRTUAL-SKIN:33.2913 raw data: VIRTUAL-SKIN:33291.3 
07-04 18:17:06.428 V/WindowManager( 1795): Sent Transition (#1758) createdAt=07-04 18:17:06.371 via request=TransitionRequestInfo { type = CLOSE, triggerTask = TaskInfo{userId=0 taskId=9920 effectiveUid=10326 displayId=0 isRunning=false baseIntent=Intent { flg=0x10000000 cmp=com.kenleren.my_art_collection/.MainActivity } baseActivity=null topActivity=null origActivity=null realActivity=ComponentInfo{com.kenleren.my_art_collection/com.kenleren.my_art_collection.MainActivity} realActivityIsAppLockEnabled=false numActivities=0 lastActiveTime=104911226 supportsMultiWindow=true resizeMode=1 isResizeable=true minWidth=-1 minHeight=-1 defaultMinSize=220 token=WCT{RemoteToken{fe9730b Task{7b7f946 #9920 type=standard I=com.kenleren.my_art_collection/.MainActivity}}} topActivityType=1 pictureInPictureParams=null shouldDockBigOverlays=false launchIntoPipHostTaskId=-1 lastParentTaskIdBeforePip=-1 displayCutoutSafeInsets=Rect(0, 0 - 0, 0) topActivityInfo=null launchCookies=[] positionInParent=Point(0, 0) parentTaskId=-1 isFocused=true isVisible=true isVisibleRequested=true isTopActivityNoDisplay=false isSleeping=false locusId=null displayAreaFeatureId=1 isTopActivityTransparent=false isActivityStackTransparent=true lastNonFullscreenBounds=null leafTaskBoundsFromOptions= false capturedLink=null capturedLinkTimestamp=0 requestedVisibleTypes=503 topActivityRequestOpenInBrowserEducationTimestamp=0 appCompatTaskInfo=AppCompatTaskInfo { topActivityInSizeCompat=false isLeafTask= true eligibleForLetterboxEducation= false isLetterboxEducationEnabled= false isLetterboxDoubleTapEnabled= false eligibleForUserAspectRatioButton= false topActivityBoundsLetterboxed= false isFromLetterboxDoubleTap= false topActivityLetterboxVerticalPosition= -1 topActivityLetterboxHorizontalPosition= -1 topActivityLetterboxWidth=-1 topActivityLetterboxHeight=-1 topActivityAppBounds=Rect(0, 0 - 0, 0) isUserFullscreenOverrideEnabled=false isSystemFullscreenOverrideEnabled=false hasMinAspectRatioOverride=false topActivityLetterboxBounds=null topNonResizableActivityAspectRatio=-1.0} topActivityMainWindowFrame=null isAppBubble=false}, pipChange = null, remoteTransitionInfo = null, displayChange = null, requestedLocation = null, userChange = null, windowingLayerChange = null, fullscreenRequestChange = null, flags = 0, debugId = 1758 }
07-04 18:17:06.428 V/WindowManager( 1795):     startWCT=WindowContainerTransaction { changes= {} hops= [] flags= 0 errorCallbackToken=null taskFragmentOrganizer=null }
07-04 18:17:06.428 V/WindowManager( 1795):     info={id=1758 t=CLOSE f=0x0 trk=0 r=[0@Point(0, 0)] c=[
07-04 18:17:06.428 V/WindowManager( 1795):         {WCT{RemoteToken{e3326c2 Task{ed0d766 #1 type=home}}} m=TO_FRONT f=SHOW_WALLPAPER|MOVE_TO_TOP leash=Surface(name=Task=1#44)/@0xc3fb14e sb=Rect(0, 0 - 1080, 2404) eb=Rect(0, 0 - 1080, 2404) epz=Point(1080, 2404) d=0 taskParent=-1 winMode=1 userId=0},
07-04 18:17:06.428 V/WindowManager( 1795):         {WCT{RemoteToken{fe9730b Task{7b7f946 #9920 type=standard I=com.kenleren.my_art_collection/.MainActivity}}} m=CLOSE f=NONE leash=Surface(name=Task=9920#19008)/@0x5ad8485 sb=Rect(0, 0 - 1080, 2404) eb=Rect(0, 0 - 1080, 2404) epz=Point(1080, 2404) d=0 taskParent=-1 winMode=1 userId=0},
07-04 18:17:06.428 V/WindowManager( 1795):         {m=TO_FRONT f=IS_WALLPAPER leash=Surface(name=WallpaperWindowToken{6c44cff}#61)/@0x56d85de sb=Rect(0, 0 - 1080, 2404) eb=Rect(0, 0 - 1080, 2404) epz=Point(1080, 2404) d=0}
07-04 18:17:06.428 V/WindowManager( 1795):     ]}
07-04 18:17:06.429 D/LauncherStateManager(29459): StateManager.cancelAnimation: animation ongoing: false, partial trace:
07-04 18:17:06.429 D/LauncherStateManager(29459): 	at com.android.launcher3.statemanager.StateManager.setCurrentAnimation(go/retraceme a3aa3d8f7866df086447e2750ed709a512c413217e6fe376491357f4c486d1d6:60)
07-04 18:17:06.429 D/LauncherStateManager(29459): 	at com.android.launcher3.QuickstepTransitionManager.createWallpaperOpenAnimations(go/retraceme a3aa3d8f7866df086447e2750ed709a512c413217e6fe376491357f4c486d1d6:667)
07-04 18:17:06.429 D/LauncherStateManager(29459): 	at com.android.launcher3.QuickstepTransitionManager$WallpaperOpenLauncherAnimationRunner.onAnimationStart(go/retraceme a3aa3d8f7866df086447e2750ed709a512c413217e6fe376491357f4c486d1d6:95)
07-04 18:17:06.429 D/LauncherStateManager(29459): StateManager.createAtomicAnimation: fromState: Normal, toState: Normal, partial trace:
07-04 18:17:06.429 D/LauncherStateManager(29459): 	at com.android.quickstep.util.WorkspaceRevealAnim.prepareToAnimate(go/retraceme a3aa3d8f7866df086447e2750ed709a512c413217e6fe376491357f4c486d1d6:20)
07-04 18:17:06.429 D/LauncherStateManager(29459): 	at com.android.quickstep.util.WorkspaceRevealAnim.<init>(go/retraceme a3aa3d8f7866df086447e2750ed709a512c413217e6fe376491357f4c486d1d6:11)
07-04 18:17:06.429 D/LauncherStateManager(29459): 	at com.android.launcher3.QuickstepTransitionManager.createWallpaperOpenAnimations(go/retraceme a3aa3d8f7866df086447e2750ed709a512c413217e6fe376491357f4c486d1d6:704)
07-04 18:17:06.430 W/ActivityTaskManager( 1795): setRunningRemoteTransition: no process for null
07-04 18:17:06.430 D/AllAppsTransitionController(29459): shouldProtectHeader: false skipScrim: true state: Normal stateManager.getState(): Normal
07-04 18:17:06.430 D/KeyboardInsetsHandler(29459): removePendingImeController: pendingImeController=null
07-04 18:17:06.430 D/b/311077782(29459): LauncherAnimationRunner.setAnimation
07-04 18:17:06.430 V/WindowManagerShell( 2967):  animated by com.android.wm.shell.transition.RemoteTransitionHandler@bc8a2c
07-04 18:17:06.430 D/EuiccConnector( 3281): handleMessage: E msg.what=103
07-04 18:17:06.430 D/EuiccConnector( 3281): processMsg: AvailableState
07-04 18:17:06.430 D/EuiccConnector( 3281): deferMessage: msg=103
07-04 18:17:06.430 D/Bubbles ( 2967): BubbleData.onLocusVisibilityChanged() locusId=Overview|DISABLED visible=true taskId=1
07-04 18:17:06.430 D/EuiccConnector( 3281): transitionTo: destState=BindingState
07-04 18:17:06.430 D/EuiccConnector( 3281): handleMessage: new destination call exit/enter
07-04 18:17:06.430 D/EuiccConnector( 3281): setupTempStateStackWithStatesToEnter: X mTempStateStackCount=1,curStateInfo: null
07-04 18:17:06.430 D/EuiccConnector( 3281): invokeExitMethods: AvailableState
07-04 18:17:06.430 D/EuiccConnector( 3281): invokeExitMethods: UnavailableState
07-04 18:17:06.430 D/EuiccConnector( 3281): moveTempStackToStateStack: i=0,j=0
07-04 18:17:06.430 D/EuiccConnector( 3281): moveTempStackToStateStack: X mStateStackTop=0,startingIndex=0,Top=BindingState
07-04 18:17:06.430 D/EuiccConnector( 3281): invokeEnterMethods: BindingState
07-04 18:17:06.435 D/BackgroundInstallControlService( 1795): Package event received: 0
07-04 18:17:06.436 D/BaseActivity(29459): Launcher flags updated: [state_started|state_resumed|state_deferred_resumed|state_window_focused|state_user_active] +[state_window_focused]
07-04 18:17:06.437 D/ActivityManager( 1795): sync unfroze 3811 com.google.android.euicc for 6
07-04 18:17:06.440 I/ImeTracker( 1795): com.google.android.apps.nexuslauncher:8e25c7c3: onRequestHide at ORIGIN_SERVER reason HIDE_UNSPECIFIED_WINDOW fromUser false userId 0 displayId 0
07-04 18:17:06.440 W/libbinder.IPCThreadState( 1795): Sending oneway calls to frozen process.
07-04 18:17:06.440 W/libbinder.IPCThreadState( 1795): Sending oneway calls to frozen process.
07-04 18:17:06.440 D/BackgroundInstallControlService( 1795): Package event received: 0
07-04 18:17:06.441 D/InsetsController(29459): hide(ime())
07-04 18:17:06.441 I/ImeTracker(29459): com.google.android.apps.nexuslauncher:8e25c7c3: onCancelled at PHASE_CLIENT_ALREADY_HIDDEN
07-04 18:17:06.446 I/GoogleInputMethodService( 4955): GoogleInputMethodService.onFinishInput():2276 
07-04 18:17:06.447 D/EuiccConnector( 3281): transitionTo: destState=DisconnectedState
07-04 18:17:06.447 D/EuiccConnector( 3281): moveDeferredMessageAtFrontOfQueue; what=103
07-04 18:17:06.447 D/EuiccConnector( 3281): handleMessage: new destination call exit/enter
07-04 18:17:06.447 D/EuiccConnector( 3281): setupTempStateStackWithStatesToEnter: X mTempStateStackCount=1,curStateInfo: null
07-04 18:17:06.447 D/EuiccConnector( 3281): invokeExitMethods: BindingState
07-04 18:17:06.447 D/EuiccConnector( 3281): moveTempStackToStateStack: i=0,j=0
07-04 18:17:06.447 D/EuiccConnector( 3281): moveTempStackToStateStack: X mStateStackTop=0,startingIndex=0,Top=DisconnectedState
07-04 18:17:06.447 D/EuiccConnector( 3281): invokeEnterMethods: DisconnectedState
07-04 18:17:06.447 D/EuiccConnector( 3281): handleMessage: X
07-04 18:17:06.447 D/EuiccConnector( 3281): handleMessage: E msg.what=103
07-04 18:17:06.447 D/EuiccConnector( 3281): processMsg: DisconnectedState
07-04 18:17:06.447 D/EuiccConnector( 3281): deferMessage: msg=103
07-04 18:17:06.448 D/EuiccConnector( 3281): handleMessage: X
07-04 18:17:06.447 I/GoogleInputMethodService( 4955): GoogleInputMethodService.onStartInput():1460 onStartInput(EditorInfo{EditorInfo{packageName=com.google.android.apps.nexuslauncher, inputType=0, inputTypeString=NULL, enableLearning=false, autoCorrection=false, autoComplete=false, imeOptions=0, privateImeOptions=null, actionName=UNSPECIFIED, actionLabel=null, initialSelStart=-1, initialSelEnd=-1, initialCapsMode=0, label=null, fieldId=0, fieldName=null, extras=null, hintText=null, hintLocales=[]}}, false)
07-04 18:17:06.449 I/Module  ( 4955): DeviceLockedStatusModuleProvider$Module.updateDeviceLockedStatusInternal():129 repeatCheckTimes = 0, locked = false
07-04 18:17:06.449 I/LatinIMEBase( 4955): LatinIMEBase.updateInputViewCoverNavigation():317 Update input view padding, isNavbarOverInputWindow=true, bottom inset=117
07-04 18:17:06.449 I/Module  ( 4955): DeviceLockedStatusModuleProvider$Module.updateDeviceLockedStatusInternal():129 repeatCheckTimes = 1, locked = false
07-04 18:17:06.453 I/ecf     ( 4955): Service context future was cancelled, no need to unlinkToDeath.
07-04 18:17:06.456 W/SapiClientFactory( 4955): SapiClientFactory.createProofreader():120 Failed to create SAPI proofreader.
07-04 18:17:06.456 W/SapiClientFactory( 4955): java.lang.IllegalArgumentException: Sapi does not support: nb-NO
07-04 18:17:06.456 W/SapiClientFactory( 4955): 	at hsl.a(PG:34)
07-04 18:17:06.456 W/SapiClientFactory( 4955): 	at hcm.call(PG:319)
07-04 18:17:06.456 W/SapiClientFactory( 4955): 	at wdu.a(PG:3)
07-04 18:17:06.456 W/SapiClientFactory( 4955): 	at wcx.run(PG:19)
07-04 18:17:06.456 W/SapiClientFactory( 4955): 	at wdv.run(PG:5)
07-04 18:17:06.456 W/SapiClientFactory( 4955): 	at lam.run(PG:582)
07-04 18:17:06.456 W/SapiClientFactory( 4955): 	at wdl.run(PG:64)
07-04 18:17:06.456 W/SapiClientFactory( 4955): 	at mja.run(PG:49)
07-04 18:17:06.456 W/SapiClientFactory( 4955): 	at java.util.concurrent.ThreadPoolExecutor.runWorker(ThreadPoolExecutor.java:1100)
07-04 18:17:06.456 W/SapiClientFactory( 4955): 	at java.util.concurrent.ThreadPoolExecutor$Worker.run(ThreadPoolExecutor.java:624)
07-04 18:17:06.456 W/SapiClientFactory( 4955): 	at java.lang.Thread.run(Thread.java:1572)
07-04 18:17:06.456 W/SapiClientFactory( 4955): 	at mip.run(PG:8)
07-04 18:17:06.457 I/ecf     ( 4955): Service context future was cancelled, no need to unlinkToDeath.
07-04 18:17:06.458 W/PackageConfigPersister( 1795): App-specific configuration not found for packageName: com.google.android.apps.nexuslauncher and userId: 0
07-04 18:17:06.459 I/InputMethodEntryManager( 4955): InputMethodEntryManager.clearTemporarilyEnabledLanguages():2210 temporarilyEnabledEntryTuples []
07-04 18:17:06.459 W/SapiClientFactory( 4955): SapiClientFactory.createRewriter():98 Failed to create SAPI rewriter.
07-04 18:17:06.459 W/SapiClientFactory( 4955): java.lang.IllegalArgumentException: Sapi does not support: nb-NO
07-04 18:17:06.459 W/SapiClientFactory( 4955): 	at hsl.a(PG:34)
07-04 18:17:06.459 W/SapiClientFactory( 4955): 	at hcm.call(PG:70)
07-04 18:17:06.459 W/SapiClientFactory( 4955): 	at wdu.a(PG:3)
07-04 18:17:06.459 W/SapiClientFactory( 4955): 	at wcx.run(PG:19)
07-04 18:17:06.459 W/SapiClientFactory( 4955): 	at wdv.run(PG:5)
07-04 18:17:06.459 W/SapiClientFactory( 4955): 	at lam.run(PG:582)
07-04 18:17:06.459 W/SapiClientFactory( 4955): 	at wdl.run(PG:64)
07-04 18:17:06.459 W/SapiClientFactory( 4955): 	at mja.run(PG:49)
07-04 18:17:06.459 W/SapiClientFactory( 4955): 	at java.util.concurrent.ThreadPoolExecutor.runWorker(ThreadPoolExecutor.java:1100)
07-04 18:17:06.459 W/SapiClientFactory( 4955): 	at java.util.concurrent.ThreadPoolExecutor$Worker.run(ThreadPoolExecutor.java:624)
07-04 18:17:06.459 W/SapiClientFactory( 4955): 	at java.lang.Thread.run(Thread.java:1572)
07-04 18:17:06.459 W/SapiClientFactory( 4955): 	at mip.run(PG:8)
07-04 18:17:06.467 I/adbd    ( 2198): Remote process closed the socket (on MSG_PEEK)
07-04 18:17:06.469 V/ActivityManager( 1795): Got obituary of 5474:com.kenleren.my_art_collection
07-04 18:17:06.470 I/Zygote  ( 1112): Process 5474 exited due to signal 9 (Killed)
07-04 18:17:06.470 I/adbd    ( 2198): adbd service requested 'shell,v2,TERM=dumb,raw:am start -S -W -n com.kenleren.my_art_collection/.MainActivity'
07-04 18:17:06.471 I/ImeTracker( 1795): system_server:9f16b3cd: onRequestHide at ORIGIN_SERVER reason IME_REQUESTED_CHANGED_LISTENER fromUser false displayId 0
07-04 18:17:06.472 I/EuiccGoogle( 3811): [2] NetworkFetcher.getFirstActiveEuiccSlotId: isRemovableEsimDefault: false
07-04 18:17:06.473 I/ImeTracker( 1795): system_server:9f16b3cd: onCancelled at PHASE_SERVER_SHOULD_HIDE
07-04 18:17:06.473 I/WindowManager( 1795): WIN DEATH: Window{16276e1 u0 com.kenleren.my_art_collection/com.kenleren.my_art_collection.MainActivity}
07-04 18:17:06.475 I/libprocessgroup( 1795): Removed cgroup /sys/fs/cgroup/apps/uid_10326/pid_5474
07-04 18:17:06.476 W/ActivityManager( 1795): setHasOverlayUi called on unknown pid: 5474
07-04 18:17:06.477 I/EuiccGoogle( 3811): [2] EuiccServiceImpl.onCreate: onCreate DSDS mode: simCardState is 11
07-04 18:17:06.477 I/EuiccGoogle( 3811): [2] Partner.getResourceEntry$ar$ds$ar$class_merging$ar$class_merging$ar$class_merging: Partner app=com.google.android.euiccoverlay, Resource name=esim_supported_countries, type=string, partnerResId = 0
07-04 18:17:06.477 I/EuiccGoogle( 3811): [2] Partner.getResourceEntry$ar$ds$ar$class_merging$ar$class_merging$ar$class_merging: Partner app=com.google.android.euiccoverlay, Resource name=esim_unsupported_countries, type=string, partnerResId = 2131689526
07-04 18:17:06.479 I/EuiccGoogle( 3811): [2] ViewCompat$Api28Impl.getOverrideCarrierInfoListForConversion: enableNewConversionApi: true, enableConversionXosCarrierIdFromTransferConfig: false
07-04 18:17:06.479 I/EuiccGoogle( 3811): [2] ViewCompat$Api28Impl.getCarrierInfos: All carrier info overrides: []
07-04 18:17:06.480 I/EuiccGoogle( 3811): [2] PhenotypeUpdatedReceiver.setPsimConversionSupportedCarriers: setPsimConversionSupportedCarriers:[1, 2, 3, 14, 16, 19, 22, 25, 27, 32, 576, 580, 850, 959, 1187, 1344, 1365, 1403, 1404, 1413, 1452, 1480, 1581, 1670, 1779, 1895, 1913, 1962, 2018, 2020, 2021, 2053, 2083, 2090, 2102, 2110, 2119, 2122, 2419, 2518, 2519, 2525, 2536, 2683, 4, 7, 792, 1644, 1903, 1915, 2092, 2557, 678, 530, 6, 11, 34, 958, 1453, 1454, 1695, 1958, 1974, 2360, 2361]
07-04 18:17:06.481 I/AiAiEcho( 5158): (REDACTED) Predicting[%d]: %s
07-04 18:17:06.482 D/EuiccConnector( 3281): handleMessage: E msg.what=4
07-04 18:17:06.482 D/EuiccConnector( 3281): processMsg: DisconnectedState
07-04 18:17:06.482 D/EuiccConnector( 3281): transitionTo: destState=ConnectedState
07-04 18:17:06.482 D/EuiccConnector( 3281): handleMessage: new destination call exit/enter
07-04 18:17:06.482 D/EuiccConnector( 3281): setupTempStateStackWithStatesToEnter: X mTempStateStackCount=1,curStateInfo: state=DisconnectedState,active=true,parent=null
07-04 18:17:06.482 D/EuiccConnector( 3281): moveTempStackToStateStack: i=0,j=1
07-04 18:17:06.482 D/EuiccConnector( 3281): moveTempStackToStateStack: X mStateStackTop=1,startingIndex=1,Top=ConnectedState
07-04 18:17:06.482 D/EuiccConnector( 3281): invokeEnterMethods: ConnectedState
07-04 18:17:06.482 D/EuiccConnector( 3281): moveDeferredMessageAtFrontOfQueue; what=103
07-04 18:17:06.482 D/EuiccConnector( 3281): handleMessage: X
07-04 18:17:06.482 D/EuiccConnector( 3281): handleMessage: E msg.what=103
07-04 18:17:06.482 D/EuiccConnector( 3281): processMsg: ConnectedState
07-04 18:17:06.483 D/EuiccConnector( 3281): handleMessage: X
07-04 18:17:06.484 I/EuiccGoogle( 3811): [378] EuiccServiceImpl.onGetEuiccProfileInfoList: onGetEuiccProfileInfoList: slotId = 0
07-04 18:17:06.485 I/EuiccGoogle( 3811): [378] EuiccServiceImpl.onGetEuiccProfileInfoList: slotId = 0, isRemovable = false
07-04 18:17:06.485 I/EuiccGoogle( 3811): [378] EuiccServiceImpl.onGetEuiccProfileInfoList: onGetEuiccProfileInfoList: isRemovable = false.
07-04 18:17:06.485 I/EuiccGoogle( 3811): [378] EuiccServiceImpl.onGetEuiccProfileInfoList: getSimCardState for slotId: 0
07-04 18:17:06.486 I/AiAiEcho( 5158): (REDACTED) EchoTargets: %s
07-04 18:17:06.486 I/AiAiEcho( 5158): Filtered by AiAi flag check: %s
07-04 18:17:06.486 I/EuiccGoogle( 3811): [378] EuiccServiceImpl.onGetEuiccProfileInfoList: GetEuiccProfileInfoListResult: simCardState :11and simCardStateAtTelephony:11 for slot:0
07-04 18:17:06.486 I/EuiccGoogle( 3811): [378] EuiccServiceImpl.getProfileInfoList: getProfileInfoList: slotId = 0, includeTestProfiles = false
07-04 18:17:06.486 I/EuiccGoogle( 3811): [378] EuiccServiceImpl.getProfileInfoList: getProfileInfoList: slotId = 0, includeTestProfiles = false.
07-04 18:17:06.486 I/EuiccGoogle( 3811): [378] EuiccServiceImpl.getEidFromSlotId: getEidFromSlotId: slotId = 0.
07-04 18:17:06.486 I/EuiccGoogle( 3811): [378] NetworkFetcher.getEidForSlot: getEidForSlot: 0
07-04 18:17:06.487 I/EuiccGoogle( 3811): [378] BlockingEuiccCardManager.requestAllProfiles: requestAllProfiles: cardId = [MvLfwnIOYxFEEIkpOUUpT1avPUM]
07-04 18:17:06.487 I/AiAiEcho( 5158): (REDACTED) #weatherSubItemsTwiddler: Weather removes SubtitleSupplementalItem in surface: %s
07-04 18:17:06.487 I/AiAiEcho( 5158): #remoteViewsTwiddler: feature disabled.
07-04 18:17:06.488 I/AiAiEcho( 5158): (REDACTED) %s No tracked ambient data found for ID: %s; for event type: %d, skipping event processing.
07-04 18:17:06.496 I/AiAiEcho( 5158): (REDACTED) #postPredictionTargets: Sending updates to UISurface %s with targets# %s (types=[%s])
07-04 18:17:06.505 D/ShortcutAndWidgetContainer(29459): appWidgetScale - [x,y]: [1.0,1.0]
07-04 18:17:06.505 D/NavigableAppWidgetHostView(29459): updateScale - [fitScale,bounceScale]: [1.0,1.0]
07-04 18:17:06.506 D/SsBaseTemplateCard(29459): Passed-in item info is null
07-04 18:17:06.506 I/SsBaseTemplateCard(29459): setFormattedContentDescription: text=20°C, iconDescription=Mostly cloudy day, contentDescription=Mostly cloudy day 20°C
07-04 18:17:06.506 D/SsBaseTemplateCard(29459): Passed-in item info is null
07-04 18:17:06.506 D/SsBaseTemplateCard(29459): Passed-in item info is null
07-04 18:17:06.506 I/SsBaseTemplateCard(29459): Secondary card pane is null
07-04 18:17:06.556 I/ActivityManager( 1795): Force stopping com.kenleren.my_art_collection appid=10326 user=0: from pid 5992
07-04 18:17:06.557 I/WindowManager( 1795):   Force removing ActivityRecord{24527137 u0 com.kenleren.my_art_collection/.MainActivity t9920 f} isExiting}
07-04 18:17:06.557 W/WindowManager( 1795): removeAppToken: Attempted to remove non-existing token: Token{96ca707 ActivityRecord{24527137 u0 com.kenleren.my_art_collection/.MainActivity t9920 f} isExiting}}
07-04 18:17:06.565 I/AppsFilter( 1795): interaction: PackageSetting{a0aa4c4 com.google.android.microdroid.empty_payload/10299} -> PackageSetting{8546186 com.kenleren.my_art_collection/10326} BLOCKED
07-04 18:17:06.576 D/CarrierSvcBindHelper( 3281): onHandleForceStop: [com.kenleren.my_art_collection]
07-04 18:17:06.576 D/CarrierSvcBindHelper( 3281): No carrier app for: 0
07-04 18:17:06.576 D/CarrierSvcBindHelper( 3281): No carrier app for: 1
07-04 18:17:06.578 D/EuiccConnector( 3281): handleMessage: E msg.what=1
07-04 18:17:06.578 D/EuiccConnector( 3281): processMsg: ConnectedState
07-04 18:17:06.578 D/EuiccConnector( 3281): processMsg: DisconnectedState
07-04 18:17:06.578 D/EuiccConnector( 3281): handleMessage: X
07-04 18:17:06.590 I/DisplayDeviceRepository( 1795): Display device changed render timings: "Built-in Screen", renderFrameRate=120.00001, presentationDeadlineNanos=11500000, appVsyncOffsetNanos=6233332, frameRateOverrides=[{uid=10253 frameRateHz=120.00001}, {uid=10270 frameRateHz=120.00001}]
07-04 18:17:06.632 I/EuiccGoogle( 3811): [378] EuiccServiceImpl.onGetEuiccProfileInfoList: onGetEuiccProfileInfoList: Profile nickname = Skylo.
07-04 18:17:06.632 I/EuiccGoogle( 3811): [378] EuiccServiceImpl.onGetEuiccProfileInfoList: onGetEuiccProfileInfoList: Profile info = EuiccProfileInfo (nickname=Skylo, serviceProviderName=Skylo, profileName=Skylo, profileClass=2, state=0, CarrierIdentifier=CarrierIdentifier{mcc=901,mnc=98,spn=null,imsi=null,gid1=null,gid2=null,carrierid=-1,specificCarrierId=-1}, policyRules=0, accessRules=null, iccid=899019803[****]).
07-04 18:17:06.632 I/EuiccGoogle( 3811): [378] EuiccServiceImpl.onGetEuiccProfileInfoList: onGetEuiccProfileInfoList: Profile nickname = Telia N.
07-04 18:17:06.632 I/EuiccGoogle( 3811): [378] EuiccServiceImpl.onGetEuiccProfileInfoList: onGetEuiccProfileInfoList: Profile info = EuiccProfileInfo (nickname=Telia N, serviceProviderName=Telia N, profileName=Telia N, profileClass=2, state=1, CarrierIdentifier=CarrierIdentifier{mcc=242,mnc=02,spn=null,imsi=null,gid1=FFFFFFFFFFFFFFFFFFFF,gid2=FFFFFFFFFFFFFFFFFFFF,carrierid=-1,specificCarrierId=-1}, policyRules=0, accessRules=null, iccid=894708002[****]).
07-04 18:17:06.632 D/EuiccConnector( 3281): handleMessage: E msg.what=6
07-04 18:17:06.632 D/EuiccConnector( 3281): processMsg: ConnectedState
07-04 18:17:06.632 D/EuiccConnector( 3281): handleMessage: X
07-04 18:17:06.657 W/System  ( 2967): A resource failed to call release. 
07-04 18:17:06.657 W/System  ( 2967): A resource failed to call release. 
07-04 18:17:06.657 W/System  ( 2967): A resource failed to call release. 
07-04 18:17:06.657 W/System  ( 2967): A resource failed to call release. 
07-04 18:17:06.658 W/System  ( 2967): A resource failed to call release. 
07-04 18:17:06.660 W/System  ( 2967): A resource failed to call release. 
07-04 18:17:06.661 W/System  ( 2967): A resource failed to call release. 
07-04 18:17:06.661 W/System  ( 2967): A resource failed to call release. 
07-04 18:17:06.777 D/AOC     ( 1476): A3:MSG: controller.cc, 933: SysMem: ipc: C-F1-Ar, cmd ID: 0x00c8, tag: 0x85, rc: 0
07-04 18:17:06.777 D/AOC     ( 1476): A3:MSG: controller.cc, 933: SysMem: ipc: C-F1-Ar, cmd ID: 0x00c8, tag: 0x86, rc: 0
07-04 18:17:06.780 D/WorkspaceRevealAnim(29459): onAnimationEnd: workspace alpha = 1.0
07-04 18:17:06.782 V/WindowManagerShell( 2967): Received remote transition finished callback for (#1758)
07-04 18:17:06.783 V/WindowManagerShell( 2967): Transition animation finished (aborted=false), notifying core (#1758) android.os.BinderProxy@b69343b@0
07-04 18:17:06.787 V/WindowManager( 1795): Finish Transition (#1758): created at 07-04 18:17:06.371 collect-started=0.526ms request-sent=0.696ms started=14.672ms ready=39.11ms sent=43.745ms commit=17.088ms finished=416.292ms
07-04 18:17:06.789 E/libbinder.IPCThreadState( 1795): Binder transaction failure. id: 32759865, cmd: BR_DEAD_REPLY (29189), error: -22 (Invalid argument)
07-04 18:17:06.789 W/ActivityManager( 1795): pid 1795 system sent binder code 7 with flags 1 and got error -32
07-04 18:17:06.790 W/WindowManager( 1795): Exception thrown during dispatchAppVisibility Window{16276e1 u0 com.kenleren.my_art_collection/com.kenleren.my_art_collection.MainActivity EXITING}
07-04 18:17:06.790 W/WindowManager( 1795): android.os.DeadObjectException
07-04 18:17:06.790 W/WindowManager( 1795): 	at android.os.BinderProxy.transactNative(Native Method)
07-04 18:17:06.790 W/WindowManager( 1795): 	at android.os.BinderProxy.transact(BinderProxy.java:602)
07-04 18:17:06.790 W/WindowManager( 1795): 	at android.view.IWindow$Stub$Proxy.dispatchAppVisibility(IWindow.java:580)
07-04 18:17:06.790 W/WindowManager( 1795): 	at com.android.server.wm.WindowState.sendAppVisibilityToClients(WindowState.java:3292)
07-04 18:17:06.790 W/WindowManager( 1795): 	at com.android.server.wm.WindowContainer.sendAppVisibilityToClients(WindowContainer.java:1241)
07-04 18:17:06.790 W/WindowManager( 1795): 	at com.android.server.wm.WindowToken.setClientVisible(WindowToken.java:392)
07-04 18:17:06.790 W/WindowManager( 1795): 	at com.android.server.wm.ActivityRecord.commitVisibility(ActivityRecord.java:5572)
07-04 18:17:06.790 W/WindowManager( 1795): 	at com.android.server.wm.Transition.finishTransition(Transition.java:1544)
07-04 18:17:06.790 W/WindowManager( 1795): 	at com.android.server.wm.TransitionController.finishTransition(TransitionController.java:1140)
07-04 18:17:06.790 W/WindowManager( 1795): 	at com.android.server.wm.WindowOrganizerController.finishTransition(WindowOrganizerController.java:529)
07-04 18:17:06.790 W/WindowManager( 1795): 	at android.window.IWindowOrganizerController$Stub.onTransact(IWindowOrganizerController.java:270)
07-04 18:17:06.790 W/WindowManager( 1795): 	at com.android.server.wm.WindowOrganizerController.onTransact(WindowOrganizerController.java:239)
07-04 18:17:06.790 W/WindowManager( 1795): 	at android.os.Binder.execTransactInternal(Binder.java:1471)
07-04 18:17:06.790 W/WindowManager( 1795): 	at android.os.Binder.execTransact(Binder.java:1411)
07-04 18:17:06.790 W/Process ( 1795): Unable to open /proc/5474/status
07-04 18:17:06.797 V/WindowManagerShell( 2967): Track 0 became idle
07-04 18:17:06.797 V/WindowManagerShell( 2967): All active transition animations finished
07-04 18:17:06.798 D/RecentsView(29459): onTaskRemoved: 9920, not handling task stack changes
07-04 18:17:06.798 D/RecentsView(29459): onTaskRemoved: 9920, not handling task stack changes
07-04 18:17:06.801 I/DisplayDeviceRepository( 1795): Display device changed render timings: "Built-in Screen", renderFrameRate=120.00001, presentationDeadlineNanos=11500000, appVsyncOffsetNanos=6233332, frameRateOverrides=[{uid=10253 frameRateHz=120.00001}, {uid=10270 frameRateHz=60.000004}]
07-04 18:17:06.804 V/ShellTaskOrganizer( 2967): Task vanished taskId=9920
07-04 18:17:06.804 V/ShellTaskOrganizer( 2967): Fullscreen Task Vanished: #9920
07-04 18:17:06.804 V/ShellDesktopMode( 2967): Task Vanished: #9920 closed=true
07-04 18:17:06.804 D/ShellDesktopMode( 2967): AppToWebRepository: Task 9920 is vanishing. Removing task data from repository
