07-04 18:16:48.348 I/AiAiSmartspace( 5158): #weatherSecondaryCardTwiddler: don't change weather for the dream surface
07-04 18:16:48.348 I/AiAiEcho( 5158): #remoteViewsTwiddler: feature disabled.
07-04 18:16:48.348 I/AiAiEcho( 5158): (REDACTED) Predicting[%d]: %s
07-04 18:16:48.348 I/AiAiEcho( 5158): (REDACTED) EchoTargets: %s
07-04 18:16:48.348 I/AiAiEcho( 5158): Filtered by AiAi flag check: %s
07-04 18:16:48.348 I/AiAiEcho( 5158): (REDACTED) #weatherSubItemsTwiddler: Weather removes SubtitleSupplementalItem in surface: %s
07-04 18:16:48.348 I/AiAiEcho( 5158): #remoteViewsTwiddler: feature disabled.
07-04 18:16:48.348 I/AiAiEcho( 5158): (REDACTED) #postPredictionTargets: Sending updates to UISurface %s with targets# %s (types=[%s])
07-04 18:16:48.349 D/NetworkMonitor/107( 3090): isCaptivePortal: isSuccessful()=true isPortal()=false RedirectUrl=null isPartialConnectivity()=false Time=199ms
07-04 18:16:48.349 I/AiAiEcho( 5158): (REDACTED) #postPredictionTargets: Sending updates to UISurface %s with targets# %s (types=[%s])
07-04 18:16:48.350 D/ConnectivityService( 1795): [107 WIFI] validation passed
07-04 18:16:48.350 I/AiAiEcho( 5158): (REDACTED) #postPredictionTargets: Sending updates to UISurface %s with targets# %s (types=[%s])
07-04 18:16:48.351 I/PkModeUpdater( 4955): PkModeUpdater.refreshDevices():206 refreshing devices
07-04 18:16:48.349 I/PlatformContrRepo( 5535): Rejecting sessions from packages: 
07-04 18:16:48.351 I/PlatformContrRepo( 5535): Accepting sessions from packages: com.google.android.youtube
07-04 18:16:48.351 D/EuiccConnector( 3281): handleMessage: E msg.what=1
07-04 18:16:48.351 D/EuiccConnector( 3281): processMsg: ConnectedState
07-04 18:16:48.351 D/EuiccConnector( 3281): processMsg: DisconnectedState
07-04 18:16:48.352 I/AiAiEcho( 5158): (REDACTED) #postPredictionTargets: Sending updates to UISurface %s with targets# %s (types=[%s])
07-04 18:16:48.354 I/PkModeUpdater( 4955): PkModeUpdater.refreshDevices():206 refreshing devices
07-04 18:16:48.354 I/WeatherSmartspaceView( 2967): setFormattedContentDescription: text=20°C, iconDescription=Mostly cloudy day, contentDescription=Mostly cloudy day 20°C
07-04 18:16:48.354 I/WeatherSmartspaceView( 2967): setFormattedContentDescription: text=20°C, iconDescription=Mostly cloudy day, contentDescription=Mostly cloudy day 20°C
07-04 18:16:48.354 I/WeatherData( 2967): Weather data parsed MOSTLY_CLOUDY_DAY ("Mostly cloudy day") 20°C from Bundle[{description=Mostly cloudy day, feedback_intent=null, explanation_intent=Supplier{VAL_PARCELABLE@160+1920}, is_gaia_linked_data=true, use_celsius=true, state=7, temperature=20}]
07-04 18:16:48.354 D/EuiccConnector( 3281): handleMessage: X
07-04 18:16:48.356 W/ModuleManager( 4955): ModuleManager.loadModule():634 Module qtw is not available
07-04 18:16:48.358 I/WifiClientModeImpl( 1795): WifiConnectivityDiagnosticsCallback onConnectivityReportAvailable
07-04 18:16:48.359 I/PlatformContrRepo( 5535): Rejecting sessions from packages: com.google.android.youtube
07-04 18:16:48.359 I/NearbyMediums(23012): This GATT advertisement BleAdvertisement { version=2, socketVersion=2, isFast=true, serviceIdHash=null, data=[ 0x23 0x49 0x4b 0x34 0x36 0x11 0x32 0xef 0x09 0x5b 0xc4 0x10 0xa1 0x06 0xa2 0x53 0xaf 0x55 0x72 0xf4 0x0f 0x7d 0x6c ], deviceToken=[ 0x54 0x4e ], rxAdvertisement=null } is a Fast Advertisement and matched UUID 0000fef3-0000-1000-8000-00805f9b34fb in fastAdvertisementServiceUuids map with serviceID NearbySharing
07-04 18:16:48.359 I/CastService(23012): [instance-4] [com.google.android.gms] Connecting to device ("T7x" (96957594eb4875777261103a0189252b) [cast connect])
07-04 18:16:48.359 I/CDC     (23012): [API-CSC-0007-CDC-0008-com.google.android.gms] Creating a new CastDeviceController from com.google.android.gms for "T7x" (96957594eb4875777261103a0189252b) [cast connect]
07-04 18:16:48.360 I/PlatformContrRepo( 5535): Accepting sessions from packages: 
07-04 18:16:48.360 D/AOC     ( 1476): CHRE: DRAM vote count begins
07-04 18:16:48.360 D/EpdgTunnelManager[1]( 3522): reportValidationMetricsAtom: reason=2 validationResult=2 transportType=2 duration=221 validationTriggered=true
07-04 18:16:48.360 D/IwlanMetrics( 3522): Send metrics data IWLAN_UNDERLYING_NETWORK_VALIDATION_RESULT_REPORTED
07-04 18:16:48.360 D/CHRE    ( 1137): @ 104913.508: Parsed nanoapp message from host: app ID 0x476f6f676c00100b endpoint 0x20 msgType 112 payload size 112
07-04 18:16:48.361 I/NearbyConnections(23012): Found BleAdvertisement [ 0x23 0x49 0x4b 0x34 0x36 0x11 0x32 0xef 0x09 0x5b 0xc4 0x10 0xa1 0x06 0xa2 0x53 0xaf 0x55 0x72 0xf4 0x0f 0x7d 0x6c ] (with EndpointId IK46 and EndpointInfo [ 0x32 0xef 0x09 0x5b 0xc4 0x10 0xa1 0x06 0xa2 0x53 0xaf 0x55 0x72 0xf4 0x0f 0x7d 0x6c ])
07-04 18:16:48.361 D/ShortcutAndWidgetContainer(29459): appWidgetScale - [x,y]: [1.0,1.0]
07-04 18:16:48.361 D/NavigableAppWidgetHostView(29459): updateScale - [fitScale,bounceScale]: [1.0,1.0]
07-04 18:16:48.361 D/SsBaseTemplateCard(29459): Passed-in item info is null
07-04 18:16:48.361 I/SsBaseTemplateCard(29459): setFormattedContentDescription: text=20°C, iconDescription=Mostly cloudy day, contentDescription=Mostly cloudy day 20°C
07-04 18:16:48.361 D/SsBaseTemplateCard(29459): Passed-in item info is null
07-04 18:16:48.361 D/SsBaseTemplateCard(29459): Passed-in item info is null
07-04 18:16:48.361 I/SsBaseTemplateCard(29459): Secondary card pane is null
07-04 18:16:48.362 D/AOC     ( 1476): CHRE: DRAM vote count ends: 0 ms
07-04 18:16:48.362 D/AOC     ( 1476): CHRE: DRAM vote count begins
07-04 18:16:48.362 D/AOC     ( 1476): CHRE: DRAM vote count ends: 0 ms
07-04 18:16:48.362 D/AOC     ( 1476): CHRE: DRAM vote count begins
07-04 18:16:48.362 D/AOC     ( 1476): CHRE: DRAM vote count ends: 0 ms
07-04 18:16:48.362 D/AOC     ( 1476): CHRE: DRAM vote count begins
07-04 18:16:48.362 D/AOC     ( 1476): CHRE: DRAM vote count ends: 0 ms
07-04 18:16:48.362 D/AOC     ( 1476): CHRE: DRAM vote count begins
07-04 18:16:48.362 D/AOC     ( 1476): CHRE: DRAM vote count ends: 0 ms
07-04 18:16:48.362 I/SystemMemoryMap(23012): (REDACTED) [activityrecognition] serialization complete (extras/values=%.2f/%.2fkb)
07-04 18:16:48.363 I/NearbyConnections(23012): ClientProxy(96335620 0p:com.google.android.gms.nearby.sharing) reporting onEndpointFound(IK46)
07-04 18:16:48.363 I/NearbyConnections(23012): ClientProxy(96335620) reporting onEndpointDistanceChanged(IK46, UNKNOWN)
07-04 18:16:48.364 I/CHRE    ( 1137): @ 104913.508: [NanoMinion] received MSG Type 0x70, Version 1, 108 bytes
07-04 18:16:48.364 I/CHRE    ( 1137): @ 104913.509: [AR] request.enable latency=2147483647, numTrans=12
07-04 18:16:48.364 D/CHRE.HAL( 1137): Received a nanoapp message from 0x476f6f676c00100b endpoint 0x20: Type 0x401 size 25 
07-04 18:16:48.365 I/CHRE    ( 1137): @ 104913.510: [NanoMinion] sent MSG Type 0x71, Version 0, 17 bytes, MessageId 166
07-04 18:16:48.365 I/CHRE    ( 1137): @ 104913.510: [AR] send response=0
07-04 18:16:48.366 I/AmbientCueRepository( 2967): Receiving SmartSpace targets # 0
07-04 18:16:48.367 I/AmbientCueRepository( 2967): Receiving SmartSpace targets # 0
07-04 18:16:48.367 D/AOC     ( 1476): CHRE: DRAM vote count begins
07-04 18:16:48.368 D/AOC     ( 1476): CHRE: DRAM vote count ends: 0 ms
07-04 18:16:48.368 D/CHRE    ( 1137): @ 104913.515: Parsed nanoapp message from host: app ID 0x476f6f676c00100d endpoint 0x24 msgType 144 payload size 17
07-04 18:16:48.368 I/CHRE    ( 1137): @ 104913.516: [NanoMinion] received MSG Type 0x90, Version 1, 13 bytes
07-04 18:16:48.368 I/CHRE    ( 1137): @ 104913.516: [cc] enable
07-04 18:16:48.369 D/AOC     ( 1476): CHRE: DRAM vote count begins
07-04 18:16:48.369 D/AOC     ( 1476): CHRE: DRAM vote count ends: 0 ms
07-04 18:16:48.369 D/AOC     ( 1476): CHRE: DRAM vote count begins
07-04 18:16:48.371 D/AOC     ( 1476): CHRE: DRAM vote count ends: 0 ms
07-04 18:16:48.373 D/AOC     ( 1476): CHRE: DRAM vote count begins
07-04 18:16:48.373 D/AOC     ( 1476): CHRE: DRAM vote count ends: 0 ms
07-04 18:16:48.373 D/CHRE    ( 1137): @ 104913.521: Nanoapp list request from client ID 2
07-04 18:16:48.375 D/CHRE.HAL( 1137): Received a nanoapp list response for client 2
07-04 18:16:48.378 D/AOC     ( 1476): CHRE: DRAM vote count begins
07-04 18:16:48.379 D/AOC     ( 1476): CHRE: DRAM vote count ends: 0 ms
07-04 18:16:48.379 D/AOC     ( 1476): CHRE: DRAM vote count begins
07-04 18:16:48.379 D/AOC     ( 1476): CHRE: DRAM vote count ends: 0 ms
07-04 18:16:48.379 D/AOC     ( 1476): CHRE: DRAM vote count begins
07-04 18:16:48.379 D/AOC     ( 1476): CHRE: DRAM vote count ends: 0 ms
07-04 18:16:48.379 D/CHRE.HAL( 1137): Received a nanoapp message from 0x476f6f676c00100b endpoint 0x20: Type 0x401 size 25 
07-04 18:16:48.379 D/CHRE    ( 1137): @ 104913.526: Parsed nanoapp message from host: app ID 0x476f6f676c00100b endpoint 0x20 msgType 112 payload size 112
07-04 18:16:48.379 I/CHRE    ( 1137): @ 104913.526: [NanoMinion] received MSG Type 0x70, Version 1, 108 bytes
07-04 18:16:48.379 I/CHRE    ( 1137): @ 104913.526: [AR] request.enable latency=2147483647, numTrans=12
07-04 18:16:48.379 I/CHRE    ( 1137): @ 104913.526: [NanoMinion] sent MSG Type 0x71, Version 0, 17 bytes, MessageId 167
07-04 18:16:48.379 I/CHRE    ( 1137): @ 104913.526: [AR] send response=0
07-04 18:16:48.380 I/SystemMemoryMap(23012): (REDACTED) [activityrecognition] serialization complete (extras/values=%.2f/%.2fkb)
07-04 18:16:48.382 I/NearbySharing(23012): NearbySharing Internal event EndpointDiscovered(endpointId=IK46)
07-04 18:16:48.397 I/DeviceAuthChannel(23012): [API-CSC-0007-CDC-0008-com.google.android.gms] Reuse old nonce: [57, -64, -32, -73, -62, -46, 98, -91, 4, 53, -40, 35, 75, -46, -86, -104]
07-04 18:16:48.400 I/NearbyMediums(23012): Replace Fast Advertisement Rx Info for service id : NearbySharing on deviceToken : [ 0x54 0x4e ]
07-04 18:16:48.401 I/NearbyConnections(23012): Found BleAdvertisement [ 0x23 0x49 0x4b 0x34 0x36 0x11 0x32 0xef 0x09 0x5b 0xc4 0x10 0xa1 0x06 0xa2 0x53 0xaf 0x55 0x72 0xf4 0x0f 0x7d 0x6c ] (with EndpointId IK46 and EndpointInfo [ 0x32 0xef 0x09 0x5b 0xc4 0x10 0xa1 0x06 0xa2 0x53 0xaf 0x55 0x72 0xf4 0x0f 0x7d 0x6c ])
07-04 18:16:48.401 I/NearbyConnections(23012): ClientProxy(96335620) ignoring onEndpointDistanceChanged(IK46, UNKNOWN), because this distance has already been reported
07-04 18:16:48.434 I/CastService(23012): [instance-4] [com.google.android.gms] Connected to device. rejoinedApp: true
07-04 18:16:48.434 I/CastMediaRouteProvider(23012): Published 3 routes
07-04 18:16:48.435 W/DatabaseProcessor(23012): processLocalDevices: failed to get the network info with non-null networkId.
07-04 18:16:48.436 E/CDC     (23012): [API-CSC-0007-CDC-0008-com.google.android.gms] sendTextMessage - message discarded without payload or destination ID.
07-04 18:16:48.436 I/CastService(23012): [instance-4] [com.google.android.gms] onMessageSendFailed: urn:x-cast:com.google.cast.media 2 INVALID_REQUEST
07-04 18:16:48.463 W/BcSmartspaceView( 2967): Current card is not present in the Adapter; cannot log.
07-04 18:16:48.464 W/DatabaseProcessor(23012): processLocalDevices: failed to get the network info with non-null networkId.
07-04 18:16:48.465 W/DatabaseProcessor(23012): processLocalDevices: failed to get the network info with non-null networkId.
07-04 18:16:48.551 I/NearbyMediums(23012): This GATT advertisement BleAdvertisement { version=2, socketVersion=2, isFast=true, serviceIdHash=null, data=[ 0x23 0x4d 0x33 0x53 0x42 0x11 0x32 0x7b 0x11 0x23 0x07 0xfc 0x43 0x64 0x1e 0xe4 0x36 0xb2 0x21 0x56 0xf5 0x34 0xa5 ], deviceToken=[ 0xd7 0xc2 ], rxAdvertisement=null } is a Fast Advertisement and matched UUID 0000fef3-0000-1000-8000-00805f9b34fb in fastAdvertisementServiceUuids map with serviceID NearbySharing
07-04 18:16:48.552 I/NearbyConnections(23012): Found BleAdvertisement [ 0x23 0x4d 0x33 0x53 0x42 0x11 0x32 0x7b 0x11 0x23 0x07 0xfc 0x43 0x64 0x1e 0xe4 0x36 0xb2 0x21 0x56 0xf5 0x34 0xa5 ] (with EndpointId M3SB and EndpointInfo [ 0x32 0x7b 0x11 0x23 0x07 0xfc 0x43 0x64 0x1e 0xe4 0x36 0xb2 0x21 0x56 0xf5 0x34 0xa5 ])
07-04 18:16:48.553 I/NearbyConnections(23012): ClientProxy(96335620 0p:com.google.android.gms.nearby.sharing) reporting onEndpointFound(M3SB)
07-04 18:16:48.553 I/NearbyConnections(23012): ClientProxy(96335620) reporting onEndpointDistanceChanged(M3SB, UNKNOWN)
07-04 18:16:48.554 I/DisplayDeviceRepository( 1795): Display device changed render timings: "Built-in Screen", renderFrameRate=120.00001, presentationDeadlineNanos=11500000, appVsyncOffsetNanos=6233332, frameRateOverrides=[{uid=10253 frameRateHz=120.00001}, {uid=10270 frameRateHz=60.000004}]
07-04 18:16:48.555 I/NearbySharing(23012): NearbySharing Internal event EndpointDiscovered(endpointId=M3SB)
07-04 18:16:48.570 I/KeyguardTransitionRepository( 2967): FINISHED transition: TransitionStep(from=AOD, to=GONE, value=1.0, transitionState=FINISHED, ownerName=FromAodTransitionInteractor(canWakeDirectlyToGone = true))
07-04 18:16:48.571 W/ActivityTaskManager( 1795): callingPackage for (uid=2000, pid=5452) has no WPC
07-04 18:16:48.572 D/FaceProvider/default( 1795): Starting watchdog for face
07-04 18:16:48.572 D/ResourceTrimmer( 2967): Sending TRIM_MEMORY_UI_HIDDEN.
07-04 18:16:48.572 E/BiometricScheduler( 1795): Current operation is null,no need to start watchdog
07-04 18:16:48.572 V/Configuration( 1795): Updating configuration, locales updated from [] to [nb_NO,en_NO]
07-04 18:16:48.573 V/GrammaticalInflectionUtils( 1795): AttributionSource: android.content.AttributionSource@d084eb42 does not have READ_SYSTEM_GRAMMATICAL_GENDER permission.
07-04 18:16:48.573 D/StatusBar##isHomeStatusBarAllowed( 2967): newValue: true
07-04 18:16:48.574 D/StatusBar##chips( 2967): newValue: Chips[allowed=true numChips=1]
07-04 18:16:48.577 D/RecentsView(29459): onTaskDisplayChanged: 9920, new displayId = 0
07-04 18:16:48.579 D/Bubbles ( 2967): BubbleTaskStackListener.onTaskMovedToFront(): taskId=9920
07-04 18:16:48.580 V/ActivityTaskManager( 1795): TaskLaunchParamsModifier: phase=3 task=Task{7b7f946 #9920 type=standard I=com.kenleren.my_art_collection/.MainActivity} activity=ActivityRecord{24527137 u0 com.kenleren.my_art_collection/.MainActivity t-1} display-from-task=0 display-id=0 task-display-area-windowing-mode=1 suggested-display-area=DefaultTaskDisplayArea@28652685 inherit-from-task=fullscreen non-freeform-task-display-area display-area=DefaultTaskDisplayArea@28652685 skip-bounds-fullscreen
07-04 18:16:48.580 I/ActivityTaskManager( 1795): START u0 {flg=0x10000000 xflg=0x5 cmp=com.kenleren.my_art_collection/.MainActivity} with LAUNCH_SINGLE_TOP from uid 2000 (com.android.shell) (BAL_ALLOW_PERMISSION) result code=0
07-04 18:16:48.580 D/BaseActivity(29459): Launcher flags updated: [state_started|state_resumed|state_deferred_resumed|state_window_focused|state_user_active] -[]
07-04 18:16:48.580 D/CompatChangeReporter( 1795): Compat change id reported: 377864165; UID 10326; state: ENABLED
07-04 18:16:48.580 V/WindowManagerShell( 2967): Transition requested (#1757): android.os.BinderProxy@496daa TransitionRequestInfo { type = OPEN, triggerTask = TaskInfo{userId=0 taskId=9920 effectiveUid=10326 displayId=0 isRunning=true baseIntent=Intent { flg=0x10000000 cmp=com.kenleren.my_art_collection/.MainActivity } baseActivity=ComponentInfo{com.kenleren.my_art_collection/com.kenleren.my_art_collection.MainActivity} topActivity=ComponentInfo{com.kenleren.my_art_collection/com.kenleren.my_art_collection.MainActivity} origActivity=null realActivity=ComponentInfo{com.kenleren.my_art_collection/com.kenleren.my_art_collection.MainActivity} realActivityIsAppLockEnabled=false numActivities=1 lastActiveTime=104911108 supportsMultiWindow=true resizeMode=1 isResizeable=true minWidth=-1 minHeight=-1 defaultMinSize=220 token=WCT{android.os.BinderProxy@a29ad9b} topActivityType=1 pictureInPictureParams=null shouldDockBigOverlays=false launchIntoPipHostTaskId=-1 lastParentTaskIdBeforePip=-1 displayCutoutSafeInsets=Rect(0, 161 - 0, 0) topActivityInfo=ActivityInfo{7865538 com.kenleren.my_art_collection.MainActivity} launchCookies=[] positionInParent=Point(0, 0) parentTaskId=-1 isFocused=false isVisible=false isVisibleRequested=false isTopActivityNoDisplay=false isSleeping=false locusId=null displayAreaFeatureId=1 isTopActivityTransparent=false isActivityStackTransparent=false lastNonFullscreenBounds=null leafTaskBoundsFromOptions= false capturedLink=null capturedLinkTimestamp=0 requestedVisibleTypes=503 topActivityRequestOpenInBrowserEducationTimestamp=0 appCompatTaskInfo=AppCompatTaskInfo { topActivityInSizeCompat=false isLeafTask= true eligibleForLetterboxEducation= false isLetterboxEducationEnabled= false isLetterboxDoubleTapEnabled= false eligibleForUserAspectRatioButton= false topActivityBoundsLetterboxed= false isFromLetterboxDoubleTap= false topActivityLetterboxVerticalPosition= -1 topActivityLetterboxHorizontalPosition= -1 topActivityLetterboxWidth=-1 topActivityLetterboxHeight=-1 topActivityAppBounds=Rect(0, 0 - 1080, 2404) isUserFullscreenOverrideEnabled=false isSystemFullscreenOverrideEnabled=false hasMinAspectRatioOverride=false topActivityLetterboxBounds=null topNonResizableActivityAspectRatio=-1.0} topActivityMainWindowFrame=null isAppBubble=false}, pipChange = null, remoteTransitionInfo = null, displayChange = null, requestedLocation = null, userChange = null, windowingLayerChange = null, fullscreenRequestChange = null, flags = 0, debugId = 1757 }
07-04 18:16:48.580 W/DisplayDisconnectTransitionHandler( 2967): No disconnect change found in the transition, not handling request.
07-04 18:16:48.580 D/ShellSplitScreen( 2967): logExit: no-op, mLoggerSessionId is null
07-04 18:16:48.580 V/ShellDesktopMode( 2967): DesktopTasksController: skipping handleRequest reason=triggerTask's display doesn't support desktop mode
07-04 18:16:48.580 D/BaseActivity(29459): Launcher flags updated: [state_started|state_resumed|state_deferred_resumed|state_window_focused] -[state_user_active]
07-04 18:16:48.580 D/BaseActivity(29459): Launcher flags updated: [state_started|state_window_focused] -[state_resumed|state_deferred_resumed]
07-04 18:16:48.581 W/SplitSelectStateCtor(29459): Missing session instanceIds
07-04 18:16:48.581 D/StatsLog(29459): LAUNCHER_SPLIT_SELECTION_EXIT_INTERRUPTED
07-04 18:16:48.581 D/WindowManagerShell( 2967): setLauncherKeepClearAreaHeight: visible=false, height=461
07-04 18:16:48.581 V/Configuration( 1795): Updating configuration, locales updated from [] to [nb_NO,en_NO]
07-04 18:16:48.581 V/GrammaticalInflectionUtils( 1795): AttributionSource: android.content.AttributionSource@d084eb42 does not have READ_SYSTEM_GRAMMATICAL_GENDER permission.
07-04 18:16:48.582 D/CompatChangeReporter( 1795): Compat change id reported: 441041342; UID 10326; state: ENABLED
07-04 18:16:48.582 I/AppsFilter( 1795): interaction: PackageSetting{a0aa4c4 com.google.android.microdroid.empty_payload/10299} -> PackageSetting{9ea63d2 com.kenleren.my_art_collection/10326} BLOCKED
07-04 18:16:48.582 I/DisplayDeviceRepository( 1795): Display device changed render timings: "Built-in Screen", renderFrameRate=120.00001, presentationDeadlineNanos=11500000, appVsyncOffsetNanos=6233332, frameRateOverrides=[{uid=10253 frameRateHz=120.00001}, {uid=10270 frameRateHz=120.00001}]
07-04 18:16:48.583 D/BackgroundInstallControlService( 1795): Package event received: 0
07-04 18:16:48.583 V/WindowManager( 1795): Defer transition id=1757 for TaskFragmentTransaction=android.os.Binder@966eb1e
07-04 18:16:48.584 D/b/417220811(29459): invalidateLoadedTasks - previous requestLoadId: -1
07-04 18:16:48.584 D/ShellDesktopMode( 2967): DesktopRepository: Removes freeform task: taskId=9919
07-04 18:16:48.584 W/ShellDesktopMode( 2967): DesktopRepository: No display id found for task: taskId=9919
07-04 18:16:48.585 I/libbinder.BpBinder(  485): onLastStrongRef automatically unlinking death recipients for binder (0xb40000766da496d0) with descriptor: '(not cached)'
07-04 18:16:48.585 D/b/417220811(29459): invalidateLoadedTasks - previous requestLoadId: -1
07-04 18:16:48.586 W/AutofillManagerServiceImpl( 1795): getFillEventHistory() called by UID 10139, but service UID is 10162
07-04 18:16:48.587 V/WindowManager( 1795): Continue transition id=1757 for TaskFragmentTransaction=android.os.Binder@966eb1e
07-04 18:16:48.589 W/libbinder.IPCThreadState( 1380): Sending oneway calls to frozen process.
07-04 18:16:48.589 W/libbinder.IPCThreadState( 1380): Sending oneway calls to frozen process.
07-04 18:16:48.589 W/libbinder.IPCThreadState( 1380): Sending oneway calls to frozen process.
07-04 18:16:48.589 W/libbinder.IPCThreadState( 1380): Sending oneway calls to frozen process.
07-04 18:16:48.589 W/libbinder.IPCThreadState( 1380): Sending oneway calls to frozen process.
07-04 18:16:48.589 W/libbinder.IPCThreadState( 1380): Sending oneway calls to frozen process.
07-04 18:16:48.589 W/libbinder.IPCThreadState( 1380): Sending oneway calls to frozen process.
07-04 18:16:48.589 W/libbinder.IPCThreadState( 1380): Sending oneway calls to frozen process.
07-04 18:16:48.589 W/libbinder.IPCThreadState( 1380): Sending oneway calls to frozen process.
07-04 18:16:48.590 W/libbinder.IPCThreadState( 1380): Sending oneway calls to frozen process.
07-04 18:16:48.590 W/libbinder.IPCThreadState( 1380): Sending oneway calls to frozen process.
07-04 18:16:48.593 D/Zygote  ( 1112): Forked child process 5474
07-04 18:16:48.593 I/ActivityManager( 1795): Start proc 5474:com.kenleren.my_art_collection/u0a326 for next-top-activity {com.kenleren.my_art_collection/com.kenleren.my_art_collection.MainActivity}
07-04 18:16:48.600 I/Zygote  ( 5474): Process 5474 created for com.kenleren.my_art_collection
07-04 18:16:48.600 I/_art_collection( 5474): Late-enabling -Xcheck:jni
07-04 18:16:48.604 V/WindowManager( 1795): Sent Transition (#1757) createdAt=07-04 18:16:48.573 via request=TransitionRequestInfo { type = OPEN, triggerTask = TaskInfo{userId=0 taskId=9920 effectiveUid=10326 displayId=0 isRunning=true baseIntent=Intent { flg=0x10000000 cmp=com.kenleren.my_art_collection/.MainActivity } baseActivity=ComponentInfo{com.kenleren.my_art_collection/com.kenleren.my_art_collection.MainActivity} topActivity=ComponentInfo{com.kenleren.my_art_collection/com.kenleren.my_art_collection.MainActivity} origActivity=null realActivity=ComponentInfo{com.kenleren.my_art_collection/com.kenleren.my_art_collection.MainActivity} realActivityIsAppLockEnabled=false numActivities=1 lastActiveTime=104911108 supportsMultiWindow=true resizeMode=1 isResizeable=true minWidth=-1 minHeight=-1 defaultMinSize=220 token=WCT{RemoteToken{fe9730b Task{7b7f946 #9920 type=standard I=com.kenleren.my_art_collection/.MainActivity}}} topActivityType=1 pictureInPictureParams=null shouldDockBigOverlays=false launchIntoPipHostTaskId=-1 lastParentTaskIdBeforePip=-1 displayCutoutSafeInsets=Rect(0, 161 - 0, 0) topActivityInfo=ActivityInfo{cf585e8 com.kenleren.my_art_collection.MainActivity} launchCookies=[] positionInParent=Point(0, 0) parentTaskId=-1 isFocused=false isVisible=false isVisibleRequested=false isTopActivityNoDisplay=false isSleeping=false locusId=null displayAreaFeatureId=1 isTopActivityTransparent=false isActivityStackTransparent=false lastNonFullscreenBounds=null leafTaskBoundsFromOptions= false capturedLink=null capturedLinkTimestamp=0 requestedVisibleTypes=503 topActivityRequestOpenInBrowserEducationTimestamp=0 appCompatTaskInfo=AppCompatTaskInfo { topActivityInSizeCompat=false isLeafTask= true eligibleForLetterboxEducation= false isLetterboxEducationEnabled= false isLetterboxDoubleTapEnabled= false eligibleForUserAspectRatioButton= false topActivityBoundsLetterboxed= false isFromLetterboxDoubleTap= false topActivityLetterboxVerticalPosition= -1 topActivityLetterboxHorizontalPosition= -1 topActivityLetterboxWidth=-1 topActivityLetterboxHeight=-1 topActivityAppBounds=Rect(0, 0 - 1080, 2404) isUserFullscreenOverrideEnabled=false isSystemFullscreenOverrideEnabled=false hasMinAspectRatioOverride=false topActivityLetterboxBounds=null topNonResizableActivityAspectRatio=-1.0} topActivityMainWindowFrame=null isAppBubble=false}, pipChange = null, remoteTransitionInfo = null, displayChange = null, requestedLocation = null, userChange = null, windowingLayerChange = null, fullscreenRequestChange = null, flags = 0, debugId = 1757 }
07-04 18:16:48.605 V/WindowManager( 1795):     startWCT=WindowContainerTransaction { changes= {} hops= [] flags= 0 errorCallbackToken=null taskFragmentOrganizer=null }
07-04 18:16:48.605 V/WindowManager( 1795):     info={id=1757 t=OPEN f=0x0 trk=0 r=[0@Point(0, 0)] c=[
07-04 18:16:48.605 V/WindowManager( 1795):         {WCT{RemoteToken{fe9730b Task{7b7f946 #9920 type=standard I=com.kenleren.my_art_collection/.MainActivity}}} m=OPEN f=NONE leash=Surface(name=Task=9920#19008)/@0x5ad8485 sb=Rect(0, 0 - 1080, 2404) eb=Rect(0, 0 - 1080, 2404) epz=Point(1080, 2404) d=0 taskParent=-1 winMode=1 userId=0},
07-04 18:16:48.605 V/WindowManager( 1795):         {WCT{RemoteToken{e3326c2 Task{ed0d766 #1 type=home}}} m=TO_BACK f=SHOW_WALLPAPER leash=Surface(name=Task=1#44)/@0xc3fb14e sb=Rect(0, 0 - 1080, 2404) eb=Rect(0, 0 - 1080, 2404) epz=Point(1080, 2404) d=0 taskParent=-1 winMode=1 userId=0},
07-04 18:16:48.605 V/WindowManager( 1795):         {m=TO_BACK f=IS_WALLPAPER leash=Surface(name=WallpaperWindowToken{6c44cff}#61)/@0x56d85de sb=Rect(0, 0 - 1080, 2404) eb=Rect(0, 0 - 1080, 2404) epz=Point(1080, 2404) d=0}
07-04 18:16:48.605 V/WindowManager( 1795):     ]}
07-04 18:16:48.606 V/ShellTaskOrganizer( 2967): Task appeared taskId=9920 listener=FullscreenTaskListener
07-04 18:16:48.606 V/ShellTaskOrganizer( 2967): Fullscreen Task Appeared: #9920
07-04 18:16:48.606 V/WindowManagerShell( 2967): onTransitionReady(transaction=7709466578871)
07-04 18:16:48.606 V/WindowManagerShell( 2967): onTransitionReady (#1757) android.os.BinderProxy@496daa: {id=1757 t=OPEN f=0x0 trk=0 r=[0@Point(0, 0)] c=[
07-04 18:16:48.606 V/WindowManagerShell( 2967):         {m=OPEN f=NONE leash=Surface(name=Task=9920#19008)/@0x19015be sb=Rect(0, 0 - 1080, 2404) eb=Rect(0, 0 - 1080, 2404) epz=Point(1080, 2404) d=0 taskParent=-1 winMode=1 userId=0},
07-04 18:16:48.606 V/WindowManagerShell( 2967):         {m=TO_BACK f=SHOW_WALLPAPER leash=Surface(name=Task=1#44)/@0xfed561f sb=Rect(0, 0 - 1080, 2404) eb=Rect(0, 0 - 1080, 2404) epz=Point(1080, 2404) d=0 taskParent=-1 winMode=1 userId=0},
07-04 18:16:48.606 V/WindowManagerShell( 2967):         {m=TO_BACK f=IS_WALLPAPER leash=Surface(name=WallpaperWindowToken{6c44cff}#61)/@0x3454d6c sb=Rect(0, 0 - 1080, 2404) eb=Rect(0, 0 - 1080, 2404) epz=Point(1080, 2404) d=0}
07-04 18:16:48.606 V/WindowManagerShell( 2967):     ]}
07-04 18:16:48.606 V/ShellDesktopMode( 2967): DesktopModeLogger: taskInfo map after processing changes 0
07-04 18:16:48.606 D/ShellDesktopMode( 2967): DesktopTaskChangeListener: onTaskMovingToBack for taskId=1, displayId=0 - desktop not supported
07-04 18:16:48.607 D/ShellDesktopMode( 2967): DesktopTaskChangeListener: onTaskOpening for taskId=9920, displayId=0 userId=0 currentUserId=0 parentTaskId=-1 isFreeform=false isActive=false isPinned=false
07-04 18:16:48.607 D/ShellDesktopMode( 2967): DesktopTaskChangeListener: onTaskOpening for taskId=9920, displayId=0 - desktop not supported
07-04 18:16:48.607 V/WindowManagerShell( 2967): Playing animation for (#1757) android.os.BinderProxy@496daa@0
07-04 18:16:48.607 D/ShellSplitScreen( 2967): startAnimation: transition=1757 isSplitActive=false
07-04 18:16:48.607 V/ShellRecents( 2967): RecentsTransitionHandler.startAnimation: no controller found
07-04 18:16:48.607 V/ShellDesktopMode( 2967): DesktopMixedTransitionHandler: No pending desktop transition
07-04 18:16:48.607 V/WindowManagerShell( 2967): Transition doesn't have explicit remote, search filters for match for {id=1757 t=OPEN f=0x0 trk=0 r=[0@Point(0, 0)] c=[{m=OPEN f=NONE leash=Surface(name=Task=9920#19008)/@0x19015be sb=Rect(0, 0 - 1080, 2404) eb=Rect(0, 0 - 1080, 2404) epz=Point(1080, 2404) d=0 taskParent=-1 winMode=1 userId=0},{m=TO_BACK f=SHOW_WALLPAPER leash=Surface(name=Task=1#44)/@0xfed561f sb=Rect(0, 0 - 1080, 2404) eb=Rect(0, 0 - 1080, 2404) epz=Point(1080, 2404) d=0 taskParent=-1 winMode=1 userId=0},{m=TO_BACK f=IS_WALLPAPER leash=Surface(name=WallpaperWindowToken{6c44cff}#61)/@0x3454d6c sb=Rect(0, 0 - 1080, 2404) eb=Rect(0, 0 - 1080, 2404) epz=Point(1080, 2404) d=0}]}
07-04 18:16:48.607 V/WindowManagerShell( 2967):  Checking filter Pair{{types=[] flags=0x0] notFlags=0x0 checks=[{atype=undefined independent=true modes=[CLOSE,TO_BACK] flags=IN_TASK_WITH_EMBEDDED_ACTIVITY mustBeTask=false order=ANY topActivity=null launchCookie=null taskFragmentToken=android.os.BinderProxy@61b7bee windowingMode=undefined isCrossDisplayMove=false}]} RemoteTransition { remoteTransition = android.window.IRemoteTransition$Stub$Proxy@18a788f, appThread = android.app.IApplicationThread$Stub$Proxy@64b171c, debugName = overlayBackTransition, filter = null }}
07-04 18:16:48.607 V/WindowManagerShell( 2967):  Checking filter Pair{{types=[] flags=0x0] notFlags=0x0 checks=[{atype=dream independent=true modes=[OPEN,TO_FRONT] flags=NONE mustBeTask=false order=ANY topActivity=null launchCookie=null windowingMode=undefined isCrossDisplayMove=false},{atype=home independent=true modes=[CLOSE,TO_BACK] flags=NONE mustBeTask=false order=ANY topActivity=null launchCookie=null windowingMode=undefined isCrossDisplayMove=false}]} RemoteTransition { remoteTransition = android.window.IRemoteTransition$Stub$Proxy@aab8f25, appThread = android.app.IApplicationThread$Stub$Proxy@c4768fa, debugName = LauncherToDream, filter = null }}
07-04 18:16:48.607 V/WindowManagerShell( 2967):  Checking filter Pair{{types=[] flags=0x0] notFlags=0x0 checks=[{atype=standard independent=false modes=[CHANGE] flags=NONE mustBeTask=true order=ANY topActivity=null launchCookie=null windowingMode=undefined isCrossDisplayMove=true}]} RemoteTransition { remoteTransition = android.window.IRemoteTransition$Stub$Proxy@7c00eab, appThread = android.app.IApplicationThread$Stub$Proxy@4808908, debugName = QuickstepDisplayMove, filter = null }}
07-04 18:16:48.607 V/WindowManagerShell( 2967):  Checking filter Pair{{types=[] flags=0x0] notFlags=0x100 checks=[{atype=home independent=true modes=[OPEN,TO_FRONT] flags=NONE mustBeTask=false order=ANY topActivity=ComponentInfo{com.google.android.apps.nexuslauncher/com.google.android.apps.nexuslauncher.NexusLauncherActivity} launchCookie=null windowingMode=undefined isCrossDisplayMove=false},{atype=standard independent=true modes=[CLOSE,TO_BACK] flags=NONE mustBeTask=false order=ANY topActivity=null launchCookie=null windowingMode=undefined isCrossDisplayMove=false},{NOT atype=undefined independent=true modes=[] flags=NONE mustBeTask=true order=ANY topActivity=null launchCookie=null customAnim=true windowingMode=undefined isCrossDisplayMove=false}]} RemoteTransition { remoteTransition = android.window.IRemoteTransition$Stub$Proxy@8aaf8a1, appThread = android.app.IApplicationThread$Stub$Proxy@6131ac6, debugName = QuickstepLaunchHome, filter = null }}
07-04 18:16:48.607 V/WindowManagerShell( 2967):  Checking filter Pair{{types=[OPEN,TO_FRONT] flags=0x0] notFlags=0x0 checks=[{atype=standard independent=true modes=[OPEN,TO_FRONT] flags=NONE mustBeTask=true order=ANY topActivity=null launchCookie=null windowingMode=freeform isCrossDisplayMove=false}]} RemoteTransition { remoteTransition = android.window.IRemoteTransition$Stub$Proxy@36eea87, appThread = null, debugName = DesktopWindowLimitUnminimize, filter = null }}
07-04 18:16:48.607 V/WindowManagerShell( 2967):  Delegate animation for (#1757) to null
07-04 18:16:48.607 V/WindowManagerShell( 2967): start default transition animation, info = {id=1757 t=OPEN f=0x0 trk=0 r=[0@Point(0, 0)] c=[{m=OPEN f=NONE leash=Surface(name=Task=9920#19008)/@0x19015be sb=Rect(0, 0 - 1080, 2404) eb=Rect(0, 0 - 1080, 2404) epz=Point(1080, 2404) d=0 taskParent=-1 winMode=1 userId=0},{m=TO_BACK f=SHOW_WALLPAPER leash=Surface(name=Task=1#44)/@0xfed561f sb=Rect(0, 0 - 1080, 2404) eb=Rect(0, 0 - 1080, 2404) epz=Point(1080, 2404) d=0 taskParent=-1 winMode=1 userId=0},{m=TO_BACK f=IS_WALLPAPER leash=Surface(name=WallpaperWindowToken{6c44cff}#61)/@0x3454d6c sb=Rect(0, 0 - 1080, 2404) eb=Rect(0, 0 - 1080, 2404) epz=Point(1080, 2404) d=0}]}
07-04 18:16:48.607 V/WindowManagerShell( 2967): loadAnimation: anim=android.view.animation.AnimationSet@7e069b1 animAttr=0x13 type=OPEN isEntrance=false
07-04 18:16:48.607 V/WindowManagerShell( 2967): loadAnimation: anim=android.view.animation.AnimationSet@aa71e96 animAttr=0x12 type=OPEN isEntrance=true
07-04 18:16:48.608 V/WindowManagerShell( 2967):  animated by com.android.wm.shell.transition.DefaultTransitionHandler@6fab825
07-04 18:16:48.608 D/b/417220811(29459): invalidateLoadedTasks - previous requestLoadId: -1
07-04 18:16:48.608 D/BaseActivity(29459): Launcher flags updated: [state_started] -[state_window_focused]
07-04 18:16:48.614 I/_art_collection( 5474): Using generational CollectorTypeCMC GC.
07-04 18:16:48.616 I/adbd    ( 2198): jdwp connection from 5474
07-04 18:16:48.618 D/nativeloader( 5474): Load libframework-connectivity-tiramisu-jni.so using APEX ns com_android_tethering for caller /apex/com.android.tethering/javalib/framework-connectivity-t.jar: ok
07-04 18:16:48.624 D/BackgroundInstallControlService( 1795): Package event received: 0
07-04 18:16:48.638 D/ApplicationLoaders( 5474): Returning zygote-cached class loader: /system_ext/framework/androidx.window.extensions.jar
07-04 18:16:48.638 D/ApplicationLoaders( 5474): Returning zygote-cached class loader: /system_ext/framework/androidx.window.sidecar.jar
07-04 18:16:48.647 D/ColorDisplayService( 1795): computeDisplayWhiteBalanceMatrix: cct =6300 matrix =
07-04 18:16:48.647 D/ColorDisplayService( 1795):        0,989780 0,000494-0,000703 0,000000-0,009463 0,998632-0,003291 0,000000 0,000986 0,000874 0,959399 0,000000 0,000000 0,000000 0,000000 1,000000
07-04 18:16:48.678 D/nativeloader( 5474): Configuring clns-9 for other apk /data/app/~~WO6YzmRMMdr-eeeKkcLGRQ==/com.kenleren.my_art_collection-dZEeakXYtR1XxAE31KPe0g==/base.apk. target_sdk_version=36, uses_libraries=, library_path=/data/app/~~WO6YzmRMMdr-eeeKkcLGRQ==/com.kenleren.my_art_collection-dZEeakXYtR1XxAE31KPe0g==/lib/arm64:/data/app/~~WO6YzmRMMdr-eeeKkcLGRQ==/com.kenleren.my_art_collection-dZEeakXYtR1XxAE31KPe0g==/base.apk!/lib/arm64-v8a, permitted_path=/data:/mnt/expand:/data/user/0/com.kenleren.my_art_collection
07-04 18:16:48.683 D/b/417220811(29459): invalidateLoadedTasks - previous requestLoadId: -1
07-04 18:16:48.685 V/GraphicsEnvironment( 5474): Currently set values for:
07-04 18:16:48.685 V/GraphicsEnvironment( 5474):   angle_gl_driver_selection_pkgs=[com.android.angle]
07-04 18:16:48.685 V/GraphicsEnvironment( 5474):   angle_gl_driver_selection_values=[angle]
07-04 18:16:48.685 V/GraphicsEnvironment( 5474): com.kenleren.my_art_collection is not listed in per-application setting
07-04 18:16:48.685 V/GraphicsEnvironment( 5474): No special selections for ANGLE, returning default driver choice
07-04 18:16:48.685 V/GraphicsEnvironment( 5474): Neither updatable production driver nor prerelease driver is supported.
07-04 18:16:48.699 D/BackgroundInstallControlService( 1795): Package event received: 0
07-04 18:16:48.699 D/BackgroundInstallControlService( 1795): Package event received: 0
07-04 18:16:48.700 I/DisplayManager( 5474): Choreographer implicitly registered for the refresh rate.
07-04 18:16:48.700 D/vulkan  ( 5474): searching for layers in '/data/app/~~WO6YzmRMMdr-eeeKkcLGRQ==/com.kenleren.my_art_collection-dZEeakXYtR1XxAE31KPe0g==/lib/arm64'
07-04 18:16:48.701 D/vulkan  ( 5474): searching for layers in '/data/app/~~WO6YzmRMMdr-eeeKkcLGRQ==/com.kenleren.my_art_collection-dZEeakXYtR1XxAE31KPe0g==/base.apk!/lib/arm64-v8a'
07-04 18:16:48.703 I/NearbySharing(23012): Got package event: PackageReplaced(packageName=com.kenleren.my_art_collection)
07-04 18:16:48.704 D/vulkan  ( 5474): added global layer 'VK_LAYER_KHRONOS_validation' from library '/data/app/~~WO6YzmRMMdr-eeeKkcLGRQ==/com.kenleren.my_art_collection-dZEeakXYtR1XxAE31KPe0g==/base.apk!/lib/arm64-v8a/libVkLayer_khronos_validation.so'
07-04 18:16:48.705 I/NearbySharing(23012): Got package event: PackageReplaced(packageName=com.kenleren.my_art_collection)
07-04 18:16:48.712 I/NearbySharing(23012): Network state changed: NetworkState(isRestricted=false, isOnline=true, isCongested=false, isMetered=false, isWifiConnected=true)
07-04 18:16:48.717 D/FlutterJNI( 5474): Beginning load of flutter...
07-04 18:16:48.718 I/ResourceExtractor( 5474): Found extracted resources res_timestamp-1-1783181219821
07-04 18:16:48.724 D/nativeloader( 5474): Load /data/app/~~WO6YzmRMMdr-eeeKkcLGRQ==/com.kenleren.my_art_collection-dZEeakXYtR1XxAE31KPe0g==/base.apk!/lib/arm64-v8a/libflutter.so using class loader ns clns-9 (caller=/data/app/~~WO6YzmRMMdr-eeeKkcLGRQ==/com.kenleren.my_art_collection-dZEeakXYtR1XxAE31KPe0g==/base.apk): ok
07-04 18:16:48.725 D/FlutterJNI( 5474): flutter (null) was loaded normally!
07-04 18:16:48.728 I/NearbySharing(23012): Network state changed: NetworkState(isRestricted=false, isOnline=true, isCongested=false, isMetered=false, isWifiConnected=true)
07-04 18:16:48.732 W/_art_collection( 5474): type=1400 audit(0.0:24527): avc:  denied  { read } for  name="max_map_count" dev="proc" ino=3403918 scontext=u:r:untrusted_app:s0:c70,c257,c512,c768 tcontext=u:object_r:proc_max_map_count:s0 tclass=file permissive=0 app=com.kenleren.my_art_collection
07-04 18:16:48.744 D/DesktopExperienceFlags( 5474): Toggle override initialized to: false
07-04 18:16:48.744 D/DesktopModeFlags( 5474): Toggle override initialized to: OVERRIDE_UNSET
07-04 18:16:48.758 I/flutter ( 5474): [IMPORTANT:flutter/shell/platform/android/android_context_vk_impeller.cc(62)] Using the Impeller rendering backend (Vulkan).
07-04 18:16:48.781 I/flutter ( 5474): The Dart VM service is listening on http://127.0.0.1:38523/izs2lJCZXao=/
07-04 18:16:48.843 I/NearbyMediums(23012): Replace Fast Advertisement Rx Info for service id : NearbySharing on deviceToken : [ 0xd7 0xc2 ]
07-04 18:16:48.843 I/NearbyConnections(23012): Found BleAdvertisement [ 0x23 0x4d 0x33 0x53 0x42 0x11 0x32 0x7b 0x11 0x23 0x07 0xfc 0x43 0x64 0x1e 0xe4 0x36 0xb2 0x21 0x56 0xf5 0x34 0xa5 ] (with EndpointId M3SB and EndpointInfo [ 0x32 0x7b 0x11 0x23 0x07 0xfc 0x43 0x64 0x1e 0xe4 0x36 0xb2 0x21 0x56 0xf5 0x34 0xa5 ])
07-04 18:16:48.844 I/NearbyConnections(23012): ClientProxy(96335620) ignoring onEndpointDistanceChanged(M3SB, UNKNOWN), because this distance has already been reported
07-04 18:16:48.872 D/nativeloader( 5474): Load /data/app/~~WO6YzmRMMdr-eeeKkcLGRQ==/com.kenleren.my_art_collection-dZEeakXYtR1XxAE31KPe0g==/base.apk!/lib/arm64-v8a/libdartjni.so using class loader ns clns-9 (caller=/data/app/~~WO6YzmRMMdr-eeeKkcLGRQ==/com.kenleren.my_art_collection-dZEeakXYtR1XxAE31KPe0g==/base.apk!classes6.dex): ok
07-04 18:16:48.888 I/_art_collection( 5474): hiddenapi: Accessing hidden method Landroid/view/accessibility/AccessibilityNodeInfo;->getSourceNodeId()J (runtime_flags=0, domain=platform, api=unsupported,test-api) from Lio/flutter/view/AccessibilityViewEmbedder$ReflectionAccessors; (domain=app, TargetSdkVersion=36) using reflection: allowed
07-04 18:16:48.888 I/_art_collection( 5474): hiddenapi: Accessing hidden method Landroid/view/accessibility/AccessibilityRecord;->getSourceNodeId()J (runtime_flags=0, domain=platform, api=unsupported) from Lio/flutter/view/AccessibilityViewEmbedder$ReflectionAccessors; (domain=app, TargetSdkVersion=36) using reflection: allowed
07-04 18:16:48.888 I/_art_collection( 5474): hiddenapi: Accessing hidden field Landroid/view/accessibility/AccessibilityNodeInfo;->mChildNodeIds:Landroid/util/LongArray; (runtime_flags=0, domain=platform, api=unsupported) from Lio/flutter/view/AccessibilityViewEmbedder$ReflectionAccessors; (domain=app, TargetSdkVersion=36) using reflection: allowed
07-04 18:16:48.888 I/_art_collection( 5474): hiddenapi: Accessing hidden method Landroid/util/LongArray;->get(I)J (runtime_flags=0, domain=platform, api=unsupported) from Lio/flutter/view/AccessibilityViewEmbedder$ReflectionAccessors; (domain=app, TargetSdkVersion=36) using reflection: allowed
07-04 18:16:48.897 V/WindowManagerShell( 2967): Transition animation finished (aborted=false), notifying core (#1757) android.os.BinderProxy@496daa@0
07-04 18:16:48.899 V/WindowManager( 1795): Finish Transition (#1757): created at 07-04 18:16:48.573 collect-started=0.168ms request-sent=6.081ms started=6.587ms ready=28.403ms sent=29.461ms commit=10.746ms finished=324.906ms
07-04 18:16:48.899 D/VRI[NexusLauncherActivity](29459): visibilityChanged oldVisibility=true newVisibility=false
07-04 18:16:48.899 D/WallpaperService( 2967): onVisibilityChanged(false): com.android.systemui.wallpapers.ImageWallpaper$CanvasEngine@b51968d
07-04 18:16:48.899 V/WindowManagerShell( 2967): Track 0 became idle
07-04 18:16:48.899 V/WindowManagerShell( 2967): All active transition animations finished
07-04 18:16:48.905 D/NexusLauncherModelDelegate(29459): notifySmartspaceEvent: SmartspaceTargetEvent{mSmartspaceTarget=null, mSmartspaceActionId='null', mEventType=7}
07-04 18:16:48.906 I/AiAiEcho( 5158): (REDACTED) %s No tracked ambient data found for ID: %s; for event type: %d, skipping event processing.
07-04 18:16:48.906 D/Bubbles ( 2967): BubbleData.onLocusVisibilityChanged() locusId=Overview|DISABLED visible=false taskId=1
07-04 18:16:48.906 I/DisplayDeviceRepository( 1795): Display device changed render timings: "Built-in Screen", renderFrameRate=120.00001, presentationDeadlineNanos=11500000, appVsyncOffsetNanos=6233332, frameRateOverrides=[{uid=10270 frameRateHz=120.00001}]
07-04 18:16:48.919 D/FlutterRenderer( 5474): Width is zero. 0,0
07-04 18:16:48.921 D/CompatChangeReporter( 5474): Compat change id reported: 377864165; UID 10326; state: ENABLED
07-04 18:16:48.923 I/ContentCaptureHelper( 5474): Setting logging level to OFF
07-04 18:16:48.994 I/DisplayDeviceRepository( 1795): Display device changed render timings: "Built-in Screen", renderFrameRate=120.00001, presentationDeadlineNanos=11500000, appVsyncOffsetNanos=6233332, frameRateOverrides=[{uid=10253 frameRateHz=60.000004}, {uid=10270 frameRateHz=120.00001}]
07-04 18:16:49.031 I/AF::TrackHandle( 1214): opChanged OP_PLAY_AUDIO callback received for 
07-04 18:16:49.031 I/AF::TrackHandle( 1214): opChanged OP_PLAY_AUDIO callback received for 
07-04 18:16:49.031 I/AF::TrackHandle( 1214): opChanged OP_PLAY_AUDIO callback received for 
07-04 18:16:49.031 I/AF::TrackHandle( 1214): opChanged OP_PLAY_AUDIO callback received for 
07-04 18:16:49.032 I/AF::TrackHandle( 1214): opChanged OP_PLAY_AUDIO callback received for 
07-04 18:16:49.032 I/AF::TrackHandle( 1214): opChanged OP_PLAY_AUDIO callback received for 
07-04 18:16:49.032 I/AF::TrackHandle( 1214): opChanged OP_PLAY_AUDIO callback received for 
07-04 18:16:49.037 D/WindowOnBackDispatcher( 5474): setTopOnBackInvokedCallback (unwrapped): android.app.Activity$$ExternalSyntheticLambda0@e94080e
07-04 18:16:49.037 D/CoreBackPreview( 1795): Window{16276e1 u0 com.kenleren.my_art_collection/com.kenleren.my_art_collection.MainActivity}: Setting back callback OnBackInvokedCallbackInfo{mCallback=android.window.IOnBackInvokedCallback$Stub$Proxy@2113292, mPriority=-1, mIsAnimationCallback=false, mOverrideBehavior=0}
07-04 18:16:49.039 I/WindowExtensionsImpl( 5474): Initializing Window Extensions, vendor API level=9, activity embedding enabled=true
07-04 18:16:49.053 D/VRI[MainActivity]( 5474): WindowInsets changed: 1080x2404 statusBars:[0,161,0,0] navigationBars:[0,0,0,59] mandatorySystemGestures:[0,190,0,78] 
07-04 18:16:49.054 D/FlutterRenderer( 5474): Width is zero. 0,0
07-04 18:16:49.058 D/FlutterRenderer( 5474): Width is zero. 0,0
07-04 18:16:49.059 D/FlutterJNI( 5474): Sending viewport metrics to the engine.
07-04 18:16:49.064 E/pixel-gralloc(  489): Block GPU does not support format R10G10B10A10
07-04 18:16:49.064 E/pixel-gralloc(  489): Block GPU does not support format R10G10B10A10
07-04 18:16:49.086 D/ColorDisplayService( 1795): computeDisplayWhiteBalanceMatrix: cct =6260 matrix =
07-04 18:16:49.086 D/ColorDisplayService( 1795):        0,991466 0,000404-0,000845 0,000000-0,007580 0,998613-0,003793 0,000000 0,001297 0,000983 0,954203 0,000000 0,000000 0,000000 0,000000 1,000000
07-04 18:16:49.115 D/BoundBrokerSvc(23012): onRebind: Intent { act=com.google.android.gms.libs.gmscorelogger.service.START dat=chimera-action:/... xflg=0x4 cmp=com.google.android.gms/.chimera.PersistentDirectBootAwareApiService }
07-04 18:16:49.156 I/_art_collection( 5474): Compiler allocated 5116KB to compile void android.view.ViewRootImpl.performTraversals()
07-04 18:16:49.249 D/AOC     ( 1476): CHRE: DRAM vote count begins
07-04 18:16:49.249 D/AOC     ( 1476): CHRE: DRAM vote count ends: 0 ms
07-04 18:16:49.249 D/AOC     ( 1476): CHRE: DRAM vote count begins
07-04 18:16:49.249 D/AOC     ( 1476): CHRE: DRAM vote count ends: 0 ms
07-04 18:16:49.249 D/AOC     ( 1476): CHRE: DRAM vote count begins
07-04 18:16:49.250 D/AOC     ( 1476): CHRE: DRAM vote count ends: 0 ms
07-04 18:16:49.250 D/AOC     ( 1476): CHRE: DRAM vote count begins
07-04 18:16:49.250 D/AOC     ( 1476): CHRE: DRAM vote count ends: 0 ms
07-04 18:16:49.251 I/CHRE    ( 1137): @ 104914.394: [WallabyPD] GetStartIndex: not enough samples for inference, 0
07-04 18:16:49.252 I/CHRE    ( 1137): @ 104914.395: [WallabyPD] 	Device (0x301)  >>> stationary-unspecified  - not-in-pocket <<< Config: On-demand Optical-Only FCN 
07-04 18:16:49.252 I/CHRE    ( 1137): @ 104914.395: [Wallaby] PocketEvent Pos: 0x0 -> 0x301, IsHostAwake: 1
07-04 18:16:49.252 I/CHRE    ( 1137): @ 104914.395: [Wallaby] SendResult: ONE-SHOT mode. Unsubscribing client 32773
07-04 18:16:49.253 I/CHRE    ( 4345): Got message from nanoapp 0x476f6f676c00103b to endpoint 0x8005 with type 0x7 and length 19
07-04 18:16:49.253 I/CHRE    ( 4345): Wallaby QS - Ack:1
07-04 18:16:49.253 I/CHRE    ( 4345): Wallaby PD no stationary
07-04 18:16:49.253 I/CHRE    ( 4345): Wallaby PD result : 0x00000101(at 104914395ms)
07-04 18:16:49.282 W/ContextImpl( 1795): Calling a method in the system process without a qualified user: android.app.ContextImpl.sendBroadcastMultiplePermissions:1402 android.content.Context.sendBroadcastMultiplePermissions:2746 com.android.server.notification.NotificationManagerService.sendRegisteredOnlyBroadcast:3449 com.android.server.notification.NotificationManagerService.lambda$sendZenBroadcastWithDelay$6:3432 com.android.server.notification.NotificationManagerService.$r8$lambda$ICYTgrsHTBLE2s5g4uqjJ79jdFY:0 
07-04 18:16:49.282 W/ContextImpl( 1795): Calling a method in the system process without a qualified user: android.app.ContextImpl.sendBroadcast:1319 com.android.server.notification.NotificationManagerService.sendRegisteredOnlyBroadcast:3457 com.android.server.notification.NotificationManagerService.lambda$sendZenBroadcastWithDelay$6:3432 com.android.server.notification.NotificationManagerService.$r8$lambda$ICYTgrsHTBLE2s5g4uqjJ79jdFY:0 com.android.server.notification.NotificationManagerService$$ExternalSyntheticLambda12.run:0 
07-04 18:16:49.282 W/ContextImpl( 1795): Calling a method in the system process without a qualified user: android.app.ContextImpl.sendBroadcast:1319 com.android.server.notification.NotificationManagerService.sendRegisteredOnlyBroadcast:3457 com.android.server.notification.NotificationManagerService.lambda$sendZenBroadcastWithDelay$6:3432 com.android.server.notification.NotificationManagerService.$r8$lambda$ICYTgrsHTBLE2s5g4uqjJ79jdFY:0 com.android.server.notification.NotificationManagerService$$ExternalSyntheticLambda12.run:0 
07-04 18:16:49.283 W/ContextImpl( 1795): Calling a method in the system process without a qualified user: android.app.ContextImpl.sendBroadcast:1319 com.android.server.notification.NotificationManagerService.sendRegisteredOnlyBroadcast:3457 com.android.server.notification.NotificationManagerService.lambda$sendZenBroadcastWithDelay$6:3432 com.android.server.notification.NotificationManagerService.$r8$lambda$ICYTgrsHTBLE2s5g4uqjJ79jdFY:0 com.android.server.notification.NotificationManagerService$$ExternalSyntheticLambda12.run:0 
07-04 18:16:49.283 W/ContextImpl( 1795): Calling a method in the system process without a qualified user: android.app.ContextImpl.sendBroadcast:1319 com.android.server.notification.NotificationManagerService.sendRegisteredOnlyBroadcast:3457 com.android.server.notification.NotificationManagerService.lambda$sendZenBroadcastWithDelay$6:3432 com.android.server.notification.NotificationManagerService.$r8$lambda$ICYTgrsHTBLE2s5g4uqjJ79jdFY:0 com.android.server.notification.NotificationManagerService$$ExternalSyntheticLambda12.run:0 
07-04 18:16:49.283 W/ContextImpl( 1795): Calling a method in the system process without a qualified user: android.app.ContextImpl.sendBroadcast:1319 com.android.server.notification.NotificationManagerService.sendRegisteredOnlyBroadcast:3457 com.android.server.notification.NotificationManagerService.lambda$sendZenBroadcastWithDelay$6:3432 com.android.server.notification.NotificationManagerService.$r8$lambda$ICYTgrsHTBLE2s5g4uqjJ79jdFY:0 com.android.server.notification.NotificationManagerService$$ExternalSyntheticLambda12.run:0 
07-04 18:16:49.284 W/ContextImpl( 1795): Calling a method in the system process without a qualified user: android.app.ContextImpl.sendBroadcast:1319 com.android.server.notification.NotificationManagerService.sendRegisteredOnlyBroadcast:3457 com.android.server.notification.NotificationManagerService.lambda$sendZenBroadcastWithDelay$6:3432 com.android.server.notification.NotificationManagerService.$r8$lambda$ICYTgrsHTBLE2s5g4uqjJ79jdFY:0 com.android.server.notification.NotificationManagerService$$ExternalSyntheticLambda12.run:0 
07-04 18:16:49.284 I/vol.Events( 2967): writeEvent suppressor_changed null null
