07-04 18:16:49.284 W/ContextImpl( 1795): Calling a method in the system process without a qualified user: android.app.ContextImpl.sendBroadcast:1319 com.android.server.notification.NotificationManagerService.sendRegisteredOnlyBroadcast:3457 com.android.server.notification.NotificationManagerService.lambda$sendZenBroadcastWithDelay$6:3432 com.android.server.notification.NotificationManagerService.$r8$lambda$ICYTgrsHTBLE2s5g4uqjJ79jdFY:0 com.android.server.notification.NotificationManagerService$$ExternalSyntheticLambda12.run:0 
07-04 18:16:49.284 W/ContextImpl( 1795): Calling a method in the system process without a qualified user: android.app.ContextImpl.sendBroadcast:1319 com.android.server.notification.NotificationManagerService.sendRegisteredOnlyBroadcast:3457 com.android.server.notification.NotificationManagerService.lambda$sendZenBroadcastWithDelay$6:3432 com.android.server.notification.NotificationManagerService.$r8$lambda$ICYTgrsHTBLE2s5g4uqjJ79jdFY:0 com.android.server.notification.NotificationManagerService$$ExternalSyntheticLambda12.run:0 
07-04 18:16:49.284 W/ContextImpl( 1795): Calling a method in the system process without a qualified user: android.app.ContextImpl.sendBroadcast:1319 com.android.server.notification.NotificationManagerService.sendRegisteredOnlyBroadcast:3457 com.android.server.notification.NotificationManagerService.lambda$sendZenBroadcastWithDelay$6:3432 com.android.server.notification.NotificationManagerService.$r8$lambda$ICYTgrsHTBLE2s5g4uqjJ79jdFY:0 com.android.server.notification.NotificationManagerService$$ExternalSyntheticLambda12.run:0 
07-04 18:16:49.285 W/ContextImpl( 1795): Calling a method in the system process without a qualified user: android.app.ContextImpl.sendBroadcast:1319 com.android.server.notification.NotificationManagerService.sendRegisteredOnlyBroadcast:3457 com.android.server.notification.NotificationManagerService.lambda$sendZenBroadcastWithDelay$6:3432 com.android.server.notification.NotificationManagerService.$r8$lambda$ICYTgrsHTBLE2s5g4uqjJ79jdFY:0 com.android.server.notification.NotificationManagerService$$ExternalSyntheticLambda12.run:0 
07-04 18:16:49.285 W/ContextImpl( 1795): Calling a method in the system process without a qualified user: android.app.ContextImpl.sendBroadcast:1319 com.android.server.notification.NotificationManagerService.sendRegisteredOnlyBroadcast:3457 com.android.server.notification.NotificationManagerService.lambda$sendZenBroadcastWithDelay$6:3432 com.android.server.notification.NotificationManagerService.$r8$lambda$ICYTgrsHTBLE2s5g4uqjJ79jdFY:0 com.android.server.notification.NotificationManagerService$$ExternalSyntheticLambda12.run:0 
07-04 18:16:49.285 W/ContextImpl( 1795): Calling a method in the system process without a qualified user: android.app.ContextImpl.sendBroadcast:1319 com.android.server.notification.NotificationManagerService.sendRegisteredOnlyBroadcast:3457 com.android.server.notification.NotificationManagerService.lambda$sendZenBroadcastWithDelay$6:3432 com.android.server.notification.NotificationManagerService.$r8$lambda$ICYTgrsHTBLE2s5g4uqjJ79jdFY:0 com.android.server.notification.NotificationManagerService$$ExternalSyntheticLambda12.run:0 
07-04 18:16:49.285 W/ContextImpl( 1795): Calling a method in the system process without a qualified user: android.app.ContextImpl.sendBroadcast:1319 com.android.server.notification.NotificationManagerService.sendRegisteredOnlyBroadcast:3457 com.android.server.notification.NotificationManagerService.lambda$sendZenBroadcastWithDelay$6:3432 com.android.server.notification.NotificationManagerService.$r8$lambda$ICYTgrsHTBLE2s5g4uqjJ79jdFY:0 com.android.server.notification.NotificationManagerService$$ExternalSyntheticLambda12.run:0 
07-04 18:16:49.285 W/ContextImpl( 1795): Calling a method in the system process without a qualified user: android.app.ContextImpl.sendBroadcast:1319 com.android.server.notification.NotificationManagerService.sendRegisteredOnlyBroadcast:3457 com.android.server.notification.NotificationManagerService.lambda$sendZenBroadcastWithDelay$6:3432 com.android.server.notification.NotificationManagerService.$r8$lambda$ICYTgrsHTBLE2s5g4uqjJ79jdFY:0 com.android.server.notification.NotificationManagerService$$ExternalSyntheticLambda12.run:0 
07-04 18:16:49.285 W/ContextImpl( 1795): Calling a method in the system process without a qualified user: android.app.ContextImpl.sendBroadcastMultiplePermissions:1402 android.content.Context.sendBroadcastMultiplePermissions:2746 com.android.server.notification.NotificationManagerService.sendRegisteredOnlyBroadcast:3449 com.android.server.notification.NotificationManagerService.lambda$sendZenBroadcastWithDelay$6:3432 com.android.server.notification.NotificationManagerService.$r8$lambda$ICYTgrsHTBLE2s5g4uqjJ79jdFY:0 
07-04 18:16:49.285 W/ContextImpl( 1795): Calling a method in the system process without a qualified user: android.app.ContextImpl.sendBroadcast:1319 com.android.server.notification.NotificationManagerService.sendRegisteredOnlyBroadcast:3457 com.android.server.notification.NotificationManagerService.lambda$sendZenBroadcastWithDelay$6:3432 com.android.server.notification.NotificationManagerService.$r8$lambda$ICYTgrsHTBLE2s5g4uqjJ79jdFY:0 com.android.server.notification.NotificationManagerService$$ExternalSyntheticLambda12.run:0 
07-04 18:16:49.301 I/hwc-DSI-1(  486): SetTe2Frequency: writes te2_freq_hz(30) to the sysfs node
07-04 18:16:49.349 D/AOC     ( 1476): CHRE: DRAM vote count begins
07-04 18:16:49.350 D/AOC     ( 1476): CHRE: DRAM vote count ends: 0 ms
07-04 18:16:49.350 D/AOC     ( 1476): CHRE: DRAM vote count begins
07-04 18:16:49.350 D/AOC     ( 1476): CHRE: DRAM vote count ends: 0 ms
07-04 18:16:49.350 D/AOC     ( 1476): CHRE: DRAM vote count begins
07-04 18:16:49.350 I/CHRE    ( 1137): @ 104914.496: [Wallaby] Handling unsubscribe request: one_shot=1, client_id 32773
07-04 18:16:49.350 I/CHRE    ( 1137): @ 104914.496: [WallabyPD] Removing config, model=1, on_demand=1, #configs=2
07-04 18:16:49.350 I/CHRE    ( 1137): @ 104914.496: [WallabyPD] Config exists=1. decrementing num_clients=1
07-04 18:16:49.350 I/CHRE    ( 1137): @ 104914.496: [WallabyPD] REMOVED inference config refcount, #configs=1
07-04 18:16:49.350 I/CHRE    ( 1137): @ 104914.496: [Wallaby] updated merged flags: 0x430
07-04 18:16:49.350 D/AOC     ( 1476): CHRE: DRAM vote count ends: 0 ms
07-04 18:16:49.350 I/CHRE    ( 1137): @ 104914.496: [Wallaby] Stopping sensors
07-04 18:16:49.350 I/CHRE    ( 1137): @ 104914.498: [Wallaby] <<<<<<<<<<<<<<<< Stopping prox <<<<<<<<<<<<<<<<
07-04 18:16:49.350 D/AOC     ( 1476): A3:MSG: usf_sensor.cc, 1881: USF: Received stop sampling request for VD6282 Rear Light Sensor (active:1).
07-04 18:16:49.350 D/AOC     ( 1476): CHRE: DRAM vote count begins
07-04 18:16:49.350 D/AOC     ( 1476): CHRE: DRAM vote count ends: 0 ms
07-04 18:16:49.350 D/AOC     ( 1476): A3:MSG: usf_sensor.cc, 1866: USF: Received start sampling request for TMD3743 Proximity (active:2).
07-04 18:16:49.351 D/AOC     ( 1476): A3:MSG: tmd3743_sensor.cc, 296: USF: TMD3743: Report new active state:0 min_fps:0
07-04 18:16:49.351 D/AOC     ( 1476): A3:MSG: tmd3743_device.cc, 476: USF: TMD3743: [0]Stop sampling (Client count L/C/S/P = 1/1/1/0, err = 0)
07-04 18:16:49.351 D/AOC     ( 1476): CHRE: DRAM vote count begins
07-04 18:16:49.351 I/usf_sensor_hal( 1152): Received REPORT_SENSOR_ACTIVE_STATE_CHANGES event from 'TMD3743 Proximity' with state:kInactive and desired fps:0!
07-04 18:16:49.351 I/hwc-DSI-1(  486): UpdateProximitySensorState: prox becomes inactive while low gray content is inactive
07-04 18:16:49.352 D/AOC     ( 1476): CHRE: DRAM vote count ends: 0 ms
07-04 18:16:49.352 D/AOC     ( 1476): A3:MSG: usf_sensor.cc, 1881: USF: Received stop sampling request for ICM45631 Accelerometer (active:5).
07-04 18:16:49.352 D/AOC     ( 1476): CHRE: DRAM vote count begins
07-04 18:16:49.352 I/hwc-DSI-1(  486): SetTe2Option: writes te2_option(1) to the sysfs node
07-04 18:16:49.352 I/hwc-DSI-1(  486): SetTe2Frequency: writes te2_freq_hz(30) to the sysfs node
07-04 18:16:49.352 I/hwc-DSI-1(  486): Routine: ProximitySensorStateNotifierWorker: signal received (state=0)
07-04 18:16:49.352 I/hwc-DSI-1(  486): Vote: xRR outcome: min_refresh_rate =   0(   BLOCKING_ZONE), lock_time_millis =      0(   BLOCKING_ZONE)
07-04 18:16:49.353 D/AOC     ( 1476): CHRE: DRAM vote count ends: 0 ms
07-04 18:16:49.353 D/AOC     ( 1476): CHRE: DRAM vote count begins
07-04 18:16:49.353 D/AOC     ( 1476): CHRE: DRAM vote count ends: 0 ms
07-04 18:16:49.353 I/CHRE    ( 1137): @ 104914.499: [Wallaby] Stopping accel
07-04 18:16:49.353 I/CHRE    ( 1137): @ 104914.500: [Wallaby] Stopping HWMotionDetect
07-04 18:16:49.353 E/hwc-DSI-1(  486): UnVote: there's no vote associated with that Id.
07-04 18:16:49.353 W/hwc-DSI-1(  486): UnvoteRefreshRate: unvote minimum refresh rate failed, client = SENSOR
07-04 18:16:49.353 E/usf_sensor_hal( 1152): Could not set RefreshRateThrottle to 0, err(11)!
07-04 18:16:49.520 D/ColorDisplayService( 1795): computeDisplayWhiteBalanceMatrix: cct =6220 matrix =
07-04 18:16:49.520 D/ColorDisplayService( 1795):        0,993185 0,000312-0,000988 0,000000-0,005662 0,998595-0,004299 0,000000 0,001612 0,001093 0,948969 0,000000 0,000000 0,000000 0,000000 1,000000
07-04 18:16:49.595 D/WindowLayoutComponentImpl( 5474): Register WindowLayoutInfoListener on Context=com.kenleren.my_art_collection.MainActivity@eabba47, of which baseContext=android.app.ContextImpl@7a14821
07-04 18:16:49.597 I/Choreographer( 5474): Skipped 58 frames!  The application may be doing too much work on its main thread.
07-04 18:16:49.661 D/FlutterJNI( 5474): Sending viewport metrics to the engine.
07-04 18:16:49.672 I/ActivityTaskManager( 1795): Displayed com.kenleren.my_art_collection/.MainActivity for user 0: +1s101ms
07-04 18:16:49.672 I/ActivityTaskManager( 1795): Fully drawn com.kenleren.my_art_collection/.MainActivity: +1s101ms
07-04 18:16:49.673 W/libbinder.Binder( 1795): Binder transaction to android.app.IActivityManager code 1598246212 took 1361ms. Data bytes: 280 Reply bytes: 4 Flags: 16
07-04 18:16:49.673 D/BaseActivity(29459): Launcher flags updated: [] -[state_started]
07-04 18:16:49.673 D/BaseDepthController(29459): setSurface:
07-04 18:16:49.673 D/BaseDepthController(29459): 	mWaitingOnSurfaceValidity: false
07-04 18:16:49.673 D/BaseDepthController(29459): 	mBaseSurface: null
07-04 18:16:49.673 D/BaseDepthController(29459): mSurface is null and mCurrentBlur is: 0
07-04 18:16:49.673 D/LauncherStateManager(29459): StateManager.goToState: fromState: Normal, toState: Normal, partial trace:
07-04 18:16:49.673 D/LauncherStateManager(29459): 	at com.android.launcher3.statemanager.StateManager.moveToRestState(go/retraceme a3aa3d8f7866df086447e2750ed709a512c413217e6fe376491357f4c486d1d6:27)
07-04 18:16:49.673 D/LauncherStateManager(29459): 	at com.android.launcher3.statemanager.StateManager.moveToRestState(go/retraceme a3aa3d8f7866df086447e2750ed709a512c413217e6fe376491357f4c486d1d6:36)
07-04 18:16:49.673 D/LauncherStateManager(29459): 	at com.android.launcher3.statemanager.StatefulActivity.onStop(go/retraceme a3aa3d8f7866df086447e2750ed709a512c413217e6fe376491357f4c486d1d6:32)
07-04 18:16:49.673 D/LauncherStateManager(29459): StateManager.onRepeatStateSetAborted: state: Normal
07-04 18:16:49.673 D/KeyboardStateManager(29459): hideKeyboard
07-04 18:16:49.673 D/KeyboardStateManager(29459): isImeShown: false
07-04 18:16:49.673 D/StatsLog(29459): LAUNCHER_ONSTOP
07-04 18:16:49.674 D/StatsLog(29459): LAUNCHER_GOOGLE_SEARCH_RESTORE_LIST_SIZE_AFTER_ACTIVITY_RESTART
07-04 18:16:49.674 D/GmsPlayProvider(29459): Shutdown the binder channel gracefully.
07-04 18:16:49.674 D/GmsPlayProvider(29459): Binder channel is terminated gracefully.
07-04 18:16:49.687 I/DisplayDeviceRepository( 1795): Display device changed render timings: "Built-in Screen", renderFrameRate=120.00001, presentationDeadlineNanos=11500000, appVsyncOffsetNanos=6233332, frameRateOverrides=[{uid=10253 frameRateHz=120.00001}, {uid=10270 frameRateHz=120.00001}, {uid=10326 frameRateHz=120.00001}]
07-04 18:16:49.687 D/BackgroundInstallControlService( 1795): Package event received: 0
07-04 18:16:49.690 I/ImeTracker( 1795): com.kenleren.my_art_collection:6e390322: onRequestHide at ORIGIN_SERVER reason HIDE_UNSPECIFIED_WINDOW fromUser false userId 0 displayId 0
07-04 18:16:49.691 D/InsetsController( 5474): hide(ime())
07-04 18:16:49.691 I/ImeTracker( 5474): com.kenleren.my_art_collection:6e390322: onCancelled at PHASE_CLIENT_ALREADY_HIDDEN
07-04 18:16:49.691 I/GoogleInputMethodService( 4955): GoogleInputMethodService.onFinishInput():2276 
07-04 18:16:49.692 I/GoogleInputMethodService( 4955): GoogleInputMethodService.onStartInput():1460 onStartInput(EditorInfo{EditorInfo{packageName=com.kenleren.my_art_collection, inputType=0, inputTypeString=NULL, enableLearning=false, autoCorrection=false, autoComplete=false, imeOptions=0, privateImeOptions=null, actionName=UNSPECIFIED, actionLabel=null, initialSelStart=-1, initialSelEnd=-1, initialCapsMode=0, label=null, fieldId=0, fieldName=null, extras=null, hintText=null, hintLocales=[]}}, false)
07-04 18:16:49.692 I/Module  ( 4955): DeviceLockedStatusModuleProvider$Module.updateDeviceLockedStatusInternal():129 repeatCheckTimes = 0, locked = false
07-04 18:16:49.692 I/LatinIMEBase( 4955): LatinIMEBase.updateInputViewCoverNavigation():317 Update input view padding, isNavbarOverInputWindow=true, bottom inset=117
07-04 18:16:49.692 I/Module  ( 4955): DeviceLockedStatusModuleProvider$Module.updateDeviceLockedStatusInternal():129 repeatCheckTimes = 1, locked = false
07-04 18:16:49.693 I/DynamicLanguageSetterModule( 4955): DynamicLanguageSetterModule.createTemporaryEnableTask():503 Enable temporary entries: [nb-NO], and current entry: null
07-04 18:16:49.693 I/ImeTracker( 1795): system_server:b522228e: onRequestHide at ORIGIN_SERVER reason IME_REQUESTED_CHANGED_LISTENER fromUser false displayId 0
07-04 18:16:49.693 I/InputMethodEntryManager( 4955): InputMethodEntryManager.enableLanguagesAndChangeCurrentTemporarily():1943 enabledLanguages: [nb-Latn-NO], specifiedCurrentLanguage null
07-04 18:16:49.693 I/ImeTracker( 1795): system_server:b522228e: onCancelled at PHASE_SERVER_SHOULD_HIDE
07-04 18:16:49.693 I/InputMethodEntryManager( 4955): InputMethodEntryManager.enableInputMethodEntriesTemporarily():2169 temporarilyEnabledEntryTuples []
07-04 18:16:49.693 I/InputMethodEntryManager( 4955): InputMethodEntryManager.enableLanguagesAndChangeCurrentTemporarily():1979 Update temporary current entry(nb-NO, nordic)
07-04 18:16:49.964 D/ColorDisplayService( 1795): computeDisplayWhiteBalanceMatrix: cct =6180 matrix =
07-04 18:16:49.964 D/ColorDisplayService( 1795):        0,994937 0,000219-0,001132 0,000000-0,003709 0,998577-0,004810 0,000000 0,001931 0,001204 0,943696 0,000000 0,000000 0,000000 0,000000 1,000000
07-04 18:16:50.042 W/libbinder.IPCThreadState( 1380): Sending oneway calls to frozen process.
07-04 18:16:50.042 W/libbinder.IPCThreadState( 1380): Sending oneway calls to frozen process.
07-04 18:16:50.042 W/libbinder.IPCThreadState( 1380): Sending oneway calls to frozen process.
07-04 18:16:50.043 W/libbinder.IPCThreadState( 1380): Sending oneway calls to frozen process.
07-04 18:16:50.043 W/libbinder.IPCThreadState( 1380): Sending oneway calls to frozen process.
07-04 18:16:50.043 W/libbinder.IPCThreadState( 1380): Sending oneway calls to frozen process.
07-04 18:16:50.043 W/libbinder.IPCThreadState( 1380): Sending oneway calls to frozen process.
07-04 18:16:50.043 W/libbinder.IPCThreadState( 1380): Sending oneway calls to frozen process.
07-04 18:16:50.043 W/libbinder.IPCThreadState( 1380): Sending oneway calls to frozen process.
07-04 18:16:50.043 W/libbinder.IPCThreadState( 1380): Sending oneway calls to frozen process.
07-04 18:16:50.043 W/libbinder.IPCThreadState( 1380): Sending oneway calls to frozen process.
07-04 18:16:50.222 I/DisplayDeviceRepository( 1795): Display device changed render timings: "Built-in Screen", renderFrameRate=120.00001, presentationDeadlineNanos=11500000, appVsyncOffsetNanos=6233332, frameRateOverrides=[{uid=10253 frameRateHz=60.000004}, {uid=10270 frameRateHz=60.000004}]
07-04 18:16:50.396 D/ColorDisplayService( 1795): computeDisplayWhiteBalanceMatrix: cct =6140 matrix =
07-04 18:16:50.396 D/ColorDisplayService( 1795):        0,996722 0,000124-0,001278 0,000000-0,001720 0,998560-0,005325 0,000000 0,002253 0,001315 0,938384 0,000000 0,000000 0,000000 0,000000 1,000000
07-04 18:16:50.839 D/ColorDisplayService( 1795): computeDisplayWhiteBalanceMatrix: cct =6100 matrix =
07-04 18:16:50.839 D/ColorDisplayService( 1795):        0,997120 0,000027-0,001423 0,000000 0,000305 0,997122-0,005836 0,000000 0,002575 0,001426 0,931704 0,000000 0,000000 0,000000 0,000000 1,000000
07-04 18:16:50.931 I/DisplayDeviceRepository( 1795): Display device changed render timings: "Built-in Screen", renderFrameRate=120.00001, presentationDeadlineNanos=11500000, appVsyncOffsetNanos=6233332, frameRateOverrides=[{uid=10253 frameRateHz=60.000004}, {uid=10270 frameRateHz=60.000004}, {uid=10326 frameRateHz=120.00001}]
07-04 18:16:50.939 I/DisplayDeviceRepository( 1795): Display device changed render timings: "Built-in Screen", renderFrameRate=120.00001, presentationDeadlineNanos=11500000, appVsyncOffsetNanos=6233332, frameRateOverrides=[{uid=10270 frameRateHz=60.000004}, {uid=10326 frameRateHz=120.00001}]
07-04 18:16:50.981 I/ctjp    ( 2168): connectToGlassesApi before mutex
07-04 18:16:50.982 I/ctjp    ( 2168): connectToGlassesApi mutex acquired
07-04 18:16:50.984 D/ApiFactory( 2168): returning GlassesApi
07-04 18:16:50.985 E/GlassesApi( 2168): Unable to load GlassesApi implementation.
07-04 18:16:50.985 E/GlassesApi( 2168): com.google.android.glasses.sdk.ApiFactory$ClassLoadException: java.lang.ClassNotFoundException: GlassesCore is a stub.
07-04 18:16:50.985 E/GlassesApi( 2168): 	at com.google.android.glasses.sdk.ApiFactory.getObjectByApiMethodName(PG:41)
07-04 18:16:50.985 E/GlassesApi( 2168): 	at com.google.android.glasses.sdk.ApiFactory.getGlassesApi(PG:16)
07-04 18:16:50.985 E/GlassesApi( 2168): 	at com.google.android.glasses.sdk.GlassesApi$-CC.create(PG:4)
07-04 18:16:50.985 E/GlassesApi( 2168): 	at ctjp.e(PG:156)
07-04 18:16:50.985 E/GlassesApi( 2168): 	at ctjo.invokeSuspend(PG:29)
07-04 18:16:50.985 E/GlassesApi( 2168): 	at ctjo.a(PG:14)
07-04 18:16:50.985 E/GlassesApi( 2168): 	at ctjh.invokeSuspend(PG:42)
07-04 18:16:50.985 E/GlassesApi( 2168): 	at ctjh.invoke(PG:13)
07-04 18:16:50.985 E/GlassesApi( 2168): 	at gmfv.g(PG:3)
07-04 18:16:50.985 E/GlassesApi( 2168): 	at gmfq.b(PG:57)
07-04 18:16:50.985 E/GlassesApi( 2168): 	at gmkw.invokeSuspend(PG:24)
07-04 18:16:50.985 E/GlassesApi( 2168): 	at glrk.resumeWith(PG:11)
07-04 18:16:50.985 E/GlassesApi( 2168): 	at gmbc.run(PG:115)
07-04 18:16:50.985 E/GlassesApi( 2168): 	at fgtu.run(PG:3)
07-04 18:16:50.985 E/GlassesApi( 2168): 	at fiic.run(PG:17)
07-04 18:16:50.985 E/GlassesApi( 2168): 	at dhec.run(PG:5)
07-04 18:16:50.985 E/GlassesApi( 2168): 	at fryo.run(PG:46)
07-04 18:16:50.985 E/GlassesApi( 2168): 	at dhdo.run(PG:81)
07-04 18:16:50.985 E/GlassesApi( 2168): 	at java.lang.Thread.run(Thread.java:1572)
07-04 18:16:50.985 E/GlassesApi( 2168): 	at dhfd.run(PG:62)
07-04 18:16:50.985 E/GlassesApi( 2168): Caused by: java.lang.ClassNotFoundException: GlassesCore is a stub.
07-04 18:16:50.985 E/GlassesApi( 2168): 	at com.google.android.glasses.sdk.ApiFactory.getApiFactoryClass(PG:45)
07-04 18:16:50.985 E/GlassesApi( 2168): 	at com.google.android.glasses.sdk.ApiFactory.getObjectByApiMethodName(PG:1)
07-04 18:16:50.985 E/GlassesApi( 2168): 	... 19 more
07-04 18:16:50.987 W/ctjp    ( 2168): Failed to connect to GlassesApi
07-04 18:16:50.987 W/ctjp    ( 2168): java.lang.IllegalStateException: Failed to create GlassesApi
07-04 18:16:50.987 W/ctjp    ( 2168): 	at ctjp.e(PG:282)
07-04 18:16:50.987 W/ctjp    ( 2168): 	at ctjo.invokeSuspend(PG:29)
07-04 18:16:50.987 W/ctjp    ( 2168): 	at ctjo.a(PG:14)
07-04 18:16:50.987 W/ctjp    ( 2168): 	at ctjh.invokeSuspend(PG:42)
07-04 18:16:50.987 W/ctjp    ( 2168): 	at ctjh.invoke(PG:13)
07-04 18:16:50.987 W/ctjp    ( 2168): 	at gmfv.g(PG:3)
07-04 18:16:50.987 W/ctjp    ( 2168): 	at gmfq.b(PG:57)
07-04 18:16:50.987 W/ctjp    ( 2168): 	at gmkw.invokeSuspend(PG:24)
07-04 18:16:50.987 W/ctjp    ( 2168): 	at glrk.resumeWith(PG:11)
07-04 18:16:50.987 W/ctjp    ( 2168): 	at gmbc.run(PG:115)
07-04 18:16:50.987 W/ctjp    ( 2168): 	at fgtu.run(PG:3)
07-04 18:16:50.987 W/ctjp    ( 2168): 	at fiic.run(PG:17)
07-04 18:16:50.987 W/ctjp    ( 2168): 	at dhec.run(PG:5)
07-04 18:16:50.987 W/ctjp    ( 2168): 	at fryo.run(PG:46)
07-04 18:16:50.987 W/ctjp    ( 2168): 	at dhdo.run(PG:81)
07-04 18:16:50.987 W/ctjp    ( 2168): 	at java.lang.Thread.run(Thread.java:1572)
07-04 18:16:50.987 W/ctjp    ( 2168): 	at dhfd.run(PG:62)
07-04 18:16:50.988 I/adzq    ( 2168): Settings API module disconnected
07-04 18:16:50.988 I/adzq    ( 2168): Wear detection disabled, using connection status
07-04 18:16:50.988 I/ctjp    ( 2168): (REDACTED) delay retry by %s second(s)
07-04 18:16:51.122 I/DisplayDeviceRepository( 1795): Display device changed render timings: "Built-in Screen", renderFrameRate=120.00001, presentationDeadlineNanos=11500000, appVsyncOffsetNanos=6233332, frameRateOverrides=[{uid=10326 frameRateHz=120.00001}]
07-04 18:16:51.196 I/WifiHAL ( 1211): Creating message to get link statistics; iface = 47
07-04 18:16:51.247 I/WifiHAL ( 1211): Getting cached scan results, iface handle = 0xb40000708bfa0950
07-04 18:16:51.247 E/WifiHAL ( 1211): Creating message to get cached scan results
07-04 18:16:51.252 I/WifiHAL ( 1211): In GetCachedScanResultsCommand::handleResponse
07-04 18:16:51.272 D/ColorDisplayService( 1795): computeDisplayWhiteBalanceMatrix: cct =6060 matrix =
07-04 18:16:51.272 D/ColorDisplayService( 1795):        0,994752-0,000071-0,001564 0,000000 0,002356 0,992895-0,006332 0,000000 0,002892 0,001532 0,922408 0,000000 0,000000 0,000000 0,000000 1,000000
07-04 18:16:51.291 D/WifiHAL ( 1211): Start debug command: mType GET_FEATURE
07-04 18:16:51.291 I/WifiHAL ( 1211): CreateRequest mType = GET_FEATURE
07-04 18:16:51.292 D/WifiHAL ( 1211): In DebugCommand::handleResponse, mType:GET_FEATURE
07-04 18:16:51.292 D/WifiHAL ( 1211): len = 4, expected len = 4
07-04 18:16:51.503 D/IpClient/wlan0( 3090): interfaceLinkStateChanged: ifindex 47 up
07-04 18:16:51.552 E/TaskPersister( 1795): File error accessing recents directory (directory doesn't exist?).
07-04 18:16:51.697 I/pixel-thermal( 1688): soc_therm:36.212 raw data: soc_therm:36212 
07-04 18:16:51.699 I/pixel-thermal( 1688): VIRTUAL-USB-UI:0 raw data: USB-MINUS-CHARGING:-3942 VIRTUAL-USB-UI:0 charging_therm:35602 usb_pwr_therm:31660 
07-04 18:16:51.700 I/pixel-thermal( 1688): north_therm:33.855 raw data: north_therm:33855 
07-04 18:16:51.701 I/pixel-thermal( 1688): flash_therm:32.772 raw data: flash_therm:32772 
07-04 18:16:51.701 I/pixel-thermal( 1688): rfpa_therm:34.456 raw data: rfpa_therm:34456 
07-04 18:16:51.702 I/pixel-thermal( 1688): quiet_therm:34.92 raw data: quiet_therm:34920 
07-04 18:16:51.702 I/pixel-thermal( 1688): usb_pwr_therm:31.66 raw data: usb_pwr_therm:31660 
07-04 18:16:51.702 I/pixel-thermal( 1688): VIRTUAL-USB-THROTTLING:0 raw data: USB-MINUS-CHARGING:-3942 VIRTUAL-USB-THROTTLING:0 usb_pwr_therm:31660 
07-04 18:16:51.714 D/ColorDisplayService( 1795): computeDisplayWhiteBalanceMatrix: cct =6020 matrix =
07-04 18:16:51.714 D/ColorDisplayService( 1795):        0,992363-0,000170-0,001706 0,000000 0,004427 0,988626-0,006827 0,000000 0,003210 0,001638 0,913079 0,000000 0,000000 0,000000 0,000000 1,000000
07-04 18:16:51.722 I/adbd    ( 2198): adbd service requested 'exec:screencap '-p''
07-04 18:16:51.904 I/bt_shim_scanner( 3117): system/main/shim/le_scanning_manager.cc:376 BatchScanReadReports: in shim layer
07-04 18:16:51.914 W/BluetoothMetricsLogger( 3117): count is not larger than 0. count: 0 key: 120302
07-04 18:16:51.914 W/BluetoothMetricsLogger( 3117): count is not larger than 0. count: 0 key: 120305
07-04 18:16:51.989 W/libbinder.BackendUnifiedServiceManager( 5692): Thread Pool max thread count is 0. Cannot cache binder as linkToDeath cannot be implemented. serviceName: SurfaceFlingerAIDL
07-04 18:16:51.990 W/libbinder.BpBinder( 5692): Linking to death on android.gui.ISurfaceComposer but there are no threads (yet?) listening to incoming transactions. See ProcessState::startThreadPool and ProcessState::setThreadPoolMaxThreadCount. Generally you should setup the binder threadpool before other initialization steps.
07-04 18:16:51.991 W/libbinder.ProcessState( 5692): Extra binder thread started, but 0 threads requested. Do not use *startThreadPool when zero threads are requested.
07-04 18:16:52.074 I/DisplayDeviceRepository( 1795): Display device changed render timings: "Built-in Screen", renderFrameRate=120.00001, presentationDeadlineNanos=11500000, appVsyncOffsetNanos=6233332, frameRateOverrides=[]
07-04 18:16:52.146 D/ColorDisplayService( 1795): computeDisplayWhiteBalanceMatrix: cct =5980 matrix =
07-04 18:16:52.146 D/ColorDisplayService( 1795):        0,989951-0,000270-0,001848 0,000000 0,006520 0,984316-0,007323 0,000000 0,003529 0,001744 0,903717 0,000000 0,000000 0,000000 0,000000 1,000000
07-04 18:16:52.572 I/adbd    ( 2198): adbd service requested 'shell,v2,TERM=dumb,raw:input tap 540 1900'
07-04 18:16:52.589 D/ColorDisplayService( 1795): computeDisplayWhiteBalanceMatrix: cct =5940 matrix =
07-04 18:16:52.589 D/ColorDisplayService( 1795):        0,987518-0,000372-0,001990 0,000000 0,008634 0,979964-0,007818 0,000000 0,003848 0,001850 0,894324 0,000000 0,000000 0,000000 0,000000 1,000000
07-04 18:16:52.720 D/ImpulseConnection( 3126): timeout didn't happen: com.google.android.apps.turbo
07-04 18:16:52.802 D/WindowOnBackDispatcher( 5474): setTopOnBackInvokedCallback (unwrapped): io.flutter.embedding.android.FlutterActivity$1@1422eff
07-04 18:16:52.803 D/CoreBackPreview( 1795): Window{16276e1 u0 com.kenleren.my_art_collection/com.kenleren.my_art_collection.MainActivity}: Setting back callback OnBackInvokedCallbackInfo{mCallback=android.window.IOnBackInvokedCallback$Stub$Proxy@9a3c2b5, mPriority=0, mIsAnimationCallback=true, mOverrideBehavior=0}
07-04 18:16:52.906 I/IsolatedStorageServiceM( 1795): Isolated storage service VM status: 1
07-04 18:16:53.021 D/ColorDisplayService( 1795): computeDisplayWhiteBalanceMatrix: cct =5900 matrix =
07-04 18:16:53.021 D/ColorDisplayService( 1795):        0,985062-0,000474-0,002133 0,000000 0,010770 0,975570-0,008312 0,000000 0,004168 0,001956 0,884899 0,000000 0,000000 0,000000 0,000000 1,000000
07-04 18:16:53.063 I/pixel-thermal( 1688): VIRTUAL-SKIN-MODEL: model_input: [35602.00 31726.00 32772.00 33855.00 34920.00 34456.00 36212.00 31660.00 ]
07-04 18:16:53.063 I/native  ( 1688): I0000 00:00:1783181813.063746    1710 thermal_tflite_wrapper.cc:261] ThermalTfliteInvoke
07-04 18:16:53.064 I/pixel-thermal( 1688): VIRTUAL-SKIN-MODEL: model_output: [33189.9 ]
07-04 18:16:53.064 I/pixel-thermal( 1688): VIRTUAL-SKIN-MODEL: predicted_value: [33189.9 ]
07-04 18:16:53.064 I/pixel-thermal( 1688): VIRTUAL-SKIN-HINT:33.2208 raw data: VIRTUAL-SKIN:33220.8 VIRTUAL-SKIN-EQ:33220.8 VIRTUAL-SKIN-HINT:33220.8 VIRTUAL-SKIN-LEGACY:33524 VIRTUAL-SKIN-LEGACY-MODEL-DIFF:334.148 VIRTUAL-SKIN-LEGACY-SHUTDOWN:0 VIRTUAL-SKIN-MODEL:33189.9 VIRTUAL-SKIN-MODEL-CLAMPED:33189.9 VIRTUAL-SKIN-MODEL-LEGACY-DIFF:-334.148 VIRTUAL-SKIN-MODEL-UPDATED:33220.8 VIRTUAL-SKIN-MODEL-UPPER-CLAMPED:33189.9 VIRTUAL-SKIN-SUB-0:33524 VIRTUAL-SKIN-SUB-1:33381.7 VIRTUAL-SKIN-SUB-2:33498.1 VIRTUAL-SKIN-SUB-3:33428 VIRTUAL-SKIN-SUB-4:33204.4 VIRTUAL-SKIN-SUB-5:33007.1 VIRTUAL-SKIN-SUB-6:33137.8 VIRTUAL-SKIN-SUB-7:33192.2 VT_LEGACY_WEIGHT:0 VT_MODEL_WEIGHT:1 charging_therm:35602 disp0_therm:31726 flash_therm:32772 north_therm:33855 quiet_therm:34920 rfpa_therm:34456 soc_therm:36212 usb_pwr_therm:31660 
07-04 18:16:53.064 I/pixel-thermal( 1688): cellular-emergency:33.2208 raw data: VIRTUAL-SKIN:33220.8 cellular-emergency:33220.8 
07-04 18:16:53.064 I/pixel-thermal( 1688): BG-TASKS-THROTTLING-HINT:0 raw data: BG-TASKS-THROTTLING-EXP-PROPERTY:0 BG-TASKS-THROTTLING-HINT:0 BG_TASKS_THROTTLING_COUNT:1 IS_BG_TASKS_THROTTLING_ACTIVE:0 IS_CHARGING:1 VIRTUAL-SKIN:33220.8 thb_hda:54 
07-04 18:16:53.064 I/pixel-thermal( 1688): disp0_therm:31.726 raw data: disp0_therm:31726 
07-04 18:16:53.064 I/pixel-thermal( 1688): VIRTUAL-SKIN-CPU-LIGHT-ODPM:33.2208 raw data: VIRTUAL-SKIN:33220.8 VIRTUAL-SKIN-CPU-LIGHT-ODPM:33220.8 
07-04 18:16:53.064 I/pixel-thermal( 1688): VIRTUAL-SKIN-CPU-MID:33.2208 raw data: VIRTUAL-SKIN:33220.8 VIRTUAL-SKIN-CPU-MID:33220.8 
07-04 18:16:53.064 I/pixel-thermal( 1688): VIRTUAL-SKIN:33.2208 raw data: VIRTUAL-SKIN:33220.8 
07-04 18:16:53.064 I/pixel-thermal( 1688): VIRTUAL-SKIN-SPEAKER:33.6143 raw data: VIRTUAL-SKIN-SPEAKER:33614.3 VIRTUAL-SKIN-SPEAKER-SUB-0:32490 VIRTUAL-SKIN-SPEAKER-SUB-1:32614.3 charging_therm:35602 disp0_therm:31726 flash_therm:32772 north_therm:33855 quiet_therm:34920 rfpa_therm:34456 soc_therm:36212 usb_pwr_therm:31660 
07-04 18:16:53.064 I/pixel-thermal( 1688): VIRTUAL-SKIN-CPU-HIGH:33.2208 raw data: VIRTUAL-SKIN:33220.8 VIRTUAL-SKIN-CPU-HIGH:33220.8 
07-04 18:16:53.064 I/pixel-thermal( 1688): VIRTUAL-SKIN-SOC:33.2208 raw data: VIRTUAL-SKIN:33220.8 VIRTUAL-SKIN-SOC:33220.8 
07-04 18:16:53.064 I/pixel-thermal( 1688): VIRTUAL-SKIN-CPU-ODPM:33.2208 raw data: VIRTUAL-SKIN:33220.8 VIRTUAL-SKIN-CPU-ODPM:33220.8 
07-04 18:16:53.064 I/pixel-thermal( 1688): VIRTUAL-SKIN-CHARGE-WIRED:33.7208 raw data: NO_WLC:1 VIRTUAL-SKIN-CHARGE:33720.8 VIRTUAL-SKIN-CHARGE-WIRED:33720.8 VIRTUAL-SKIN-EQ:33220.8 WLC_CHECK:1 thb_hda:54 
07-04 18:16:53.064 I/pixel-thermal( 1688): VIRTUAL-SKIN-PREDICTION-MODEL: model_input: [33855.00 32772.00 36212.00 34456.00 35602.00 31726.00 31660.00 34920.00 33220.80 ]
07-04 18:16:53.064 I/native  ( 1688): I0000 00:00:1783181813.064715    1710 thermal_tflite_wrapper.cc:261] ThermalTfliteInvoke
07-04 18:16:53.065 I/pixel-thermal( 1688): VIRTUAL-SKIN-PREDICTION-MODEL: model_output: [33271.6 33294.9 33313.6 33338.5 33372.6 33407.6 33446.5 33492.5 33537.3 33577.1 ]
07-04 18:16:53.065 I/pixel-thermal( 1688): VIRTUAL-SKIN-PREDICTION-MODEL: predicted_value: [33271.6 33294.9 33313.6 33338.5 33372.6 33407.6 33446.5 33492.5 33537.3 33577.1 ]
07-04 18:16:53.065 I/pixel-thermal( 1688): STATS-UPDATOR:0 raw data: EXTREME-CONDITION-POWER-MONITOR-44C:0 EXTREME-CONDITION-POWER-MONITOR-45C:0 EXTREME-CONDITION-POWER-MONITOR-46C:0 EXTREME_WORKLOAD_ODPM:808.093 STATS-UPDATOR:0 VIRTUAL-SKIN:33220.8 VIRTUAL-SKIN-44C:0 VIRTUAL-SKIN-45C:0 VIRTUAL-SKIN-46C:0 VIRTUAL-SKIN-PREDICTION-MODEL:33271.6 VT-FORECAST-30SEC-BACK:33234.6 VT-FORECAST-60SEC-BACK:33529.4 VT-FORECAST-ERROR-30SEC:13.8281 VT-FORECAST-ERROR-60SEC:308.637 VT-FORECAST-ERROR-NOW:50.8203 VT-FORECAST-NOW:33271.6 charging_therm:35602 disp0_therm:31726 flash_therm:32772 north_therm:33855 quiet_therm:34920 rfpa_therm:34456 soc_therm:36212 usb_pwr_therm:31660 
07-04 18:16:53.065 I/pixel-thermal( 1688): VIRTUAL-SKIN-CHARGE-PERSIST:33.7208 raw data: VIRTUAL-SKIN-CHARGE:33720.8 VIRTUAL-SKIN-CHARGE-PERSIST:33720.8 
07-04 18:16:53.065 I/pixel-thermal( 1688): EARLY-WARNING-SENSOR:0 raw data: EARLY-EMERGENCY-WARNING-SENSOR:0 EARLY-SHUTDOWN-WARNING-SENSOR:0 EARLY-WARNING-SENSOR:0 VIRTUAL-SKIN-PREDICTION-MODEL:33271.6 VT-FORECAST-30SEC:33382.6 VT-FORECAST-60SEC:33560 
07-04 18:16:53.135 D/InetDiagMessage( 1795): Destroyed 0 sockets, proto=IPPROTO_TCP, family=AF_INET, states=14
07-04 18:16:53.137 D/InetDiagMessage( 1795): Destroyed 0 sockets, proto=IPPROTO_TCP, family=AF_INET6, states=14
07-04 18:16:53.137 D/InetDiagMessage( 1795): Destroyed live tcp sockets for uids={1010217} in 3ms
07-04 18:16:53.138 D/InetDiagMessage( 1795): Destroyed 0 sockets, proto=IPPROTO_TCP, family=AF_INET, states=14
07-04 18:16:53.140 D/InetDiagMessage( 1795): Destroyed 0 sockets, proto=IPPROTO_TCP, family=AF_INET6, states=14
07-04 18:16:53.140 D/InetDiagMessage( 1795): Destroyed live tcp sockets for uids={1020217} in 4ms
07-04 18:16:53.371 D/ImpulseConnection( 3126): timeout happen: com.google.android.apps.turbo
07-04 18:16:53.373 D/ImpulseConnection( 3126): unbindService for releasing a CONNECTED connection com.google.android.apps.turbo
07-04 18:16:53.464 D/ColorDisplayService( 1795): computeDisplayWhiteBalanceMatrix: cct =5860 matrix =
07-04 18:16:53.464 D/ColorDisplayService( 1795):        0,982582-0,000577-0,002275 0,000000 0,012928 0,971132-0,008806 0,000000 0,004490 0,002061 0,875444 0,000000 0,000000 0,000000 0,000000 1,000000
07-04 18:16:53.722 D/TemperatureStateSource( 3126): sequence=5809 actualDelay=10002
07-04 18:16:53.725 D/TemperatureStateSource( 3126): Reading temperature: sequence=5810
07-04 18:16:53.727 I/pixel-thermal( 1688): VIRTUAL-SKIN:33.2208 raw data: VIRTUAL-SKIN:33220.8 
07-04 18:16:53.728 D/TemperatureStateSource( 3126): getDeviceTemperatures: sequence=5810 deviceTemperatureType=3 temperatureSource=0 temperatures=[33.220806]
07-04 18:16:53.728 D/BusinessScope( 3126): Enqueuing the block
07-04 18:16:53.728 D/TemperatureStateSource( 3126): sequence=5810 waitTime=10000
07-04 18:16:53.729 D/BusinessScope( 3126): Start running the #14624 block
07-04 18:16:53.731 D/BusinessScope( 3126): Enqueuing the block
07-04 18:16:53.732 D/ImpulseStateSource( 3126): Notify clients: 7311
07-04 18:16:53.732 D/BusinessScope( 3126): Finish running the #14624 block
07-04 18:16:53.732 D/BusinessScope( 3126): Start running the #14625 block
07-04 18:16:53.733 D/BusinessScope( 3126): Finish running the #14625 block
07-04 18:16:53.904 D/ColorDisplayService( 1795): computeDisplayWhiteBalanceMatrix: cct =5820 matrix =
07-04 18:16:53.904 D/ColorDisplayService( 1795):        0,980080-0,000682-0,002417 0,000000 0,015108 0,966651-0,009300 0,000000 0,004812 0,002166 0,865958 0,000000 0,000000 0,000000 0,000000 1,000000
07-04 18:16:53.967 I/adbd    ( 2198): adbd service requested 'exec:screencap '-p''
07-04 18:16:54.076 I/WifiHAL ( 1211): Creating message to get link statistics; iface = 47
07-04 18:16:54.154 I/WifiHAL ( 1211): Getting cached scan results, iface handle = 0xb40000708bfa0950
07-04 18:16:54.154 E/WifiHAL ( 1211): Creating message to get cached scan results
07-04 18:16:54.161 I/NearbyDiscovery(23012): (REDACTED) ApFastPairScanner: isScreenOn=%s, isLocationEnabled=%s, disableLocationRequirement=%s, isDiscoveryScanningEnabled=%s, during24GhzWifiWarmingUpPeriod=%s
07-04 18:16:54.161 D/BluetoothAdapter(23012): isLeEnabled(): ON
07-04 18:16:54.162 I/NearbyDiscovery(23012): (REDACTED) ApFastPairScanner: eventType=%s, intReq=%s, scanning=%s, scanAllowed=%s, bleEnabled=%s, lockScanRate=%s, startScanningByLowPowerMode=%s
07-04 18:16:54.162 I/NearbyDiscovery(23012): (REDACTED) ApFastPairScanner: Stopping scan, %s
07-04 18:16:54.162 D/BluetoothAdapter(23012): isLeEnabled(): ON
07-04 18:16:54.164 I/WifiHAL ( 1211): In GetCachedScanResultsCommand::handleResponse
07-04 18:16:54.165 I/NearbyDiscovery(23012): (REDACTED) ApFastPairScanner: isScreenOn=%s, isLocationEnabled=%s, disableLocationRequirement=%s, isDiscoveryScanningEnabled=%s, during24GhzWifiWarmingUpPeriod=%s
07-04 18:16:54.165 I/NearbyDiscovery(23012): (REDACTED) ApFastPairScanner: Start scanning internally, %s
07-04 18:16:54.165 D/BluetoothAdapter(23012): isLeEnabled(): ON
07-04 18:16:54.168 I/bt_shim_scanner( 3117): system/main/shim/le_scanning_manager.cc:182 ScanFilterParamSetup: in shim layer, clientIf=2
07-04 18:16:54.168 I/bt_shim_scanner( 3117): system/main/shim/le_scanning_manager.cc:182 ScanFilterParamSetup: in shim layer, clientIf=2
07-04 18:16:54.168 I/bt_shim_scanner( 3117): system/main/shim/le_scanning_manager.cc:182 ScanFilterParamSetup: in shim layer, clientIf=2
07-04 18:16:54.169 I/bt_shim_scanner( 3117): system/main/shim/le_scanning_manager.cc:150 Scan: in shim layer stopped
07-04 18:16:54.169 I/bt_shim_scanner( 3117): system/main/shim/le_scanning_manager.cc:315 SetScanParameters: in shim layer, scannerId1m=3, scannerIdCoded=0
07-04 18:16:54.169 I/bt_shim_scanner( 3117): system/main/shim/le_scanning_manager.cc:150 Scan: in shim layer started
07-04 18:16:54.169 I/bt_shim_scanner( 3117): system/main/shim/le_scanning_manager.cc:144 Unregister: in shim layer, scannerId=2
07-04 18:16:54.170 I/NearbyDiscovery(23012): (REDACTED) ApFastPairScanner: Starting %s scanning
07-04 18:16:54.170 I/bt_shim_scanner( 3117): system/main/shim/le_scanning_manager.cc:138 RegisterScanner: in shim layer, UUID=00c9b792-0408-445e-8212-ec0ade4ede0d
07-04 18:16:54.173 I/bluetooth( 3117): system/gd/hci/le_scanning_manager_impl.cc:774 stop_scan: Scanning already stopped, return. caller=configure_scan
07-04 18:16:54.174 I/bluetooth( 3117): system/gd/hci/le_scanning_manager_impl.cc:480 configure_scan: Support RPA offload, set own address type RESOLVABLE_OR_RANDOM_ADDRESS
07-04 18:16:54.174 I/bluetooth( 3117): system/gd/hci/le_address_manager.cc:269 unregister_client: Client unregistered
07-04 18:16:54.174 I/bluetooth( 3117): system/gd/hci/le_address_manager.cc:254 register_client: Client registered
07-04 18:16:54.175 D/BluetoothLeScanner(23012): onScannerRegistered(status=0, scannerId=2): mScannerId=0
07-04 18:16:54.178 I/bt_shim_scanner( 3117): system/main/shim/le_scanning_manager.cc:239 ScanFilterEnable: in shim layer
07-04 18:16:54.178 I/bt_shim_scanner( 3117): system/main/shim/le_scanning_manager.cc:215 ScanFilterAdd: in shim layer
07-04 18:16:54.179 I/bt_shim_scanner( 3117): system/main/shim/le_scanning_manager.cc:182 ScanFilterParamSetup: in shim layer, clientIf=2
07-04 18:16:54.179 I/bt_shim_scanner( 3117): system/main/shim/le_scanning_manager.cc:215 ScanFilterAdd: in shim layer
07-04 18:16:54.179 I/bt_shim_scanner( 3117): system/main/shim/le_scanning_manager.cc:182 ScanFilterParamSetup: in shim layer, clientIf=2
07-04 18:16:54.179 I/bt_shim_scanner( 3117): system/main/shim/le_scanning_manager.cc:215 ScanFilterAdd: in shim layer
07-04 18:16:54.179 I/bt_shim_scanner( 3117): system/main/shim/le_scanning_manager.cc:182 ScanFilterParamSetup: in shim layer, clientIf=2
07-04 18:16:54.179 I/bt_shim_scanner( 3117): system/main/shim/le_scanning_manager.cc:150 Scan: in shim layer stopped
07-04 18:16:54.180 I/bluetooth( 3117): system/gd/hci/le_address_manager.cc:269 unregister_client: Client unregistered
07-04 18:16:54.180 I/bt_shim_scanner( 3117): system/main/shim/le_scanning_manager.cc:315 SetScanParameters: in shim layer, scannerId1m=2, scannerIdCoded=0
07-04 18:16:54.180 I/bt_shim_scanner( 3117): system/main/shim/le_scanning_manager.cc:150 Scan: in shim layer started
07-04 18:16:54.180 I/bluetooth( 3117): system/gd/hci/le_scanning_manager_impl.cc:774 stop_scan: Scanning already stopped, return. caller=configure_scan
07-04 18:16:54.180 I/bluetooth( 3117): system/gd/hci/le_scanning_manager_impl.cc:480 configure_scan: Support RPA offload, set own address type RESOLVABLE_OR_RANDOM_ADDRESS
07-04 18:16:54.180 I/bluetooth( 3117): system/gd/hci/le_address_manager.cc:254 register_client: Client registered
07-04 18:16:54.229 W/libbinder.BackendUnifiedServiceManager( 5709): Thread Pool max thread count is 0. Cannot cache binder as linkToDeath cannot be implemented. serviceName: SurfaceFlingerAIDL
07-04 18:16:54.229 W/libbinder.BpBinder( 5709): Linking to death on android.gui.ISurfaceComposer but there are no threads (yet?) listening to incoming transactions. See ProcessState::startThreadPool and ProcessState::setThreadPoolMaxThreadCount. Generally you should setup the binder threadpool before other initialization steps.
07-04 18:16:54.230 W/libbinder.ProcessState( 5709): Extra binder thread started, but 0 threads requested. Do not use *startThreadPool when zero threads are requested.
07-04 18:16:54.299 I/WifiHAL ( 1211): Creating message to get link statistics; iface = 47
07-04 18:16:54.339 D/ColorDisplayService( 1795): computeDisplayWhiteBalanceMatrix: cct =5780 matrix =
07-04 18:16:54.339 D/ColorDisplayService( 1795):        0,977555-0,000788-0,002560 0,000000 0,017311 0,962126-0,009792 0,000000 0,005134 0,002270 0,856443 0,000000 0,000000 0,000000 0,000000 1,000000
07-04 18:16:54.353 I/hwc-DSI-1(  486): Routine: ProximitySensorStateNotifierWorker: timed
07-04 18:16:54.380 I/WifiHAL ( 1211): Getting cached scan results, iface handle = 0xb40000708bfa0950
07-04 18:16:54.380 E/WifiHAL ( 1211): Creating message to get cached scan results
07-04 18:16:54.390 I/WifiHAL ( 1211): In GetCachedScanResultsCommand::handleResponse
07-04 18:16:54.428 D/WifiHAL ( 1211): Start debug command: mType GET_FEATURE
07-04 18:16:54.428 I/WifiHAL ( 1211): CreateRequest mType = GET_FEATURE
07-04 18:16:54.428 D/WifiHAL ( 1211): In DebugCommand::handleResponse, mType:GET_FEATURE
07-04 18:16:54.428 D/WifiHAL ( 1211): len = 4, expected len = 4
07-04 18:16:54.452 D/ProfileInstaller( 5474): Installing profile for com.kenleren.my_art_collection
07-04 18:16:54.475 D/EuiccConnector( 3281): handleMessage: E msg.what=3
07-04 18:16:54.476 D/EuiccConnector( 3281): processMsg: ConnectedState
07-04 18:16:54.481 D/EuiccConnector( 3281): transitionTo: destState=AvailableState
07-04 18:16:54.481 D/EuiccConnector( 3281): handleMessage: new destination call exit/enter
07-04 18:16:54.481 D/EuiccConnector( 3281): setupTempStateStackWithStatesToEnter: X mTempStateStackCount=2,curStateInfo: null
07-04 18:16:54.481 D/EuiccConnector( 3281): invokeExitMethods: ConnectedState
07-04 18:16:54.481 D/EuiccConnector( 3281): invokeExitMethods: DisconnectedState
07-04 18:16:54.481 D/EuiccConnector( 3281): moveTempStackToStateStack: i=1,j=0
07-04 18:16:54.481 D/EuiccConnector( 3281): moveTempStackToStateStack: i=0,j=1
07-04 18:16:54.481 D/EuiccConnector( 3281): moveTempStackToStateStack: X mStateStackTop=1,startingIndex=0,Top=AvailableState
07-04 18:16:54.481 D/EuiccConnector( 3281): invokeEnterMethods: UnavailableState
07-04 18:16:54.481 D/EuiccConnector( 3281): invokeEnterMethods: AvailableState
07-04 18:16:54.481 D/EuiccConnector( 3281): handleMessage: X
07-04 18:16:54.492 I/EuiccGoogle( 3811): [2] EuiccServiceImpl.onDestroy: onDestroy: EuiccService on destroy.
07-04 18:16:54.773 D/ColorDisplayService( 1795): computeDisplayWhiteBalanceMatrix: cct =5740 matrix =
07-04 18:16:54.773 D/ColorDisplayService( 1795):        0,975007-0,000895-0,002702 0,000000 0,019536 0,957557-0,010283 0,000000 0,005458 0,002374 0,846899 0,000000 0,000000 0,000000 0,000000 1,000000
07-04 18:16:54.933 I/adbd    ( 2198): adbd service requested 'shell,v2,TERM=dumb,raw:input keyevent BACK'
07-04 18:16:55.124 D/WindowOnBackDispatcher( 5474): setTopOnBackInvokedCallback (unwrapped): android.app.Activity$$ExternalSyntheticLambda0@e94080e
07-04 18:16:55.125 D/CoreBackPreview( 1795): Window{16276e1 u0 com.kenleren.my_art_collection/com.kenleren.my_art_collection.MainActivity}: Setting back callback OnBackInvokedCallbackInfo{mCallback=android.window.IOnBackInvokedCallback$Stub$Proxy@7da8c8f, mPriority=-1, mIsAnimationCallback=false, mOverrideBehavior=0}
07-04 18:16:55.214 D/ColorDisplayService( 1795): computeDisplayWhiteBalanceMatrix: cct =5700 matrix =
07-04 18:16:55.214 D/ColorDisplayService( 1795):        0,972435-0,001003-0,002844 0,000000 0,021784 0,952944-0,010774 0,000000 0,005782 0,002478 0,837326 0,000000 0,000000 0,000000 0,000000 1,000000
07-04 18:16:55.472 W/TracingMuxer( 1134): type=1400 audit(0.0:24528): avc:  denied  { write } for  name="traced_producer" dev="tmpfs" ino=1373 scontext=u:r:hal_camera_default:s0 tcontext=u:object_r:traced_producer_socket:s0 tclass=sock_file permissive=0
07-04 18:16:55.650 D/ColorDisplayService( 1795): computeDisplayWhiteBalanceMatrix: cct =5660 matrix =
07-04 18:16:55.650 D/ColorDisplayService( 1795):        0,969839-0,001112-0,002987 0,000000 0,024055 0,948285-0,011264 0,000000 0,006106 0,002581 0,827727 0,000000 0,000000 0,000000 0,000000 1,000000
07-04 18:16:55.939 I/adbd    ( 2198): adbd service requested 'shell,v2,TERM=dumb,raw:input tap 540 1725'
07-04 18:16:55.990 I/ctjp    ( 2168): connectToGlassesApi before mutex
07-04 18:16:55.991 I/ctjp    ( 2168): connectToGlassesApi mutex acquired
07-04 18:16:55.991 D/ApiFactory( 2168): returning GlassesApi
07-04 18:16:55.993 E/GlassesApi( 2168): Unable to load GlassesApi implementation.
07-04 18:16:55.993 E/GlassesApi( 2168): com.google.android.glasses.sdk.ApiFactory$ClassLoadException: java.lang.ClassNotFoundException: GlassesCore is a stub.
07-04 18:16:55.993 E/GlassesApi( 2168): 	at com.google.android.glasses.sdk.ApiFactory.getObjectByApiMethodName(PG:41)
07-04 18:16:55.993 E/GlassesApi( 2168): 	at com.google.android.glasses.sdk.ApiFactory.getGlassesApi(PG:16)
07-04 18:16:55.993 E/GlassesApi( 2168): 	at com.google.android.glasses.sdk.GlassesApi$-CC.create(PG:4)
07-04 18:16:55.993 E/GlassesApi( 2168): 	at ctjp.e(PG:156)
07-04 18:16:55.993 E/GlassesApi( 2168): 	at ctjo.invokeSuspend(PG:29)
07-04 18:16:55.993 E/GlassesApi( 2168): 	at ctjo.a(PG:14)
07-04 18:16:55.993 E/GlassesApi( 2168): 	at ctjh.invokeSuspend(PG:42)
07-04 18:16:55.993 E/GlassesApi( 2168): 	at ctjh.invoke(PG:13)
07-04 18:16:55.993 E/GlassesApi( 2168): 	at gmfv.g(PG:3)
07-04 18:16:55.993 E/GlassesApi( 2168): 	at gmfq.b(PG:57)
07-04 18:16:55.993 E/GlassesApi( 2168): 	at gmkw.invokeSuspend(PG:24)
07-04 18:16:55.993 E/GlassesApi( 2168): 	at glrk.resumeWith(PG:11)
07-04 18:16:55.993 E/GlassesApi( 2168): 	at gmbc.run(PG:115)
07-04 18:16:55.993 E/GlassesApi( 2168): 	at fgtu.run(PG:3)
07-04 18:16:55.993 E/GlassesApi( 2168): 	at fiic.run(PG:17)
07-04 18:16:55.993 E/GlassesApi( 2168): 	at dhec.run(PG:5)
07-04 18:16:55.993 E/GlassesApi( 2168): 	at fryo.run(PG:46)
07-04 18:16:55.993 E/GlassesApi( 2168): 	at dhdo.run(PG:81)
07-04 18:16:55.993 E/GlassesApi( 2168): 	at java.lang.Thread.run(Thread.java:1572)
07-04 18:16:55.993 E/GlassesApi( 2168): 	at dhfd.run(PG:62)
07-04 18:16:55.993 E/GlassesApi( 2168): Caused by: java.lang.ClassNotFoundException: GlassesCore is a stub.
07-04 18:16:55.993 E/GlassesApi( 2168): 	at com.google.android.glasses.sdk.ApiFactory.getApiFactoryClass(PG:45)
07-04 18:16:55.993 E/GlassesApi( 2168): 	at com.google.android.glasses.sdk.ApiFactory.getObjectByApiMethodName(PG:1)
07-04 18:16:55.993 E/GlassesApi( 2168): 	... 19 more
07-04 18:16:55.994 W/ctjp    ( 2168): Failed to connect to GlassesApi
07-04 18:16:55.994 W/ctjp    ( 2168): java.lang.IllegalStateException: Failed to create GlassesApi
07-04 18:16:55.994 W/ctjp    ( 2168): 	at ctjp.e(PG:282)
07-04 18:16:55.994 W/ctjp    ( 2168): 	at ctjo.invokeSuspend(PG:29)
07-04 18:16:55.994 W/ctjp    ( 2168): 	at ctjo.a(PG:14)
07-04 18:16:55.994 W/ctjp    ( 2168): 	at ctjh.invokeSuspend(PG:42)
07-04 18:16:55.994 W/ctjp    ( 2168): 	at ctjh.invoke(PG:13)
07-04 18:16:55.994 W/ctjp    ( 2168): 	at gmfv.g(PG:3)
07-04 18:16:55.994 W/ctjp    ( 2168): 	at gmfq.b(PG:57)
07-04 18:16:55.994 W/ctjp    ( 2168): 	at gmkw.invokeSuspend(PG:24)
07-04 18:16:55.994 W/ctjp    ( 2168): 	at glrk.resumeWith(PG:11)
07-04 18:16:55.994 W/ctjp    ( 2168): 	at gmbc.run(PG:115)
07-04 18:16:55.994 W/ctjp    ( 2168): 	at fgtu.run(PG:3)
07-04 18:16:55.994 W/ctjp    ( 2168): 	at fiic.run(PG:17)
07-04 18:16:55.994 W/ctjp    ( 2168): 	at dhec.run(PG:5)
07-04 18:16:55.994 W/ctjp    ( 2168): 	at fryo.run(PG:46)
07-04 18:16:55.994 W/ctjp    ( 2168): 	at dhdo.run(PG:81)
07-04 18:16:55.994 W/ctjp    ( 2168): 	at java.lang.Thread.run(Thread.java:1572)
07-04 18:16:55.994 W/ctjp    ( 2168): 	at dhfd.run(PG:62)
07-04 18:16:55.995 I/adzq    ( 2168): Settings API module disconnected
07-04 18:16:55.996 I/ctjp    ( 2168): (REDACTED) delay retry by %s second(s)
07-04 18:16:55.996 I/adzq    ( 2168): Wear detection disabled, using connection status
07-04 18:16:56.089 D/ColorDisplayService( 1795): computeDisplayWhiteBalanceMatrix: cct =5620 matrix =
07-04 18:16:56.089 D/ColorDisplayService( 1795):        0,967218-0,001222-0,003129 0,000000 0,026350 0,943580-0,011752 0,000000 0,006432 0,002684 0,818099 0,000000 0,000000 0,000000 0,000000 1,000000
07-04 18:16:56.108 D/WindowOnBackDispatcher( 5474): setTopOnBackInvokedCallback (unwrapped): io.flutter.embedding.android.FlutterActivity$1@1422eff
07-04 18:16:56.108 D/CoreBackPreview( 1795): Window{16276e1 u0 com.kenleren.my_art_collection/com.kenleren.my_art_collection.MainActivity}: Setting back callback OnBackInvokedCallbackInfo{mCallback=android.window.IOnBackInvokedCallback$Stub$Proxy@4fd62ab, mPriority=0, mIsAnimationCallback=true, mOverrideBehavior=0}
07-04 18:16:56.141 I/NearbyConnections(23012): Invalidate cached hpkeKey for client 96335620
07-04 18:16:56.206 D/ColorDisplayService( 1795): DisplayWhiteBalanceTintController animation ended: wasCancelled=false toCct=5649 fromCct=6380
07-04 18:16:56.207 D/ColorDisplayService( 1795): computeDisplayWhiteBalanceMatrix: cct =5649 matrix =
07-04 18:16:56.207 D/ColorDisplayService( 1795):        0,969120-0,001142-0,003026 0,000000 0,024684 0,946995-0,011398 0,000000 0,006196 0,002609 0,825082 0,000000 0,000000 0,000000 0,000000 1,000000
07-04 18:16:56.540 W/TracingMuxer( 1134): type=1400 audit(0.0:24529): avc:  denied  { write } for  name="traced_producer" dev="tmpfs" ino=1373 scontext=u:r:hal_camera_default:s0 tcontext=u:object_r:traced_producer_socket:s0 tclass=sock_file permissive=0
07-04 18:16:56.724 W/TracingMuxer( 1170): type=1400 audit(0.0:24530): avc:  denied  { write } for  name="traced_producer" dev="tmpfs" ino=1373 scontext=u:r:mediacodec_google:s0 tcontext=u:object_r:traced_producer_socket:s0 tclass=sock_file permissive=0
07-04 18:16:57.408 I/adbd    ( 2198): adbd service requested 'shell,v2,TERM=dumb,raw:input swipe 540 2180 540 300 800'
07-04 18:16:57.438 I/WifiHAL ( 1211): Creating message to get link statistics; iface = 47
07-04 18:16:57.454 I/bt_shim_scanner( 3117): system/main/shim/le_scanning_manager.cc:376 BatchScanReadReports: in shim layer
07-04 18:16:57.479 W/BluetoothMetricsLogger( 3117): count is not larger than 0. count: 0 key: 120302
07-04 18:16:57.480 W/BluetoothMetricsLogger( 3117): count is not larger than 0. count: 0 key: 120305
