07-04 18:17:26.250 I/AiAiEcho( 5158): Filtered by AiAi flag check: %s
07-04 18:17:26.250 I/AbstractOpenableExtension( 4955): AbstractOpenableExtension.createKeyboardGroupManagerListenableFuture():121 Create keyboard group manager listenable future in gya
07-04 18:17:26.250 I/AiAiEcho( 5158): (REDACTED) #weatherSubItemsTwiddler: Weather removes SubtitleSupplementalItem in surface: %s
07-04 18:17:26.251 I/AiAiEcho( 5158): #remoteViewsTwiddler: feature disabled.
07-04 18:17:26.251 I/NetworkInfoNotification( 4955): NetworkInfoNotification$Listener.onReceive():107 onNetworkAvailable: networkState = NON_METERED, isAirplaneModeOn = false
07-04 18:17:26.251 I/AiAiEcho( 5158): (REDACTED) Predicting[%d]: %s
07-04 18:17:26.251 I/HardKeyTracker( 4955): HardKeyTracker.registerKeySequence():201 Register key sequence pup{labelResId=2132020540, callback=fmb@f609827, lastModifier=2, keyCodes=[51], actions=[0]}
07-04 18:17:26.251 W/AccessPointsManager( 4955): AccessPointsManager.addAccessPoint():1124 The holder controller #0x7f0b2947 is not registered
07-04 18:17:26.251 I/AiAiEcho( 5158): (REDACTED) EchoTargets: %s
07-04 18:17:26.251 I/AiAiEcho( 5158): Filtered by AiAi flag check: %s
07-04 18:17:26.251 I/KeyboardGroupDefParser( 4955): KeyboardGroupDefParser.parseKeyboardGroupDef():72 parseKeyboardGroupDef() 2132214004 -> 0_resource_name_obfuscated : WaitTime = 0 ms : RunTime = 0 ms
07-04 18:17:26.251 I/HardKeyTracker( 4955): HardKeyTracker.registerKeySequence():201 Register key sequence pup{labelResId=2132020540, callback=fmb@4aff47d, lastModifier=2, keyCodes=[51], actions=[0]}
07-04 18:17:26.251 I/AiAiEcho( 5158): (REDACTED) Settings changed for uri: %s
07-04 18:17:26.251 I/AiAiEcho( 5158): (REDACTED) #weatherSubItemsTwiddler: Weather removes SubtitleSupplementalItem in surface: %s
07-04 18:17:26.251 I/SystemSubtypesReportModule( 4955): SystemSubtypesReportModule$3.onSetCurrentInputMethodSubtype():193 fr_FR
07-04 18:17:26.251 I/SystemSubtypesReportModule( 4955): SystemSubtypesReportModule$3.onSetCurrentInputMethodSubtype():205 Subtype fr_FR was caused by entry
07-04 18:17:26.251 I/AiAiSmartspace( 5158): #weatherSecondaryCardTwiddler: don't change weather for the dream surface
07-04 18:17:26.251 I/AiAiEcho( 5158): #remoteViewsTwiddler: feature disabled.
07-04 18:17:26.251 I/AiAiEcho( 5158): (REDACTED) Predicting[%d]: %s
07-04 18:17:26.251 I/AiAiEcho( 5158): (REDACTED) EchoTargets: %s
07-04 18:17:26.251 I/AiAiEcho( 5158): Filtered by AiAi flag check: %s
07-04 18:17:26.251 I/AiAiEcho( 5158): (REDACTED) #weatherSubItemsTwiddler: Weather removes SubtitleSupplementalItem in surface: %s
07-04 18:17:26.252 I/AiAiEcho( 5158): #remoteViewsTwiddler: feature disabled.
07-04 18:17:26.252 I/AiAiEcho( 5158): (REDACTED) #postPredictionTargets: Sending updates to UISurface %s with targets# %s (types=[%s])
07-04 18:17:26.253 I/AmbientCueRepository( 2967): Receiving SmartSpace targets # 0
07-04 18:17:26.253 I/SP      ( 4955): Scheduling job with delay of 0s for {W:b:u:l, bg}, 1 candidates
07-04 18:17:26.253 I/AiAiEcho( 5158): (REDACTED) #postPredictionTargets: Sending updates to UISurface %s with targets# %s (types=[%s])
07-04 18:17:26.254 I/AiAiEcho( 5158): (REDACTED) Predicting[%d]: %s
07-04 18:17:26.254 I/WeatherSmartspaceView( 2967): setFormattedContentDescription: text=20°C, iconDescription=Mostly cloudy day, contentDescription=Mostly cloudy day 20°C
07-04 18:17:26.254 I/WeatherSmartspaceView( 2967): setFormattedContentDescription: text=20°C, iconDescription=Mostly cloudy day, contentDescription=Mostly cloudy day 20°C
07-04 18:17:26.254 I/WeatherData( 2967): Weather data parsed MOSTLY_CLOUDY_DAY ("Mostly cloudy day") 20°C from Bundle[{description=Mostly cloudy day, feedback_intent=null, explanation_intent=Supplier{VAL_PARCELABLE@160+1920}, is_gaia_linked_data=true, use_celsius=true, state=7, temperature=20}]
07-04 18:17:26.254 I/AiAiEcho( 5158): (REDACTED) EchoTargets: %s
07-04 18:17:26.254 I/AiAiEcho( 5158): Filtered by AiAi flag check: %s
07-04 18:17:26.254 I/AiAiEcho( 5158): #remoteViewsTwiddler: feature disabled.
07-04 18:17:26.254 I/AiAiEcho( 5158): (REDACTED) Predicting[%d]: %s
07-04 18:17:26.255 I/AiAiEcho( 5158): (REDACTED) EchoTargets: %s
07-04 18:17:26.255 I/AiAiEcho( 5158): Filtered by AiAi flag check: %s
07-04 18:17:26.255 I/AiAiEcho( 5158): (REDACTED) #weatherSubItemsTwiddler: Weather removes SubtitleSupplementalItem in surface: %s
07-04 18:17:26.255 I/AiAiEcho( 5158): #remoteViewsTwiddler: feature disabled.
07-04 18:17:26.255 I/AiAiEcho( 5158): (REDACTED) Predicting[%d]: %s
07-04 18:17:26.255 I/AiAiEcho( 5158): (REDACTED) EchoTargets: %s
07-04 18:17:26.255 I/AiAiEcho( 5158): Filtered by AiAi flag check: %s
07-04 18:17:26.255 I/AiAiEcho( 5158): (REDACTED) #weatherSubItemsTwiddler: Weather removes SubtitleSupplementalItem in surface: %s
07-04 18:17:26.255 I/AiAiSmartspace( 5158): #weatherSecondaryCardTwiddler: don't change weather for the dream surface
07-04 18:17:26.255 I/AiAiEcho( 5158): #remoteViewsTwiddler: feature disabled.
07-04 18:17:26.255 I/AiAiEcho( 5158): (REDACTED) Predicting[%d]: %s
07-04 18:17:26.256 I/AiAiEcho( 5158): (REDACTED) EchoTargets: %s
07-04 18:17:26.256 I/AiAiEcho( 5158): Filtered by AiAi flag check: %s
07-04 18:17:26.256 I/AiAiEcho( 5158): (REDACTED) #weatherSubItemsTwiddler: Weather removes SubtitleSupplementalItem in surface: %s
07-04 18:17:26.256 I/AiAiEcho( 5158): #remoteViewsTwiddler: feature disabled.
07-04 18:17:26.257 I/AiAiEcho( 5158): (REDACTED) #postPredictionTargets: Sending updates to UISurface %s with targets# %s (types=[%s])
07-04 18:17:26.258 I/AiAiEcho( 5158): (REDACTED) #postPredictionTargets: Sending updates to UISurface %s with targets# %s (types=[%s])
07-04 18:17:26.258 I/AiAiEcho( 5158): (REDACTED) #postPredictionTargets: Sending updates to UISurface %s with targets# %s (types=[%s])
07-04 18:17:26.258 I/AmbientCueRepository( 2967): Receiving SmartSpace targets # 0
07-04 18:17:26.259 I/AiAiEcho( 5158): (REDACTED) #postPredictionTargets: Sending updates to UISurface %s with targets# %s (types=[%s])
07-04 18:17:26.260 I/AiAiEcho( 5158): (REDACTED) #postPredictionTargets: Sending updates to UISurface %s with targets# %s (types=[%s])
07-04 18:17:26.260 I/WeatherSmartspaceView( 2967): setFormattedContentDescription: text=20°C, iconDescription=Mostly cloudy day, contentDescription=Mostly cloudy day 20°C
07-04 18:17:26.261 I/AiAiEcho( 5158): (REDACTED) #postPredictionTargets: Sending updates to UISurface %s with targets# %s (types=[%s])
07-04 18:17:26.261 I/WeatherSmartspaceView( 2967): setFormattedContentDescription: text=20°C, iconDescription=Mostly cloudy day, contentDescription=Mostly cloudy day 20°C
07-04 18:17:26.261 I/WeatherData( 2967): Weather data parsed MOSTLY_CLOUDY_DAY ("Mostly cloudy day") 20°C from Bundle[{description=Mostly cloudy day, feedback_intent=null, explanation_intent=Supplier{VAL_PARCELABLE@160+1920}, is_gaia_linked_data=true, use_celsius=true, state=7, temperature=20}]
07-04 18:17:26.263 I/SpBackgroundTask( 4955): SuperpacksBackgroundJobService.onStartJob():25 onStartJob: android.app.job.JobParameters@17fb3bb
07-04 18:17:26.263 I/SP      ( 4955): ====> Starting job {W:b:u:l, bg}
07-04 18:17:26.264 W/libbinder.IPCThreadState( 1795): Sending oneway calls to frozen process.
07-04 18:17:26.264 W/libbinder.IPCThreadState( 1795): Sending oneway calls to frozen process.
07-04 18:17:26.264 W/libbinder.IPCThreadState( 1795): Sending oneway calls to frozen process.
07-04 18:17:26.264 W/libbinder.IPCThreadState( 1795): Sending oneway calls to frozen process.
07-04 18:17:26.264 W/libbinder.IPCThreadState( 1795): Sending oneway calls to frozen process.
07-04 18:17:26.264 I/SP      ( 4955): Scheduling: download registered, 0 started, 0 paused, 1 scheduled, 1 pending: emoticon_content_description:5a6773e78c139f5b7ea3bd5d11fc1f63 * {W:b:u:l, bg}
07-04 18:17:26.264 W/libbinder.IPCThreadState( 1795): Sending oneway calls to frozen process.
07-04 18:17:26.264 W/libbinder.IPCThreadState( 1795): Sending oneway calls to frozen process.
07-04 18:17:26.265 W/libbinder.IPCThreadState( 1795): Sending oneway calls to frozen process.
07-04 18:17:26.265 W/libbinder.IPCThreadState( 1795): Sending oneway calls to frozen process.
07-04 18:17:26.265 W/libbinder.IPCThreadState( 1795): Sending oneway calls to frozen process.
07-04 18:17:26.265 W/libbinder.IPCThreadState( 1795): Sending oneway calls to frozen process.
07-04 18:17:26.265 W/libbinder.IPCThreadState( 1795): Sending oneway calls to frozen process.
07-04 18:17:26.265 W/libbinder.IPCThreadState( 1795): Sending oneway calls to frozen process.
07-04 18:17:26.265 W/libbinder.IPCThreadState( 1795): Sending oneway calls to frozen process.
07-04 18:17:26.265 I/PkModeUpdater( 4955): PkModeUpdater.refreshDevices():206 refreshing devices
07-04 18:17:26.265 W/libbinder.IPCThreadState( 1795): Sending oneway calls to frozen process.
07-04 18:17:26.265 W/libbinder.IPCThreadState( 1795): Sending oneway calls to frozen process.
07-04 18:17:26.265 W/libbinder.IPCThreadState( 1795): Sending oneway calls to frozen process.
07-04 18:17:26.265 W/libbinder.IPCThreadState( 1795): Sending oneway calls to frozen process.
07-04 18:17:26.265 W/libbinder.IPCThreadState( 1795): Sending oneway calls to frozen process.
07-04 18:17:26.265 I/PkModeUpdater( 4955): PkModeUpdater.refreshDevices():206 refreshing devices
07-04 18:17:26.265 W/libbinder.IPCThreadState( 1795): Sending oneway calls to frozen process.
07-04 18:17:26.265 W/libbinder.IPCThreadState( 1795): Sending oneway calls to frozen process.
07-04 18:17:26.265 W/libbinder.IPCThreadState( 1795): Sending oneway calls to frozen process.
07-04 18:17:26.276 I/SP      ( 4955): Scheduling: job start ({W:b:u:l, bg}), 1 started, 0 paused, 0 scheduled, 1 pending: emoticon_content_description:5a6773e78c139f5b7ea3bd5d11fc1f63 @ * {W:b:u:l, bg}
07-04 18:17:26.276 I/SP      ( 4955): Requesting download of URL https://www.gstatic.com/android/keyboard/emoticon_content_desc/202208161305/fr.binaryproto to 5a6773e78c139f5b7ea3bd5d11fc1f63.fetched (constraints: W:b:u:l)
07-04 18:17:26.276 I/SuperDelight( 4955): SuperDelightBundledSlicingStrategy.getSlices():41 BundledSlicing#getSlices() : Locale = [en_US, nb, fr]
07-04 18:17:26.276 I/SuperDelight( 4955): SuperDelightBundledSlicingStrategy.getSlices():67 BundledSlicing#getSlices(): result {slices=[bundled_delight:main_en_us_2026030300_2], last batch=true, sync metadata=false}
07-04 18:17:26.276 I/SP      ( 4955): Syncing bundled_delight (2026052100) with slices: [main_en_us_2026030300_2], metadata: false
07-04 18:17:26.277 I/SP      ( 4955): Registering spell_checker.2023080700, url: https://www.gstatic.com/android/keyboard/spell_checker/prod/2023080700/metadata_cpu_2023080700.json, constraints: m:*:*:*, flags: bg, requested: 2023080700, current: 2023080700
07-04 18:17:26.291 I/DownloadManager( 4955): DownloadManager.completeDownload():434 Download for __KLP_manifest_delight__en-US scheduled with params ors[allowMetered=true, requireCharging=false, foreground=false, immediately=true, priority=0]
07-04 18:17:26.291 I/DownloadManager( 4955): DownloadManager.startDownload():518 start download of __KLP_manifest_delight__en-US
07-04 18:17:26.291 I/DownloadManager( 4955): DownloadManager.completeDownload():434 Download for __KLP_manifest_delight__nb scheduled with params ors[allowMetered=true, requireCharging=false, foreground=false, immediately=true, priority=0]
07-04 18:17:26.291 I/DownloadManager( 4955): DownloadManager.startDownload():518 start download of __KLP_manifest_delight__nb
07-04 18:17:26.291 I/SuperpacksManagerImpl( 4955): SuperpacksManagerImpl$3$1.onSuccess():552 spell_checker.registerManifest() succeeded
07-04 18:17:26.291 I/DownloadManager( 4955): DownloadManager.completeDownload():434 Download for __KLP_manifest_delight__fr-FR scheduled with params ors[allowMetered=true, requireCharging=false, foreground=false, immediately=true, priority=0]
07-04 18:17:26.291 I/DownloadManager( 4955): DownloadManager.startDownload():518 start download of __KLP_manifest_delight__fr-FR
07-04 18:17:26.291 I/SP      ( 4955): Sync for content_cache succeeded in 54 ms: no changes
07-04 18:17:26.291 I/SP      ( 4955): GC for 'content_cache' (10) with ttl of 0 ms took 0 ms (0/0/0)
07-04 18:17:26.291 I/DownloadManager( 4955): DownloadManager$4.onFailure():599 download for __KLP_manifest_delight__en-US is cancelled
07-04 18:17:26.291 I/DownloadManager( 4955): DownloadManager.completeDownload():432 Previous download for __KLP_manifest_delight__en-US is cancelled
07-04 18:17:26.291 I/DownloadManager( 4955): DownloadManager.completeDownload():434 Download for __KLP_manifest_delight__en-US scheduled with params ors[allowMetered=true, requireCharging=false, foreground=false, immediately=true, priority=0]
07-04 18:17:26.291 I/DownloadManager( 4955): DownloadManager.startDownload():518 start download of __KLP_manifest_delight__en-US
07-04 18:17:26.292 I/DownloadManager( 4955): DownloadManager$4.onFailure():599 download for __KLP_manifest_delight__fr-FR is cancelled
07-04 18:17:26.292 I/DownloadManager( 4955): DownloadManager.completeDownload():432 Previous download for __KLP_manifest_delight__fr-FR is cancelled
07-04 18:17:26.292 I/DownloadManager( 4955): DownloadManager.completeDownload():434 Download for __KLP_manifest_delight__fr-FR scheduled with params ors[allowMetered=true, requireCharging=false, foreground=false, immediately=true, priority=0]
07-04 18:17:26.292 I/DownloadManager( 4955): DownloadManager.startDownload():518 start download of __KLP_manifest_delight__fr-FR
07-04 18:17:26.292 I/DownloadManager( 4955): DownloadManager$4.onFailure():599 download for __KLP_manifest_delight__nb is cancelled
07-04 18:17:26.292 I/DownloadManager( 4955): DownloadManager.completeDownload():432 Previous download for __KLP_manifest_delight__nb is cancelled
07-04 18:17:26.292 I/DownloadManager( 4955): DownloadManager.completeDownload():434 Download for __KLP_manifest_delight__nb scheduled with params ors[allowMetered=true, requireCharging=false, foreground=false, immediately=true, priority=0]
07-04 18:17:26.292 I/DownloadManager( 4955): DownloadManager.startDownload():518 start download of __KLP_manifest_delight__nb
07-04 18:17:26.292 I/DownloadManager( 4955): DownloadManager$4.onSuccess():587 download for __KLP_manifest_delight__en-US is finished with files # sfo@d99f315
07-04 18:17:26.293 I/SP      ( 4955): Syncing spell_checker (2023080700) with slices: [{en_cpu_272adaa02e4841a0e8fe0d7f95b77421, W:b:*:*, bg}, {fr_cpu_90518b88e394a02159f628921a68892d, W:b:*:*, bg}], metadata: false
07-04 18:17:26.293 I/SuperpacksManagerImpl( 4955): SuperpacksManagerImpl$19.onSyncSuccess():947 content_cache.sync() succeeded
07-04 18:17:26.294 I/DelightKLPDownloader( 4955): DelightKLPDownloader$2.onSuccess():226 klp en_US has same bundled version, skip download
07-04 18:17:26.294 I/DownloadManager( 4955): DownloadManager$4.onSuccess():587 download for __KLP_manifest_delight__nb is finished with files # sfo@d3355169
07-04 18:17:26.296 I/DelightKLPDownloader( 4955): DelightKLPDownloader$2.onSuccess():226 klp en_US has same bundled version, skip download
07-04 18:17:26.296 I/ManifestedDataDownloader( 4955): ManifestedDataDownloader.checkVersionAndDownload():98 filegroup __KLP_delight__nb with version 2024031400 is already downloaded
07-04 18:17:26.296 I/DelightKLPDownloader( 4955): DelightKLPDownloader$2.onSuccess():233 klp nb downloaded with version 2024031400
07-04 18:17:26.297 I/ManifestedDataDownloader( 4955): ManifestedDataDownloader.checkVersionAndDownload():98 filegroup __KLP_delight__nb with version 2024031400 is already downloaded
07-04 18:17:26.297 I/DelightKLPDownloader( 4955): DelightKLPDownloader$2.onSuccess():233 klp nb downloaded with version 2024031400
07-04 18:17:26.303 I/SP      ( 4955): Scheduling: download registered, 1 started, 0 paused, 0 scheduled, 2 pending: emoticon_content_description:5a6773e78c139f5b7ea3bd5d11fc1f63 @ {W:b:u:l, bg}, spell_checker:fr_cpu_90518b88e394a02159f628921a68892d @ * {W:b:u:l, bg}
07-04 18:17:26.303 I/SP      ( 4955): Sync for bundled_delight succeeded in 28 ms: no changes
07-04 18:17:26.303 I/SP      ( 4955): Requesting download of URL https://www.gstatic.com/android/keyboard/spell_checker/experiment/fr_09sep2022/fr_cpu_90518b88e394a02159f628921a68892d.zip to fr_cpu_90518b88e394a02159f628921a68892d.zip.fetched (constraints: W:b:u:l)
07-04 18:17:26.304 I/SP      ( 4955): GC for 'bundled_delight' (10) with ttl of 0 ms took 0 ms (0/0/0)
07-04 18:17:26.304 I/LmManager( 4955): LmManager$1.onSuccess():84 Bundled delight sync success
07-04 18:17:26.304 I/SuperpacksManagerImpl( 4955): SuperpacksManagerImpl$19.onSyncSuccess():947 bundled_delight.sync() succeeded
07-04 18:17:26.304 I/SuperDelight( 4955): SuperDelightManager$2.onSuccess():521 bundled_delight sync success, adding to data file manager
07-04 18:17:26.304 I/DataFileManager( 4955): DataFileManager.addDataWithoutNotify():184 data en-US already exists
07-04 18:17:26.307 I/KeyboardDefManager( 4955): KeyboardDefManager$Companion$addFutureCallbackForKeyboardDefReceiver$1.onSuccess():425 requestKeyboardDef onSuccess(): info=ouy{defIds=[#0x7f17060b, #0x7f1707d5], defIdsCacheKey=[2132215307, 2132215765]}
07-04 18:17:26.307 I/KeyboardInterfacePrivate( 4955): IKeyboard.createKeyboard():71 Keyboard created from HiltKeyboardFactory: com.google.android.apps.inputmethod.latin.keyboard.LatinPrimeKeyboard
07-04 18:17:26.330 I/DownloadManager( 4955): DownloadManager$4.onSuccess():587 download for __KLP_manifest_delight__fr-FR is finished with files # sfo@9738be9a
07-04 18:17:26.330 I/DownloadManager( 4955): DownloadManager$3.onProgress():537 Downloading __KLP_manifest_delight__fr-FR with size 482
07-04 18:17:26.332 I/DownloadManager( 4955): DownloadManager.completeDownload():434 Download for __KLP_delight__fr-FR scheduled with params ors[allowMetered=true, requireCharging=false, foreground=true, immediately=false, priority=500]
07-04 18:17:26.333 I/DownloadManager( 4955): DownloadManager.completeDownload():434 Download for __KLP_delight__fr-FR scheduled with params ors[allowMetered=true, requireCharging=false, foreground=true, immediately=false, priority=500]
07-04 18:17:26.347 I/ewom    ( 2168): (REDACTED) HDM. appOpsListener %s %s
07-04 18:17:26.347 I/ewom    ( 2168): (REDACTED) HDM. Ignoring irrelevant audio permission changes for package %s
07-04 18:17:26.347 I/ewom    ( 2168): (REDACTED) HDM. appOpsListener %s %s
07-04 18:17:26.347 I/ewom    ( 2168): (REDACTED) HDM. Ignoring irrelevant audio permission changes for package %s
07-04 18:17:26.353 W/JobScheduler( 1795): Job didn't exist in JobStore: b72acf7 {androidx.work.systemjobscheduler} #u0a217/22084 #foreground_download_work#@androidx.work.systemjobscheduler@com.google.android.inputmethod.latin/androidx.work.impl.background.systemjob.SystemJobService
07-04 18:17:26.369 I/DownloadManager( 4955): DownloadManager.startDownload():518 start download of __KLP_delight__fr-FR
07-04 18:17:26.375 D/ConnectivityService( 1795): requestNetwork for uid/pid:10217/4955 activeRequest: null callbackRequest: 5337 [NetworkRequest [ REQUEST id=5338, [ Capabilities: INTERNET&NOT_RESTRICTED&TRUSTED&NOT_VCN_MANAGED&NOT_BANDWIDTH_CONSTRAINED Uid: 10217 RequestorUid: 10217 RequestorPkg: com.google.android.inputmethod.latin UnderlyingNetworks: Null] ]] callback flags: 0 order: 2147483647 isUidTracked: false declaredMethods: AVAIL|LOST|NC|BLK
07-04 18:17:26.377 W/ConnectivityManager.CallbackHandler( 4955): callback not found for CALLBACK_AVAILABLE message
07-04 18:17:26.387 D/WifiNetworkFactory( 1795): got request NetworkRequest [ REQUEST id=5338, [ Capabilities: INTERNET&NOT_RESTRICTED&TRUSTED&NOT_VCN_MANAGED&NOT_BANDWIDTH_CONSTRAINED Uid: 10217 RequestorUid: 10217 RequestorPkg: com.google.android.inputmethod.latin UnderlyingNetworks: Null] ]
07-04 18:17:26.388 D/UntrustedWifiNetworkFactory( 1795): got request NetworkRequest [ REQUEST id=5338, [ Capabilities: INTERNET&NOT_RESTRICTED&TRUSTED&NOT_VCN_MANAGED&NOT_BANDWIDTH_CONSTRAINED Uid: 10217 RequestorUid: 10217 RequestorPkg: com.google.android.inputmethod.latin UnderlyingNetworks: Null] ]
07-04 18:17:26.390 D/OemPaidWifiNetworkFactory( 1795): got request NetworkRequest [ REQUEST id=5338, [ Capabilities: INTERNET&NOT_RESTRICTED&TRUSTED&NOT_VCN_MANAGED&NOT_BANDWIDTH_CONSTRAINED Uid: 10217 RequestorUid: 10217 RequestorPkg: com.google.android.inputmethod.latin UnderlyingNetworks: Null] ]
07-04 18:17:26.391 D/MultiInternetWifiNetworkFactory( 1795): got request NetworkRequest [ REQUEST id=5338, [ Capabilities: INTERNET&NOT_RESTRICTED&TRUSTED&NOT_VCN_MANAGED&NOT_BANDWIDTH_CONSTRAINED Uid: 10217 RequestorUid: 10217 RequestorPkg: com.google.android.inputmethod.latin UnderlyingNetworks: Null] ]
07-04 18:17:26.392 D/ConnectivityService( 1795): NetReassign [5338 : null → 107] [c 0] [a 6] [i 10]
07-04 18:17:26.398 D/ActivityManager( 1795): freezing 12612 com.google.android.apps.privacy.wildlife
07-04 18:17:26.401 D/InetDiagMessage( 1795): Destroyed 0 sockets, proto=IPPROTO_TCP, family=AF_INET, states=14
07-04 18:17:26.402 D/InetDiagMessage( 1795): Destroyed 0 sockets, proto=IPPROTO_TCP, family=AF_INET6, states=14
07-04 18:17:26.402 D/InetDiagMessage( 1795): Destroyed live tcp sockets for uids={10160} in 2ms
07-04 18:17:26.427 D/AOC     ( 1476): A3:MSG: controller.cc, 933: SysMem: ipc: C-F1-Ar, cmd ID: 0x00c8, tag: 0x91, rc: 0
07-04 18:17:26.428 D/AOC     ( 1476): A3:MSG: controller.cc, 933: SysMem: ipc: C-F1-Ar, cmd ID: 0x00c8, tag: 0x92, rc: 0
07-04 18:17:26.452 I/SP      ( 4955): Download stopped: emoticon_content_description:5a6773e78c139f5b7ea3bd5d11fc1f63, succeeded, size: 13523
07-04 18:17:26.458 I/SP      ( 4955): Scheduling: download stopped, 0 started, 0 paused, 0 scheduled, 1 pending: spell_checker:fr_cpu_90518b88e394a02159f628921a68892d @ {W:b:u:l, bg}
07-04 18:17:26.463 I/SP      ( 4955): Sync for emoticon_content_description succeeded in 225 ms: {added: [5a6773e78c139f5b7ea3bd5d11fc1f63], metadata: false
07-04 18:17:26.467 I/SP      ( 4955): GC for 'emoticon_content_description' (10) with ttl of 0 ms took 0 ms (0/0/0)
07-04 18:17:26.467 I/SuperpacksManagerImpl( 4955): SuperpacksManagerImpl$19.onSyncSuccess():947 emoticon_content_description.sync() succeeded
07-04 18:17:26.562 W/libbinder.IPCThreadState( 1380): Sending oneway calls to frozen process.
07-04 18:17:26.563 W/libbinder.IPCThreadState( 1380): Sending oneway calls to frozen process.
07-04 18:17:26.563 W/libbinder.IPCThreadState( 1380): Sending oneway calls to frozen process.
07-04 18:17:26.563 W/libbinder.IPCThreadState( 1380): Sending oneway calls to frozen process.
07-04 18:17:26.563 W/libbinder.IPCThreadState( 1380): Sending oneway calls to frozen process.
07-04 18:17:26.563 W/libbinder.IPCThreadState( 1380): Sending oneway calls to frozen process.
07-04 18:17:26.563 W/libbinder.IPCThreadState( 1380): Sending oneway calls to frozen process.
07-04 18:17:26.563 W/libbinder.IPCThreadState( 1380): Sending oneway calls to frozen process.
07-04 18:17:26.563 W/libbinder.IPCThreadState( 1380): Sending oneway calls to frozen process.
07-04 18:17:26.563 W/libbinder.IPCThreadState( 1380): Sending oneway calls to frozen process.
07-04 18:17:26.563 W/libbinder.IPCThreadState( 1380): Sending oneway calls to frozen process.
07-04 18:17:26.568 W/TracingMuxer( 1134): type=1400 audit(0.0:24537): avc:  denied  { write } for  name="traced_producer" dev="tmpfs" ino=1373 scontext=u:r:hal_camera_default:s0 tcontext=u:object_r:traced_producer_socket:s0 tclass=sock_file permissive=0
07-04 18:17:26.745 I/DisplayDeviceRepository( 1795): Display device changed render timings: "Built-in Screen", renderFrameRate=120.00001, presentationDeadlineNanos=11500000, appVsyncOffsetNanos=6233332, frameRateOverrides=[{uid=10253 frameRateHz=60.000004}, {uid=10270 frameRateHz=60.000004}]
07-04 18:17:26.756 W/TracingMuxer( 1170): type=1400 audit(0.0:24538): avc:  denied  { write } for  name="traced_producer" dev="tmpfs" ino=1373 scontext=u:r:mediacodec_google:s0 tcontext=u:object_r:traced_producer_socket:s0 tclass=sock_file permissive=0
07-04 18:17:26.869 I/pixel-thermal( 1688): soc_therm:37.346 raw data: soc_therm:37346 
07-04 18:17:26.871 I/pixel-thermal( 1688): VIRTUAL-USB-UI:0 raw data: USB-MINUS-CHARGING:-4985 VIRTUAL-USB-UI:0 charging_therm:36698 usb_pwr_therm:31713 
07-04 18:17:26.871 I/pixel-thermal( 1688): north_therm:34.086 raw data: north_therm:34086 
07-04 18:17:26.873 I/pixel-thermal( 1688): flash_therm:32.865 raw data: flash_therm:32865 
07-04 18:17:26.873 I/pixel-thermal( 1688): rfpa_therm:35.073 raw data: rfpa_therm:35073 
07-04 18:17:26.874 I/pixel-thermal( 1688): quiet_therm:36.056 raw data: quiet_therm:36056 
07-04 18:17:26.874 I/pixel-thermal( 1688): usb_pwr_therm:31.713 raw data: usb_pwr_therm:31713 
07-04 18:17:26.874 I/pixel-thermal( 1688): VIRTUAL-USB-THROTTLING:0 raw data: USB-MINUS-CHARGING:-4985 VIRTUAL-USB-THROTTLING:0 usb_pwr_therm:31713 
07-04 18:17:27.371 I/DownloadManager( 4955): DownloadManager$3.onProgress():537 Downloading __KLP_delight__fr-FR with size 5028766
07-04 18:17:27.377 I/ewom    ( 2168): (REDACTED) HDM. appOpsListener %s %s
07-04 18:17:27.378 I/ewom    ( 2168): (REDACTED) HDM. Ignoring irrelevant audio permission changes for package %s
07-04 18:17:27.379 I/ewom    ( 2168): (REDACTED) HDM. appOpsListener %s %s
07-04 18:17:27.379 I/ewom    ( 2168): (REDACTED) HDM. Ignoring irrelevant audio permission changes for package %s
07-04 18:17:27.402 I/DisplayDeviceRepository( 1795): Display device changed render timings: "Built-in Screen", renderFrameRate=120.00001, presentationDeadlineNanos=11500000, appVsyncOffsetNanos=6233332, frameRateOverrides=[{uid=10253 frameRateHz=60.000004}, {uid=10270 frameRateHz=60.000004}, {uid=10326 frameRateHz=120.00001}]
07-04 18:17:27.429 I/DisplayDeviceRepository( 1795): Display device changed render timings: "Built-in Screen", renderFrameRate=120.00001, presentationDeadlineNanos=11500000, appVsyncOffsetNanos=6233332, frameRateOverrides=[{uid=10270 frameRateHz=60.000004}, {uid=10326 frameRateHz=120.00001}]
07-04 18:17:27.439 W/SP      ( 4955): File ref is being finalized but wasn't closed, file: main_en_us_2026030300_2[10]
07-04 18:17:27.439 W/SP      ( 4955): File ref is being finalized but wasn't closed, file: main_en_us_2026030300_2[10]
07-04 18:17:27.441 W/SP      ( 4955): File ref is being finalized but wasn't closed, file: main_en_us_2026030300_2[10]
07-04 18:17:27.441 W/SP      ( 4955): File ref is being finalized but wasn't closed, file: main_en_us_2026030300_2[10]
07-04 18:17:27.442 W/SP      ( 4955): File ref is being finalized but wasn't closed, file: en_cpu_272adaa02e4841a0e8fe0d7f95b77421[6]
07-04 18:17:27.442 W/System  ( 4955): A resource failed to call close. 
07-04 18:17:27.642 I/DisplayDeviceRepository( 1795): Display device changed render timings: "Built-in Screen", renderFrameRate=120.00001, presentationDeadlineNanos=11500000, appVsyncOffsetNanos=6233332, frameRateOverrides=[{uid=10326 frameRateHz=120.00001}]
07-04 18:17:27.956 E/TaskPersister( 1795): File error accessing recents directory (directory doesn't exist?).
07-04 18:17:28.169 I/NearbyMediums(23012): Found Fast Ble Advertisements :
07-04 18:17:28.169 I/NearbyMediums(23012): BleAdvertisement { version=2, socketVersion=2, isFast=true, serviceIdHash=null, data=[ 0x23 0x49 0x4b 0x34 0x36 0x11 0x32 0xef 0x09 0x5b 0xc4 0x10 0xa1 0x06 0xa2 0x53 0xaf 0x55 0x72 0xf4 0x0f 0x7d 0x6c ], deviceToken=[ 0x54 0x4e ], rxAdvertisement=null } : 22 times.
07-04 18:17:28.169 I/NearbyMediums(23012): BleAdvertisement { version=2, socketVersion=2, isFast=true, serviceIdHash=null, data=[ 0x23 0x4d 0x33 0x53 0x42 0x11 0x32 0x7b 0x11 0x23 0x07 0xfc 0x43 0x64 0x1e 0xe4 0x36 0xb2 0x21 0x56 0xf5 0x34 0xa5 ], deviceToken=[ 0xd7 0xc2 ], rxAdvertisement=null } : 10 times.
07-04 18:17:28.169 I/NearbyMediums(23012): Total 32 fast advertisements from 2 unique advertisers.
07-04 18:17:28.170 I/NearbyMediums(23012): Current Tracked Scanning Clients are : {NearbyConnections.EnvironmentMonitor, NearbySharing}
07-04 18:17:28.233 I/adbd    ( 2198): adbd service requested 'exec:screencap '-p''
07-04 18:17:28.237 I/pixel-thermal( 1688): VIRTUAL-SKIN-MODEL: model_input: [36698.00 31938.00 32865.00 34086.00 36056.00 35073.00 37346.00 31713.00 ]
07-04 18:17:28.237 I/native  ( 1688): I0000 00:00:1783181848.237518    1710 thermal_tflite_wrapper.cc:261] ThermalTfliteInvoke
07-04 18:17:28.238 I/pixel-thermal( 1688): VIRTUAL-SKIN-MODEL: model_output: [33583.9 ]
07-04 18:17:28.238 I/pixel-thermal( 1688): VIRTUAL-SKIN-MODEL: predicted_value: [33583.9 ]
07-04 18:17:28.241 I/pixel-thermal( 1688): VIRTUAL-SKIN-HINT:33.5643 raw data: VIRTUAL-SKIN:33564.3 VIRTUAL-SKIN-EQ:33564.3 VIRTUAL-SKIN-HINT:33564.3 VIRTUAL-SKIN-LEGACY:33880.2 VIRTUAL-SKIN-LEGACY-MODEL-DIFF:296.309 VIRTUAL-SKIN-LEGACY-SHUTDOWN:0 VIRTUAL-SKIN-MODEL:33583.9 VIRTUAL-SKIN-MODEL-CLAMPED:33583.9 VIRTUAL-SKIN-MODEL-LEGACY-DIFF:-296.309 VIRTUAL-SKIN-MODEL-UPDATED:33564.3 VIRTUAL-SKIN-MODEL-UPPER-CLAMPED:33583.9 VIRTUAL-SKIN-SUB-0:33778.7 VIRTUAL-SKIN-SUB-1:33880.2 VIRTUAL-SKIN-SUB-2:33779.7 VIRTUAL-SKIN-SUB-3:33655.4 VIRTUAL-SKIN-SUB-4:33556.9 VIRTUAL-SKIN-SUB-5:33278.5 VIRTUAL-SKIN-SUB-6:33392.3 VIRTUAL-SKIN-SUB-7:33394 VT_LEGACY_WEIGHT:0 VT_MODEL_WEIGHT:1 charging_therm:36698 disp0_therm:31938 flash_therm:32865 north_therm:34086 quiet_therm:36056 rfpa_therm:35073 soc_therm:37346 usb_pwr_therm:31713 
07-04 18:17:28.242 I/pixel-thermal( 1688): cellular-emergency:33.5643 raw data: VIRTUAL-SKIN:33564.3 cellular-emergency:33564.3 
07-04 18:17:28.243 I/pixel-thermal( 1688): BG-TASKS-THROTTLING-HINT:0 raw data: BG-TASKS-THROTTLING-EXP-PROPERTY:0 BG-TASKS-THROTTLING-HINT:0 BG_TASKS_THROTTLING_COUNT:1 IS_BG_TASKS_THROTTLING_ACTIVE:0 IS_CHARGING:1 VIRTUAL-SKIN:33564.3 thb_hda:54 
07-04 18:17:28.243 I/pixel-thermal( 1688): disp0_therm:31.938 raw data: disp0_therm:31938 
07-04 18:17:28.243 I/pixel-thermal( 1688): VIRTUAL-SKIN-CPU-LIGHT-ODPM:33.5643 raw data: VIRTUAL-SKIN:33564.3 VIRTUAL-SKIN-CPU-LIGHT-ODPM:33564.3 
07-04 18:17:28.244 I/pixel-thermal( 1688): VIRTUAL-SKIN-CPU-MID:33.5643 raw data: VIRTUAL-SKIN:33564.3 VIRTUAL-SKIN-CPU-MID:33564.3 
07-04 18:17:28.244 I/pixel-thermal( 1688): VIRTUAL-SKIN:33.5643 raw data: VIRTUAL-SKIN:33564.3 
07-04 18:17:28.244 I/pixel-thermal( 1688): VIRTUAL-SKIN-SPEAKER:33.8019 raw data: VIRTUAL-SKIN-SPEAKER:33801.9 VIRTUAL-SKIN-SPEAKER-SUB-0:32770.6 VIRTUAL-SKIN-SPEAKER-SUB-1:32801.9 charging_therm:36698 disp0_therm:31938 flash_therm:32865 north_therm:34086 quiet_therm:36056 rfpa_therm:35073 soc_therm:37346 usb_pwr_therm:31713 
07-04 18:17:28.245 I/pixel-thermal( 1688): VIRTUAL-SKIN-CPU-HIGH:33.5643 raw data: VIRTUAL-SKIN:33564.3 VIRTUAL-SKIN-CPU-HIGH:33564.3 
07-04 18:17:28.245 I/pixel-thermal( 1688): VIRTUAL-SKIN-SOC:33.5643 raw data: VIRTUAL-SKIN:33564.3 VIRTUAL-SKIN-SOC:33564.3 
07-04 18:17:28.245 I/pixel-thermal( 1688): VIRTUAL-SKIN-CPU-ODPM:33.5643 raw data: VIRTUAL-SKIN:33564.3 VIRTUAL-SKIN-CPU-ODPM:33564.3 
07-04 18:17:28.245 I/pixel-thermal( 1688): VIRTUAL-SKIN-CHARGE-WIRED:34.0643 raw data: NO_WLC:1 VIRTUAL-SKIN-CHARGE:34064.3 VIRTUAL-SKIN-CHARGE-WIRED:34064.3 VIRTUAL-SKIN-EQ:33564.3 WLC_CHECK:1 thb_hda:54 
07-04 18:17:28.246 I/pixel-thermal( 1688): VIRTUAL-SKIN-CHARGE-WIRED power_budget=3526.71 err=3.93571 s_power=2493 time_elapsed_ms=7039 p=1196.45 i=0 d=0 dt_per_min=-0.00651332 compensation=0 budget transient=0 control target=2 excluded power budget=162.746 (PARTIAL_SYSTEM_POWER: 1356.21 mW, cdev_weight: 0.120000)
07-04 18:17:28.246 I/pixel-thermal( 1688): VIRTUAL-SKIN-PREDICTION-MODEL: model_input: [34086.00 32865.00 37346.00 35073.00 36698.00 31938.00 31713.00 36056.00 33564.29 ]
07-04 18:17:28.246 I/native  ( 1688): I0000 00:00:1783181848.246769    1710 thermal_tflite_wrapper.cc:261] ThermalTfliteInvoke
07-04 18:17:28.250 I/pixel-thermal( 1688): VIRTUAL-SKIN-PREDICTION-MODEL: model_output: [33774.2 33825.7 33870.9 33920.5 33978.4 34034.6 34092.2 34156.1 34217 34272.5 ]
07-04 18:17:28.250 I/pixel-thermal( 1688): VIRTUAL-SKIN-PREDICTION-MODEL: predicted_value: [33774.2 33825.7 33870.9 33920.5 33978.4 34034.6 34092.2 34156.1 34217 34272.5 ]
07-04 18:17:28.251 I/pixel-thermal( 1688): STATS-UPDATOR:0 raw data: EXTREME-CONDITION-POWER-MONITOR-44C:0 EXTREME-CONDITION-POWER-MONITOR-45C:0 EXTREME-CONDITION-POWER-MONITOR-46C:0 EXTREME_WORKLOAD_ODPM:1356.21 STATS-UPDATOR:0 VIRTUAL-SKIN:33564.3 VIRTUAL-SKIN-44C:0 VIRTUAL-SKIN-45C:0 VIRTUAL-SKIN-46C:0 VIRTUAL-SKIN-PREDICTION-MODEL:33774.2 VT-FORECAST-30SEC-BACK:33639.4 VT-FORECAST-60SEC-BACK:33468.2 VT-FORECAST-ERROR-30SEC:75.1445 VT-FORECAST-ERROR-60SEC:-96.0625 VT-FORECAST-ERROR-NOW:209.957 VT-FORECAST-NOW:33774.2 charging_therm:36698 disp0_therm:31938 flash_therm:32865 north_therm:34086 quiet_therm:36056 rfpa_therm:35073 soc_therm:37346 usb_pwr_therm:31713 
07-04 18:17:28.251 I/pixel-thermal( 1688): VIRTUAL-SKIN-CHARGE-PERSIST:34.0643 raw data: VIRTUAL-SKIN-CHARGE:34064.3 VIRTUAL-SKIN-CHARGE-PERSIST:34064.3 
07-04 18:17:28.251 I/pixel-thermal( 1688): EARLY-WARNING-SENSOR:0 raw data: EARLY-EMERGENCY-WARNING-SENSOR:0 EARLY-SHUTDOWN-WARNING-SENSOR:0 EARLY-WARNING-SENSOR:0 VIRTUAL-SKIN-PREDICTION-MODEL:33774.2 VT-FORECAST-30SEC:33994.5 VT-FORECAST-60SEC:34248.7 
07-04 18:17:28.253 I/pixel-thermal( 1688): Successfully update cdev chg_mdis sysfs to 1
07-04 18:17:28.371 I/DownloadManager( 4955): DownloadManager$3.onProgress():537 Downloading __KLP_delight__fr-FR with size 10428141
07-04 18:17:28.406 W/libbinder.BackendUnifiedServiceManager( 6594): Thread Pool max thread count is 0. Cannot cache binder as linkToDeath cannot be implemented. serviceName: SurfaceFlingerAIDL
07-04 18:17:28.407 W/libbinder.BpBinder( 6594): Linking to death on android.gui.ISurfaceComposer but there are no threads (yet?) listening to incoming transactions. See ProcessState::startThreadPool and ProcessState::setThreadPoolMaxThreadCount. Generally you should setup the binder threadpool before other initialization steps.
07-04 18:17:28.408 W/libbinder.ProcessState( 6594): Extra binder thread started, but 0 threads requested. Do not use *startThreadPool when zero threads are requested.
07-04 18:17:28.621 I/DisplayDeviceRepository( 1795): Display device changed render timings: "Built-in Screen", renderFrameRate=120.00001, presentationDeadlineNanos=11500000, appVsyncOffsetNanos=6233332, frameRateOverrides=[]
07-04 18:17:28.679 I/WifiHAL ( 1211): Creating message to get link statistics; iface = 47
07-04 18:17:28.708 I/WifiHAL ( 1211): Getting cached scan results, iface handle = 0xb40000708bfa0950
07-04 18:17:28.708 E/WifiHAL ( 1211): Creating message to get cached scan results
07-04 18:17:28.711 I/WifiHAL ( 1211): In GetCachedScanResultsCommand::handleResponse
07-04 18:17:28.732 D/WifiHAL ( 1211): Start debug command: mType GET_FEATURE
07-04 18:17:28.732 I/WifiHAL ( 1211): CreateRequest mType = GET_FEATURE
07-04 18:17:28.732 D/WifiHAL ( 1211): In DebugCommand::handleResponse, mType:GET_FEATURE
07-04 18:17:28.732 D/WifiHAL ( 1211): len = 4, expected len = 4
07-04 18:17:28.885 I/adbd    ( 2198): adbd service requested 'shell,v2,TERM=dumb,raw:input tap 540 1900'
07-04 18:17:29.298 D/WindowOnBackDispatcher( 6496): setTopOnBackInvokedCallback (unwrapped): io.flutter.embedding.android.FlutterActivity$1@4ff461e
07-04 18:17:29.302 D/CoreBackPreview( 1795): Window{e1b40ca u0 com.kenleren.my_art_collection/com.kenleren.my_art_collection.MainActivity}: Setting back callback OnBackInvokedCallbackInfo{mCallback=android.window.IOnBackInvokedCallback$Stub$Proxy@a6406ad, mPriority=0, mIsAnimationCallback=true, mOverrideBehavior=0}
07-04 18:17:29.403 I/DownloadManager( 4955): DownloadManager$3.onProgress():537 Downloading __KLP_delight__fr-FR with size 14884646
07-04 18:17:30.408 I/DownloadManager( 4955): DownloadManager$3.onProgress():537 Downloading __KLP_delight__fr-FR with size 16415904
07-04 18:17:30.419 I/adbd    ( 2198): adbd service requested 'exec:screencap '-p''
07-04 18:17:30.423 D/ProfileInstaller( 6496): Installing profile for com.kenleren.my_art_collection
07-04 18:17:30.505 I/DownloadManager( 4955): DownloadManager$3.onProgress():537 Downloading __KLP_delight__fr-FR with size 16661844
07-04 18:17:30.549 I/XZDecompressTransform( 4955): XZDecompressTransform.wrapForRead():38 decompressing xz file android://com.google.android.inputmethod.latin/files/datadownload/shared/public/datadownloadfile_1751424296653_dee712aa3dc0df65f27216b05a372b8a3e0cddad#transform=xz
07-04 18:17:30.676 W/libbinder.BackendUnifiedServiceManager( 6610): Thread Pool max thread count is 0. Cannot cache binder as linkToDeath cannot be implemented. serviceName: SurfaceFlingerAIDL
07-04 18:17:30.677 W/libbinder.BpBinder( 6610): Linking to death on android.gui.ISurfaceComposer but there are no threads (yet?) listening to incoming transactions. See ProcessState::startThreadPool and ProcessState::setThreadPoolMaxThreadCount. Generally you should setup the binder threadpool before other initialization steps.
07-04 18:17:30.677 W/libbinder.ProcessState( 6610): Extra binder thread started, but 0 threads requested. Do not use *startThreadPool when zero threads are requested.
07-04 18:17:30.752 W/TracingMuxer( 1473): type=1400 audit(0.0:24539): avc:  denied  { write } for  name="traced_producer" dev="tmpfs" ino=1373 scontext=u:r:gxp_logging:s0 tcontext=u:object_r:traced_producer_socket:s0 tclass=sock_file permissive=0
07-04 18:17:31.039 I/ctjp    ( 2168): connectToGlassesApi before mutex
07-04 18:17:31.039 I/ctjp    ( 2168): connectToGlassesApi mutex acquired
07-04 18:17:31.039 D/ApiFactory( 2168): returning GlassesApi
07-04 18:17:31.039 E/GlassesApi( 2168): Unable to load GlassesApi implementation.
07-04 18:17:31.039 E/GlassesApi( 2168): com.google.android.glasses.sdk.ApiFactory$ClassLoadException: java.lang.ClassNotFoundException: GlassesCore is a stub.
07-04 18:17:31.039 E/GlassesApi( 2168): 	at com.google.android.glasses.sdk.ApiFactory.getObjectByApiMethodName(PG:41)
07-04 18:17:31.039 E/GlassesApi( 2168): 	at com.google.android.glasses.sdk.ApiFactory.getGlassesApi(PG:16)
07-04 18:17:31.039 E/GlassesApi( 2168): 	at com.google.android.glasses.sdk.GlassesApi$-CC.create(PG:4)
07-04 18:17:31.039 E/GlassesApi( 2168): 	at ctjp.e(PG:156)
07-04 18:17:31.039 E/GlassesApi( 2168): 	at ctjo.invokeSuspend(PG:29)
07-04 18:17:31.039 E/GlassesApi( 2168): 	at ctjo.a(PG:14)
07-04 18:17:31.039 E/GlassesApi( 2168): 	at ctjh.invokeSuspend(PG:42)
07-04 18:17:31.039 E/GlassesApi( 2168): 	at ctjh.invoke(PG:13)
07-04 18:17:31.039 E/GlassesApi( 2168): 	at gmfv.g(PG:3)
07-04 18:17:31.039 E/GlassesApi( 2168): 	at gmfq.b(PG:57)
07-04 18:17:31.039 E/GlassesApi( 2168): 	at gmkw.invokeSuspend(PG:24)
07-04 18:17:31.039 E/GlassesApi( 2168): 	at glrk.resumeWith(PG:11)
07-04 18:17:31.039 E/GlassesApi( 2168): 	at gmbc.run(PG:115)
07-04 18:17:31.039 E/GlassesApi( 2168): 	at fgtu.run(PG:3)
07-04 18:17:31.039 E/GlassesApi( 2168): 	at fiic.run(PG:17)
07-04 18:17:31.039 E/GlassesApi( 2168): 	at dhec.run(PG:5)
07-04 18:17:31.039 E/GlassesApi( 2168): 	at fryo.run(PG:46)
07-04 18:17:31.039 E/GlassesApi( 2168): 	at dhdo.run(PG:81)
07-04 18:17:31.039 E/GlassesApi( 2168): 	at java.lang.Thread.run(Thread.java:1572)
07-04 18:17:31.039 E/GlassesApi( 2168): 	at dhfd.run(PG:62)
07-04 18:17:31.039 E/GlassesApi( 2168): Caused by: java.lang.ClassNotFoundException: GlassesCore is a stub.
07-04 18:17:31.039 E/GlassesApi( 2168): 	at com.google.android.glasses.sdk.ApiFactory.getApiFactoryClass(PG:45)
07-04 18:17:31.039 E/GlassesApi( 2168): 	at com.google.android.glasses.sdk.ApiFactory.getObjectByApiMethodName(PG:1)
07-04 18:17:31.039 E/GlassesApi( 2168): 	... 19 more
07-04 18:17:31.040 W/ctjp    ( 2168): Failed to connect to GlassesApi
07-04 18:17:31.040 W/ctjp    ( 2168): java.lang.IllegalStateException: Failed to create GlassesApi
07-04 18:17:31.040 W/ctjp    ( 2168): 	at ctjp.e(PG:282)
07-04 18:17:31.040 W/ctjp    ( 2168): 	at ctjo.invokeSuspend(PG:29)
07-04 18:17:31.040 W/ctjp    ( 2168): 	at ctjo.a(PG:14)
07-04 18:17:31.040 W/ctjp    ( 2168): 	at ctjh.invokeSuspend(PG:42)
07-04 18:17:31.040 W/ctjp    ( 2168): 	at ctjh.invoke(PG:13)
07-04 18:17:31.040 W/ctjp    ( 2168): 	at gmfv.g(PG:3)
07-04 18:17:31.040 W/ctjp    ( 2168): 	at gmfq.b(PG:57)
07-04 18:17:31.040 W/ctjp    ( 2168): 	at gmkw.invokeSuspend(PG:24)
07-04 18:17:31.040 W/ctjp    ( 2168): 	at glrk.resumeWith(PG:11)
07-04 18:17:31.040 W/ctjp    ( 2168): 	at gmbc.run(PG:115)
07-04 18:17:31.040 W/ctjp    ( 2168): 	at fgtu.run(PG:3)
07-04 18:17:31.040 W/ctjp    ( 2168): 	at fiic.run(PG:17)
07-04 18:17:31.040 W/ctjp    ( 2168): 	at dhec.run(PG:5)
07-04 18:17:31.040 W/ctjp    ( 2168): 	at fryo.run(PG:46)
07-04 18:17:31.040 W/ctjp    ( 2168): 	at dhdo.run(PG:81)
07-04 18:17:31.040 W/ctjp    ( 2168): 	at java.lang.Thread.run(Thread.java:1572)
07-04 18:17:31.040 W/ctjp    ( 2168): 	at dhfd.run(PG:62)
07-04 18:17:31.040 I/ctjp    ( 2168): (REDACTED) delay retry by %s second(s)
07-04 18:17:31.041 I/adzq    ( 2168): Settings API module disconnected
07-04 18:17:31.041 I/adzq    ( 2168): Wear detection disabled, using connection status
07-04 18:17:31.240 I/adbd    ( 2198): adbd service requested 'shell,v2,TERM=dumb,raw:input keyevent BACK'
07-04 18:17:31.246 I/DownloadManager( 4955): DownloadManager$4.onSuccess():587 download for __KLP_delight__fr-FR is finished with files # sfo@6ed8b109
07-04 18:17:31.246 I/ForegroundDownloadTaskWorker( 4955): ForegroundDownloadTaskWorker$1.onSuccess():71 onSuccess
07-04 18:17:31.247 I/DataFileManager( 4955): DataFileManager.addDataWithoutNotify():188 adding data fr-FR mdd
07-04 18:17:31.247 I/DelightKLPDownloader( 4955): DelightKLPDownloader$2.onSuccess():233 klp fr_FR downloaded with version 2026011200
07-04 18:17:31.248 I/WM-WorkerWrapper( 4955): Worker result SUCCESS for Work [ id=4cfffd5e-a594-4fb2-853d-af734c1e08b2, class=com.google.android.libraries.inputmethod.mdd.ForegroundDownloadTaskWorker, tags={ com.google.android.libraries.inputmethod.mdd.ForegroundDownloadTaskWorker,foreground_download_work } ]
07-04 18:17:31.249 I/DelightKLPDownloader( 4955): DelightKLPDownloader$2.onSuccess():233 klp fr_FR downloaded with version 2026011200
07-04 18:17:31.434 D/WindowOnBackDispatcher( 6496): setTopOnBackInvokedCallback (unwrapped): android.app.Activity$$ExternalSyntheticLambda0@661ae09
07-04 18:17:31.437 D/CoreBackPreview( 1795): Window{e1b40ca u0 com.kenleren.my_art_collection/com.kenleren.my_art_collection.MainActivity}: Setting back callback OnBackInvokedCallbackInfo{mCallback=android.window.IOnBackInvokedCallback$Stub$Proxy@ec0f7bc, mPriority=-1, mIsAnimationCallback=false, mOverrideBehavior=0}
07-04 18:17:31.582 D/AOC     ( 1476): A3:MSG: controller.cc, 933: SysMem: ipc: C-F1-Ar, cmd ID: 0x00c8, tag: 0x93, rc: 0
07-04 18:17:31.583 D/AOC     ( 1476): A3:MSG: controller.cc, 933: SysMem: ipc: C-F1-Ar, cmd ID: 0x00c8, tag: 0x94, rc: 0
07-04 18:17:31.738 I/WifiHAL ( 1211): Creating message to get link statistics; iface = 47
07-04 18:17:31.768 I/WifiHAL ( 1211): Getting cached scan results, iface handle = 0xb40000708bfa0950
07-04 18:17:31.768 E/WifiHAL ( 1211): Creating message to get cached scan results
07-04 18:17:31.772 I/WifiHAL ( 1211): In GetCachedScanResultsCommand::handleResponse
07-04 18:17:31.791 D/WifiHAL ( 1211): Start debug command: mType GET_FEATURE
07-04 18:17:31.791 I/WifiHAL ( 1211): CreateRequest mType = GET_FEATURE
07-04 18:17:31.791 D/WifiHAL ( 1211): In DebugCommand::handleResponse, mType:GET_FEATURE
07-04 18:17:31.791 D/WifiHAL ( 1211): len = 4, expected len = 4
07-04 18:17:32.065 I/SP      ( 4955): <==== Finishing job {W:b:u:l, bg}, 5801 ms. elapsed since start
07-04 18:17:32.065 I/SP      ( 4955): Download stopped: spell_checker:fr_cpu_90518b88e394a02159f628921a68892d, succeeded, size: 13367022
07-04 18:17:32.236 I/adbd    ( 2198): adbd service requested 'shell,v2,TERM=dumb,raw:input tap 540 1725'
07-04 18:17:32.290 I/SP      ( 4955): Sync for spell_checker succeeded in 5998 ms: {added: [fr_cpu_90518b88e394a02159f628921a68892d], metadata: false
07-04 18:17:32.299 I/SP      ( 4955): GC for 'spell_checker' (10) with ttl of 0 ms took 0 ms (0/0/0)
07-04 18:17:32.299 I/SuperpacksManagerImpl( 4955): SuperpacksManagerImpl$19.onSyncSuccess():947 spell_checker.sync() succeeded
07-04 18:17:32.423 D/WindowOnBackDispatcher( 6496): setTopOnBackInvokedCallback (unwrapped): io.flutter.embedding.android.FlutterActivity$1@4ff461e
07-04 18:17:32.427 D/CoreBackPreview( 1795): Window{e1b40ca u0 com.kenleren.my_art_collection/com.kenleren.my_art_collection.MainActivity}: Setting back callback OnBackInvokedCallbackInfo{mCallback=android.window.IOnBackInvokedCallback$Stub$Proxy@53c60ee, mPriority=0, mIsAnimationCallback=true, mOverrideBehavior=0}
07-04 18:17:33.242 D/IpClient/wlan0( 3090): interfaceLinkStateChanged: ifindex 47 up
07-04 18:17:33.700 I/adbd    ( 2198): adbd service requested 'shell,v2,TERM=dumb,raw:input swipe 540 2180 540 300 800'
07-04 18:17:33.758 D/TemperatureStateSource( 3126): sequence=5813 actualDelay=10002
07-04 18:17:33.761 D/TemperatureStateSource( 3126): Reading temperature: sequence=5814
07-04 18:17:33.766 I/pixel-thermal( 1688): VIRTUAL-SKIN:33.5722 raw data: VIRTUAL-SKIN:33572.2 VIRTUAL-SKIN-EQ:33572.2 VIRTUAL-SKIN-LEGACY:33974.4 VIRTUAL-SKIN-LEGACY-MODEL-DIFF:390.469 VIRTUAL-SKIN-LEGACY-SHUTDOWN:0 VIRTUAL-SKIN-MODEL:33583.9 VIRTUAL-SKIN-MODEL-CLAMPED:33583.9 VIRTUAL-SKIN-MODEL-LEGACY-DIFF:-390.469 VIRTUAL-SKIN-MODEL-UPDATED:33572.2 VIRTUAL-SKIN-MODEL-UPPER-CLAMPED:33583.9 VIRTUAL-SKIN-SUB-0:33909.3 VIRTUAL-SKIN-SUB-1:33974.4 VIRTUAL-SKIN-SUB-2:33918.5 VIRTUAL-SKIN-SUB-3:33824 VIRTUAL-SKIN-SUB-4:33667.3 VIRTUAL-SKIN-SUB-5:33381.8 VIRTUAL-SKIN-SUB-6:33501 VIRTUAL-SKIN-SUB-7:33571.8 VT_LEGACY_WEIGHT:0 VT_MODEL_WEIGHT:1 charging_therm:37056 disp0_therm:31950 flash_therm:32838 north_therm:34612 quiet_therm:36272 rfpa_therm:35180 soc_therm:38059 usb_pwr_therm:31735 
07-04 18:17:33.767 D/TemperatureStateSource( 3126): getDeviceTemperatures: sequence=5814 deviceTemperatureType=3 temperatureSource=0 temperatures=[33.572155]
07-04 18:17:33.767 D/BusinessScope( 3126): Enqueuing the block
07-04 18:17:33.768 D/TemperatureStateSource( 3126): sequence=5814 waitTime=10000
07-04 18:17:33.768 D/BusinessScope( 3126): Start running the #14632 block
07-04 18:17:33.768 D/BusinessScope( 3126): Enqueuing the block
07-04 18:17:33.768 D/ImpulseStateSource( 3126): Notify clients: 7315
07-04 18:17:33.769 D/BusinessScope( 3126): Finish running the #14632 block
07-04 18:17:33.769 D/BusinessScope( 3126): Start running the #14633 block
07-04 18:17:33.769 D/BusinessScope( 3126): Finish running the #14633 block
07-04 18:17:33.911 I/pixel-thermal( 1688): soc_therm:38.059 raw data: soc_therm:38059 
07-04 18:17:33.911 I/pixel-thermal( 1688): VIRTUAL-USB-UI:0 raw data: USB-MINUS-CHARGING:-5321 VIRTUAL-USB-UI:0 charging_therm:37056 usb_pwr_therm:31735 
07-04 18:17:33.912 I/pixel-thermal( 1688): north_therm:34.612 raw data: north_therm:34612 
07-04 18:17:33.912 I/pixel-thermal( 1688): flash_therm:32.838 raw data: flash_therm:32838 
07-04 18:17:33.912 I/pixel-thermal( 1688): rfpa_therm:35.18 raw data: rfpa_therm:35180 
07-04 18:17:33.912 I/pixel-thermal( 1688): quiet_therm:36.272 raw data: quiet_therm:36272 
07-04 18:17:33.912 I/pixel-thermal( 1688): usb_pwr_therm:31.735 raw data: usb_pwr_therm:31735 
07-04 18:17:33.912 I/pixel-thermal( 1688): VIRTUAL-USB-THROTTLING:0 raw data: USB-MINUS-CHARGING:-5321 VIRTUAL-USB-THROTTLING:0 usb_pwr_therm:31735 
07-04 18:17:34.208 D/SatelliteController( 3281): isInCarrierRoamingNbIotNtn: satellite is disabled
07-04 18:17:34.210 D/SatelliteController( 3281): getCarrierRoamingNtnConnectType: Checking connect type from PLMN config for subId: 2
07-04 18:17:34.210 W/libbinder.IPCThreadState( 1795): Sending oneway calls to frozen process.
07-04 18:17:34.210 D/SatelliteController( 3281): getCarrierRoamingNtnConnectType: config: null
07-04 18:17:34.213 I/SHANNON_IMS( 3230): 5325 [PROX] Received onSignalStrengthsChanged [CellSignalStrengthLte: rssi=-69 rsrp=-99 rsrq=-10 rssnr=1 cqiTableIndex=1 cqi=14 ta=17 level=3 parametersUseForLevel=0] [SLID:1 APM:false] (ImsConnectivityProxyListener$ImsPhoneStateListener%onSignalStrengthsChanged:413)
07-04 18:17:34.215 D/SatelliteController( 3281): getCarrierRoamingNtnConnectType: Falling back to global carrier config connect type: 0
07-04 18:17:34.216 D/CellularQualityMonitor-1( 3712): Signal Strength Changed : SignalStrength:{mCdma=CellSignalStrengthCdma: cdmaDbm=2147483647 cdmaEcio=2147483647 evdoDbm=2147483647 evdoEcio=2147483647 evdoSnr=2147483647 level=0,mGsm=CellSignalStrengthGsm: rssi=2147483647 ber=2147483647 mTa=2147483647 mLevel=0,mWcdma=CellSignalStrengthWcdma: ss=2147483647 ber=2147483647 rscp=2147483647 ecno=2147483647 level=0,mTdscdma=CellSignalStrengthTdscdma: rssi=2147483647 ber=2147483647 rscp=2147483647 level=0,mLte=CellSignalStrengthLte: rssi=-69 rsrp=-99 rsrq=-10 rssnr=1 cqiTableIndex=1 cqi=14 ta=17 level=3 parametersUseForLevel=0,mNr=CellSignalStrengthNr:{ csiRsrp = 2147483647 csiRsrq = 2147483647 csiCqiTableIndex = 2147483647 csiCqiReport = [] ssRsrp = 2147483647 ssRsrq = 2147483647 ssSinr = 2147483647 level = 0 parametersUseForLevel = 0 timingAdvance = 2147483647 },primary=CellSignalStrengthLte}
07-04 18:17:34.216 D/SatelliteController( 3281): updateLastNotifiedCarrierRoamingNtnSignalStrengthAndNotify(2)
07-04 18:17:34.216 D/SatelliteController( 3281): updateLastNotifiedCarrierRoamingNtnSignalStrengthAndNotify(2) lastNotifiedSignalStrength level: 0
07-04 18:17:34.216 D/SatelliteController( 3281): updateLastNotifiedCarrierRoamingNtnSignalStrengthAndNotify(2) currSignalStrength level: 0
07-04 18:17:34.216 D/CellularQualityMonitor-1( 3712): CellSignalStrength Changed: CellSignalStrengthLte: rssi=-69 rsrp=-99 rsrq=-10 rssnr=1 cqiTableIndex=1 cqi=14 ta=17 level=3 parametersUseForLevel=0
