07-04 18:10:51.427 I/Lyric   ( 1134): camera_powerhal_impl.cc:204: CancelPowerBoost CAMERA_LAUNCH
07-04 18:10:51.427 I/Lyric   ( 1134): camera_powerhal_impl.cc:204: CancelPowerBoost CAMERA_THERMAL_SEVERE_BOOST
07-04 18:10:51.427 I/Lyric   ( 1134): camera_powerhal_impl.cc:204: CancelPowerBoost CAMERA_VIDEO_RECORDING
07-04 18:10:51.427 I/Lyric   ( 1134): camera_powerhal_impl.cc:204: CancelPowerBoost CAMERA_HIGH_PERFORMANCE_BOOST
07-04 18:10:51.427 I/Lyric   ( 1134): camera_powerhal_impl.cc:204: CancelPowerBoost CAMERA_LAUNCH_EXTENDED
07-04 18:10:51.427 I/Lyric   ( 1134): camera_powerhal_impl.cc:204: CancelPowerBoost CAMERA_BACKEND_BOOST
07-04 18:10:51.427 I/Lyric   ( 1134): camera_powerhal_impl.cc:204: CancelPowerBoost CAMERA_MULTICAM_BOOST
07-04 18:10:51.427 I/Lyric   ( 1134): device_context.cc:234: Closing camera FrontVirtual asynchronously
07-04 18:10:51.427 I/G3ACoordinator( 1134): coordinator.cc:1094: Coordinator NotifyCaptureSessionClose called for camera: {position: front, lens_type: multi_fov, spectrum: visible, instance: real, capability: {default_mode: 1, in_sensor_hdr: 1, remosaic: 0, max_resolution: 0}}
07-04 18:10:51.427 I/G3ACoordinator( 1134): coordinator.cc:1118: Coordinator AfNotifyCaptureSessionClose called for camera: {position: front, lens_type: multi_fov, spectrum: visible, instance: real, capability: {default_mode: 1, in_sensor_hdr: 1, remosaic: 0, max_resolution: 0}}
07-04 18:10:51.427 I/Lyric   ( 1134): generic_actuator_controller.cc:161: act-front-normal sampling intervals: (count=113, min=1.82828ms, max=5.69151ms, mean=4.97186ms, stddev=0.360144ms, skew=-5.7918, kurtosis=51.9209)
07-04 18:10:51.427 I/Lyric   ( 1134): device_context.cc:234: Closing camera Front asynchronously
07-04 18:10:51.427 I/G3ACoordinator( 1134): coordinator.cc:1139: Coordinator AsdNotifyCaptureSessionClose called for camera: {position: front, lens_type: multi_fov, spectrum: visible, instance: real, capability: {default_mode: 1, in_sensor_hdr: 1, remosaic: 0, max_resolution: 0}}
07-04 18:10:51.427 I/G3ACoordinator( 1134): coordinator.cc:1156: Coordinator AwbNotifyCaptureSessionClose called for camera: {position: front, lens_type: multi_fov, spectrum: visible, instance: real, capability: {default_mode: 1, in_sensor_hdr: 1, remosaic: 0, max_resolution: 0}}
07-04 18:10:51.427 I/G3ACoordinator( 1134): coordinator.cc:1073: Coordinator::NotifyCaptureSessionClose called for camera: {position: front, lens_type: multi_fov, spectrum: visible, instance: real, capability: {default_mode: 1, in_sensor_hdr: 1, remosaic: 0, max_resolution: 0}}
07-04 18:10:51.427 I/Lyric   ( 1134): focus_lens_actuator_driver_impl_base.cc:980: act-front-normal Event thread is disabled
07-04 18:10:51.427 I/Lyric   ( 1134): focus_lens_actuator_driver_impl_base.cc:989: act-front-normal: Total events dequeued: 58, failed events: 0
07-04 18:10:51.427 I/G3ACoordinator( 1134): coordinator.cc:1073: Coordinator::NotifyCaptureSessionClose called for camera: {position: front, lens_type: multi_fov, spectrum: visible, instance: real, capability: {default_mode: 1, in_sensor_hdr: 1, remosaic: 0, max_resolution: 0}}
07-04 18:10:51.427 I/Lyric   ( 1134): motion_sensor_reader.cc:64: accelerometer sampling intervals: (count=111, min=4.97693ms, max=5.05018ms, mean=5.02117ms, stddev=0.0116205ms, skew=-0.289223, kurtosis=4.52861)
07-04 18:10:51.430 I/Lyric   ( 1134): direct_channel_motion_sensor_data_streamer.cc:616: accelerometer resource released.
07-04 18:10:51.430 I/Lyric   ( 1134): motion_sensor_reader.cc:64: gravity sampling intervals: (count=111, min=4.97693ms, max=5.05018ms, mean=5.02117ms, stddev=0.0116205ms, skew=-0.289223, kurtosis=4.52861)
07-04 18:10:51.438 W/Lyric   ( 1134): device_context.cc:418: NotifyCaptureSessionClose: No OisController found for physical camera FrontVirtual. Status: NOT_FOUND: Failed to find controller by type and camera id(FrontVirtual); Controller with ID: optical image stabilization controller for camera: FrontVirtual not present in device_context
07-04 18:10:51.438 W/Lyric   ( 1134): device_context.cc:418: NotifyCaptureSessionClose: No OisController found for physical camera Front. Status: NOT_FOUND: Failed to find controller by type and camera id(Front); Controller with ID: optical image stabilization controller for camera: Front not present in device_context
07-04 18:10:51.438 I/Lyric   ( 1134): camera_latency_analyzer.cc:98: [CLA] Cam1-Close
07-04 18:10:51.439 I/Lyric   ( 1134): camera_latency_analyzer.cc:100: [CLA] (Cam1-Close) Flush latency: 19.4026
07-04 18:10:51.439 I/Lyric   ( 1134): camera_latency_analyzer.cc:100: [CLA] (Cam1-Close) <-- IDLE --> latency: 0.965416
07-04 18:10:51.439 I/Lyric   ( 1134): camera_latency_analyzer.cc:100: [CLA] (Cam1-Close) Close latency: 44.127
07-04 18:10:51.439 I/Lyric   ( 1134): camera_latency_analyzer.cc:100: [CLA] (Cam1-Close) Overall latency: 64.5061
07-04 18:10:51.439 I/Lyric   ( 1134): camera_latency_analyzer.cc:100: [CLA] (Cam1-Close) HAL Total latency: 63.5253
07-04 18:10:51.441 V/WindowManager( 1795): WindowManager: Display id=0 is notified that Camera 1 is closed.
07-04 18:10:51.441 W/WindowManager( 1795): WindowManager: Camera closed but cannot find the app which had it opened.
07-04 18:10:51.442 I/Lyric   ( 1134): spectral_driver.cc:182: Changed als mode from 1 to 2 for sensor: rear with new id: 1491
07-04 18:10:51.444 I/Lyric   ( 1134): direct_channel_motion_sensor_data_streamer.cc:616: gravity resource released.
07-04 18:10:51.444 I/Lyric   ( 1134): motion_sensor_reader.cc:64: gyroscope sampling intervals: (count=115, min=4.97693ms, max=5.05018ms, mean=5.0213ms, stddev=0.0118325ms, skew=-0.303801, kurtosis=4.27532)
07-04 18:10:51.445 I/Lyric   ( 1134): time_triggered_task_pool.cc:79: Timer is removed: TTTP[0,0]
07-04 18:10:51.453 I/Lyric   ( 1134): spectral_driver.cc:182: Changed als mode from 1 to 2 for sensor: front with new id: 1492
07-04 18:10:51.454 I/Lyric   ( 1134): direct_channel_motion_sensor_data_streamer.cc:616: gyroscope resource released.
07-04 18:10:52.050 I/Lyric   ( 1134): spectral_driver.cc:511: Flicker sampling has been disabled.
07-04 18:10:52.699 V/DisplayPowerController[0]( 1795): Brightness [0.048341013] reason changing to: 'automatic [ dim ]', previous reason: 'automatic'.
07-04 18:10:52.699 I/DisplayPowerController[0]( 1795): BrightnessEvent: brt=0.048341013(67.0%), nits=108.669304, lux=708.8508, reason=automatic [ dim ], strat=AutomaticBrightnessStrategy, state=ON, stateReason=KEY, policy=DIM, flags=, initBrt=0.08834101, rcmdBrt=0.08834101, preBrt=0.057456404, preLux=405.29428, lastReadLux=429.5686, wasShortTermModelActive=false, autoBrightness=true (default), unclampedBrt=0.08834101, hbmMax=0.26870257, hbmMode=off, thrmMax=1.0, rbcStrength=0, powerFactor=1.0, physDisp=Built-in Screen(local:4619827452008645888), logicalId=0, slowChange=false, rampSpeed=0.7047244
07-04 18:10:52.702 W/PowerManagerService( 1795): Screen on took 24247 ms
07-04 18:10:52.835 W/AppOps  ( 1795): Noting op not finished: uid 10162 pkg com.google.android.gms code 113 startTime of in progress event=1783181428514
07-04 18:10:52.845 W/AppOps  ( 1795): Noting op not finished: uid 10162 pkg com.google.android.gms code 79 startTime of in progress event=1783181428514
07-04 18:10:52.852 W/AppOps  ( 1795): Noting op not finished: uid 10162 pkg com.google.android.gms code 79 startTime of in progress event=1783181428514
07-04 18:10:52.859 W/AppOps  ( 1795): Noting op not finished: uid 10376 pkg com.google.android.apps.fitness code 79 startTime of in progress event=1783181402984
07-04 18:10:53.839 W/AppOps  ( 1795): Noting op not finished: uid 10162 pkg com.google.android.gms code 113 startTime of in progress event=1783181428514
07-04 18:10:53.840 W/AppOps  ( 1795): Noting op not finished: uid 10376 pkg com.google.android.apps.fitness code 79 startTime of in progress event=1783181402984
07-04 18:10:55.887 D/ActivityManager( 1795): freezing 3811 com.google.android.euicc
07-04 18:10:58.709 I/PowerGroup( 1795): Napping power group (groupId=0, uid=1000)...
07-04 18:10:58.709 I/PowerGroup( 1795): dreamManagerAttemptedDozing status changed to false for group 0
07-04 18:10:58.710 I/PowerManagerService( 1795): Nap time (uid 1000)...
07-04 18:10:58.712 I/DreamManagerService( 1795): Entering dreamland.
07-04 18:10:58.717 I/PowerManagerService( 1795): Dreaming...
07-04 18:10:58.723 W/ProcessStats( 1795): Tracking association SourceState{408b75 com.android.systemui/10270 ImpFg #221810} whose proc state 5 is better than process ProcessState{724a3f8 com.google.android.apps.dreamliner/10131 pkg=com.google.android.apps.dreamliner} proc state 14 (2 skipped)
07-04 18:10:58.724 D/BackgroundInstallControlService( 1795): Package event received: 0
07-04 18:10:58.725 D/BackgroundInstallControlService( 1795): Package event received: 0
07-04 18:10:58.783 I/DreamController( 1795): Starting dream: name=ComponentInfo{com.google.assistant.hubui/com.google.assistant.hubui.dream.PersonalPhotoDreamService}, isPreviewMode=false, canDoze=false, userId=0, reason='power manager request'
07-04 18:10:58.802 D/BackgroundInstallControlService( 1795): Package event received: 0
07-04 18:10:58.817 D/ActivityManager( 1795): sync unfroze 23613 com.google.assistant.hubui:search for 6
07-04 18:10:58.839 D/BackgroundInstallControlService( 1795): Package event received: 0
07-04 18:10:58.850 D/BackgroundInstallControlService( 1795): Package event received: 0
07-04 18:10:58.880 W/Looper  ( 1795): Slow dispatch took 160ms android.fg app=system_server main=false group=FOREGROUND h=com.android.server.dreams.DreamManagerService$DreamHandler c=android.os.PowerManager$WakeLock$$ExternalSyntheticLambda1@9c58a13 m=0
07-04 18:10:59.021 D/BackgroundInstallControlService( 1795): Package event received: 0
07-04 18:10:59.030 W/ActivityTaskManager( 1795): callingPackage for (uid=1000, pid=0) has no WPC
07-04 18:10:59.065 V/ActivityTaskManager( 1795): TaskLaunchParamsModifier: phase=3 task=Task{c28c267 #9911 type=dream A=10176:android:com.google.assistant.hubui/dream} activity=ActivityRecord{24110630 u0 com.google.assistant.hubui/android.service.dreams.DreamActivity t-1} display-from-option=0 display-id=0 task-display-area-windowing-mode=1 suggested-display-area=DefaultTaskDisplayArea@28652685 inherit-from-task=fullscreen non-freeform-task-display-area display-area=DefaultTaskDisplayArea@28652685 skip-bounds-fullscreen
07-04 18:10:59.065 I/ActivityTaskManager( 1795): START u0 {flg=0x10040000 pkg=com.google.assistant.hubui cmp=com.google.assistant.hubui/android.service.dreams.DreamActivity (has extras)} with LAUNCH_MULTIPLE from uid 10176 (com.google.assistant.hubui) (realCallingUid=1000) (BAL_ALLOW_ALLOWLISTED_UID [realCaller]) result code=0
07-04 18:10:59.069 V/WindowManagerShell( 2967): Transition requested (#1738): android.os.BinderProxy@5a43fe6 TransitionRequestInfo { type = OPEN, triggerTask = TaskInfo{userId=0 taskId=9911 effectiveUid=10176 displayId=0 isRunning=true baseIntent=Intent { flg=0x188c0000 pkg=com.google.assistant.hubui cmp=com.google.assistant.hubui/android.service.dreams.DreamActivity } baseActivity=ComponentInfo{com.google.assistant.hubui/android.service.dreams.DreamActivity} topActivity=ComponentInfo{com.google.assistant.hubui/android.service.dreams.DreamActivity} origActivity=null realActivity=ComponentInfo{com.google.assistant.hubui/android.service.dreams.DreamActivity} realActivityIsAppLockEnabled=false numActivities=1 lastActiveTime=104561592 supportsMultiWindow=true resizeMode=2 isResizeable=true minWidth=-1 minHeight=-1 defaultMinSize=220 token=WCT{android.os.BinderProxy@44b7927} topActivityType=5 pictureInPictureParams=null shouldDockBigOverlays=false launchIntoPipHostTaskId=-1 lastParentTaskIdBeforePip=-1 displayCutoutSafeInsets=Rect(0, 161 - 0, 0) topActivityInfo=ActivityInfo{e36a7d4 android.service.dreams.DreamActivity} launchCookies=[] positionInParent=Point(0, 0) parentTaskId=-1 isFocused=false isVisible=false isVisibleRequested=false isTopActivityNoDisplay=false isSleeping=false locusId=null displayAreaFeatureId=1 isTopActivityTransparent=false isActivityStackTransparent=false lastNonFullscreenBounds=null leafTaskBoundsFromOptions= false capturedLink=null capturedLinkTimestamp=0 requestedVisibleTypes=503 topActivityRequestOpenInBrowserEducationTimestamp=0 appCompatTaskInfo=AppCompatTaskInfo { topActivityInSizeCompat=false isLeafTask= true eligibleForLetterboxEducation= false isLetterboxEducationEnabled= false isLetterboxDoubleTapEnabled= false eligibleForUserAspectRatioButton= false topActivityBoundsLetterboxed= false isFromLetterboxDoubleTap= false topActivityLetterboxVerticalPosition= -1 topActivityLetterboxHorizontalPosition= -1 topActivityLetterboxWidth=-1 topActivityLetterboxHeight=-1 topActivityAppBounds=Rect(0, 0 - 1080, 2404) isUserFullscreenOverrideEnabled=false isSystemFullscreenOverrideEnabled=false hasMinAspectRatioOverride=false topActivityLetterboxBounds=null topNonResizableActivityAspectRatio=-1.0} topActivityMainWindowFrame=null isAppBubble=false}, pipChange = null, remoteTransitionInfo = null, displayChange = null, requestedLocation = null, userChange = null, windowingLayerChange = null, fullscreenRequestChange = null, flags = 0, debugId = 1738 }
07-04 18:10:59.069 D/ShellSplitScreen( 2967): logExit: no-op, mLoggerSessionId is null
07-04 18:10:59.069 V/ShellDesktopMode( 2967): DesktopTasksController: skipping handleRequest reason=triggerTask's display doesn't support desktop mode
07-04 18:10:59.074 W/TransitionChain( 1795): Combining kgOccludeChg into #1738(OPEN|R|0x0) from startAct
07-04 18:10:59.075 D/Bubbles ( 2967): BubbleTaskStackListener.onTaskMovedToFront(): taskId=9911
07-04 18:10:59.077 D/BackgroundInstallControlService( 1795): Package event received: 0
07-04 18:10:59.078 D/BackgroundInstallControlService( 1795): Package event received: 0
07-04 18:10:59.078 D/BackgroundInstallControlService( 1795): Package event received: 0
07-04 18:10:59.080 D/BackgroundInstallControlService( 1795): Package event received: 0
07-04 18:10:59.081 D/BackgroundInstallControlService( 1795): Package event received: 0
07-04 18:10:59.081 D/BackgroundInstallControlService( 1795): Package event received: 0
07-04 18:10:59.082 I/DisplayDeviceRepository( 1795): Display device changed render timings: "Built-in Screen", renderFrameRate=120.00001, presentationDeadlineNanos=11500000, appVsyncOffsetNanos=6233332, frameRateOverrides=[{uid=10253 frameRateHz=120.00001}, {uid=10270 frameRateHz=120.00001}, {uid=10326 frameRateHz=120.00001}]
07-04 18:10:59.083 D/ActivityManager( 1795): sync unfroze 5342 com.google.android.apps.youtube.music for 6
07-04 18:10:59.089 D/ActivityManager( 1795): sync unfroze 19110 com.google.android.youtube for 6
07-04 18:10:59.090 D/InsetsController(23613): Setting requestedVisibleTypes to 240 (was 503)
07-04 18:10:59.092 W/JobServiceContext( 1795): Sending onNetworkChanged for a job that isn't started. JobStatus{5015f11 androidx.work.systemjobscheduler:u0a203/9512 #des_dispatch_all_task#@androidx.work.systemjobscheduler@com.google.android.apps.youtube.music/androidx.work.impl.background.systemjob.SystemJobService u=0 s=10203 TIME=-14s70ms:none NET READY}
07-04 18:10:59.093 W/JobServiceContext( 1795): Sending onNetworkChanged for a job that isn't started. JobStatus{4b2d876 androidx.work.systemjobscheduler:u0a232/26955 #des_dispatch_all_task#@androidx.work.systemjobscheduler@com.google.android.youtube/androidx.work.impl.background.systemjob.SystemJobService u=0 s=10232 TIME=-14s89ms:none NET READY}
07-04 18:10:59.097 D/ActivityThread( 5342): Package [com.kenleren.my_art_collection] reported as REPLACED, but missing application info. Assuming REMOVED.
07-04 18:10:59.098 D/ActivityThread( 5342): Package [com.kenleren.my_art_collection] reported as REPLACED, but missing application info. Assuming REMOVED.
07-04 18:10:59.098 D/CoreBackPreview( 1795): Window{89424d6 u0 com.google.assistant.hubui/android.service.dreams.DreamActivity}: Setting back callback OnBackInvokedCallbackInfo{mCallback=android.window.IOnBackInvokedCallback$Stub$Proxy@785b862, mPriority=-1, mIsAnimationCallback=false, mOverrideBehavior=0}
07-04 18:10:59.116 D/ActivityThread(19110): Package [com.kenleren.my_art_collection] reported as REPLACED, but missing application info. Assuming REMOVED.
07-04 18:10:59.119 V/ShellTaskOrganizer( 2967): Task appeared taskId=9910 listener=FullscreenTaskListener
07-04 18:10:59.119 V/ShellTaskOrganizer( 2967): Fullscreen Task Appeared: #9910
07-04 18:10:59.120 V/DisplayPowerController[0]( 1795): Brightness [0.08834101] reason changing to: 'automatic', previous reason: 'automatic [ dim ]'.
07-04 18:10:59.120 I/DisplayPowerController[0]( 1795): BrightnessEvent: brt=0.08834101(79.0%), nits=197.63953, lux=708.8508, reason=automatic, strat=AutomaticBrightnessStrategy, state=ON, stateReason=KEY, policy=BRIGHT, flags=, initBrt=0.048341013, rcmdBrt=0.08834101, preBrt=0.057456404, preLux=405.29428, lastReadLux=470.7347, wasShortTermModelActive=false, autoBrightness=true (default), unclampedBrt=0.08834101, hbmMax=0.26870257, hbmMode=off, thrmMax=1.0, rbcStrength=0, powerFactor=1.0, physDisp=Built-in Screen(local:4619827452008645888), logicalId=0, slowChange=false, rampSpeed=0.7047244
07-04 18:10:59.123 V/WindowManagerShell( 2967): onTransitionReady(transaction=7709466577190)
07-04 18:10:59.124 V/WindowManagerShell( 2967): onTransitionReady (#1738) android.os.BinderProxy@5a43fe6: {id=1738 t=OPEN f=0x0 trk=0 r=[0@Point(0, 0)] c=[
07-04 18:10:59.124 V/WindowManagerShell( 2967):         {m=TO_FRONT f=NONE leash=Surface(name=Task=9910#18783)/@0x96c80c3 sb=Rect(0, 0 - 1080, 2404) eb=Rect(0, 0 - 1080, 2404) epz=Point(1080, 2404) d=0 taskParent=-1 winMode=1 userId=0},
07-04 18:10:59.124 V/WindowManagerShell( 2967):         {m=TO_BACK f=NONE leash=Surface(name=Task=9909#18762)/@0xc406d40 sb=Rect(0, 0 - 1080, 2404) eb=Rect(0, 0 - 1080, 2404) epz=Point(1080, 2404) d=0 taskParent=-1 winMode=1 userId=0}
07-04 18:10:59.124 V/WindowManagerShell( 2967):     ]}
07-04 18:10:59.124 V/ShellDesktopMode( 2967): DesktopModeLogger: taskInfo map after processing changes 0
07-04 18:10:59.124 D/ShellDesktopMode( 2967): DesktopTaskChangeListener: onTaskMovingToBack for taskId=9909, displayId=0 - desktop not supported
07-04 18:10:59.124 D/ShellDesktopMode( 2967): DesktopTaskChangeListener: onTaskMovingToFront for taskId=9910, displayId=0 - desktop not supported
07-04 18:10:59.124 V/WindowManagerShell( 2967): Playing animation for (#1738) android.os.BinderProxy@5a43fe6@0
07-04 18:10:59.124 D/ShellSplitScreen( 2967): startAnimation: transition=1738 isSplitActive=false
07-04 18:10:59.124 V/ShellRecents( 2967): RecentsTransitionHandler.startAnimation: no controller found
07-04 18:10:59.124 V/ShellDesktopMode( 2967): DesktopMixedTransitionHandler: No pending desktop transition
07-04 18:10:59.124 V/WindowManagerShell( 2967): Transition doesn't have explicit remote, search filters for match for {id=1738 t=OPEN f=0x0 trk=0 r=[0@Point(0, 0)] c=[{m=TO_FRONT f=NONE leash=Surface(name=Task=9910#18783)/@0x96c80c3 sb=Rect(0, 0 - 1080, 2404) eb=Rect(0, 0 - 1080, 2404) epz=Point(1080, 2404) d=0 taskParent=-1 winMode=1 userId=0},{m=TO_BACK f=NONE leash=Surface(name=Task=9909#18762)/@0xc406d40 sb=Rect(0, 0 - 1080, 2404) eb=Rect(0, 0 - 1080, 2404) epz=Point(1080, 2404) d=0 taskParent=-1 winMode=1 userId=0}]}
07-04 18:10:59.124 V/WindowManagerShell( 2967):  Checking filter Pair{{types=[] flags=0x0] notFlags=0x0 checks=[{atype=undefined independent=true modes=[CLOSE,TO_BACK] flags=IN_TASK_WITH_EMBEDDED_ACTIVITY mustBeTask=false order=ANY topActivity=null launchCookie=null taskFragmentToken=android.os.BinderProxy@61b7bee windowingMode=undefined isCrossDisplayMove=false}]} RemoteTransition { remoteTransition = android.window.IRemoteTransition$Stub$Proxy@18a788f, appThread = android.app.IApplicationThread$Stub$Proxy@64b171c, debugName = overlayBackTransition, filter = null }}
07-04 18:10:59.124 V/WindowManagerShell( 2967):  Checking filter Pair{{types=[] flags=0x0] notFlags=0x0 checks=[{atype=dream independent=true modes=[OPEN,TO_FRONT] flags=NONE mustBeTask=false order=ANY topActivity=null launchCookie=null windowingMode=undefined isCrossDisplayMove=false},{atype=home independent=true modes=[CLOSE,TO_BACK] flags=NONE mustBeTask=false order=ANY topActivity=null launchCookie=null windowingMode=undefined isCrossDisplayMove=false}]} RemoteTransition { remoteTransition = android.window.IRemoteTransition$Stub$Proxy@aab8f25, appThread = android.app.IApplicationThread$Stub$Proxy@c4768fa, debugName = LauncherToDream, filter = null }}
07-04 18:10:59.124 V/WindowManagerShell( 2967):  Checking filter Pair{{types=[] flags=0x0] notFlags=0x0 checks=[{atype=standard independent=false modes=[CHANGE] flags=NONE mustBeTask=true order=ANY topActivity=null launchCookie=null windowingMode=undefined isCrossDisplayMove=true}]} RemoteTransition { remoteTransition = android.window.IRemoteTransition$Stub$Proxy@7c00eab, appThread = android.app.IApplicationThread$Stub$Proxy@4808908, debugName = QuickstepDisplayMove, filter = null }}
07-04 18:10:59.125 V/WindowManagerShell( 2967):  Checking filter Pair{{types=[] flags=0x0] notFlags=0x100 checks=[{atype=home independent=true modes=[OPEN,TO_FRONT] flags=NONE mustBeTask=false order=ANY topActivity=ComponentInfo{com.google.android.apps.nexuslauncher/com.google.android.apps.nexuslauncher.NexusLauncherActivity} launchCookie=null windowingMode=undefined isCrossDisplayMove=false},{atype=standard independent=true modes=[CLOSE,TO_BACK] flags=NONE mustBeTask=false order=ANY topActivity=null launchCookie=null windowingMode=undefined isCrossDisplayMove=false},{NOT atype=undefined independent=true modes=[] flags=NONE mustBeTask=true order=ANY topActivity=null launchCookie=null customAnim=true windowingMode=undefined isCrossDisplayMove=false}]} RemoteTransition { remoteTransition = android.window.IRemoteTransition$Stub$Proxy@8aaf8a1, appThread = android.app.IApplicationThread$Stub$Proxy@6131ac6, debugName = QuickstepLaunchHome, filter = null }}
07-04 18:10:59.125 V/WindowManagerShell( 2967):  Checking filter Pair{{types=[OPEN,TO_FRONT] flags=0x0] notFlags=0x0 checks=[{atype=standard independent=true modes=[OPEN,TO_FRONT] flags=NONE mustBeTask=true order=ANY topActivity=null launchCookie=null windowingMode=freeform isCrossDisplayMove=false}]} RemoteTransition { remoteTransition = android.window.IRemoteTransition$Stub$Proxy@36eea87, appThread = null, debugName = DesktopWindowLimitUnminimize, filter = null }}
07-04 18:10:59.125 V/WindowManagerShell( 2967):  Delegate animation for (#1738) to null
07-04 18:10:59.125 V/WindowManagerShell( 2967): start default transition animation, info = {id=1738 t=OPEN f=0x0 trk=0 r=[0@Point(0, 0)] c=[{m=TO_FRONT f=NONE leash=Surface(name=Task=9910#18783)/@0x96c80c3 sb=Rect(0, 0 - 1080, 2404) eb=Rect(0, 0 - 1080, 2404) epz=Point(1080, 2404) d=0 taskParent=-1 winMode=1 userId=0},{m=TO_BACK f=NONE leash=Surface(name=Task=9909#18762)/@0xc406d40 sb=Rect(0, 0 - 1080, 2404) eb=Rect(0, 0 - 1080, 2404) epz=Point(1080, 2404) d=0 taskParent=-1 winMode=1 userId=0}]}
07-04 18:10:59.125 V/WindowManagerShell( 2967): loadAnimation: anim=android.view.animation.AlphaAnimation@90c661f animAttr=0x1d type=OPEN isEntrance=false
07-04 18:10:59.133 V/WindowManager( 1795): Sent Transition (#1738) createdAt=07-04 18:10:59.049 via request=TransitionRequestInfo { type = OPEN, triggerTask = TaskInfo{userId=0 taskId=9911 effectiveUid=10176 displayId=0 isRunning=true baseIntent=Intent { flg=0x188c0000 pkg=com.google.assistant.hubui cmp=com.google.assistant.hubui/android.service.dreams.DreamActivity } baseActivity=ComponentInfo{com.google.assistant.hubui/android.service.dreams.DreamActivity} topActivity=ComponentInfo{com.google.assistant.hubui/android.service.dreams.DreamActivity} origActivity=null realActivity=ComponentInfo{com.google.assistant.hubui/android.service.dreams.DreamActivity} realActivityIsAppLockEnabled=false numActivities=1 lastActiveTime=104561592 supportsMultiWindow=true resizeMode=2 isResizeable=true minWidth=-1 minHeight=-1 defaultMinSize=220 token=WCT{RemoteToken{6117074 Task{c28c267 #9911 type=dream A=10176:android:com.google.assistant.hubui/dream}}} topActivityType=5 pictureInPictureParams=null shouldDockBigOverlays=false launchIntoPipHostTaskId=-1 lastParentTaskIdBeforePip=-1 displayCutoutSafeInsets=Rect(0, 161 - 0, 0) topActivityInfo=ActivityInfo{368699d android.service.dreams.DreamActivity} launchCookies=[] positionInParent=Point(0, 0) parentTaskId=-1 isFocused=false isVisible=false isVisibleRequested=false isTopActivityNoDisplay=false isSleeping=false locusId=null displayAreaFeatureId=1 isTopActivityTransparent=false isActivityStackTransparent=false lastNonFullscreenBounds=null leafTaskBoundsFromOptions= false capturedLink=null capturedLinkTimestamp=0 requestedVisibleTypes=503 topActivityRequestOpenInBrowserEducationTimestamp=0 appCompatTaskInfo=AppCompatTaskInfo { topActivityInSizeCompat=false isLeafTask= true eligibleForLetterboxEducation= false isLetterboxEducationEnabled= false isLetterboxDoubleTapEnabled= false eligibleForUserAspectRatioButton= false topActivityBoundsLetterboxed= false isFromLetterboxDoubleTap= false topActivityLetterboxVerticalPosition= -1 topActivityLetterboxHorizontalPosition= -1 topActivityLetterboxWidth=-1 topActivityLetterboxHeight=-1 topActivityAppBounds=Rect(0, 0 - 1080, 2404) isUserFullscreenOverrideEnabled=false isSystemFullscreenOverrideEnabled=false hasMinAspectRatioOverride=false topActivityLetterboxBounds=null topNonResizableActivityAspectRatio=-1.0} topActivityMainWindowFrame=null isAppBubble=false}, pipChange = null, remoteTransitionInfo = null, displayChange = null, requestedLocation = null, userChange = null, windowingLayerChange = null, fullscreenRequestChange = null, flags = 0, debugId = 1738 }
07-04 18:10:59.133 V/WindowManager( 1795):     startWCT=WindowContainerTransaction { changes= {} hops= [] flags= 0 errorCallbackToken=null taskFragmentOrganizer=null }
07-04 18:10:59.133 V/WindowManager( 1795):     info={id=1738 t=OPEN f=0x0 trk=0 r=[0@Point(0, 0)] c=[
07-04 18:10:59.133 V/WindowManager( 1795):         {WCT{RemoteToken{10fe12 Task{b405814 #9910 type=dream}}} m=TO_FRONT f=NONE leash=Surface(name=Task=9910#18783)/@0xa8aa861 sb=Rect(0, 0 - 1080, 2404) eb=Rect(0, 0 - 1080, 2404) epz=Point(1080, 2404) d=0 taskParent=-1 winMode=1 userId=0},
07-04 18:10:59.133 V/WindowManager( 1795):         {WCT{RemoteToken{d6f0418 Task{fef66f7 #9909 type=standard I=com.kenleren.my_art_collection/.MainActivity}}} m=TO_BACK f=NONE leash=Surface(name=Task=9909#18762)/@0x6ce098a sb=Rect(0, 0 - 1080, 2404) eb=Rect(0, 0 - 1080, 2404) epz=Point(1080, 2404) d=0 taskParent=-1 winMode=1 userId=0}
07-04 18:10:59.133 V/WindowManager( 1795):     ]}
07-04 18:10:59.134 D/InsetsController( 2967): Setting requestedVisibleTypes to 240 (was 503)
07-04 18:10:59.136 V/WindowManagerShell( 2967): loadAnimation: anim=android.view.animation.AlphaAnimation@bcdc1cc animAttr=0x1c type=OPEN isEntrance=true
07-04 18:10:59.136 V/WindowManagerShell( 2967):  animated by com.android.wm.shell.transition.DefaultTransitionHandler@6fab825
07-04 18:10:59.164 I/DisplayDeviceRepository( 1795): Display device changed render timings: "Built-in Screen", renderFrameRate=120.00001, presentationDeadlineNanos=11500000, appVsyncOffsetNanos=6233332, frameRateOverrides=[{uid=10176 frameRateHz=120.00001}, {uid=10253 frameRateHz=120.00001}, {uid=10270 frameRateHz=120.00001}, {uid=10326 frameRateHz=120.00001}]
07-04 18:10:59.175 D/ActivityThread(19110): Package [com.kenleren.my_art_collection] reported as REPLACED, but missing application info. Assuming REMOVED.
07-04 18:10:59.181 D/InsetsController(23613): hide(ime())
07-04 18:10:59.183 W/PackageConfigPersister( 1795): App-specific configuration not found for packageName: com.google.assistant.hubui and userId: 0
07-04 18:10:59.261 W/JobScheduler( 1795): Job didn't exist in JobStore: 5015f11 {androidx.work.systemjobscheduler} #u0a203/9512 #des_dispatch_all_task#@androidx.work.systemjobscheduler@com.google.android.apps.youtube.music/androidx.work.impl.background.systemjob.SystemJobService
07-04 18:10:59.309 W/JobScheduler( 1795): Job didn't exist in JobStore: 4b2d876 {androidx.work.systemjobscheduler} #u0a232/26955 #des_dispatch_all_task#@androidx.work.systemjobscheduler@com.google.android.youtube/androidx.work.impl.background.systemjob.SystemJobService
07-04 18:10:59.397 V/WindowManagerShell( 2967): Transition animation finished (aborted=false), notifying core (#1738) android.os.BinderProxy@5a43fe6@0
07-04 18:10:59.398 V/WindowManager( 1795): Finish Transition (#1738): created at 07-04 18:10:59.049 collect-started=0.141ms request-sent=14.843ms started=21.885ms ready=26.542ms sent=71.287ms commit=17.992ms finished=349.613ms
07-04 18:10:59.399 V/WindowManagerShell( 2967): Track 0 became idle
07-04 18:10:59.399 V/WindowManagerShell( 2967): All active transition animations finished
07-04 18:10:59.400 V/ShellDesktopMode( 2967): DesktopDisplayEventHandler: handlePotentialReconnect: default display; aborting.
07-04 18:10:59.400 V/ShellDesktopMode( 2967): DesktopDisplayEventHandler: onKeyguardVisibilityChanged: defaultDeskDisplayIds=[0]
07-04 18:10:59.400 V/ShellDesktopMode( 2967): DesktopDisplayEventHandler: createDefaultDesksIfNeeded displays=[0] userId=null
07-04 18:10:59.400 V/ShellDesktopMode( 2967): DesktopDisplayEventHandler: shouldCreateOrWarmUpDesk skipping displayId=0 reason: desktop ineligible
07-04 18:10:59.400 D/Bubbles ( 2967): handleKeyguardOrDreamChange isUnlockedShade=false keyguardShowing=false dreamingOrInPreview=true
07-04 18:10:59.400 D/Bubbles ( 2967): BubbleController.onStatusBarStateChanged() isShade=false didChange=true mNotifEntryToExpandOnShadeUnlock=null
07-04 18:10:59.407 I/DisplayDeviceRepository( 1795): Display device changed render timings: "Built-in Screen", renderFrameRate=120.00001, presentationDeadlineNanos=11500000, appVsyncOffsetNanos=6233332, frameRateOverrides=[{uid=10176 frameRateHz=120.00001}, {uid=10270 frameRateHz=120.00001}]
07-04 18:10:59.414 D/BackgroundInstallControlService( 1795): Package event received: 0
07-04 18:10:59.415 D/HintManagerService( 1795): Sent cleanup message for uid 10326
07-04 18:10:59.694 D/BackgroundInstallControlService( 1795): Package event received: 0
07-04 18:11:00.422 D/HintManagerService( 1795): Starts cleaning for 10326
07-04 18:11:00.940 D/ActivityManager( 1795): sync unfroze 32128 com.microsoft.windowsintune.companyportal:auth for 7
07-04 18:11:00.943 D/BackgroundInstallControlService( 1795): Package event received: 0
07-04 18:11:01.092 D/BackgroundInstallControlService( 1795): Package event received: 0
07-04 18:11:01.092 D/BackgroundInstallControlService( 1795): Package event received: 0
07-04 18:11:01.145 D/BackgroundInstallControlService( 1795): Package event received: 0
07-04 18:11:02.114 I/DisplayDeviceRepository( 1795): Display device changed render timings: "Built-in Screen", renderFrameRate=120.00001, presentationDeadlineNanos=11500000, appVsyncOffsetNanos=6233332, frameRateOverrides=[{uid=10270 frameRateHz=120.00001}]
07-04 18:11:02.157 I/DisplayDeviceRepository( 1795): Display device changed render timings: "Built-in Screen", renderFrameRate=120.00001, presentationDeadlineNanos=11500000, appVsyncOffsetNanos=6233332, frameRateOverrides=[]
07-04 18:11:03.843 V/WindowManagerShell( 2967): Transition requested (#1739): android.os.BinderProxy@457e274 TransitionRequestInfo { type = TO_FRONT, triggerTask = null, pipChange = null, remoteTransitionInfo = null, displayChange = null, requestedLocation = null, userChange = null, windowingLayerChange = null, fullscreenRequestChange = null, flags = 0, debugId = 1739 }
07-04 18:11:03.843 I/DreamManagerService( 1795): Gently waking up from dream.
07-04 18:11:03.843 V/ShellDesktopMode( 2967): DesktopTasksController: skipping handleRequest reason=triggerTask is null
07-04 18:11:03.846 W/TransitionChain( 1795): Combining removeTask into #1739(TO_FRONT|R|0x0) from toTransluce
07-04 18:11:03.848 I/PowerGroup( 1795): Waking up power group from Dreaming (groupId=0, uid=1000, reason=WAKE_REASON_DREAM_FINISHED, details=android.server.power:DREAM_FINISHED)...
07-04 18:11:03.848 I/PowerGroup( 1795): dreamManagerAttemptedDozing status changed to false for group 0
07-04 18:11:03.848 I/PowerManagerService( 1795): Waking up from Dreaming (uid=1000, reason=WAKE_REASON_DREAM_FINISHED, details=android.server.power:DREAM_FINISHED)...
07-04 18:11:03.848 W/ActivityTaskManager( 1795): callingPackage for (uid=-1, pid=-1) has no WPC
07-04 18:11:03.853 I/DisplayDeviceRepository( 1795): Display device changed render timings: "Built-in Screen", renderFrameRate=120.00001, presentationDeadlineNanos=11500000, appVsyncOffsetNanos=6233332, frameRateOverrides=[{uid=10176 frameRateHz=120.00001}, {uid=10270 frameRateHz=120.00001}]
07-04 18:11:03.854 D/BackgroundInstallControlService( 1795): Package event received: 0
07-04 18:11:03.855 D/BackgroundInstallControlService( 1795): Package event received: 0
07-04 18:11:03.855 D/BackgroundInstallControlService( 1795): Package event received: 0
07-04 18:11:03.862 W/TransitionChain( 1795): Combining kgOccludeChg into #1739(TO_FRONT|R|0x0) from toTransluce
07-04 18:11:03.875 D/BackgroundInstallControlService( 1795): Package event received: 0
07-04 18:11:03.875 D/BackgroundInstallControlService( 1795): Package event received: 0
07-04 18:11:03.875 D/BackgroundInstallControlService( 1795): Package event received: 0
07-04 18:11:03.925 V/WindowManager( 1795): Sent Transition (#1739) createdAt=07-04 18:11:03.839 via request=TransitionRequestInfo { type = TO_FRONT, triggerTask = null, pipChange = null, remoteTransitionInfo = null, displayChange = null, requestedLocation = null, userChange = null, windowingLayerChange = null, fullscreenRequestChange = null, flags = 0, debugId = 1739 }
07-04 18:11:03.925 V/WindowManager( 1795):     startWCT=WindowContainerTransaction { changes= {} hops= [] flags= 0 errorCallbackToken=null taskFragmentOrganizer=null }
07-04 18:11:03.925 V/WindowManager( 1795):     info={id=1739 t=TO_FRONT f=0x0 trk=0 r=[0@Point(0, 0)] c=[
07-04 18:11:03.925 V/WindowManager( 1795):         {WCT{RemoteToken{10fe12 Task{b405814 #9910 type=dream}}} m=TO_BACK f=TRANSLUCENT leash=Surface(name=Task=9910#18783)/@0xa8aa861 sb=Rect(0, 0 - 1080, 2404) eb=Rect(0, 0 - 1080, 2404) epz=Point(1080, 2404) d=0 taskParent=-1 winMode=1 userId=0},
07-04 18:11:03.925 V/WindowManager( 1795):         {WCT{RemoteToken{d6f0418 Task{fef66f7 #9909 type=standard I=com.kenleren.my_art_collection/.MainActivity}}} m=TO_FRONT f=NONE leash=Surface(name=Task=9909#18762)/@0x6ce098a sb=Rect(0, 0 - 1080, 2404) eb=Rect(0, 0 - 1080, 2404) epz=Point(1080, 2404) d=0 taskParent=-1 winMode=1 userId=0}
07-04 18:11:03.925 V/WindowManager( 1795):     ]}
07-04 18:11:03.935 V/WindowManagerShell( 2967): onTransitionReady(transaction=7709466577284)
07-04 18:11:03.936 V/WindowManagerShell( 2967): onTransitionReady (#1739) android.os.BinderProxy@457e274: {id=1739 t=TO_FRONT f=0x0 trk=0 r=[0@Point(0, 0)] c=[
07-04 18:11:03.936 V/WindowManagerShell( 2967):         {m=TO_BACK f=TRANSLUCENT leash=Surface(name=Task=9910#18783)/@0xaa3e836 sb=Rect(0, 0 - 1080, 2404) eb=Rect(0, 0 - 1080, 2404) epz=Point(1080, 2404) d=0 taskParent=-1 winMode=1 userId=0},
07-04 18:11:03.936 V/WindowManagerShell( 2967):         {m=TO_FRONT f=NONE leash=Surface(name=Task=9909#18762)/@0x84e8337 sb=Rect(0, 0 - 1080, 2404) eb=Rect(0, 0 - 1080, 2404) epz=Point(1080, 2404) d=0 taskParent=-1 winMode=1 userId=0}
07-04 18:11:03.936 V/WindowManagerShell( 2967):     ]}
07-04 18:11:03.937 V/ShellDesktopMode( 2967): DesktopModeLogger: taskInfo map after processing changes 0
07-04 18:11:03.937 D/ShellDesktopMode( 2967): DesktopTaskChangeListener: onTaskMovingToFront for taskId=9909, displayId=0 - desktop not supported
07-04 18:11:03.937 D/ShellDesktopMode( 2967): DesktopTaskChangeListener: onTaskMovingToBack for taskId=9910, displayId=0 - desktop not supported
07-04 18:11:03.938 V/WindowManagerShell( 2967): Playing animation for (#1739) android.os.BinderProxy@457e274@0
07-04 18:11:03.938 D/ShellSplitScreen( 2967): startAnimation: transition=1739 isSplitActive=false
07-04 18:11:03.938 V/ShellRecents( 2967): RecentsTransitionHandler.startAnimation: no controller found
07-04 18:11:03.938 V/ShellDesktopMode( 2967): DesktopMixedTransitionHandler: No pending desktop transition
07-04 18:11:03.938 V/WindowManagerShell( 2967): Transition doesn't have explicit remote, search filters for match for {id=1739 t=TO_FRONT f=0x0 trk=0 r=[0@Point(0, 0)] c=[{m=TO_BACK f=TRANSLUCENT leash=Surface(name=Task=9910#18783)/@0xaa3e836 sb=Rect(0, 0 - 1080, 2404) eb=Rect(0, 0 - 1080, 2404) epz=Point(1080, 2404) d=0 taskParent=-1 winMode=1 userId=0},{m=TO_FRONT f=NONE leash=Surface(name=Task=9909#18762)/@0x84e8337 sb=Rect(0, 0 - 1080, 2404) eb=Rect(0, 0 - 1080, 2404) epz=Point(1080, 2404) d=0 taskParent=-1 winMode=1 userId=0}]}
07-04 18:11:03.939 V/WindowManagerShell( 2967):  Checking filter Pair{{types=[] flags=0x0] notFlags=0x0 checks=[{atype=undefined independent=true modes=[CLOSE,TO_BACK] flags=IN_TASK_WITH_EMBEDDED_ACTIVITY mustBeTask=false order=ANY topActivity=null launchCookie=null taskFragmentToken=android.os.BinderProxy@61b7bee windowingMode=undefined isCrossDisplayMove=false}]} RemoteTransition { remoteTransition = android.window.IRemoteTransition$Stub$Proxy@18a788f, appThread = android.app.IApplicationThread$Stub$Proxy@64b171c, debugName = overlayBackTransition, filter = null }}
07-04 18:11:03.939 V/WindowManagerShell( 2967):  Checking filter Pair{{types=[] flags=0x0] notFlags=0x0 checks=[{atype=dream independent=true modes=[OPEN,TO_FRONT] flags=NONE mustBeTask=false order=ANY topActivity=null launchCookie=null windowingMode=undefined isCrossDisplayMove=false},{atype=home independent=true modes=[CLOSE,TO_BACK] flags=NONE mustBeTask=false order=ANY topActivity=null launchCookie=null windowingMode=undefined isCrossDisplayMove=false}]} RemoteTransition { remoteTransition = android.window.IRemoteTransition$Stub$Proxy@aab8f25, appThread = android.app.IApplicationThread$Stub$Proxy@c4768fa, debugName = LauncherToDream, filter = null }}
07-04 18:11:03.939 V/WindowManagerShell( 2967):  Checking filter Pair{{types=[] flags=0x0] notFlags=0x0 checks=[{atype=standard independent=false modes=[CHANGE] flags=NONE mustBeTask=true order=ANY topActivity=null launchCookie=null windowingMode=undefined isCrossDisplayMove=true}]} RemoteTransition { remoteTransition = android.window.IRemoteTransition$Stub$Proxy@7c00eab, appThread = android.app.IApplicationThread$Stub$Proxy@4808908, debugName = QuickstepDisplayMove, filter = null }}
07-04 18:11:03.939 V/WindowManagerShell( 2967):  Checking filter Pair{{types=[] flags=0x0] notFlags=0x100 checks=[{atype=home independent=true modes=[OPEN,TO_FRONT] flags=NONE mustBeTask=false order=ANY topActivity=ComponentInfo{com.google.android.apps.nexuslauncher/com.google.android.apps.nexuslauncher.NexusLauncherActivity} launchCookie=null windowingMode=undefined isCrossDisplayMove=false},{atype=standard independent=true modes=[CLOSE,TO_BACK] flags=NONE mustBeTask=false order=ANY topActivity=null launchCookie=null windowingMode=undefined isCrossDisplayMove=false},{NOT atype=undefined independent=true modes=[] flags=NONE mustBeTask=true order=ANY topActivity=null launchCookie=null customAnim=true windowingMode=undefined isCrossDisplayMove=false}]} RemoteTransition { remoteTransition = android.window.IRemoteTransition$Stub$Proxy@8aaf8a1, appThread = android.app.IApplicationThread$Stub$Proxy@6131ac6, debugName = QuickstepLaunchHome, filter = null }}
07-04 18:11:03.939 V/WindowManagerShell( 2967):  Checking filter Pair{{types=[OPEN,TO_FRONT] flags=0x0] notFlags=0x0 checks=[{atype=standard independent=true modes=[OPEN,TO_FRONT] flags=NONE mustBeTask=true order=ANY topActivity=null launchCookie=null windowingMode=freeform isCrossDisplayMove=false}]} RemoteTransition { remoteTransition = android.window.IRemoteTransition$Stub$Proxy@36eea87, appThread = null, debugName = DesktopWindowLimitUnminimize, filter = null }}
07-04 18:11:03.939 V/WindowManagerShell( 2967):  Delegate animation for (#1739) to null
07-04 18:11:03.940 V/WindowManagerShell( 2967): start default transition animation, info = {id=1739 t=TO_FRONT f=0x0 trk=0 r=[0@Point(0, 0)] c=[{m=TO_BACK f=TRANSLUCENT leash=Surface(name=Task=9910#18783)/@0xaa3e836 sb=Rect(0, 0 - 1080, 2404) eb=Rect(0, 0 - 1080, 2404) epz=Point(1080, 2404) d=0 taskParent=-1 winMode=1 userId=0},{m=TO_FRONT f=NONE leash=Surface(name=Task=9909#18762)/@0x84e8337 sb=Rect(0, 0 - 1080, 2404) eb=Rect(0, 0 - 1080, 2404) epz=Point(1080, 2404) d=0 taskParent=-1 winMode=1 userId=0}]}
07-04 18:11:03.940 V/WindowManagerShell( 2967): loadAnimation: anim=null animAttr=0x0 type=TO_FRONT isEntrance=true
07-04 18:11:03.940 V/WindowManagerShell( 2967): loadAnimation: anim=null animAttr=0x0 type=TO_FRONT isEntrance=false
07-04 18:11:03.941 V/WindowManagerShell( 2967): Transition animation finished (aborted=false), notifying core (#1739) android.os.BinderProxy@457e274@0
07-04 18:11:03.945 I/DisplayDeviceRepository( 1795): Display device changed render timings: "Built-in Screen", renderFrameRate=120.00001, presentationDeadlineNanos=11500000, appVsyncOffsetNanos=6233332, frameRateOverrides=[{uid=10176 frameRateHz=120.00001}, {uid=10253 frameRateHz=120.00001}, {uid=10270 frameRateHz=120.00001}]
07-04 18:11:03.949 V/WindowManager( 1795): Finish Transition (#1739): created at 07-04 18:11:03.839 collect-started=0.184ms request-sent=3.676ms started=5.286ms ready=24.453ms sent=82.953ms commit=25.026ms finished=108.02ms
07-04 18:11:03.951 V/WindowManagerShell( 2967): Track 0 became idle
07-04 18:11:03.951 V/WindowManagerShell( 2967): All active transition animations finished
07-04 18:11:03.951 V/WindowManagerShell( 2967):  animated by com.android.wm.shell.transition.DefaultTransitionHandler@6fab825
07-04 18:11:03.951 V/WindowManagerShell( 2967): Track 0 became idle
07-04 18:11:03.951 V/WindowManagerShell( 2967): All active transition animations finished
07-04 18:11:03.954 V/ShellDesktopMode( 2967): DesktopDisplayEventHandler: handlePotentialReconnect: default display; aborting.
07-04 18:11:03.954 V/ShellDesktopMode( 2967): DesktopDisplayEventHandler: onKeyguardVisibilityChanged: defaultDeskDisplayIds=[0]
07-04 18:11:03.954 V/ShellDesktopMode( 2967): DesktopDisplayEventHandler: createDefaultDesksIfNeeded displays=[0] userId=null
07-04 18:11:03.955 V/ShellDesktopMode( 2967): DesktopDisplayEventHandler: shouldCreateOrWarmUpDesk skipping displayId=0 reason: desktop ineligible
07-04 18:11:03.956 I/DisplayDeviceRepository( 1795): Display device changed render timings: "Built-in Screen", renderFrameRate=120.00001, presentationDeadlineNanos=11500000, appVsyncOffsetNanos=6233332, frameRateOverrides=[]
07-04 18:11:03.961 D/Bubbles ( 2967): handleKeyguardOrDreamChange isUnlockedShade=true keyguardShowing=false dreamingOrInPreview=false
07-04 18:11:03.961 D/Bubbles ( 2967): BubbleController.onStatusBarStateChanged() isShade=true didChange=true mNotifEntryToExpandOnShadeUnlock=null
07-04 18:11:03.964 I/DreamManagerService( 1795): Leaving dreamland.
07-04 18:11:03.964 I/DreamController( 1795): Stopping dream: name=ComponentInfo{com.google.assistant.hubui/com.google.assistant.hubui.dream.PersonalPhotoDreamService}, isPreviewMode=false, canDoze=false, userId=0, reason='finished self'(from 'finished self')
07-04 18:11:03.964 D/CoreBackPreview( 1795): Window{89424d6 u0 com.google.assistant.hubui/android.service.dreams.DreamActivity}: Setting back callback null
07-04 18:11:03.965 D/InsetsController( 1050): hide(ime())
07-04 18:11:03.970 D/InputMethodManagerService( 1795): Attach new input but force hide
07-04 18:11:03.973 D/HintManagerService( 1795): Sent cleanup message for uid 10176
07-04 18:11:03.980 V/ShellTaskOrganizer( 2967): Task vanished taskId=9910
07-04 18:11:03.981 V/ShellTaskOrganizer( 2967): Fullscreen Task Vanished: #9910
07-04 18:11:03.981 V/ShellDesktopMode( 2967): Task Vanished: #9910 closed=true
07-04 18:11:03.981 D/ShellDesktopMode( 2967): AppToWebRepository: Task 9910 is vanishing. Removing task data from repository
07-04 18:11:03.981 V/AppCompat( 2967): SingleSurfaceLetterboxController: []
07-04 18:11:03.981 V/AppCompat( 2967): MultiSurfaceLetterboxController: []
07-04 18:11:03.981 V/AppCompat( 2967): LetterboxInputController: []
07-04 18:11:03.981 V/AppCompat( 2967): RoundedCornersLetterboxController: {}
07-04 18:11:03.982 D/BackgroundInstallControlService( 1795): Package event received: 0
07-04 18:11:04.577 D/FaceProvider/default( 1795): Starting watchdog for face
07-04 18:11:04.577 E/BiometricScheduler( 1795): Current operation is null,no need to start watchdog
07-04 18:11:04.600 I/DisplayDeviceRepository( 1795): Display device changed render timings: "Built-in Screen", renderFrameRate=120.00001, presentationDeadlineNanos=11500000, appVsyncOffsetNanos=6233332, frameRateOverrides=[{uid=10270 frameRateHz=120.00001}]
07-04 18:11:04.978 D/HintManagerService( 1795): Starts cleaning for 10176
07-04 18:11:05.351 I/DisplayDeviceRepository( 1795): Display device changed render timings: "Built-in Screen", renderFrameRate=120.00001, presentationDeadlineNanos=11500000, appVsyncOffsetNanos=6233332, frameRateOverrides=[{uid=10326 frameRateHz=120.00001}]
07-04 18:11:06.423 V/WindowManagerShell( 2967): Transition requested (#1740): android.os.BinderProxy@393763d TransitionRequestInfo { type = CLOSE, triggerTask = TaskInfo{userId=0 taskId=9909 effectiveUid=10326 displayId=0 isRunning=false baseIntent=Intent { flg=0x10000000 cmp=com.kenleren.my_art_collection/.MainActivity } baseActivity=null topActivity=null origActivity=null realActivity=ComponentInfo{com.kenleren.my_art_collection/com.kenleren.my_art_collection.MainActivity} realActivityIsAppLockEnabled=false numActivities=0 lastActiveTime=104566389 supportsMultiWindow=true resizeMode=1 isResizeable=true minWidth=-1 minHeight=-1 defaultMinSize=220 token=WCT{android.os.BinderProxy@9c7dcb7} topActivityType=1 pictureInPictureParams=null shouldDockBigOverlays=false launchIntoPipHostTaskId=-1 lastParentTaskIdBeforePip=-1 displayCutoutSafeInsets=Rect(0, 0 - 0, 0) topActivityInfo=null launchCookies=[] positionInParent=Point(0, 0) parentTaskId=-1 isFocused=true isVisible=true isVisibleRequested=true isTopActivityNoDisplay=false isSleeping=false locusId=null displayAreaFeatureId=1 isTopActivityTransparent=false isActivityStackTransparent=true lastNonFullscreenBounds=null leafTaskBoundsFromOptions= false capturedLink=null capturedLinkTimestamp=0 requestedVisibleTypes=503 topActivityRequestOpenInBrowserEducationTimestamp=0 appCompatTaskInfo=AppCompatTaskInfo { topActivityInSizeCompat=false isLeafTask= true eligibleForLetterboxEducation= false isLetterboxEducationEnabled= false isLetterboxDoubleTapEnabled= false eligibleForUserAspectRatioButton= false topActivityBoundsLetterboxed= false isFromLetterboxDoubleTap= false topActivityLetterboxVerticalPosition= -1 topActivityLetterboxHorizontalPosition= -1 topActivityLetterboxWidth=-1 topActivityLetterboxHeight=-1 topActivityAppBounds=Rect(0, 0 - 0, 0) isUserFullscreenOverrideEnabled=false isSystemFullscreenOverrideEnabled=false hasMinAspectRatioOverride=false topActivityLetterboxBounds=null topNonResizableActivityAspectRatio=-1.0} topActivityMainWindowFrame=null isAppBubble=false}, pipChange = null, remoteTransitionInfo = null, displayChange = null, requestedLocation = null, userChange = null, windowingLayerChange = null, fullscreenRequestChange = null, flags = 0, debugId = 1740 }
07-04 18:11:06.423 V/ShellDesktopMode( 2967): DesktopTasksController: skipping handleRequest reason=triggerTask's display doesn't support desktop mode
07-04 18:11:06.437 V/WindowManager( 1795): Defer transition id=1740 for TaskFragmentTransaction=android.os.Binder@eced99e
07-04 18:11:06.438 I/DisplayDeviceRepository( 1795): Display device changed render timings: "Built-in Screen", renderFrameRate=120.00001, presentationDeadlineNanos=11500000, appVsyncOffsetNanos=6233332, frameRateOverrides=[{uid=10253 frameRateHz=120.00001}, {uid=10270 frameRateHz=120.00001}, {uid=10326 frameRateHz=120.00001}]
07-04 18:11:06.446 D/WindowManagerShell( 2967): setLauncherKeepClearAreaHeight: visible=true, height=461
07-04 18:11:06.457 V/WindowManager( 1795): Continue transition id=1740 for TaskFragmentTransaction=android.os.Binder@eced99e
07-04 18:11:06.464 D/HintManagerService( 1795): Sent cleanup message for uid 10326
07-04 18:11:06.466 V/WindowManagerShell( 2967): onTransitionReady(transaction=7709466577350)
07-04 18:11:06.466 V/WindowManagerShell( 2967): onTransitionReady (#1740) android.os.BinderProxy@393763d: {id=1740 t=CLOSE f=0x0 trk=0 r=[0@Point(0, 0)] c=[
07-04 18:11:06.466 V/WindowManagerShell( 2967):         {m=CLOSE f=NONE leash=Surface(name=Task=9909#18762)/@0x3fe1e32 sb=Rect(0, 0 - 1080, 2404) eb=Rect(0, 0 - 1080, 2404) epz=Point(1080, 2404) d=0 taskParent=-1 winMode=1 userId=0},
07-04 18:11:06.466 V/WindowManagerShell( 2967):         {m=TO_FRONT f=SHOW_WALLPAPER leash=Surface(name=Task=1#44)/@0xd124783 sb=Rect(0, 0 - 1080, 2404) eb=Rect(0, 0 - 1080, 2404) epz=Point(1080, 2404) d=0 taskParent=-1 winMode=1 userId=0},
07-04 18:11:06.466 V/WindowManagerShell( 2967):         {m=TO_FRONT f=IS_WALLPAPER leash=Surface(name=WallpaperWindowToken{6c44cff}#61)/@0x4e48d00 sb=Rect(0, 0 - 1080, 2404) eb=Rect(0, 0 - 1080, 2404) epz=Point(1080, 2404) d=0}
07-04 18:11:06.466 V/WindowManagerShell( 2967):     ]}
07-04 18:11:06.466 V/ShellDesktopMode( 2967): DesktopModeLogger: taskInfo map after processing changes 0
07-04 18:11:06.466 D/ShellDesktopMode( 2967): DesktopTaskChangeListener: onTaskMovingToFront for taskId=1, displayId=0 - desktop not supported
07-04 18:11:06.466 D/ShellDesktopMode( 2967): DesktopTaskChangeListener: onTaskClosing for taskId=9909, displayId=0 - desktop not supported
