07-04 18:16:48.120 I/NearbySharing(23012): Stopping advertising because no high power receive surface is registered and device is visible to HIDDEN.
07-04 18:16:48.122 I/NearbyDiscovery(23012): (REDACTED) ApFastPairScanner: isScreenOn=%s, isLocationEnabled=%s, disableLocationRequirement=%s, isDiscoveryScanningEnabled=%s, during24GhzWifiWarmingUpPeriod=%s
07-04 18:16:48.122 I/NearbyDiscovery(23012): (REDACTED) ApFastPairScanner: Start scanning internally, %s
07-04 18:16:48.122 D/BluetoothAdapter(23012): isLeEnabled(): ON
07-04 18:16:48.123 I/NearbySharing(23012): Stopping FastInitiation scanning because visibility is hidden.
07-04 18:16:48.124 D/EpdgTunnelManager[1]( 3522): On triggering underlying network validation. Event: SCREEN_ON
07-04 18:16:48.125 I/NearbySharing(23012): Fast Initiation Scanning has stopped
07-04 18:16:48.125 I/NearbyConnections(23012): Client 96335620 requested setting downloads directory to null.
07-04 18:16:48.125 I/NearbyConnections(23012): Client 96335620 with package name 0p:com.google.android.gms.nearby.sharing and sdk version 262434000 has connected, downloads dir is set to null.
07-04 18:16:48.125 I/NearbySharing(23012): Dismissing HUN as there's no device nearby.
07-04 18:16:48.126 I/NearbyConnections(23012): Client 96335620 requested discovery to start.
07-04 18:16:48.127 I/NearbyConnections(23012): 96335620 0p:com.google.android.gms.nearby.sharing startDiscovery in nc mode.
07-04 18:16:48.127 W/libbinder.IPCThreadState( 1380): Sending oneway calls to frozen process.
07-04 18:16:48.127 W/libbinder.IPCThreadState( 1380): Sending oneway calls to frozen process.
07-04 18:16:48.127 W/libbinder.IPCThreadState( 1380): Sending oneway calls to frozen process.
07-04 18:16:48.127 W/libbinder.IPCThreadState( 1380): Sending oneway calls to frozen process.
07-04 18:16:48.127 I/NearbyDiscovery(23012): (REDACTED) ApFastPairScanner: Starting %s scan for %s seconds
07-04 18:16:48.127 W/libbinder.IPCThreadState( 1380): Sending oneway calls to frozen process.
07-04 18:16:48.127 W/libbinder.IPCThreadState( 1380): Sending oneway calls to frozen process.
07-04 18:16:48.127 W/libbinder.IPCThreadState( 1380): Sending oneway calls to frozen process.
07-04 18:16:48.128 W/libbinder.IPCThreadState( 1380): Sending oneway calls to frozen process.
07-04 18:16:48.127 I/bt_shim_scanner( 3117): system/main/shim/le_scanning_manager.cc:138 RegisterScanner: in shim layer, UUID=5fadc8a7-0a0a-4dda-86d9-66ff634639a6
07-04 18:16:48.128 W/libbinder.IPCThreadState( 1380): Sending oneway calls to frozen process.
07-04 18:16:48.128 W/libbinder.IPCThreadState( 1380): Sending oneway calls to frozen process.
07-04 18:16:48.128 W/libbinder.IPCThreadState( 1380): Sending oneway calls to frozen process.
07-04 18:16:48.128 D/BluetoothLeScanner(23012): onScannerRegistered(status=0, scannerId=2): mScannerId=0
07-04 18:16:48.130 I/Nearby  (23012): (REDACTED) Note nearby client %s for operation %s
07-04 18:16:48.130 I/bt_shim_scanner( 3117): system/main/shim/le_scanning_manager.cc:239 ScanFilterEnable: in shim layer
07-04 18:16:48.130 I/bt_shim_scanner( 3117): system/main/shim/le_scanning_manager.cc:215 ScanFilterAdd: in shim layer
07-04 18:16:48.130 I/WifiHAL ( 1211): Getting cached scan results, iface handle = 0xb40000708bfa0950
07-04 18:16:48.130 E/WifiHAL ( 1211): Creating message to get cached scan results
07-04 18:16:48.130 I/bt_shim_scanner( 3117): system/main/shim/le_scanning_manager.cc:182 ScanFilterParamSetup: in shim layer, clientIf=2
07-04 18:16:48.130 I/bt_shim_scanner( 3117): system/main/shim/le_scanning_manager.cc:215 ScanFilterAdd: in shim layer
07-04 18:16:48.130 I/bt_shim_scanner( 3117): system/main/shim/le_scanning_manager.cc:182 ScanFilterParamSetup: in shim layer, clientIf=2
07-04 18:16:48.131 I/bt_shim_scanner( 3117): system/main/shim/le_scanning_manager.cc:215 ScanFilterAdd: in shim layer
07-04 18:16:48.131 I/bt_shim_scanner( 3117): system/main/shim/le_scanning_manager.cc:182 ScanFilterParamSetup: in shim layer, clientIf=2
07-04 18:16:48.131 I/bt_shim_scanner( 3117): system/main/shim/le_scanning_manager.cc:150 Scan: in shim layer stopped
07-04 18:16:48.131 I/bt_shim_scanner( 3117): system/main/shim/le_scanning_manager.cc:315 SetScanParameters: in shim layer, scannerId1m=2, scannerIdCoded=0
07-04 18:16:48.131 I/bt_shim_scanner( 3117): system/main/shim/le_scanning_manager.cc:150 Scan: in shim layer started
07-04 18:16:48.131 I/bluetooth( 3117): system/gd/hci/le_address_manager.cc:269 unregister_client: Client unregistered
07-04 18:16:48.131 I/bluetooth( 3117): system/gd/hci/le_scanning_manager_impl.cc:774 stop_scan: Scanning already stopped, return. caller=configure_scan
07-04 18:16:48.131 I/bluetooth( 3117): system/gd/hci/le_scanning_manager_impl.cc:480 configure_scan: Support RPA offload, set own address type RESOLVABLE_OR_RANDOM_ADDRESS
07-04 18:16:48.131 I/bluetooth( 3117): system/gd/hci/le_address_manager.cc:254 register_client: Client registered
07-04 18:16:48.133 I/NearbyConnections(23012): Instant Connection Security key rotated.
07-04 18:16:48.133 I/NearbyConnections(23012): Scheduled invalidation of the HPKE key alarm (delayMillis:8000) for client 96335620
07-04 18:16:48.134 I/NearbyConnections(23012): Get local endpoint id from random generation IL7S (last:null) for client 96335620
07-04 18:16:48.134 D/AOC     ( 1476): A3:MSG: usf_touch_device.cc, 418: gtd: Device is disabled.
07-04 18:16:48.134 I/WifiHAL ( 1211): In GetCachedScanResultsCommand::handleResponse
07-04 18:16:48.134 D/AOC     ( 1476): A3:MSG: usf_tbn_server.cc, 236: gti: Send TBN event response id: 447, op: 2
07-04 18:16:48.134 I/WifiHAL ( 1211): Creating message to get link statistics; iface = 47
07-04 18:16:48.137 D/SconeAwareness( 3656): Awareness received [android.intent.action.SCREEN_ON] action
07-04 18:16:48.140 D/EpdgTunnelManager[1]( 3522): Trigger underlying network validation on network: 107
07-04 18:16:48.142 D/ConnectivityService( 1795): reportNetworkConnectivity(107, false) by 1000
07-04 18:16:48.143 D/SconeAwareness( 3656): handleIntent android.intent.action.SCREEN_ON
07-04 18:16:48.143 I/NearbyMediums(23012): NFC discovery successfully started.
07-04 18:16:48.144 I/NearbyMediums(23012): In ScanningCancellationFlag, service-id=NearbySharing has become the first scanner. The flag has been reset.
07-04 18:16:48.145 D/SconeAwareness( 3656): Awareness received [android.intent.action.SCREEN_ON] action and try to relay info
07-04 18:16:48.145 W/JobInfo ( 3656): Job 'com.google.android.apps.scone/.awareness.AwarenessJobIntentService#188052156' has a deadline with no functional constraints. The deadline won't improve job execution latency. Consider removing the deadline.
07-04 18:16:48.145 W/JobInfo ( 1795): Job 'com.google.android.apps.scone/.awareness.AwarenessJobIntentService#188052156' has a deadline with no functional constraints. The deadline won't improve job execution latency. Consider removing the deadline.
07-04 18:16:48.146 D/NetworkMonitor/107( 3090): Forcing reevaluation for UID 1000. Dns signal count: 0
07-04 18:16:48.147 D/BluetoothAdapter(23012): isLeEnabled(): ON
07-04 18:16:48.150 D/GRIL-S  ( 3156): [6718]> UPDATE_SCONE_INFO Mobility:3 Battery:2 Thermal:2 Screen:1
07-04 18:16:48.154 I/Lyric   ( 1134): spectral_driver.cc:182: Changed als mode from 0 to 2 for sensor: rear with new id: 1512
07-04 18:16:48.156 I/suez-nanoapp-clients( 1152): Enabling ip_health nanoapp.
07-04 18:16:48.156 I/Lyric   ( 1134): spectral_driver.cc:182: Changed als mode from 0 to 2 for sensor: front with new id: 1513
07-04 18:16:48.156 D/AOC     ( 1476): A3:MSG: tmd3743_device.cc, 308: USF: TMD3743: [0]ALS is active, skip initialization. (L/C/S) = 1/1/0
07-04 18:16:48.156 D/AOC     ( 1476): A3:MSG: tmd3743_device.cc, 367: USF: TMD3743: [0]Start sampling (Client count L/C/S/P = 1/1/1/1, err = 0)
07-04 18:16:48.156 I/bluetooth_hal.hci_router( 1133): command queued: (13)[01 57 fd 09 07 00 16 f6 ff 00 ff ff 00]
07-04 18:16:48.157 I/bt_shim_scanner( 3117): system/main/shim/le_scanning_manager.cc:138 RegisterScanner: in shim layer, UUID=f82dc517-3a0b-4b92-b1d0-e9c1b32a554e
07-04 18:16:48.157 D/AOC     ( 1476): CHRE: DRAM vote count begins
07-04 18:16:48.157 D/AOC     ( 1476): CHRE: DRAM vote count ends: 0 ms
07-04 18:16:48.158 D/CHRE    ( 1137): @ 104913.305: Parsed nanoapp message from host: app ID 0x476f6f676c001022 endpoint 0x8042 msgType 1 payload size 0
07-04 18:16:48.158 D/AOC     ( 1476): A3:MSG: usf_sensor.cc, 1866: USF: Received start sampling request for SPL07003 Barometer (active:1).
07-04 18:16:48.158 D/BluetoothLeScanner(23012): onScannerRegistered(status=0, scannerId=3): mScannerId=0
07-04 18:16:48.158 I/suez-nanoapp-clients( 1152): Vendor atom [id = 100046] reported.
07-04 18:16:48.159 D/AOC     ( 1476): A3:MSG: spxyz00n_sensor.cc, 102: USF: Spxyz00nSensor: Start 1, period: 1000000000, latency: 9223372036854775807.
07-04 18:16:48.159 D/AOC     ( 1476): A3:MSG: spxyz00n_device.cc, 292: USF: Spxyz00nDevice: Flush called with sensors disabled.
07-04 18:16:48.159 I/NearbyMediums(23012): Started BLE scanning, service-id=NearbySharing, is-extended-advert=true, power-level=2, scan-mode=3
07-04 18:16:48.160 D/AOC     ( 1476): CHRE: DRAM vote count begins
07-04 18:16:48.160 D/GRIL-S  ( 3156): [6718]< UPDATE_SCONE_INFO 
07-04 18:16:48.160 I/NearbyConnections(23012): Listening to visibility changes for client 96335620
07-04 18:16:48.160 I/CHRE    ( 1137): @ 104913.306: [ip] Received message from host endpoint 0x8042 of type 1 and size 0.
07-04 18:16:48.160 I/CHRE    ( 1137): @ 104913.306: [ip] App enabled by host.
07-04 18:16:48.161 D/AOC     ( 1476): A3:MSG: spxyz00n_sensor.cc, 114: USF: Spxyz00nSensor: Supported sampling period: 640000000 ns.
07-04 18:16:48.161 D/AOC     ( 1476): A3:MSG: spxyz00n_sensor.cc, 102: USF: Spxyz00nSensor: Start 0, period: 40000000, latency: 10000000000.
07-04 18:16:48.162 D/AOC     ( 1476): CHRE: DRAM vote count ends: 0 ms
07-04 18:16:48.162 D/AOC     ( 1476): CHRE: DRAM vote count begins
07-04 18:16:48.162 D/AOC     ( 1476): CHRE: DRAM vote count ends: 0 ms
07-04 18:16:48.163 D/TelephonyManager( 1795): requestModemActivityInfo: Sending result to app: ModemActivityInfo{ mTimestamp=104910687 mSleepTimeMs=88217915 mIdleTimeMs=5643932 mActivityStatsTechSpecificInfo=[{mRat=GERAN,mFrequencyRange=UNKNOWN,mTxTimeMs[]=[0, 0, 0, 0, 0],mRxTimeMs=949}, {mRat=UTRAN,mFrequencyRange=UNKNOWN,mTxTimeMs[]=[0, 0, 0, 0, 0],mRxTimeMs=0}, {mRat=EUTRAN,mFrequencyRange=UNKNOWN,mTxTimeMs[]=[110772, 70694, 174659, 109167, 275678],mRxTimeMs=11000474}, {mRat=NGRAN,mFrequencyRange=HIGH,mTxTimeMs[]=[0, 0, 0, 0, 0],mRxTimeMs=0}, {mRat=NGRAN,mFrequencyRange=MMWAVE,mTxTimeMs[]=[0, 0, 0, 0, 0],mRxTimeMs=0}, {mRat=UNKNOWN,mFrequencyRange=UNKNOWN,mTxTimeMs[]=[0, 0, 0, 0, 0],mRxTimeMs=0}]}
07-04 18:16:48.163 I/bt_shim_scanner( 3117): system/main/shim/le_scanning_manager.cc:239 ScanFilterEnable: in shim layer
07-04 18:16:48.163 D/AOC     ( 1476): A3:MSG: spxyz00n_sensor.cc, 114: USF: Spxyz00nSensor: Supported sampling period: 40000000 ns.
07-04 18:16:48.163 I/bt_shim_scanner( 3117): system/main/shim/le_scanning_manager.cc:215 ScanFilterAdd: in shim layer
07-04 18:16:48.163 I/bt_shim_scanner( 3117): system/main/shim/le_scanning_manager.cc:182 ScanFilterParamSetup: in shim layer, clientIf=3
07-04 18:16:48.163 I/bt_shim_scanner( 3117): system/main/shim/le_scanning_manager.cc:215 ScanFilterAdd: in shim layer
07-04 18:16:48.163 I/bt_shim_scanner( 3117): system/main/shim/le_scanning_manager.cc:182 ScanFilterParamSetup: in shim layer, clientIf=3
07-04 18:16:48.163 I/bt_shim_scanner( 3117): system/main/shim/le_scanning_manager.cc:215 ScanFilterAdd: in shim layer
07-04 18:16:48.163 I/bt_shim_scanner( 3117): system/main/shim/le_scanning_manager.cc:182 ScanFilterParamSetup: in shim layer, clientIf=3
07-04 18:16:48.164 D/BackgroundInstallControlService( 1795): Package event received: 0
07-04 18:16:48.164 D/AOC     ( 1476): A3:MSG: tmd3743_device.cc, 2643: USF: TMD3743: dbv:3004 rr:1 pwm:0 te2:30 status:1[1] C/R/G/B/W=0.0/0.0/0.0/0.0/0.0
07-04 18:16:48.166 I/WifiHAL ( 1211): Getting cached scan results, iface handle = 0xb40000708bfa0950
07-04 18:16:48.166 E/WifiHAL ( 1211): Creating message to get cached scan results
07-04 18:16:48.169 I/WifiHAL ( 1211): In GetCachedScanResultsCommand::handleResponse
07-04 18:16:48.170 I/BatchScanningManager(23012): Batch scanner stopped/cancelled (if it was running/scheduled). [CONTEXT service_id=284 ]
07-04 18:16:48.170 D/AOC     ( 1476): A3:MSG: usf_vsc_log.cc, 69: VSC: [BINNED_BRIGHTNESS] Display[0] state changed to 1 (lux:372.282385)
07-04 18:16:48.170 D/AOC     ( 1476): A3:MSG: usf_vsc_log.cc, 83: VSC: [WO] displayInfoEvent displayId=0, status=1
07-04 18:16:48.170 D/AOC     ( 1476): A3:MSG: tmd3743_device.cc, 3026: USF: TMD3743: [ALS] SyncDelay_adjustment (us): 0
07-04 18:16:48.176 I/NearbyDiscovery(23012): (REDACTED) FastPairHandler: Received action %s
07-04 18:16:48.176 I/NearbyDiscovery(23012): (REDACTED) ApFastPairScanner: isScreenOn=%s, isLocationEnabled=%s, disableLocationRequirement=%s, isDiscoveryScanningEnabled=%s, during24GhzWifiWarmingUpPeriod=%s
07-04 18:16:48.176 D/BluetoothAdapter(23012): isLeEnabled(): ON
07-04 18:16:48.176 I/NearbyDiscovery(23012): (REDACTED) ApFastPairScanner: eventType=%s, intReq=%s, scanning=%s, scanAllowed=%s, bleEnabled=%s, lockScanRate=%s, startScanningByLowPowerMode=%s
07-04 18:16:48.176 D/BluetoothAdapter(23012): isLeEnabled(): ON
07-04 18:16:48.178 I/NearbyDiscovery(23012): FastPairController: onSystemStateChanged: skip due to flag disabled [CONTEXT service_id=265 ]
07-04 18:16:48.178 I/hwc-pixel-display-DSI-1(  486): SetPowerMode PixelPowerMode LP_DOZE -> ON
07-04 18:16:48.179 I/RCNService(23012): updateRcnState to isNetworkAvailable: true, isRcnSettingsEnabled: true, isScreenOn: true
07-04 18:16:48.181 I/bluetooth_hal.hci_router( 1133): command queued: (10)[01 42 20 06 01 00 00 00 00 00]
07-04 18:16:48.181 D/NetworkMonitor/107( 3090): PROBE_DNS connectivitycheck.gstatic.com 30ms OK 2a00:1450:400f:810::2003,172.217.19.227
07-04 18:16:48.184 I/hwc-DSI-1(  486): SetTe2Option: writes te2_option(0) to the sysfs node
07-04 18:16:48.184 I/hwc-DSI-1(  486): Vote: xRR request: min_refresh_rate =  30(          SENSOR), lock_time_millis =   1000(          SENSOR)
07-04 18:16:48.184 I/hwc-DSI-1(  486): Vote: xRR outcome: min_refresh_rate =  30(          SENSOR), lock_time_millis =   1000(          SENSOR)
07-04 18:16:48.184 I/hwc-DSI-1(  486): OnPostActiveDisplayConfigurationChange: Re-evaluating existing minimum refresh rate 30 due to configuration change.
07-04 18:16:48.184 I/hwc-DSI-1(  486): Vote: xRR request: min_refresh_rate =   0(   BLOCKING_ZONE), lock_time_millis =      0(   BLOCKING_ZONE)
07-04 18:16:48.184 I/hwc-DSI-1(  486): Vote: xRR outcome: min_refresh_rate =  30(          SENSOR), lock_time_millis =   1000(          SENSOR)
07-04 18:16:48.185 D/SurfaceFlinger(  485): Finished setting power mode 2 on physical display 4619827452008645888
07-04 18:16:48.185 I/bluetooth_hal.hci_router( 1133): command queued: (6)[01 57 fd 02 00 01]
07-04 18:16:48.187 D/SurfaceControl( 1795): Excessive delay in setPowerMode()
07-04 18:16:48.187 I/LocalDisplayAdapter( 1795): SF.setDisplayPowerMode took 138ms
07-04 18:16:48.188 I/pixel-thermal( 1688): VIRTUAL-SKIN:33.2414 raw data: VIRTUAL-SKIN:33241.4 VIRTUAL-SKIN-EQ:33241.4 VIRTUAL-SKIN-LEGACY:33468.3 VIRTUAL-SKIN-LEGACY-MODEL-DIFF:221.016 VIRTUAL-SKIN-LEGACY-SHUTDOWN:0 VIRTUAL-SKIN-MODEL:33247.2 VIRTUAL-SKIN-MODEL-CLAMPED:33247.2 VIRTUAL-SKIN-MODEL-LEGACY-DIFF:-221.016 VIRTUAL-SKIN-MODEL-UPDATED:33241.4 VIRTUAL-SKIN-MODEL-UPPER-CLAMPED:33247.2 VIRTUAL-SKIN-SUB-0:33468.3 VIRTUAL-SKIN-SUB-1:33344.5 VIRTUAL-SKIN-SUB-2:33463.3 VIRTUAL-SKIN-SUB-3:33374.3 VIRTUAL-SKIN-SUB-4:33111.2 VIRTUAL-SKIN-SUB-5:32987.1 VIRTUAL-SKIN-SUB-6:33088.8 VIRTUAL-SKIN-SUB-7:33157.5 VT_LEGACY_WEIGHT:0 VT_MODEL_WEIGHT:1 charging_therm:35273 disp0_therm:31726 flash_therm:32758 north_therm:33790 quiet_therm:34885 rfpa_therm:34455 soc_therm:35346 usb_pwr_therm:31639 
07-04 18:16:48.189 W/PowerManagerService( 1795): Screen on took 269 ms
07-04 18:16:48.190 I/DreamManagerService( 1795): Gently waking up from dream.
07-04 18:16:48.193 I/DiscoveryManager(23012): Discovery state (DiscoveryState{filterCriteria=[%urn:x-cast:com.google.cast.media, CFE7FEDA], categoryToCriteria={com.google.android.gms.cast.CATEGORY_CAST//urn:x-cast:com.google.cast.media//ALLOW_IPV6=[%urn:x-cast:com.google.cast.media], com.google.android.gms.cast.CATEGORY_CAST/CFE7FEDA/urn:x-cast:com.google.cast.media//ALLOW_IPV6=[CFE7FEDA, %urn:x-cast:com.google.cast.media]}, activeScan=false, activeScanWithScreenOff=false, discoveryRequestSupportsDynamicSession=false, eventFlowId=-1})
07-04 18:16:48.194 I/bluetooth_hal.hci_router( 1133): command queued: (22)[01 57 fd 12 01 00 07 04 00 11 11 01 80 00 00 00 ... ]
07-04 18:16:48.196 I/hwc-DSI-1(  486): SetTe2Frequency: writes te2_freq_hz(120) to the sysfs node
07-04 18:16:48.196 I/hwc-pixel-bc(  486): path=drm, id=0, level=4283, nits=117.941071, brightness=0.052448, DimmingOn=0, Hbm=0, LhbmOn=0, OpRate=0
07-04 18:16:48.196 D/hwc-pixel-drm-connector(  486): AtomicSetState: enable brightness sync for change from 54.166824 to 117.941071
07-04 18:16:48.196 D/IwlanDataService( 3522): onCapabilitiesChanged: 107 [ Transports: WIFI Capabilities: NOT_METERED&INTERNET&NOT_RESTRICTED&TRUSTED&NOT_VPN&VALIDATED&NOT_ROAMING&FOREGROUND&NOT_CONGESTED&NOT_SUSPENDED&NOT_VCN_MANAGED&NOT_BANDWIDTH_CONSTRAINED LinkUpBandwidth>=15266Kbps LinkDnBandwidth>=51995Kbps TransportInfo: <SSID: "Get-2350C3", BSSID: f0:81:75:23:50:c9, MAC: 34:39:16:43:82:da, IP: /192.168.0.6, Security type: 2, Supplicant state: COMPLETED, Wi-Fi standard: 11ac, RSSI: -39, Link speed: 173Mbps, Tx Link speed: 173Mbps, Max Supported Tx Link speed: 192Mbps, Calculated Tx : 149Mbps, Rx Link speed: 240Mbps, Max Supported Rx Link speed: 192Mbps, Calculated Rx : 221Mbps, Frequency: 5700MHz, Net ID: 3, Metered hint: false, score: 100, isUsable: true, CarrierMerged: false, SubscriptionId: -1, IsPrimary: 1, Trusted: true, Restricted: false, Ephemeral: false, OEM paid: false, OEM private: false, OSU AP: false, FQDN: <none>, Provider friendly name: <none>, Requesting package name: <none>"Get-2350C3"wpa2-pskMLO Information: , Is TID-To-Link negotiation supported by the AP: false, AP MLD Address: <none>, AP MLO Link Id: <none>, AP MLO Affiliated links: <none>, Vendor Data: <none>> SignalStrength: -39 AdminUids: [10182] SSID: "Get-2350C3" UnderlyingNetworks: Null]
07-04 18:16:48.196 D/IwlanDataService( 3522): Network 107 connected using transport WIFI
07-04 18:16:48.197 D/DLIndicator( 2967): onStateChanged(0)
07-04 18:16:48.197 D/DLIndicator( 2967): updateVisibility(), mDozing=false, mDocking=false, mTopIconShowing=false, mViewAttached=true
07-04 18:16:48.198 I/DreamManagerService( 1795): Leaving dreamland.
07-04 18:16:48.198 I/adbd    ( 2198): adbd service requested 'shell,v2,TERM=dumb,raw:am force-stop com.kenleren.my_art_collection'
07-04 18:16:48.199 W/libbinder.IPCThreadState( 1795): Sending oneway calls to frozen process.
07-04 18:16:48.199 W/libbinder.IPCThreadState( 1795): Sending oneway calls to frozen process.
07-04 18:16:48.199 W/libbinder.IPCThreadState( 1795): Sending oneway calls to frozen process.
07-04 18:16:48.199 I/DreamController( 1795): Stopping dream: name=ComponentInfo{com.android.systemui/com.android.systemui.doze.DozeService}, isPreviewMode=false, canDoze=true, userId=0, reason='finished self'(from 'power manager request')
07-04 18:16:48.199 W/libbinder.IPCThreadState( 1795): Sending oneway calls to frozen process.
07-04 18:16:48.199 W/libbinder.IPCThreadState( 1795): Sending oneway calls to frozen process.
07-04 18:16:48.200 D/DisplayWhiteBalanceController( 1795): Display cct: 5649.347 Latest ambient cct: 3232.4631 Latest ambient lux: 381.555 Latest low light bias: 1.0 Latest high light bias: 0.0
07-04 18:16:48.201 D/DeviceStateHelper( 3656): Wifi freq: 5700
07-04 18:16:48.201 D/ColorDisplayService( 1795): DisplayWhiteBalanceTintController animation cancelled
07-04 18:16:48.201 D/ColorDisplayService( 1795): DisplayWhiteBalanceTintController animation ended: wasCancelled=true toCct=5661 fromCct=6400
07-04 18:16:48.201 D/ColorDisplayService( 1795): DisplayWhiteBalanceTintController animation started: toCct=5649 fromCct=6380 with duration=8000
07-04 18:16:48.201 D/NetworkMonitor/107( 3090): PROBE_DNS www.google.com 48ms OK 2001:4860:4827:7700::,2001:4860:482a:7700::,2001:4860:4829:7700::,2001:4860:4826:7700::,2001:4860:482b:7700::,2001:4860:482c:7700::,2001:4860:482d:7700::,2001:4860:4828:7700::,142.251.152.119,142.251.157.119,142.251.154.119,142.251.150.119,142.251.156.119,142.251.151.119,142.251.153.119,142.251.155.119
07-04 18:16:48.201 I/BugleRcsEngine( 5167): Connected state: [1], networkType: [WIFI] [CONTEXT thread_id=62 ]
07-04 18:16:48.202 W/SHANNON_IMS( 3230): 5313 [CONN] NetworkSpecifier and TransportInfo are not valid (DefaultNetworkCallback%updateSubscriptionId:121)
07-04 18:16:48.202 I/SHANNON_IMS( 3230): 5314 [CONN] network:107 WIFI connected, subId: -1 [SLID:1] (DefaultNetworkCallback%onCapabilitiesChanged:76)
07-04 18:16:48.202 I/BugleRcsEngine( 5167): handleMessage processing message:[NOTIFY_UPTIME_IGNORE_STATE_CHANGED] with [non-null]:RcsEngineImpl reference [CONTEXT log_prefix="RcsEngineImpl[DUAL_REG]:[7ed29d6e-b250]>Handler" thread_id=67 ]
07-04 18:16:48.203 I/WifiSignalInfo( 3656): onCapabilitiesChanged: rssi:-39
07-04 18:16:48.203 D/SHANNON_RCS( 3211): 1120 [1][PROX][TELE] onCapabilitiesChanged, Network: 107, NetworkCapabilities: [ Transports: WIFI Capabilities: NOT_METERED&INTERNET&NOT_RESTRICTED&TRUSTED&NOT_VPN&VALIDATED&NOT_ROAMING&FOREGROUND&NOT_CONGESTED&NOT_SUSPENDED&NOT_VCN_MANAGED&NOT_BANDWIDTH_CONSTRAINED LinkUpBandwidth>=15266Kbps LinkDnBandwidth>=51995Kbps TransportInfo: <SSID: <unknown ssid>, BSSID: 02:00:00:00:00:00, MAC: 02:00:00:00:00:00, IP: /192.168.0.6, Security type: 2, Supplicant state: COMPLETED, Wi-Fi standard: 11ac, RSSI: -39, Link speed: 173Mbps, Tx Link speed: 173Mbps, Max Supported Tx Link speed: 192Mbps, Calculated Tx : 149Mbps, Rx Link speed: 240Mbps, Max Supported Rx Link speed: 192Mbps, Calculated Rx : 221Mbps, Frequency: 5700MHz, Net ID: -1, Metered hint: false, score: 100, isUsable: true, CarrierMerged: false, SubscriptionId: -1, IsPrimary: -1, Trusted: true, Restricted: false, Ephemeral: false, OEM paid: false, OEM private: false, OSU AP: false, FQDN: <none>, Provider friendly name: <none>, Requesting package name: <none><none>MLO Information: , Is TID-To-Link negotiation supported by the AP: false, AP MLD Address: <none>, AP MLO Link Id: <none>, AP MLO Affiliated links: <none>, Vendor Data: <none>> SignalStrength: -39 UnderlyingNetworks: Null] (DefaultNetworkCallback%onCapabilitiesChanged:76)
07-04 18:16:48.203 D/ImsPreconditionCheck( 3656): {subId=2} handleMessage: { when=-1ms what=16 target=eja async=false heapIndex=-1 }
07-04 18:16:48.203 D/ImsPreconditionCheck( 3656): {subId=2} onWifiCapabilitiesChanged: wifiNetworkValidated: true
07-04 18:16:48.204 D/IwlanNetworkStatusTracker( 3712): onCapabilitiesChanged: 107
07-04 18:16:48.204 D/IwlanNetworkStatusTracker( 3712): OnCapability : Wifi Available already true and validation status unchanged
07-04 18:16:48.204 E/IwlanNetworkStatusTracker( 3712): Could not get Wifi SSID
07-04 18:16:48.204 I/hwc-pixel-bc(  486): path=drm, id=0, level=4339, nits=121.429161, brightness=0.054012, DimmingOn=0, Hbm=0, LhbmOn=0, OpRate=0
07-04 18:16:48.205 W/DatabaseProcessor(23012): processLocalDevices: failed to get the network info with non-null networkId.
07-04 18:16:48.206 W/libbinder.IPCThreadState( 1795): Sending oneway calls to frozen process.
07-04 18:16:48.206 W/libbinder.IPCThreadState( 1795): Sending oneway calls to frozen process.
07-04 18:16:48.207 D/DLObserver( 2967): remove listener: com.android.systemui.doze.DozeTriggers$DockEventListener@99d2ede
07-04 18:16:48.207 D/DLObserver( 2967): remove listener: com.android.systemui.doze.DozeDockHandler$DockEventListener@9e8c8bf
07-04 18:16:48.208 I/NullBinder(23012): NullBinder for android.net.action.RECOMMEND_NETWORKS triggering remote TransactionTooLargeException due to Service without Chimera impl, calling uid: 1000, calling pid: 0
07-04 18:16:48.208 W/libbinder.Binder(23012): Large reply transaction of 1056768 bytes, interface descriptor , code 1, flags 17
07-04 18:16:48.210 I/sensor-suez( 1152): Vendor atom [id = 100245] reported.
07-04 18:16:48.210 I/CastMediaRouteProvider(23012): Published 0 routes
07-04 18:16:48.210 D/usf_sensor_hal( 1152): device pickup: Enter Activate. Enable = 0.
07-04 18:16:48.211 I/bluetooth_hal.hci_router( 1133): command queued: (22)[01 57 fd 12 01 00 08 40 00 11 11 01 80 00 00 00 ... ]
07-04 18:16:48.212 D/GRIL-S  ( 3156): [6719]> UPDATE_DEVICE_STATE DeviceState: Usb:1, Wifi: 1, Wifi AP: 0, Earpiece: 0, Bluetooth: 1, Wireless charging: 0, Screen: 1, Camera: 0, 0, -, -, Motion: 0, Bluetooth tethering: 0, Voice: 0, Wifi 2.4G: 0, Radio: 1, Bluetooth connected: 1, Bluetooth media: 0, Wifi Band: 2, Wifi AP Band: 0, Wifi call: 0, mmWave: 0, mCellBackhaul: 0, mHallSensor: 0, mDozeStatus: 1, mAppClassInfo: 0, mWifiCapSensorStatus: 0, mCellCapSensorStatus: 0, mBesideHeadHandStatus: 0, mSpeakerStatus: 0, mProtectiveCaseStatus: 0, mWifiSettingStatus: 0, mGpsStatus: 0
07-04 18:16:48.213 D/AOC     ( 1476): A3:MSG: vsc_sensor.cc, 68: VSC: [Lift to Wake Sensor] disable.
07-04 18:16:48.213 D/AOC     ( 1476): A3:MSG: usf_vsc_log.cc, 69: VSC: [Lift_to_Wake] Enable Lift to Wake gesture : 0
07-04 18:16:48.213 D/AOC     ( 1476): CHRE: DRAM vote count begins
07-04 18:16:48.213 D/AOC     ( 1476): CHRE: DRAM vote count ends: 0 ms
07-04 18:16:48.213 D/usf_sensor_hal( 1152): proximity gated single tap: Enter Activate. Enable = 0.
07-04 18:16:48.214 D/CHRE    ( 1137): @ 104913.359: Parsed nanoapp message from host: app ID 0x476f6f676c001019 endpoint 0x3 msgType 400 payload size 2
07-04 18:16:48.214 D/ColorDisplayService( 1795): computeDisplayWhiteBalanceMatrix: cct =6340 matrix =
07-04 18:16:48.214 D/ColorDisplayService( 1795):        0,988125 0,000582-0,000563 0,000000-0,011313 0,998653-0,002793 0,000000 0,000678 0,000766 0,964558 0,000000 0,000000 0,000000 0,000000 1,000000
07-04 18:16:48.214 I/sensor-suez( 1152): Vendor atom [id = 100242] reported.
07-04 18:16:48.214 I/sensor-suez( 1152): Vendor atom [id = 100243] reported.
07-04 18:16:48.215 D/IwlanNetworkService( 3522): onCapabilitiesChanged: 107
07-04 18:16:48.216 I/sensor-suez( 1152): Vendor atom [id = 100242] reported.
07-04 18:16:48.216 I/sensor-suez( 1152): Vendor atom [id = 100243] reported.
07-04 18:16:48.217 D/usf_sensor_hal( 1152): proximity gated long press: Enter Activate. Enable = 0.
07-04 18:16:48.217 D/AOC     ( 1476): A3:MSG: vsc_sensor.cc, 68: VSC: [Proximity Gated Single Tap Gesture] disable.
07-04 18:16:48.217 D/AOC     ( 1476): A3:MSG: usf_sensor.cc, 1881: USF: Received stop sampling request for Touch Single Tap Sensor (active:0).
07-04 18:16:48.217 D/AOC     ( 1476): A3:MSG: usf_touch_device.cc, 220: gtd: Host disables sensor, type: 1.
07-04 18:16:48.217 D/AOC     ( 1476): A3:MSG: usf_touch_device.cc, 593: gtd: Bus: 0, Host: 1; Enabled: 0.
07-04 18:16:48.217 D/AOC     ( 1476): A3:MSG: usf_vsc_log.cc, 69: VSC: gti: [STTW] sensor disabled
07-04 18:16:48.218 I/adtl    ( 2168): (REDACTED) Network %s onCapabilitiesChanged: hasInternet %b, hasValidated %b
07-04 18:16:48.218 D/AOC     ( 1476): A3:MSG: vsc_sensor.cc, 68: VSC: [Proximity Gated Long Press Gesture] disable.
07-04 18:16:48.218 D/AOC     ( 1476): A3:MSG: usf_sensor.cc, 1881: USF: Received stop sampling request for Touch Long Press Sensor (active:0).
07-04 18:16:48.220 D/ActivityManager( 1795): sync unfroze 10535 com.google.android.gms.unstable for 7
07-04 18:16:48.220 D/ConnectivityService( 1795): NetReassign [no changes] [c 0] [a 1] [i 1]
07-04 18:16:48.220 D/usf_sensor_hal( 1152): proximity: Enter Activate. Enable = 0.
07-04 18:16:48.221 I/sensor-suez( 1152): Vendor atom [id = 100242] reported.
07-04 18:16:48.221 I/sensor-suez( 1152): Vendor atom [id = 100243] reported.
07-04 18:16:48.221 D/BackgroundInstallControlService( 1795): Package event received: 0
07-04 18:16:48.222 I/hwc-pixel-bc(  486): path=drm, id=0, level=4366, nits=123.112961, brightness=0.054768, DimmingOn=0, Hbm=0, LhbmOn=0, OpRate=0
07-04 18:16:48.222 D/AOC     ( 1476): A3:MSG: usf_touch_device.cc, 220: gtd: Host disables sensor, type: 2.
07-04 18:16:48.223 I/usf_sensor_hal( 1152): Received REPORT_SENSOR_ACTIVE_STATE_CHANGES event from 'TMD3743 Proximity' with state:kInactive and desired fps:0!
07-04 18:16:48.223 I/hwc-DSI-1(  486): UpdateProximitySensorState: prox becomes inactive while low gray content is inactive
07-04 18:16:48.223 I/sensor-suez( 1152): Vendor atom [id = 100242] reported.
07-04 18:16:48.223 I/sensor-suez( 1152): Vendor atom [id = 100243] reported.
07-04 18:16:48.224 D/AOC     ( 1476): A3:MSG: usf_touch_device.cc, 593: gtd: Bus: 0, Host: 0; Enabled: 0.
07-04 18:16:48.224 D/AOC     ( 1476): A3:MSG: usf_sensor.cc, 1881: USF: Received stop sampling request for TMD3743 Proximity (active:1).
07-04 18:16:48.224 D/AOC     ( 1476): A3:MSG: usf_vsc_log.cc, 69: VSC: gti: [LPTW] sensor disabled
07-04 18:16:48.224 D/AOC     ( 1476): A3:MSG: tmd3743_sensor.cc, 296: USF: TMD3743: Report new active state:0 min_fps:0
07-04 18:16:48.224 D/AOC     ( 1476): A3:MSG: tmd3743_device.cc, 476: USF: TMD3743: [0]Stop sampling (Client count L/C/S/P = 1/1/1/0, err = 0)
07-04 18:16:48.225 I/WifiClientModeImpl( 1795): WifiConnectivityDiagnosticsCallback onNetworkConnectivityReported hasConnectivity=false
07-04 18:16:48.225 I/WifiHAL ( 1211): Creating message to get link statistics; iface = 47
07-04 18:16:48.226 D/ActivityManager( 1795): sync unfroze 5928 com.google.android.apps.messaging for 7
07-04 18:16:48.226 D/BackgroundInstallControlService( 1795): Package event received: 0
07-04 18:16:48.227 I/hwc-DSI-1(  486): SetTe2Option: writes te2_option(1) to the sysfs node
07-04 18:16:48.227 I/hwc-DSI-1(  486): SetTe2Frequency: writes te2_freq_hz(30) to the sysfs node
07-04 18:16:48.227 I/hwc-DSI-1(  486): Vote: xRR outcome: min_refresh_rate =   0(   BLOCKING_ZONE), lock_time_millis =      0(   BLOCKING_ZONE)
07-04 18:16:48.227 I/hwc-DSI-1(  486): Routine: ProximitySensorStateNotifierWorker: signal received (state=0)
07-04 18:16:48.227 E/hwc-DSI-1(  486): UnVote: there's no vote associated with that Id.
07-04 18:16:48.227 W/hwc-DSI-1(  486): UnvoteRefreshRate: unvote minimum refresh rate failed, client = SENSOR
07-04 18:16:48.227 E/usf_sensor_hal( 1152): Could not set RefreshRateThrottle to 0, err(11)!
07-04 18:16:48.227 D/ConnectivityService( 1795): NetReassign [no changes] [c 0] [a 6] [i 1]
07-04 18:16:48.229 D/usf_sensor_hal( 1152): binned brightness: Enter Activate. Enable = 0.
07-04 18:16:48.230 I/bluetooth_hal.hci_router( 1133): command queued: (13)[01 57 fd 09 07 00 32 f3 fe 00 ff ff 00]
07-04 18:16:48.231 D/AOC     ( 1476): A3:MSG: vsc_sensor.cc, 68: VSC: [Binned Brightness] disable.
07-04 18:16:48.231 D/AOC     ( 1476): A3:MSG: usf_sensor.cc, 1881: USF: Received stop sampling request for TMD3743 Ambient Light (active:3).
07-04 18:16:48.232 D/ActivityManager( 1795): sync unfroze 12612 com.google.android.apps.privacy.wildlife for 3
07-04 18:16:48.234 I/sensor-suez( 1152): Vendor atom [id = 100242] reported.
07-04 18:16:48.234 I/sensor-suez( 1152): Vendor atom [id = 100243] reported.
07-04 18:16:48.231 I/NearbyMediums(22422): Wifi changed new SSID: "Get-2350C3"
07-04 18:16:48.235 I/NearbyMediums(22422): WifiLanConnectivityInfo is not changed, skip notify.
07-04 18:16:48.236 D/BackgroundInstallControlService( 1795): Package event received: 0
07-04 18:16:48.240 I/twoshay.sensorfusion( 4345): Req : 0x00000430, Rep : 0x0000000D, Model : 0x00000001
07-04 18:16:48.240 D/ActivityThread(12612): Package [com.kenleren.my_art_collection] reported as REPLACED, but missing application info. Assuming REMOVED.
07-04 18:16:48.241 D/AOC     ( 1476): CHRE: DRAM vote count begins
07-04 18:16:48.242 D/CHRE    ( 1137): @ 104913.389: Parsed nanoapp message from host: app ID 0x476f6f676c00100b endpoint 0x20 msgType 112 payload size 14
07-04 18:16:48.242 D/AOC     ( 1476): CHRE: DRAM vote count ends: 0 ms
07-04 18:16:48.242 D/AOC     ( 1476): CHRE: DRAM vote count begins
07-04 18:16:48.243 D/AOC     ( 1476): CHRE: DRAM vote count ends: 0 ms
07-04 18:16:48.243 D/AOC     ( 1476): CHRE: DRAM vote count begins
07-04 18:16:48.243 D/AOC     ( 1476): CHRE: DRAM vote count ends: 0 ms
07-04 18:16:48.243 I/NearbyMediums(23012): Wifi changed new SSID: "Get-2350C3"
07-04 18:16:48.243 D/AOC     ( 1476): CHRE: DRAM vote count begins
07-04 18:16:48.243 D/CHRE    ( 1137): @ 104913.390: Parsed nanoapp message from host: app ID 0x476f6f676c00103b endpoint 0x8005 msgType 2 payload size 7
07-04 18:16:48.243 D/AOC     ( 1476): CHRE: DRAM vote count ends: 0 ms
07-04 18:16:48.243 I/CHRE    ( 1137): @ 104913.390: [NanoMinion] received MSG Type 0x70, Version 1, 10 bytes
07-04 18:16:48.243 D/AOC     ( 1476): CHRE: DRAM vote count begins
07-04 18:16:48.243 I/CHRE    ( 1137): @ 104913.390: [AR] context-signal: has_bt=0, bt=0, has_wifi=1, wifi=1
07-04 18:16:48.244 I/CHRE    ( 4345): Got message from nanoapp 0x476f6f676c00103b to endpoint 0x8005 with type 0x4 and length 2
07-04 18:16:48.244 I/CHRE    ( 1137): @ 104913.390: [Wallaby] Subscribe protobuf request from host: 0x8005
07-04 18:16:48.244 I/CHRE    ( 1137): @ 104913.391: [Wallaby] Adding new client=32773, is_local=0, flag=0x430, reporting_flag=0xd, model=1, is_one_shot=0
07-04 18:16:48.244 I/CHRE    ( 1137): @ 104913.391: [WallabyPD] Adding inference config, current size 0
07-04 18:16:48.244 I/twoshay.sensorfusion( 4345): Active Query Req Model : 0x00000001
07-04 18:16:48.244 I/CHRE    ( 1137): @ 104913.391: [WallabyPD] Adding NEW inference config: model=1, on_demand=0
07-04 18:16:48.244 I/CHRE    ( 1137): @ 104913.391: [Wallaby] updated merged flags: 0x430
07-04 18:16:48.244 I/CHRE    ( 1137): @ 104913.391: [Wallaby] Enabling nanoapp
07-04 18:16:48.244 I/CHRE    ( 4345): Wallaby Ack : 0x00000001 : Subscription : 2
07-04 18:16:48.244 D/AOC     ( 1476): CHRE: DRAM vote count ends: 0 ms
07-04 18:16:48.244 D/AOC     ( 1476): CHRE: DRAM vote count begins
07-04 18:16:48.244 D/AOC     ( 1476): CHRE: DRAM vote count ends: 0 ms
07-04 18:16:48.243 I/NearbyMediums(23012): WifiLanConnectivityInfo is not changed, skip notify.
07-04 18:16:48.244 D/CHRE    ( 1137): @ 104913.392: Parsed nanoapp message from host: app ID 0x476f6f676c00103b endpoint 0x8005 msgType 1 payload size 5
07-04 18:16:48.244 I/ActivityManager( 1795): Force stopping com.kenleren.my_art_collection appid=10326 user=0: from pid 5428
07-04 18:16:48.244 D/ActivityThread(12612): Package [com.kenleren.my_art_collection] reported as REPLACED, but missing application info. Assuming REMOVED.
07-04 18:16:48.245 I/ActivityManager( 1795): Killing 5016:com.kenleren.my_art_collection/u0a326 (adj 0): stop com.kenleren.my_art_collection due to from pid 5428
07-04 18:16:48.245 D/AOC     ( 1476): A3:MSG: usf_sensor.cc, 1866: USF: Received start sampling request for VD6282 Rear Light Sensor (active:2).
07-04 18:16:48.246 W/libbinder.IPCThreadState( 1795): Sending oneway calls to frozen process.
07-04 18:16:48.246 D/AOC     ( 1476): CHRE: DRAM vote count begins
07-04 18:16:48.246 D/AOC     ( 1476): CHRE: DRAM vote count ends: 0 ms
07-04 18:16:48.246 D/AOC     ( 1476): CHRE: DRAM vote count begins
07-04 18:16:48.246 D/AOC     ( 1476): CHRE: DRAM vote count ends: 0 ms
07-04 18:16:48.247 D/AOC     ( 1476): A3:MSG: usf_sensor.cc, 1866: USF: Received start sampling request for ICM45631 Accelerometer (active:6).
07-04 18:16:48.247 D/AOC     ( 1476): CHRE: DRAM vote count begins
07-04 18:16:48.247 D/AOC     ( 1476): CHRE: DRAM vote count ends: 0 ms
07-04 18:16:48.247 D/AOC     ( 1476): CHRE: DRAM vote count begins
07-04 18:16:48.248 D/BoundBrokerSvc(18798): onUnbind: Intent { act=com.google.android.gms.cobalt.api.CobaltLoggerApiService.START dat=chimera-action:/... xflg=0x4 cmp=com.google.android.gms/.chimera.GmsApiService }
07-04 18:16:48.248 I/CHRE    ( 4345): Got message from nanoapp 0x476f6f676c00103b to endpoint 0x8005 with type 0x4 and length 2
07-04 18:16:48.248 I/CHRE    ( 4345): Wallaby Ack : 0x00000001 : Subscription : 2
07-04 18:16:48.249 D/AOC     ( 1476): CHRE: DRAM vote count ends: 0 ms
07-04 18:16:48.249 W/ActivityTaskManager( 1795): Force removing ActivityRecord{40307766 u0 com.kenleren.my_art_collection/.MainActivity t9919 f}}: app died, no saved state
07-04 18:16:48.249 D/AOC     ( 1476): CHRE: DRAM vote count begins
07-04 18:16:48.249 W/TransitionChain( 1795): Combining appDied into #1756(WAKE|R|0x0) from sleepTokens
07-04 18:16:48.249 D/AOC     ( 1476): A3:MSG: usf_sensor.cc, 1866: USF: Received start sampling request for TMD3743 Proximity (active:1).
07-04 18:16:48.249 D/HintManagerService( 1795): Uid gone for 10326
07-04 18:16:48.249 W/powerhal-libperfmgr(  745): sched_setattr failed for thread 5084, err=3
07-04 18:16:48.249 W/powerhal-libperfmgr(  745): sched_setattr failed for thread 5085, err=3
07-04 18:16:48.249 W/powerhal-libperfmgr(  745): sched_setattr failed for thread 5033, err=3
07-04 18:16:48.249 D/AOC     ( 1476): CHRE: DRAM vote count ends: 0 ms
07-04 18:16:48.249 D/AOC     ( 1476): CHRE: DRAM vote count begins
07-04 18:16:48.249 D/AOC     ( 1476): CHRE: DRAM vote count ends: 0 ms
07-04 18:16:48.250 D/CHRE    ( 1137): @ 104913.393: Parsed nanoapp message from host: app ID 0x476f6f676c00103b endpoint 0x8005 msgType 6 payload size 4
07-04 18:16:48.250 I/CHRE    ( 1137): @ 104913.393: [Wallaby] Received ACTIVE Query request from client 32773
07-04 18:16:48.250 I/CHRE    ( 1137): @ 104913.393: [Wallaby] Adding new client=32773, is_local=0, flag=0x1, reporting_flag=0x1, model=1, is_one_shot=1
07-04 18:16:48.250 I/CHRE    ( 1137): @ 104913.393: [WallabyPD] Adding inference config, current size 1
07-04 18:16:48.250 I/CHRE    ( 1137): @ 104913.393: [WallabyPD] Adding NEW inference config: model=1, on_demand=1
07-04 18:16:48.250 I/CHRE    ( 1137): @ 104913.393: [Wallaby] updated merged flags: 0x1
07-04 18:16:48.250 I/CHRE    ( 1137): @ 104913.393: [Wallaby] Starting sensors
07-04 18:16:48.250 I/CHRE    ( 1137): @ 104913.394: [WallabyLGP] ProxManager:Update: Disabled --> Ready, event=Enable, event_val=1
07-04 18:16:48.250 I/CHRE    ( 1137): @ 104913.395: [Wallaby] Starting accel
07-04 18:16:48.251 I/usf_sensor_hal( 1152): Received REPORT_SENSOR_ACTIVE_STATE_CHANGES event from 'TMD3743 Proximity' with state:kActive and desired fps:30!
07-04 18:16:48.251 I/hwc-DSI-1(  486): UpdateProximitySensorState: prox becomes active while low gray content is inactive
07-04 18:16:48.251 D/AOC     ( 1476): A3:MSG: tmd3743_sensor.cc, 296: USF: TMD3743: Report new active state:1 min_fps:30
07-04 18:16:48.251 D/AOC     ( 1476): A3:MSG: tmd3743_device.cc, 367: USF: TMD3743: [0]Start sampling (Client count L/C/S/P = 1/1/1/1, err = 0)
07-04 18:16:48.251 D/AOC     ( 1476): CHRE: DRAM vote count begins
07-04 18:16:48.251 D/AOC     ( 1476): CHRE: DRAM vote count ends: 0 ms
07-04 18:16:48.251 D/AOC     ( 1476): CHRE: DRAM vote count begins
07-04 18:16:48.251 D/AOC     ( 1476): CHRE: DRAM vote count ends: 0 ms
07-04 18:16:48.251 D/ViewRootImpl(29459): Skipping stats log for color mode
07-04 18:16:48.251 D/BaseActivity(29459): Launcher flags updated: [state_started] +[state_started]
07-04 18:16:48.251 V/WindowManager( 1795): Defer transition id=1756 for TaskFragmentTransaction=android.os.Binder@aedbc24
07-04 18:16:48.251 D/BaseActivity(29459): Launcher flags updated: [state_started|state_resumed|state_user_active] +[state_resumed|state_user_active]
07-04 18:16:48.252 D/BaseActivity(29459): Launcher flags updated: [state_started|state_resumed|state_user_active] +[]
07-04 18:16:48.252 D/BaseActivity(29459): Launcher flags updated: [state_started|state_resumed|state_deferred_resumed|state_user_active] +[state_deferred_resumed]
07-04 18:16:48.252 D/StatsLog(29459): LAUNCHER_ONRESUME
07-04 18:16:48.252 D/InetDiagMessage( 1795): Destroyed 0 sockets, proto=IPPROTO_TCP, family=AF_INET, states=14
07-04 18:16:48.252 D/BackgroundInstallControlService( 1795): Package event received: 0
07-04 18:16:48.253 D/Bubbles ( 2967): BubbleTaskStackListener.onTaskMovedToFront(): taskId=5
07-04 18:16:48.253 D/WindowManagerShell( 2967): setLauncherKeepClearAreaHeight: visible=true, height=461
07-04 18:16:48.253 I/hwc-DSI-1(  486): SetTe2Option: writes te2_option(0) to the sysfs node
07-04 18:16:48.253 I/hwc-DSI-1(  486): SetTe2Frequency: writes te2_freq_hz(120) to the sysfs node
07-04 18:16:48.253 I/hwc-DSI-1(  486): Vote: xRR request: min_refresh_rate =  30(          SENSOR), lock_time_millis =   1000(          SENSOR)
07-04 18:16:48.253 I/hwc-DSI-1(  486): Routine: ProximitySensorStateNotifierWorker: signal received (state=1)
07-04 18:16:48.253 D/BackgroundInstallControlService( 1795): Package event received: 0
07-04 18:16:48.253 D/BackgroundInstallControlService( 1795): Package event received: 0
07-04 18:16:48.253 I/hwc-DSI-1(  486): Vote: xRR outcome: min_refresh_rate =  30(          SENSOR), lock_time_millis =   1000(          SENSOR)
07-04 18:16:48.254 I/CHRE    ( 1137): @ 104913.396: [WallabySM] MotionManager:Update: Disabled --> Running, event=Enable, event_val=1
07-04 18:16:48.254 I/CHRE    ( 1137): @ 104913.396: [Wallaby] Already enabled
07-04 18:16:48.254 I/CHRE    ( 1137): @ 104913.396: [WallabyPD] GetStartIndex: not enough samples for inference, 0
07-04 18:16:48.254 I/CHRE    ( 1137): @ 104913.396: [Wallaby] >>>>>>>>>>>>>>>> Starting prox >>>>>>>>>>>>>>>>
07-04 18:16:48.254 I/CHRE    ( 1137): @ 104913.399: [Wallaby] OnInferredProx: prox_state=kUnknown
07-04 18:16:48.254 I/CHRE    ( 1137): @ 104913.399: [WallabyLGP] ProxManager:Update: Ready --> Running, event=LightData, event_val=1
07-04 18:16:48.254 I/CHRE    ( 1137): @ 104913.399: [Wallaby] +++++++ DATA: PROX, 104896044170421, 0
07-04 18:16:48.254 I/CHRE    ( 1137): @ 104913.399: [WallabyPD] GetStartIndex: not enough samples for inference, 0
07-04 18:16:48.254 I/hwc-DSI-1(  486): SetTe2Frequency: writes te2_freq_hz(30) to the sysfs node
07-04 18:16:48.255 I/AppsFilter( 1795): interaction: PackageSetting{a0aa4c4 com.google.android.microdroid.empty_payload/10299} -> PackageSetting{953e942 com.kenleren.my_art_collection/10326} BLOCKED
07-04 18:16:48.255 D/NexusLauncherModelDelegate(29459): notifySmartspaceEvent: SmartspaceTargetEvent{mSmartspaceTarget=null, mSmartspaceActionId='null', mEventType=6}
07-04 18:16:48.255 W/ActivityManager( 1795): Invalid packageName: com.kenleren.my_art_collection
07-04 18:16:48.256 D/QuickstepModelDelegate(29459): notifyAppTargetEvent action=1 launchLocation=workspace/1/[-1,-1]/[1,1]
07-04 18:16:48.257 D/InetDiagMessage( 1795): Destroyed 0 sockets, proto=IPPROTO_TCP, family=AF_INET6, states=14
07-04 18:16:48.257 D/InetDiagMessage( 1795): Destroyed live tcp sockets for uids={10326} in 6ms
07-04 18:16:48.258 D/InetDiagMessage( 1795): Destroyed 0 sockets, proto=IPPROTO_TCP, family=AF_INET, states=14
07-04 18:16:48.258 D/InetDiagMessage( 1795): Destroyed 0 sockets, proto=IPPROTO_TCP, family=AF_INET6, states=14
07-04 18:16:48.258 D/InetDiagMessage( 1795): Destroyed live tcp sockets for uids={20326} in 1ms
07-04 18:16:48.258 D/NetworkMonitor/107( 3090): PROBE_HTTP http://connectivitycheck.gstatic.com/generate_204 time=75ms ret=204 request={Connection=[close], User-Agent=[Mozilla/5.0 (X11; Linux x86_64) AppleWebKit/537.36 (KHTML, like Gecko) Chrome/60.0.3112.32 Safari/537.36]} headers={null=[HTTP/1.1 204 No Content], Connection=[close], Content-Length=[0], Cross-Origin-Resource-Policy=[cross-origin], Date=[Sat, 04 Jul 2026 16:16:48 GMT], X-Android-Received-Millis=[1783181808258], X-Android-Response-Source=[NETWORK 204], X-Android-Selected-Protocol=[http/1.1], X-Android-Sent-Millis=[1783181808224]}
07-04 18:16:48.260 D/ShortcutAndWidgetContainer(29459): appWidgetScale - [x,y]: [1.0,1.0]
07-04 18:16:48.260 D/NavigableAppWidgetHostView(29459): updateScale - [fitScale,bounceScale]: [1.0,1.0]
07-04 18:16:48.260 D/SsBaseTemplateCard(29459): Passed-in item info is null
07-04 18:16:48.260 I/SsBaseTemplateCard(29459): setFormattedContentDescription: text=20°C, iconDescription=Mostly cloudy day, contentDescription=Mostly cloudy day 20°C
07-04 18:16:48.260 D/SsBaseTemplateCard(29459): Passed-in item info is null
07-04 18:16:48.260 D/SsBaseTemplateCard(29459): Passed-in item info is null
07-04 18:16:48.260 I/SsBaseTemplateCard(29459): Secondary card pane is null
07-04 18:16:48.261 D/BaseDepthController(29459): setSurface:
07-04 18:16:48.261 D/BaseDepthController(29459): 	mWaitingOnSurfaceValidity: false
07-04 18:16:48.261 D/BaseDepthController(29459): 	mBaseSurface: Surface(name=com.google.android.apps.nexuslauncher/com.google.android.apps.nexuslauncher.NexusLauncherActivity#19001)/@0xe1462e2
07-04 18:16:48.261 V/BaseDepthController(29459): Applying blur: 0 to Surface(name=com.google.android.apps.nexuslauncher/com.google.android.apps.nexuslauncher.NexusLauncherActivity#19001)/@0xe1462e2 applyImmediately: false
07-04 18:16:48.261 D/BaseDepthController(29459): shouldBlurWorkspace: false targetState: Normal currentStableState: Normal mCurrentBlur: 0 mLauncher.getDepthBlurTargets(): [com.android.launcher3.Workspace{19b2673 V.ED..... ......ID 0,0-1080,2404 #7f0a04ae app:id/workspace}, com.android.launcher3.Hotseat{4b89930 V.ED..... .......D 0,1943-1080,2404 #7f0a01f6 app:id/hotseat}]
07-04 18:16:48.261 I/WifiHAL ( 1211): Getting cached scan results, iface handle = 0xb40000708bfa0950
07-04 18:16:48.261 E/WifiHAL ( 1211): Creating message to get cached scan results
07-04 18:16:48.262 I/WifiService( 1795): acquireMulticastLock uid=10162 lockTag=MdnsServiceBrowserImpl
07-04 18:16:48.262 D/AOC     ( 1476): A3:MSG: tmd3743_device.cc, 3183: USF: TMD3743: Prox State: Unknown -> FAR
07-04 18:16:48.263 I/MdnsServiceBrowser(23012): (REDACTED) registering %s
07-04 18:16:48.264 I/CHRE    ( 1137): @ 104913.411: [Wallaby] +++++++ DATA: PROX, 104913409776808, 0
07-04 18:16:48.264 I/CHRE    ( 1137): @ 104913.411: [WallabyPD] GetStartIndex: not enough samples for inference, 0
07-04 18:16:48.264 D/AOC     ( 1476): CHRE: DRAM vote count begins
07-04 18:16:48.264 D/AOC     ( 1476): CHRE: DRAM vote count ends: 0 ms
07-04 18:16:48.264 D/AOC     ( 1476): CHRE: DRAM vote count begins
07-04 18:16:48.264 D/AOC     ( 1476): CHRE: DRAM vote count ends: 0 ms
07-04 18:16:48.265 D/GRIL-S  ( 3156): [6719]< UPDATE_DEVICE_STATE 
07-04 18:16:48.265 I/WifiHAL ( 1211): In GetCachedScanResultsCommand::handleResponse
07-04 18:16:48.265 I/hwc-DSI-1(  486): SetTe2Frequency: writes te2_freq_hz(120) to the sysfs node
07-04 18:16:48.267 I/serviceDiscovery( 1795): [MdnsSocketProvider] Start monitoring sockets.
07-04 18:16:48.267 I/TetheringManager( 1795): registerTetheringEventCallback caller:android
07-04 18:16:48.268 I/serviceDiscovery( 1795): [MdnsDiscoveryManager] Registering listener for serviceType: _googlecast._tcp.local
07-04 18:16:48.268 I/serviceDiscovery( 1795): [MdnsDiscoveryManager] Registering listener for serviceType: _googlecast._tcp.local
07-04 18:16:48.268 I/serviceDiscovery( 1795): [MdnsDiscoveryManager] Registering listener for serviceType: _googlecast._tcp.local
07-04 18:16:48.270 D/IpClient.wlan0( 3090): set max DTIM multiplier to 1
07-04 18:16:48.270 D/b/417220811(29459): invalidateLoadedTasks - previous requestLoadId: -1
07-04 18:16:48.270 D/WallpaperService( 2967): onVisibilityChanged(true): com.android.systemui.wallpapers.ImageWallpaper$CanvasEngine@b51968d
07-04 18:16:48.271 E/WifiHAL ( 1211): Setting APF program, halHandle = 0xb40000708bfa0950
07-04 18:16:48.271 E/WifiHAL ( 1211): Set apf filter for iface = wlan0
07-04 18:16:48.271 I/WifiHAL ( 1211): createRequest: APF set program request
07-04 18:16:48.271 I/WifiHAL ( 1211): mProgramLen : 1202
07-04 18:16:48.273 D/ThreadSarController( 3656): onDeviceStateChanged
07-04 18:16:48.273 D/ThreadSarController( 3656): Thread Sar caps unchanged
07-04 18:16:48.273 W/statsd  ( 1110): StatsPullerManager::PullLocked Unknown tagId 150023
07-04 18:16:48.273 E/statsd  ( 1110): Stats puller failed for tag: 150023 at 104910469787699
07-04 18:16:48.273 W/statsd  ( 1110): StatsPullerManager::PullLocked Unknown tagId 10253
07-04 18:16:48.273 E/statsd  ( 1110): Stats puller failed for tag: 10253 at 104910469787699
07-04 18:16:48.273 V/WindowManager( 1795): Continue transition id=1756 for TaskFragmentTransaction=android.os.Binder@aedbc24
07-04 18:16:48.275 D/ConnectivityService( 1795): NetReassign [no changes] [c 0] [a 1] [i 1]
07-04 18:16:48.276 D/CarrierSvcBindHelper( 3281): onHandleForceStop: [com.kenleren.my_art_collection]
07-04 18:16:48.276 D/EuiccConnector( 3281): handleMessage: E msg.what=1
07-04 18:16:48.276 D/EuiccConnector( 3281): processMsg: ConnectedState
07-04 18:16:48.277 D/EuiccConnector( 3281): processMsg: DisconnectedState
07-04 18:16:48.277 D/EuiccConnector( 3281): handleMessage: X
07-04 18:16:48.278 D/CarrierSvcBindHelper( 3281): No carrier app for: 0
07-04 18:16:48.278 D/CarrierSvcBindHelper( 3281): No carrier app for: 1
07-04 18:16:48.278 I/adbd    ( 2198): adbd service requested 'shell,v2,TERM=dumb,raw:am start -S -W -n com.kenleren.my_art_collection/.MainActivity'
07-04 18:16:48.279 D/WifiHAL ( 1211): Setting DTIM config , halHandle = 0xb40000708bfa0950 Multiplier = 1
07-04 18:16:48.279 I/WifiHAL ( 1211): Successfully configured dtim multiplier 1
07-04 18:16:48.283 I/pixel-thermal( 1688): EARLY-WARNING-SENSOR:0 raw data: EARLY-EMERGENCY-WARNING-SENSOR:0 EARLY-SHUTDOWN-WARNING-SENSOR:0 EARLY-WARNING-SENSOR:0 VIRTUAL-SKIN-PREDICTION-MODEL:33324.9 VT-FORECAST-30SEC:33445.5 VT-FORECAST-60SEC:33622.8 
07-04 18:16:48.283 I/pixel-thermal( 1688): VIRTUAL-USB-THROTTLING:0 raw data: USB-MINUS-CHARGING:-3634 VIRTUAL-USB-THROTTLING:0 charging_therm:35273 usb_pwr_therm:31639 
