07-04 18:10:28.726 V/WindowManager( 1795):         {WCT{RemoteToken{da2ccd3 DefaultTaskDisplayArea@28652685}} m=TO_FRONT f=FLAG_IS_TASK_DISPLAY_AREA leash=Surface(name=DefaultTaskDisplayArea#10)/@0xeb93449 sb=Rect(0, 0 - 1080, 2404) eb=Rect(0, 0 - 1080, 2404) epz=Point(1080, 2404) d=0}
07-04 18:10:28.726 V/WindowManager( 1795):     ]}
07-04 18:10:28.727 V/WindowManagerShell( 2967): onTransitionReady(transaction=7709466576861)
07-04 18:10:28.727 V/WindowManagerShell( 2967): onTransitionReady (#1735) android.os.BinderProxy@63a1a78: {id=1735 t=TO_BACK f=0x104 trk=2 r=[0@Point(0, 0)] c=[
07-04 18:10:28.727 V/WindowManagerShell( 2967):         {m=TO_FRONT f=NONE p=WCT{android.os.BinderProxy@79d3e13} leash=Surface(name=Task=9908#18720)/@0x85beaa2 sb=Rect(0, 0 - 1080, 2404) eb=Rect(0, 0 - 1080, 2404) epz=Point(1080, 2404) d=0 taskParent=-1 winMode=1 userId=0},
07-04 18:10:28.727 V/WindowManagerShell( 2967):         {m=TO_FRONT f=FLAG_IS_TASK_DISPLAY_AREA leash=Surface(name=DefaultTaskDisplayArea#10)/@0xbec7333 sb=Rect(0, 0 - 1080, 2404) eb=Rect(0, 0 - 1080, 2404) epz=Point(1080, 2404) d=0}
07-04 18:10:28.727 V/WindowManagerShell( 2967):     ]}
07-04 18:10:28.727 V/ShellDesktopMode( 2967): DesktopModeLogger: taskInfo map after processing changes 0
07-04 18:10:28.727 D/ShellDesktopMode( 2967): DesktopTaskChangeListener: onTaskMovingToFront for taskId=9908, displayId=0 - desktop not supported
07-04 18:10:28.727 V/WindowManagerShell( 2967): Playing animation for (#1735) android.os.BinderProxy@63a1a78@2
07-04 18:10:28.727 V/WindowManagerShell( 2967): start keyguard going-away transition, info = {id=1735 t=TO_BACK f=0x104 trk=2 r=[0@Point(0, 0)] c=[{m=TO_FRONT f=NONE p=WCT{android.os.BinderProxy@79d3e13} leash=Surface(name=Task=9908#18720)/@0x85beaa2 sb=Rect(0, 0 - 1080, 2404) eb=Rect(0, 0 - 1080, 2404) epz=Point(1080, 2404) d=0 taskParent=-1 winMode=1 userId=0},{m=TO_FRONT f=FLAG_IS_TASK_DISPLAY_AREA leash=Surface(name=DefaultTaskDisplayArea#10)/@0xbec7333 sb=Rect(0, 0 - 1080, 2404) eb=Rect(0, 0 - 1080, 2404) epz=Point(1080, 2404) d=0}]}
07-04 18:10:28.727 D/KeyguardService( 2967): Starts IRemoteAnimationRunner: info={id=1735 t=TO_BACK f=0x104 trk=2 r=[0@Point(0, 0)] c=[{m=TO_FRONT f=NONE p=WCT{android.os.BinderProxy@79d3e13} leash=Surface(name=Task=9908#18720)/@0x85beaa2 sb=Rect(0, 0 - 1080, 2404) eb=Rect(0, 0 - 1080, 2404) epz=Point(1080, 2404) d=0 taskParent=-1 winMode=1 userId=0},{m=TO_FRONT f=FLAG_IS_TASK_DISPLAY_AREA leash=Surface(name=DefaultTaskDisplayArea#10)/@0xbec7333 sb=Rect(0, 0 - 1080, 2404) eb=Rect(0, 0 - 1080, 2404) epz=Point(1080, 2404) d=0}]}
07-04 18:10:28.728 V/WindowManagerShell( 2967):  animated by com.android.wm.shell.keyguard.KeyguardTransitionHandler@82e0a4f
07-04 18:10:28.756 D/CoreBackPreview( 1795): Window{4296a11 u0 NotificationShade}: Setting back callback null
07-04 18:10:28.766 W/JobScheduler( 1795): Job didn't exist in JobStore: bcb2920 #u0a218/1034 com.google.android.apps.photos/com.google.android.libraries.social.mediamonitor.MediaMonitorJobSchedulerService
07-04 18:10:28.800 W/UriGrantsManagerService( 1795): No permission grants found for com.google.android.apps.photos
07-04 18:10:28.801 W/UriGrantsManagerService( 1795): No permission grants found for com.google.android.apps.photos
07-04 18:10:28.827 I/DisplayDeviceRepository( 1795): Display device changed render timings: "Built-in Screen", renderFrameRate=120.00001, presentationDeadlineNanos=11500000, appVsyncOffsetNanos=6233332, frameRateOverrides=[{uid=10253 frameRateHz=120.00001}, {uid=10270 frameRateHz=120.00001}, {uid=10326 frameRateHz=120.00001}]
07-04 18:10:28.975 W/UriGrantsManagerService( 1795): No permission grants found for com.google.android.apps.photos
07-04 18:10:28.975 W/UriGrantsManagerService( 1795): No permission grants found for com.google.android.apps.photos
07-04 18:10:29.063 W/UriGrantsManagerService( 1795): No permission grants found for com.google.android.apps.photos
07-04 18:10:29.063 W/UriGrantsManagerService( 1795): No permission grants found for com.google.android.apps.photos
07-04 18:10:29.081 W/UriGrantsManagerService( 1795): No permission grants found for com.google.android.apps.photos
07-04 18:10:29.081 W/UriGrantsManagerService( 1795): No permission grants found for com.google.android.apps.photos
07-04 18:10:29.098 W/UriGrantsManagerService( 1795): No permission grants found for com.google.android.apps.photos
07-04 18:10:29.098 W/UriGrantsManagerService( 1795): No permission grants found for com.google.android.apps.photos
07-04 18:10:29.118 D/FaceProvider/default( 1795): Starting watchdog for face
07-04 18:10:29.118 E/BiometricScheduler( 1795): Current operation is null,no need to start watchdog
07-04 18:10:29.124 D/BackgroundInstallControlService( 1795): Package event received: 0
07-04 18:10:29.124 D/BackgroundInstallControlService( 1795): Package event received: 0
07-04 18:10:29.125 V/ShellDesktopMode( 2967): DesktopDisplayEventHandler: handlePotentialReconnect: default display; aborting.
07-04 18:10:29.125 V/ShellDesktopMode( 2967): DesktopDisplayEventHandler: onKeyguardVisibilityChanged: defaultDeskDisplayIds=[0]
07-04 18:10:29.125 V/ShellDesktopMode( 2967): DesktopDisplayEventHandler: createDefaultDesksIfNeeded displays=[0] userId=null
07-04 18:10:29.125 V/ShellDesktopMode( 2967): DesktopDisplayEventHandler: shouldCreateOrWarmUpDesk skipping displayId=0 reason: desktop ineligible
07-04 18:10:29.131 D/KeyguardService( 2967): Finish IRemoteAnimationRunner.
07-04 18:10:29.131 V/WindowManagerShell( 2967): Transition animation finished (aborted=false), notifying core (#1735) android.os.BinderProxy@63a1a78@2
07-04 18:10:29.136 V/WindowManagerShell( 2967): Track 2 became idle
07-04 18:10:29.136 V/WindowManagerShell( 2967): All active transition animations finished
07-04 18:10:29.138 V/WindowManager( 1795): Finish Transition (#1735): created at 07-04 18:10:28.702 collect-started=0.017ms request-sent=0.033ms started=3.934ms ready=3.825ms sent=22.894ms commit=11.792ms finished=432.877ms
07-04 18:10:29.141 D/Bubbles ( 2967): handleKeyguardOrDreamChange isUnlockedShade=true keyguardShowing=false dreamingOrInPreview=false
07-04 18:10:29.141 D/Bubbles ( 2967): BubbleController.onStatusBarStateChanged() isShade=true didChange=true mNotifEntryToExpandOnShadeUnlock=null
07-04 18:10:29.141 D/FingerprintProvider/default( 1795): Starting watchdog for fingerprint
07-04 18:10:29.141 E/BiometricScheduler( 1795): Current operation is null,no need to start watchdog
07-04 18:10:29.144 D/SystemServerTiming( 1795): getUserSwitchability-0
07-04 18:10:29.144 D/SystemServerTiming( 1795): TM.isInCall
07-04 18:10:29.144 D/SystemServerTiming( 1795): hasUserRestriction-DISALLOW_USER_SWITCH
07-04 18:10:29.144 D/SystemServerTiming( 1795): getInt-ALLOW_USER_SWITCHING_WHEN_SYSTEM_USER_LOCKED
07-04 18:10:29.144 D/SystemServerTiming( 1795): isUserUnlocked-USER_SYSTEM
07-04 18:10:29.172 D/InsetsController(  755): hide(ime())
07-04 18:10:29.216 I/DisplayDeviceRepository( 1795): Display device changed render timings: "Built-in Screen", renderFrameRate=120.00001, presentationDeadlineNanos=11500000, appVsyncOffsetNanos=6233332, frameRateOverrides=[{uid=10270 frameRateHz=120.00001}]
07-04 18:10:29.258 I/DisplayDeviceRepository( 1795): Display device changed render timings: "Built-in Screen", renderFrameRate=120.00001, presentationDeadlineNanos=11500000, appVsyncOffsetNanos=6233332, frameRateOverrides=[{uid=10270 frameRateHz=60.000004}]
07-04 18:10:29.269 V/ShellDesktopMode( 2967): DesktopDisplayModeController: canDesktopFirstModeBeEnabledOnDefaultDisplay: isDefaultDisplayDesktopEligible=false
07-04 18:10:29.269 V/ShellDesktopMode( 2967): DesktopDisplayModeController: canDesktopFirstModeBeEnabledOnDefaultDisplay: isDefaultDisplayDesktopEligible=false
07-04 18:10:29.533 D/HintManagerService( 1795): Starts cleaning for 10326
07-04 18:10:29.546 D/HintManagerService( 1795): Starts cleaning for 10176
07-04 18:10:29.732 D/BiometricService( 1795): canAuthenticate: User=0, Caller=0, Authenticators=32768
07-04 18:10:29.732 D/BiometricService/PreAuthInfo( 1795): getCanAuthenticateInternal Modality: 1 AuthenticatorStatus: 1
07-04 18:10:29.732 D/AuthService( 1795): canAuthenticate, userId: 0, callingUserId: 0, authenticators: 32768, result: 0
07-04 18:10:29.733 D/BiometricService( 1795): canAuthenticate: User=0, Caller=0, Authenticators=32768
07-04 18:10:29.733 D/BiometricService/PreAuthInfo( 1795): getCanAuthenticateInternal Modality: 1 AuthenticatorStatus: 1
07-04 18:10:29.733 D/AuthService( 1795): canAuthenticate, userId: 0, callingUserId: 0, authenticators: 32768, result: 0
07-04 18:10:30.053 W/JobScheduler( 1795): Job didn't exist in JobStore: ffe0e47 {androidx.work.systemjobscheduler} #u0a132/2858 #TikTokWorker#com.google.android.apps.nbu.files.mediastore.MediaStoreContentChangeListenerWorker#@androidx.work.systemjobscheduler@com.google.android.apps.nbu.files/androidx.work.impl.background.systemjob.SystemJobService
07-04 18:10:30.117 I/DisplayDeviceRepository( 1795): Display device changed render timings: "Built-in Screen", renderFrameRate=120.00001, presentationDeadlineNanos=11500000, appVsyncOffsetNanos=6233332, frameRateOverrides=[{uid=10326 frameRateHz=120.00001}]
07-04 18:10:30.198 I/ActivityManager( 1795): Force stopping com.kenleren.my_art_collection appid=10326 user=0: from pid 1032
07-04 18:10:30.202 I/ActivityManager( 1795): Killing 755:com.kenleren.my_art_collection/u0a326 (adj 0): stop com.kenleren.my_art_collection due to from pid 1032
07-04 18:10:30.203 W/ActivityTaskManager( 1795): Force removing ActivityRecord{139410782 u0 com.kenleren.my_art_collection/.MainActivity t9908 f}}: app died, no saved state
07-04 18:10:30.205 D/HintManagerService( 1795): Uid gone for 10326
07-04 18:10:30.206 V/WindowManagerShell( 2967): Transition requested (#1736): android.os.BinderProxy@f655aad TransitionRequestInfo { type = CLOSE, triggerTask = TaskInfo{userId=0 taskId=9908 effectiveUid=10326 displayId=0 isRunning=false baseIntent=Intent { flg=0x10000000 cmp=com.kenleren.my_art_collection/.MainActivity } baseActivity=null topActivity=null origActivity=null realActivity=ComponentInfo{com.kenleren.my_art_collection/com.kenleren.my_art_collection.MainActivity} realActivityIsAppLockEnabled=false numActivities=0 lastActiveTime=104531231 supportsMultiWindow=true resizeMode=1 isResizeable=true minWidth=-1 minHeight=-1 defaultMinSize=220 token=WCT{android.os.BinderProxy@72621dc} topActivityType=1 pictureInPictureParams=null shouldDockBigOverlays=false launchIntoPipHostTaskId=-1 lastParentTaskIdBeforePip=-1 displayCutoutSafeInsets=Rect(0, 0 - 0, 0) topActivityInfo=null launchCookies=[] positionInParent=Point(0, 0) parentTaskId=-1 isFocused=true isVisible=true isVisibleRequested=true isTopActivityNoDisplay=false isSleeping=false locusId=null displayAreaFeatureId=1 isTopActivityTransparent=false isActivityStackTransparent=true lastNonFullscreenBounds=null leafTaskBoundsFromOptions= false capturedLink=null capturedLinkTimestamp=0 requestedVisibleTypes=503 topActivityRequestOpenInBrowserEducationTimestamp=0 appCompatTaskInfo=AppCompatTaskInfo { topActivityInSizeCompat=false isLeafTask= true eligibleForLetterboxEducation= false isLetterboxEducationEnabled= false isLetterboxDoubleTapEnabled= false eligibleForUserAspectRatioButton= false topActivityBoundsLetterboxed= false isFromLetterboxDoubleTap= false topActivityLetterboxVerticalPosition= -1 topActivityLetterboxHorizontalPosition= -1 topActivityLetterboxWidth=-1 topActivityLetterboxHeight=-1 topActivityAppBounds=Rect(0, 0 - 0, 0) isUserFullscreenOverrideEnabled=false isSystemFullscreenOverrideEnabled=false hasMinAspectRatioOverride=false topActivityLetterboxBounds=null topNonResizableActivityAspectRatio=-1.0} topActivityMainWindowFrame=null isAppBubble=false}, pipChange = null, remoteTransitionInfo = null, displayChange = null, requestedLocation = null, userChange = null, windowingLayerChange = null, fullscreenRequestChange = null, flags = 0, debugId = 1736 }
07-04 18:10:30.206 V/ShellDesktopMode( 2967): DesktopTasksController: skipping handleRequest reason=triggerTask's display doesn't support desktop mode
07-04 18:10:30.210 D/BackgroundInstallControlService( 1795): Package event received: 0
07-04 18:10:30.212 D/BackgroundInstallControlService( 1795): Package event received: 0
07-04 18:10:30.212 D/BackgroundInstallControlService( 1795): Package event received: 0
07-04 18:10:30.215 V/WindowManager( 1795): Defer transition id=1736 for TaskFragmentTransaction=android.os.Binder@6507772
07-04 18:10:30.217 D/Bubbles ( 2967): BubbleTaskStackListener.onTaskMovedToFront(): taskId=5
07-04 18:10:30.217 D/WindowManagerShell( 2967): setLauncherKeepClearAreaHeight: visible=true, height=461
07-04 18:10:30.224 I/AppsFilter( 1795): interaction: PackageSetting{a0aa4c4 com.google.android.microdroid.empty_payload/10299} -> PackageSetting{af3086c com.kenleren.my_art_collection/10326} BLOCKED
07-04 18:10:30.224 W/ActivityManager( 1795): Invalid packageName: com.kenleren.my_art_collection
07-04 18:10:30.226 I/DisplayDeviceRepository( 1795): Display device changed render timings: "Built-in Screen", renderFrameRate=120.00001, presentationDeadlineNanos=11500000, appVsyncOffsetNanos=6233332, frameRateOverrides=[{uid=10253 frameRateHz=120.00001}, {uid=10270 frameRateHz=120.00001}, {uid=10326 frameRateHz=120.00001}]
--------- beginning of kernel
07-04 18:10:30.242 I/trusty  (    0): gsp_crypto_proxy_srv: 97: Coercing legacy key derivation response
07-04 18:10:30.248 E/keystore2(  477): system/security/keystore2/src/error.rs:185 - system/security/keystore2/src/security_level.rs:334
07-04 18:10:30.248 E/keystore2(  477): 
07-04 18:10:30.248 E/keystore2(  477): Caused by:
07-04 18:10:30.248 E/keystore2(  477):     0: system/security/keystore2/src/enforcements.rs:596: matching auth token (challenge=4880310640815280234, userId=2466343323393773663, authId=8730949645656386581, authType=0x2, timestamp=104225469ms) rcved=BootTime(104224147) for sids [SecureUserId(2466343323393773663)] type Some(3) is expired (308s old > timeout=30s)
07-04 18:10:30.248 E/keystore2(  477):     1: Error::Km(r#KEY_USER_NOT_AUTHENTICATED)
07-04 18:10:30.262 V/WindowManager( 1795): Continue transition id=1736 for TaskFragmentTransaction=android.os.Binder@6507772
07-04 18:10:30.266 V/WindowManagerShell( 2967): onTransitionReady(transaction=7709466576964)
07-04 18:10:30.266 V/WindowManagerShell( 2967): onTransitionReady (#1736) android.os.BinderProxy@f655aad: {id=1736 t=CLOSE f=0x0 trk=0 r=[0@Point(0, 0)] c=[
07-04 18:10:30.266 V/WindowManagerShell( 2967):         {m=TO_FRONT f=SHOW_WALLPAPER|MOVE_TO_TOP leash=Surface(name=Task=1#44)/@0x8745973 sb=Rect(0, 0 - 1080, 2404) eb=Rect(0, 0 - 1080, 2404) epz=Point(1080, 2404) d=0 taskParent=-1 winMode=1 userId=0},
07-04 18:10:30.266 V/WindowManagerShell( 2967):         {m=CLOSE f=NONE leash=Surface(name=Task=9908#18720)/@0xebd5030 sb=Rect(0, 0 - 1080, 2404) eb=Rect(0, 0 - 1080, 2404) epz=Point(1080, 2404) d=0 taskParent=-1 winMode=1 userId=0},
07-04 18:10:30.266 V/WindowManagerShell( 2967):         {m=TO_FRONT f=IS_WALLPAPER leash=Surface(name=WallpaperWindowToken{6c44cff}#61)/@0xa29f4a9 sb=Rect(0, 0 - 1080, 2404) eb=Rect(0, 0 - 1080, 2404) epz=Point(1080, 2404) d=0}
07-04 18:10:30.266 V/WindowManagerShell( 2967):     ]}
07-04 18:10:30.267 V/ShellDesktopMode( 2967): DesktopModeLogger: taskInfo map after processing changes 0
07-04 18:10:30.267 D/ShellDesktopMode( 2967): DesktopTaskChangeListener: onTaskClosing for taskId=9908, displayId=0 - desktop not supported
07-04 18:10:30.267 D/ShellDesktopMode( 2967): DesktopTaskChangeListener: onTaskMovingToFront for taskId=1, displayId=0 - desktop not supported
07-04 18:10:30.267 V/WindowManagerShell( 2967): Playing animation for (#1736) android.os.BinderProxy@f655aad@0
07-04 18:10:30.267 D/ShellSplitScreen( 2967): startAnimation: transition=1736 isSplitActive=false
07-04 18:10:30.267 V/ShellRecents( 2967): RecentsTransitionHandler.startAnimation: no controller found
07-04 18:10:30.267 V/ShellDesktopMode( 2967): DesktopMixedTransitionHandler: No pending desktop transition
07-04 18:10:30.267 V/WindowManagerShell( 2967): Transition doesn't have explicit remote, search filters for match for {id=1736 t=CLOSE f=0x0 trk=0 r=[0@Point(0, 0)] c=[{m=TO_FRONT f=SHOW_WALLPAPER|MOVE_TO_TOP leash=Surface(name=Task=1#44)/@0x8745973 sb=Rect(0, 0 - 1080, 2404) eb=Rect(0, 0 - 1080, 2404) epz=Point(1080, 2404) d=0 taskParent=-1 winMode=1 userId=0},{m=CLOSE f=NONE leash=Surface(name=Task=9908#18720)/@0xebd5030 sb=Rect(0, 0 - 1080, 2404) eb=Rect(0, 0 - 1080, 2404) epz=Point(1080, 2404) d=0 taskParent=-1 winMode=1 userId=0},{m=TO_FRONT f=IS_WALLPAPER leash=Surface(name=WallpaperWindowToken{6c44cff}#61)/@0xa29f4a9 sb=Rect(0, 0 - 1080, 2404) eb=Rect(0, 0 - 1080, 2404) epz=Point(1080, 2404) d=0}]}
07-04 18:10:30.267 V/WindowManagerShell( 2967):  Checking filter Pair{{types=[] flags=0x0] notFlags=0x0 checks=[{atype=undefined independent=true modes=[CLOSE,TO_BACK] flags=IN_TASK_WITH_EMBEDDED_ACTIVITY mustBeTask=false order=ANY topActivity=null launchCookie=null taskFragmentToken=android.os.BinderProxy@61b7bee windowingMode=undefined isCrossDisplayMove=false}]} RemoteTransition { remoteTransition = android.window.IRemoteTransition$Stub$Proxy@18a788f, appThread = android.app.IApplicationThread$Stub$Proxy@64b171c, debugName = overlayBackTransition, filter = null }}
07-04 18:10:30.267 V/WindowManagerShell( 2967):  Checking filter Pair{{types=[] flags=0x0] notFlags=0x0 checks=[{atype=dream independent=true modes=[OPEN,TO_FRONT] flags=NONE mustBeTask=false order=ANY topActivity=null launchCookie=null windowingMode=undefined isCrossDisplayMove=false},{atype=home independent=true modes=[CLOSE,TO_BACK] flags=NONE mustBeTask=false order=ANY topActivity=null launchCookie=null windowingMode=undefined isCrossDisplayMove=false}]} RemoteTransition { remoteTransition = android.window.IRemoteTransition$Stub$Proxy@aab8f25, appThread = android.app.IApplicationThread$Stub$Proxy@c4768fa, debugName = LauncherToDream, filter = null }}
07-04 18:10:30.267 V/WindowManagerShell( 2967):  Checking filter Pair{{types=[] flags=0x0] notFlags=0x0 checks=[{atype=standard independent=false modes=[CHANGE] flags=NONE mustBeTask=true order=ANY topActivity=null launchCookie=null windowingMode=undefined isCrossDisplayMove=true}]} RemoteTransition { remoteTransition = android.window.IRemoteTransition$Stub$Proxy@7c00eab, appThread = android.app.IApplicationThread$Stub$Proxy@4808908, debugName = QuickstepDisplayMove, filter = null }}
07-04 18:10:30.267 V/WindowManagerShell( 2967):  Checking filter Pair{{types=[] flags=0x0] notFlags=0x100 checks=[{atype=home independent=true modes=[OPEN,TO_FRONT] flags=NONE mustBeTask=false order=ANY topActivity=ComponentInfo{com.google.android.apps.nexuslauncher/com.google.android.apps.nexuslauncher.NexusLauncherActivity} launchCookie=null windowingMode=undefined isCrossDisplayMove=false},{atype=standard independent=true modes=[CLOSE,TO_BACK] flags=NONE mustBeTask=false order=ANY topActivity=null launchCookie=null windowingMode=undefined isCrossDisplayMove=false},{NOT atype=undefined independent=true modes=[] flags=NONE mustBeTask=true order=ANY topActivity=null launchCookie=null customAnim=true windowingMode=undefined isCrossDisplayMove=false}]} RemoteTransition { remoteTransition = android.window.IRemoteTransition$Stub$Proxy@8aaf8a1, appThread = android.app.IApplicationThread$Stub$Proxy@6131ac6, debugName = QuickstepLaunchHome, filter = null }}
07-04 18:10:30.267 D/RemoteTransitionHandler( 2967): Found filterPair{{types=[] flags=0x0] notFlags=0x100 checks=[{atype=home independent=true modes=[OPEN,TO_FRONT] flags=NONE mustBeTask=false order=ANY topActivity=ComponentInfo{com.google.android.apps.nexuslauncher/com.google.android.apps.nexuslauncher.NexusLauncherActivity} launchCookie=null windowingMode=undefined isCrossDisplayMove=false},{atype=standard independent=true modes=[CLOSE,TO_BACK] flags=NONE mustBeTask=false order=ANY topActivity=null launchCookie=null windowingMode=undefined isCrossDisplayMove=false},{NOT atype=undefined independent=true modes=[] flags=NONE mustBeTask=true order=ANY topActivity=null launchCookie=null customAnim=true windowingMode=undefined isCrossDisplayMove=false}]} RemoteTransition { remoteTransition = android.window.IRemoteTransition$Stub$Proxy@8aaf8a1, appThread = android.app.IApplicationThread$Stub$Proxy@6131ac6, debugName = QuickstepLaunchHome, filter = null }}
07-04 18:10:30.267 V/WindowManagerShell( 2967):  Delegate animation for (#1736) to RemoteTransition { remoteTransition = android.window.IRemoteTransition$Stub$Proxy@8aaf8a1, appThread = android.app.IApplicationThread$Stub$Proxy@6131ac6, debugName = QuickstepLaunchHome, filter = null }
07-04 18:10:30.270 W/ActivityTaskManager( 1795): setRunningRemoteTransition: no process for null
07-04 18:10:30.270 V/WindowManager( 1795): Sent Transition (#1736) createdAt=07-04 18:10:30.204 via request=TransitionRequestInfo { type = CLOSE, triggerTask = TaskInfo{userId=0 taskId=9908 effectiveUid=10326 displayId=0 isRunning=false baseIntent=Intent { flg=0x10000000 cmp=com.kenleren.my_art_collection/.MainActivity } baseActivity=null topActivity=null origActivity=null realActivity=ComponentInfo{com.kenleren.my_art_collection/com.kenleren.my_art_collection.MainActivity} realActivityIsAppLockEnabled=false numActivities=0 lastActiveTime=104531231 supportsMultiWindow=true resizeMode=1 isResizeable=true minWidth=-1 minHeight=-1 defaultMinSize=220 token=WCT{RemoteToken{37e5830 Task{323f53f #9908 type=standard I=com.kenleren.my_art_collection/.MainActivity}}} topActivityType=1 pictureInPictureParams=null shouldDockBigOverlays=false launchIntoPipHostTaskId=-1 lastParentTaskIdBeforePip=-1 displayCutoutSafeInsets=Rect(0, 0 - 0, 0) topActivityInfo=null launchCookies=[] positionInParent=Point(0, 0) parentTaskId=-1 isFocused=true isVisible=true isVisibleRequested=true isTopActivityNoDisplay=false isSleeping=false locusId=null displayAreaFeatureId=1 isTopActivityTransparent=false isActivityStackTransparent=true lastNonFullscreenBounds=null leafTaskBoundsFromOptions= false capturedLink=null capturedLinkTimestamp=0 requestedVisibleTypes=503 topActivityRequestOpenInBrowserEducationTimestamp=0 appCompatTaskInfo=AppCompatTaskInfo { topActivityInSizeCompat=false isLeafTask= true eligibleForLetterboxEducation= false isLetterboxEducationEnabled= false isLetterboxDoubleTapEnabled= false eligibleForUserAspectRatioButton= false topActivityBoundsLetterboxed= false isFromLetterboxDoubleTap= false topActivityLetterboxVerticalPosition= -1 topActivityLetterboxHorizontalPosition= -1 topActivityLetterboxWidth=-1 topActivityLetterboxHeight=-1 topActivityAppBounds=Rect(0, 0 - 0, 0) isUserFullscreenOverrideEnabled=false isSystemFullscreenOverrideEnabled=false hasMinAspectRatioOverride=false topActivityLetterboxBounds=null topNonResizableActivityAspectRatio=-1.0} topActivityMainWindowFrame=null isAppBubble=false}, pipChange = null, remoteTransitionInfo = null, displayChange = null, requestedLocation = null, userChange = null, windowingLayerChange = null, fullscreenRequestChange = null, flags = 0, debugId = 1736 }
07-04 18:10:30.270 V/WindowManager( 1795):     startWCT=WindowContainerTransaction { changes= {} hops= [] flags= 0 errorCallbackToken=null taskFragmentOrganizer=null }
07-04 18:10:30.270 V/WindowManagerShell( 2967):  animated by com.android.wm.shell.transition.RemoteTransitionHandler@bc8a2c
07-04 18:10:30.270 V/WindowManager( 1795):     info={id=1736 t=CLOSE f=0x0 trk=0 r=[0@Point(0, 0)] c=[
07-04 18:10:30.270 V/WindowManager( 1795):         {WCT{RemoteToken{e3326c2 Task{ed0d766 #1 type=home}}} m=TO_FRONT f=SHOW_WALLPAPER|MOVE_TO_TOP leash=Surface(name=Task=1#44)/@0xc3fb14e sb=Rect(0, 0 - 1080, 2404) eb=Rect(0, 0 - 1080, 2404) epz=Point(1080, 2404) d=0 taskParent=-1 winMode=1 userId=0},
07-04 18:10:30.270 V/WindowManager( 1795):         {WCT{RemoteToken{37e5830 Task{323f53f #9908 type=standard I=com.kenleren.my_art_collection/.MainActivity}}} m=CLOSE f=NONE leash=Surface(name=Task=9908#18720)/@0xae65b78 sb=Rect(0, 0 - 1080, 2404) eb=Rect(0, 0 - 1080, 2404) epz=Point(1080, 2404) d=0 taskParent=-1 winMode=1 userId=0},
07-04 18:10:30.270 V/WindowManager( 1795):         {m=TO_FRONT f=IS_WALLPAPER leash=Surface(name=WallpaperWindowToken{6c44cff}#61)/@0x56d85de sb=Rect(0, 0 - 1080, 2404) eb=Rect(0, 0 - 1080, 2404) epz=Point(1080, 2404) d=0}
07-04 18:10:30.270 V/WindowManager( 1795):     ]}
07-04 18:10:30.273 D/Bubbles ( 2967): BubbleData.onLocusVisibilityChanged() locusId=Overview|DISABLED visible=true taskId=1
07-04 18:10:30.288 D/InsetsController(29459): hide(ime())
07-04 18:10:30.293 W/PackageConfigPersister( 1795): App-specific configuration not found for packageName: com.google.android.apps.nexuslauncher and userId: 0
07-04 18:10:30.299 V/ActivityManager( 1795): Got obituary of 755:com.kenleren.my_art_collection
07-04 18:10:30.299 I/WindowManager( 1795): WIN DEATH: Window{47ed38a u0 com.kenleren.my_art_collection/com.kenleren.my_art_collection.MainActivity}
07-04 18:10:30.300 W/ActivityManager( 1795): setHasOverlayUi called on unknown pid: 755
07-04 18:10:30.340 W/ActivityTaskManager( 1795): callingPackage for (uid=2000, pid=1041) has no WPC
07-04 18:10:30.341 V/Configuration( 1795): Updating configuration, locales updated from [] to [en_US,en_NO,nb_NO]
07-04 18:10:30.346 I/ActivityTaskManager( 1795): Add Task{323f53f #9908 type=standard I=com.kenleren.my_art_collection/.MainActivity} to hidden list because adding Task{fef66f7 #9909 type=standard I=com.kenleren.my_art_collection/.MainActivity}
07-04 18:10:30.346 D/Bubbles ( 2967): BubbleTaskStackListener.onTaskMovedToFront(): taskId=9909
07-04 18:10:30.346 V/ActivityTaskManager( 1795): TaskLaunchParamsModifier: phase=3 task=Task{fef66f7 #9909 type=standard I=com.kenleren.my_art_collection/.MainActivity} activity=ActivityRecord{65995510 u0 com.kenleren.my_art_collection/.MainActivity t-1} display-from-task=0 display-id=0 task-display-area-windowing-mode=1 suggested-display-area=DefaultTaskDisplayArea@28652685 inherit-from-task=fullscreen non-freeform-task-display-area display-area=DefaultTaskDisplayArea@28652685 skip-bounds-fullscreen
07-04 18:10:30.346 I/ActivityTaskManager( 1795): START u0 {flg=0x10000000 xflg=0x5 cmp=com.kenleren.my_art_collection/.MainActivity} with LAUNCH_SINGLE_TOP from uid 2000 (com.android.shell) (BAL_ALLOW_PERMISSION) result code=0
07-04 18:10:30.346 V/WindowManagerShell( 2967): Transition requested (#1737): android.os.BinderProxy@22cb7b6 TransitionRequestInfo { type = OPEN, triggerTask = TaskInfo{userId=0 taskId=9909 effectiveUid=10326 displayId=0 isRunning=true baseIntent=Intent { flg=0x10000000 cmp=com.kenleren.my_art_collection/.MainActivity } baseActivity=ComponentInfo{com.kenleren.my_art_collection/com.kenleren.my_art_collection.MainActivity} topActivity=ComponentInfo{com.kenleren.my_art_collection/com.kenleren.my_art_collection.MainActivity} origActivity=null realActivity=ComponentInfo{com.kenleren.my_art_collection/com.kenleren.my_art_collection.MainActivity} realActivityIsAppLockEnabled=false numActivities=1 lastActiveTime=104532874 supportsMultiWindow=true resizeMode=1 isResizeable=true minWidth=-1 minHeight=-1 defaultMinSize=220 token=WCT{android.os.BinderProxy@9c7dcb7} topActivityType=1 pictureInPictureParams=null shouldDockBigOverlays=false launchIntoPipHostTaskId=-1 lastParentTaskIdBeforePip=-1 displayCutoutSafeInsets=Rect(0, 161 - 0, 0) topActivityInfo=ActivityInfo{be2ec24 com.kenleren.my_art_collection.MainActivity} launchCookies=[] positionInParent=Point(0, 0) parentTaskId=-1 isFocused=false isVisible=false isVisibleRequested=false isTopActivityNoDisplay=false isSleeping=false locusId=null displayAreaFeatureId=1 isTopActivityTransparent=false isActivityStackTransparent=false lastNonFullscreenBounds=null leafTaskBoundsFromOptions= false capturedLink=null capturedLinkTimestamp=0 requestedVisibleTypes=503 topActivityRequestOpenInBrowserEducationTimestamp=0 appCompatTaskInfo=AppCompatTaskInfo { topActivityInSizeCompat=false isLeafTask= true eligibleForLetterboxEducation= false isLetterboxEducationEnabled= false isLetterboxDoubleTapEnabled= false eligibleForUserAspectRatioButton= false topActivityBoundsLetterboxed= false isFromLetterboxDoubleTap= false topActivityLetterboxVerticalPosition= -1 topActivityLetterboxHorizontalPosition= -1 topActivityLetterboxWidth=-1 topActivityLetterboxHeight=-1 topActivityAppBounds=Rect(0, 0 - 1080, 2404) isUserFullscreenOverrideEnabled=false isSystemFullscreenOverrideEnabled=false hasMinAspectRatioOverride=false topActivityLetterboxBounds=null topNonResizableActivityAspectRatio=-1.0} topActivityMainWindowFrame=null isAppBubble=false}, pipChange = null, remoteTransitionInfo = null, displayChange = null, requestedLocation = null, userChange = null, windowingLayerChange = null, fullscreenRequestChange = null, flags = 0, debugId = 1737 }
07-04 18:10:30.346 D/ShellSplitScreen( 2967): logExit: no-op, mLoggerSessionId is null
07-04 18:10:30.346 V/ShellDesktopMode( 2967): DesktopTasksController: skipping handleRequest reason=triggerTask's display doesn't support desktop mode
07-04 18:10:30.347 I/AppsFilter( 1795): interaction: PackageSetting{a0aa4c4 com.google.android.microdroid.empty_payload/10299} -> PackageSetting{5297b93 com.kenleren.my_art_collection/10326} BLOCKED
07-04 18:10:30.348 D/WindowManagerShell( 2967): setLauncherKeepClearAreaHeight: visible=false, height=461
07-04 18:10:30.348 V/WindowManager( 1795): Defer transition id=1737 for TaskFragmentTransaction=android.os.Binder@d0297d0
07-04 18:10:30.349 V/Configuration( 1795): Updating configuration, locales updated from [] to [en_US,en_NO,nb_NO]
07-04 18:10:30.349 D/CompatChangeReporter( 1795): Compat change id reported: 441041342; UID 10326; state: ENABLED
07-04 18:10:30.350 V/WindowManager( 1795): Continue transition id=1737 for TaskFragmentTransaction=android.os.Binder@d0297d0
07-04 18:10:30.351 D/ShellDesktopMode( 2967): DesktopRepository: Removes freeform task: taskId=9908
07-04 18:10:30.351 W/ShellDesktopMode( 2967): DesktopRepository: No display id found for task: taskId=9908
07-04 18:10:30.358 D/BackgroundInstallControlService( 1795): Package event received: 0
07-04 18:10:30.363 I/ActivityManager( 1795): Start proc 1050:com.kenleren.my_art_collection/u0a326 for next-top-activity {com.kenleren.my_art_collection/com.kenleren.my_art_collection.MainActivity}
07-04 18:10:30.373 V/WindowManager( 1795): Sent Transition (#1737) createdAt=07-04 18:10:30.341 via request=TransitionRequestInfo { type = OPEN, triggerTask = TaskInfo{userId=0 taskId=9909 effectiveUid=10326 displayId=0 isRunning=true baseIntent=Intent { flg=0x10000000 cmp=com.kenleren.my_art_collection/.MainActivity } baseActivity=ComponentInfo{com.kenleren.my_art_collection/com.kenleren.my_art_collection.MainActivity} topActivity=ComponentInfo{com.kenleren.my_art_collection/com.kenleren.my_art_collection.MainActivity} origActivity=null realActivity=ComponentInfo{com.kenleren.my_art_collection/com.kenleren.my_art_collection.MainActivity} realActivityIsAppLockEnabled=false numActivities=1 lastActiveTime=104532874 supportsMultiWindow=true resizeMode=1 isResizeable=true minWidth=-1 minHeight=-1 defaultMinSize=220 token=WCT{RemoteToken{d6f0418 Task{fef66f7 #9909 type=standard I=com.kenleren.my_art_collection/.MainActivity}}} topActivityType=1 pictureInPictureParams=null shouldDockBigOverlays=false launchIntoPipHostTaskId=-1 lastParentTaskIdBeforePip=-1 displayCutoutSafeInsets=Rect(0, 161 - 0, 0) topActivityInfo=ActivityInfo{e143e71 com.kenleren.my_art_collection.MainActivity} launchCookies=[] positionInParent=Point(0, 0) parentTaskId=-1 isFocused=false isVisible=false isVisibleRequested=false isTopActivityNoDisplay=false isSleeping=false locusId=null displayAreaFeatureId=1 isTopActivityTransparent=false isActivityStackTransparent=false lastNonFullscreenBounds=null leafTaskBoundsFromOptions= false capturedLink=null capturedLinkTimestamp=0 requestedVisibleTypes=503 topActivityRequestOpenInBrowserEducationTimestamp=0 appCompatTaskInfo=AppCompatTaskInfo { topActivityInSizeCompat=false isLeafTask= true eligibleForLetterboxEducation= false isLetterboxEducationEnabled= false isLetterboxDoubleTapEnabled= false eligibleForUserAspectRatioButton= false topActivityBoundsLetterboxed= false isFromLetterboxDoubleTap= false topActivityLetterboxVerticalPosition= -1 topActivityLetterboxHorizontalPosition= -1 topActivityLetterboxWidth=-1 topActivityLetterboxHeight=-1 topActivityAppBounds=Rect(0, 0 - 1080, 2404) isUserFullscreenOverrideEnabled=false isSystemFullscreenOverrideEnabled=false hasMinAspectRatioOverride=false topActivityLetterboxBounds=null topNonResizableActivityAspectRatio=-1.0} topActivityMainWindowFrame=null isAppBubble=false}, pipChange = null, remoteTransitionInfo = null, displayChange = null, requestedLocation = null, userChange = null, windowingLayerChange = null, fullscreenRequestChange = null, flags = 0, debugId = 1737 }
07-04 18:10:30.373 V/WindowManager( 1795):     startWCT=WindowContainerTransaction { changes= {} hops= [] flags= 0 errorCallbackToken=null taskFragmentOrganizer=null }
07-04 18:10:30.373 V/WindowManager( 1795):     info={id=1737 t=OPEN f=0x0 trk=0 r=[0@Point(0, 0)] c=[
07-04 18:10:30.373 V/WindowManager( 1795):         {WCT{RemoteToken{d6f0418 Task{fef66f7 #9909 type=standard I=com.kenleren.my_art_collection/.MainActivity}}} m=OPEN f=NONE leash=Surface(name=Task=9909#18762)/@0x6ce098a sb=Rect(0, 0 - 1080, 2404) eb=Rect(0, 0 - 1080, 2404) epz=Point(1080, 2404) d=0 taskParent=-1 winMode=1 userId=0},
07-04 18:10:30.373 V/WindowManager( 1795):         {WCT{RemoteToken{e3326c2 Task{ed0d766 #1 type=home}}} m=TO_BACK f=SHOW_WALLPAPER leash=Surface(name=Task=1#44)/@0xc3fb14e sb=Rect(0, 0 - 1080, 2404) eb=Rect(0, 0 - 1080, 2404) epz=Point(1080, 2404) d=0 taskParent=-1 winMode=1 userId=0},
07-04 18:10:30.373 V/WindowManager( 1795):         {m=TO_BACK f=IS_WALLPAPER leash=Surface(name=WallpaperWindowToken{6c44cff}#61)/@0x56d85de sb=Rect(0, 0 - 1080, 2404) eb=Rect(0, 0 - 1080, 2404) epz=Point(1080, 2404) d=0}
07-04 18:10:30.373 V/WindowManager( 1795):     ]}
07-04 18:10:30.374 V/ShellTaskOrganizer( 2967): Task appeared taskId=9909 listener=FullscreenTaskListener
07-04 18:10:30.374 V/ShellTaskOrganizer( 2967): Fullscreen Task Appeared: #9909
07-04 18:10:30.374 V/WindowManagerShell( 2967): onTransitionReady(transaction=7709466577006)
07-04 18:10:30.374 V/WindowManagerShell( 2967): onTransitionReady (#1737) android.os.BinderProxy@22cb7b6: {id=1737 t=OPEN f=0x0 trk=0 r=[0@Point(0, 0)] c=[
07-04 18:10:30.374 V/WindowManagerShell( 2967):         {m=OPEN f=NONE leash=Surface(name=Task=9909#18762)/@0xb71dadd sb=Rect(0, 0 - 1080, 2404) eb=Rect(0, 0 - 1080, 2404) epz=Point(1080, 2404) d=0 taskParent=-1 winMode=1 userId=0},
07-04 18:10:30.374 V/WindowManagerShell( 2967):         {m=TO_BACK f=SHOW_WALLPAPER leash=Surface(name=Task=1#44)/@0x417b652 sb=Rect(0, 0 - 1080, 2404) eb=Rect(0, 0 - 1080, 2404) epz=Point(1080, 2404) d=0 taskParent=-1 winMode=1 userId=0},
07-04 18:10:30.374 V/WindowManagerShell( 2967):         {m=TO_BACK f=IS_WALLPAPER leash=Surface(name=WallpaperWindowToken{6c44cff}#61)/@0xd11cd23 sb=Rect(0, 0 - 1080, 2404) eb=Rect(0, 0 - 1080, 2404) epz=Point(1080, 2404) d=0}
07-04 18:10:30.374 V/WindowManagerShell( 2967):     ]}
07-04 18:10:30.374 V/ShellDesktopMode( 2967): DesktopModeLogger: taskInfo map after processing changes 0
07-04 18:10:30.374 D/ShellDesktopMode( 2967): DesktopTaskChangeListener: onTaskMovingToBack for taskId=1, displayId=0 - desktop not supported
07-04 18:10:30.375 D/ShellDesktopMode( 2967): DesktopTaskChangeListener: onTaskOpening for taskId=9909, displayId=0 userId=0 currentUserId=0 parentTaskId=-1 isFreeform=false isActive=false isPinned=false
07-04 18:10:30.375 D/ShellDesktopMode( 2967): DesktopTaskChangeListener: onTaskOpening for taskId=9909, displayId=0 - desktop not supported
07-04 18:10:30.375 V/WindowManagerShell( 2967): Transition (#1737) android.os.BinderProxy@22cb7b6@0 ready while (#1736) android.os.BinderProxy@f655aad@0 is still animating. Notify the animating transition in case they can be merged
07-04 18:10:30.375 V/WindowManagerShell( 2967):    Requesting merge (#1737) into remote: RemoteTransition { remoteTransition = android.window.IRemoteTransition$Stub$Proxy@8aaf8a1, appThread = android.app.IApplicationThread$Stub$Proxy@6131ac6, debugName = QuickstepLaunchHome, filter = null }
07-04 18:10:30.375 V/WindowManagerShell( 2967): Received remote transition finished callback for (#1736)
07-04 18:10:30.375 V/WindowManagerShell( 2967): Transition animation finished (aborted=false), notifying core (#1736) android.os.BinderProxy@f655aad@0
07-04 18:10:30.378 I/DisplayDeviceRepository( 1795): Display device changed render timings: "Built-in Screen", renderFrameRate=120.00001, presentationDeadlineNanos=11500000, appVsyncOffsetNanos=6233332, frameRateOverrides=[{uid=10253 frameRateHz=120.00001}, {uid=10270 frameRateHz=120.00001}]
07-04 18:10:30.379 V/WindowManager( 1795): Finish Transition (#1736): created at 07-04 18:10:30.204 collect-started=0.074ms request-sent=0.225ms started=12.33ms ready=58.624ms sent=59.771ms commit=13.696ms finished=175.229ms
07-04 18:10:30.379 W/ActivityManager( 1795): pid 1795 system sent binder code 7 with flags 1 and got error -32
07-04 18:10:30.379 W/WindowManager( 1795): Exception thrown during dispatchAppVisibility Window{47ed38a u0 com.kenleren.my_art_collection/com.kenleren.my_art_collection.MainActivity EXITING}
07-04 18:10:30.379 W/WindowManager( 1795): android.os.DeadObjectException
07-04 18:10:30.379 W/WindowManager( 1795): 	at android.os.BinderProxy.transactNative(Native Method)
07-04 18:10:30.379 W/WindowManager( 1795): 	at android.os.BinderProxy.transact(BinderProxy.java:602)
07-04 18:10:30.379 W/WindowManager( 1795): 	at android.view.IWindow$Stub$Proxy.dispatchAppVisibility(IWindow.java:580)
07-04 18:10:30.379 W/WindowManager( 1795): 	at com.android.server.wm.WindowState.sendAppVisibilityToClients(WindowState.java:3292)
07-04 18:10:30.379 W/WindowManager( 1795): 	at com.android.server.wm.WindowContainer.sendAppVisibilityToClients(WindowContainer.java:1241)
07-04 18:10:30.379 W/WindowManager( 1795): 	at com.android.server.wm.WindowToken.setClientVisible(WindowToken.java:392)
07-04 18:10:30.379 W/WindowManager( 1795): 	at com.android.server.wm.ActivityRecord.commitVisibility(ActivityRecord.java:5572)
07-04 18:10:30.379 W/WindowManager( 1795): 	at com.android.server.wm.Transition.finishTransition(Transition.java:1544)
07-04 18:10:30.379 W/WindowManager( 1795): 	at com.android.server.wm.TransitionController.finishTransition(TransitionController.java:1140)
07-04 18:10:30.379 W/WindowManager( 1795): 	at com.android.server.wm.WindowOrganizerController.finishTransition(WindowOrganizerController.java:529)
07-04 18:10:30.379 W/WindowManager( 1795): 	at android.window.IWindowOrganizerController$Stub.onTransact(IWindowOrganizerController.java:270)
07-04 18:10:30.379 W/WindowManager( 1795): 	at com.android.server.wm.WindowOrganizerController.onTransact(WindowOrganizerController.java:239)
07-04 18:10:30.379 W/WindowManager( 1795): 	at android.os.Binder.execTransactInternal(Binder.java:1471)
07-04 18:10:30.379 W/WindowManager( 1795): 	at android.os.Binder.execTransact(Binder.java:1411)
07-04 18:10:30.381 V/WindowManagerShell( 2967): Playing animation for (#1737) android.os.BinderProxy@22cb7b6@0
07-04 18:10:30.381 D/ShellSplitScreen( 2967): startAnimation: transition=1737 isSplitActive=false
07-04 18:10:30.381 V/ShellRecents( 2967): RecentsTransitionHandler.startAnimation: no controller found
07-04 18:10:30.381 V/ShellDesktopMode( 2967): DesktopMixedTransitionHandler: No pending desktop transition
07-04 18:10:30.381 V/WindowManagerShell( 2967): Transition doesn't have explicit remote, search filters for match for {id=1737 t=OPEN f=0x0 trk=0 r=[0@Point(0, 0)] c=[{m=OPEN f=NONE leash=Surface(name=Task=9909#18762)/@0xb71dadd sb=Rect(0, 0 - 1080, 2404) eb=Rect(0, 0 - 1080, 2404) epz=Point(1080, 2404) d=0 taskParent=-1 winMode=1 userId=0},{m=TO_BACK f=SHOW_WALLPAPER leash=Surface(name=Task=1#44)/@0x417b652 sb=Rect(0, 0 - 1080, 2404) eb=Rect(0, 0 - 1080, 2404) epz=Point(1080, 2404) d=0 taskParent=-1 winMode=1 userId=0},{m=TO_BACK f=IS_WALLPAPER leash=Surface(name=WallpaperWindowToken{6c44cff}#61)/@0xd11cd23 sb=Rect(0, 0 - 1080, 2404) eb=Rect(0, 0 - 1080, 2404) epz=Point(1080, 2404) d=0}]}
07-04 18:10:30.382 V/WindowManagerShell( 2967):  Checking filter Pair{{types=[] flags=0x0] notFlags=0x0 checks=[{atype=undefined independent=true modes=[CLOSE,TO_BACK] flags=IN_TASK_WITH_EMBEDDED_ACTIVITY mustBeTask=false order=ANY topActivity=null launchCookie=null taskFragmentToken=android.os.BinderProxy@61b7bee windowingMode=undefined isCrossDisplayMove=false}]} RemoteTransition { remoteTransition = android.window.IRemoteTransition$Stub$Proxy@18a788f, appThread = android.app.IApplicationThread$Stub$Proxy@64b171c, debugName = overlayBackTransition, filter = null }}
07-04 18:10:30.382 V/WindowManagerShell( 2967):  Checking filter Pair{{types=[] flags=0x0] notFlags=0x0 checks=[{atype=dream independent=true modes=[OPEN,TO_FRONT] flags=NONE mustBeTask=false order=ANY topActivity=null launchCookie=null windowingMode=undefined isCrossDisplayMove=false},{atype=home independent=true modes=[CLOSE,TO_BACK] flags=NONE mustBeTask=false order=ANY topActivity=null launchCookie=null windowingMode=undefined isCrossDisplayMove=false}]} RemoteTransition { remoteTransition = android.window.IRemoteTransition$Stub$Proxy@aab8f25, appThread = android.app.IApplicationThread$Stub$Proxy@c4768fa, debugName = LauncherToDream, filter = null }}
07-04 18:10:30.382 V/WindowManagerShell( 2967):  Checking filter Pair{{types=[] flags=0x0] notFlags=0x0 checks=[{atype=standard independent=false modes=[CHANGE] flags=NONE mustBeTask=true order=ANY topActivity=null launchCookie=null windowingMode=undefined isCrossDisplayMove=true}]} RemoteTransition { remoteTransition = android.window.IRemoteTransition$Stub$Proxy@7c00eab, appThread = android.app.IApplicationThread$Stub$Proxy@4808908, debugName = QuickstepDisplayMove, filter = null }}
07-04 18:10:30.382 V/WindowManagerShell( 2967):  Checking filter Pair{{types=[] flags=0x0] notFlags=0x100 checks=[{atype=home independent=true modes=[OPEN,TO_FRONT] flags=NONE mustBeTask=false order=ANY topActivity=ComponentInfo{com.google.android.apps.nexuslauncher/com.google.android.apps.nexuslauncher.NexusLauncherActivity} launchCookie=null windowingMode=undefined isCrossDisplayMove=false},{atype=standard independent=true modes=[CLOSE,TO_BACK] flags=NONE mustBeTask=false order=ANY topActivity=null launchCookie=null windowingMode=undefined isCrossDisplayMove=false},{NOT atype=undefined independent=true modes=[] flags=NONE mustBeTask=true order=ANY topActivity=null launchCookie=null customAnim=true windowingMode=undefined isCrossDisplayMove=false}]} RemoteTransition { remoteTransition = android.window.IRemoteTransition$Stub$Proxy@8aaf8a1, appThread = android.app.IApplicationThread$Stub$Proxy@6131ac6, debugName = QuickstepLaunchHome, filter = null }}
07-04 18:10:30.382 V/WindowManagerShell( 2967):  Checking filter Pair{{types=[OPEN,TO_FRONT] flags=0x0] notFlags=0x0 checks=[{atype=standard independent=true modes=[OPEN,TO_FRONT] flags=NONE mustBeTask=true order=ANY topActivity=null launchCookie=null windowingMode=freeform isCrossDisplayMove=false}]} RemoteTransition { remoteTransition = android.window.IRemoteTransition$Stub$Proxy@36eea87, appThread = null, debugName = DesktopWindowLimitUnminimize, filter = null }}
07-04 18:10:30.382 V/WindowManagerShell( 2967):  Delegate animation for (#1737) to null
07-04 18:10:30.382 V/WindowManagerShell( 2967): start default transition animation, info = {id=1737 t=OPEN f=0x0 trk=0 r=[0@Point(0, 0)] c=[{m=OPEN f=NONE leash=Surface(name=Task=9909#18762)/@0xb71dadd sb=Rect(0, 0 - 1080, 2404) eb=Rect(0, 0 - 1080, 2404) epz=Point(1080, 2404) d=0 taskParent=-1 winMode=1 userId=0},{m=TO_BACK f=SHOW_WALLPAPER leash=Surface(name=Task=1#44)/@0x417b652 sb=Rect(0, 0 - 1080, 2404) eb=Rect(0, 0 - 1080, 2404) epz=Point(1080, 2404) d=0 taskParent=-1 winMode=1 userId=0},{m=TO_BACK f=IS_WALLPAPER leash=Surface(name=WallpaperWindowToken{6c44cff}#61)/@0xd11cd23 sb=Rect(0, 0 - 1080, 2404) eb=Rect(0, 0 - 1080, 2404) epz=Point(1080, 2404) d=0}]}
07-04 18:10:30.383 V/WindowManagerShell( 2967): loadAnimation: anim=android.view.animation.AnimationSet@83a8895 animAttr=0x13 type=OPEN isEntrance=false
07-04 18:10:30.383 V/WindowManagerShell( 2967): loadAnimation: anim=android.view.animation.AnimationSet@5881911 animAttr=0x12 type=OPEN isEntrance=true
07-04 18:10:30.383 V/WindowManagerShell( 2967):  animated by com.android.wm.shell.transition.DefaultTransitionHandler@6fab825
07-04 18:10:30.383 V/ShellTaskOrganizer( 2967): Task vanished taskId=9908
07-04 18:10:30.383 V/ShellTaskOrganizer( 2967): Fullscreen Task Vanished: #9908
07-04 18:10:30.383 V/ShellDesktopMode( 2967): Task Vanished: #9908 closed=true
07-04 18:10:30.383 D/ShellDesktopMode( 2967): AppToWebRepository: Task 9908 is vanishing. Removing task data from repository
07-04 18:10:30.384 V/AppCompat( 2967): SingleSurfaceLetterboxController: []
07-04 18:10:30.384 V/AppCompat( 2967): MultiSurfaceLetterboxController: []
07-04 18:10:30.384 V/AppCompat( 2967): LetterboxInputController: []
07-04 18:10:30.384 V/AppCompat( 2967): RoundedCornersLetterboxController: {}
07-04 18:10:30.404 D/BackgroundInstallControlService( 1795): Package event received: 0
07-04 18:10:30.476 W/ActivityManager( 1795): pid 31901 has 0 free async space, killing
07-04 18:10:30.477 I/ActivityManager( 1795): binder error: kill 31901 Async binder space running out while frozen
07-04 18:10:30.477 I/ActivityManager( 1795): Killing 31901:com.microsoft.office.outlook/u10a341 (adj 915): Async binder space running out while frozen
07-04 18:10:30.484 D/BackgroundInstallControlService( 1795): Package event received: 0
07-04 18:10:30.485 I/DisplayManager( 1050): Choreographer implicitly registered for the refresh rate.
07-04 18:10:30.485 D/BackgroundInstallControlService( 1795): Package event received: 0
07-04 18:10:30.668 V/WindowManagerShell( 2967): Transition animation finished (aborted=false), notifying core (#1737) android.os.BinderProxy@22cb7b6@0
07-04 18:10:30.670 V/WindowManager( 1795): Finish Transition (#1737): created at 07-04 18:10:30.341 collect-started=0.026ms request-sent=4.565ms started=5.233ms ready=29.707ms sent=30.81ms commit=13.756ms finished=328.263ms
07-04 18:10:30.670 V/WindowManagerShell( 2967): Track 0 became idle
07-04 18:10:30.670 V/WindowManagerShell( 2967): All active transition animations finished
07-04 18:10:30.678 D/Bubbles ( 2967): BubbleData.onLocusVisibilityChanged() locusId=Overview|DISABLED visible=false taskId=1
07-04 18:10:30.678 I/DisplayDeviceRepository( 1795): Display device changed render timings: "Built-in Screen", renderFrameRate=120.00001, presentationDeadlineNanos=11500000, appVsyncOffsetNanos=6233332, frameRateOverrides=[{uid=10270 frameRateHz=120.00001}]
07-04 18:10:30.717 I/DisplayDeviceRepository( 1795): Display device changed render timings: "Built-in Screen", renderFrameRate=120.00001, presentationDeadlineNanos=11500000, appVsyncOffsetNanos=6233332, frameRateOverrides=[{uid=10253 frameRateHz=60.000004}, {uid=10270 frameRateHz=120.00001}]
07-04 18:10:30.775 D/CoreBackPreview( 1795): Window{482f1af u0 com.kenleren.my_art_collection/com.kenleren.my_art_collection.MainActivity}: Setting back callback OnBackInvokedCallbackInfo{mCallback=android.window.IOnBackInvokedCallback$Stub$Proxy@c103454, mPriority=-1, mIsAnimationCallback=false, mOverrideBehavior=0}
07-04 18:10:30.895 W/ContextImpl( 1795): Calling a method in the system process without a qualified user: android.app.ContextImpl.sendBroadcastMultiplePermissions:1402 android.content.Context.sendBroadcastMultiplePermissions:2746 com.android.server.notification.NotificationManagerService.sendRegisteredOnlyBroadcast:3449 com.android.server.notification.NotificationManagerService.lambda$sendZenBroadcastWithDelay$6:3432 com.android.server.notification.NotificationManagerService.$r8$lambda$ICYTgrsHTBLE2s5g4uqjJ79jdFY:0 
07-04 18:10:30.895 W/ContextImpl( 1795): Calling a method in the system process without a qualified user: android.app.ContextImpl.sendBroadcast:1319 com.android.server.notification.NotificationManagerService.sendRegisteredOnlyBroadcast:3457 com.android.server.notification.NotificationManagerService.lambda$sendZenBroadcastWithDelay$6:3432 com.android.server.notification.NotificationManagerService.$r8$lambda$ICYTgrsHTBLE2s5g4uqjJ79jdFY:0 com.android.server.notification.NotificationManagerService$$ExternalSyntheticLambda12.run:0 
07-04 18:10:30.896 W/ContextImpl( 1795): Calling a method in the system process without a qualified user: android.app.ContextImpl.sendBroadcast:1319 com.android.server.notification.NotificationManagerService.sendRegisteredOnlyBroadcast:3457 com.android.server.notification.NotificationManagerService.lambda$sendZenBroadcastWithDelay$6:3432 com.android.server.notification.NotificationManagerService.$r8$lambda$ICYTgrsHTBLE2s5g4uqjJ79jdFY:0 com.android.server.notification.NotificationManagerService$$ExternalSyntheticLambda12.run:0 
07-04 18:10:30.897 W/ContextImpl( 1795): Calling a method in the system process without a qualified user: android.app.ContextImpl.sendBroadcast:1319 com.android.server.notification.NotificationManagerService.sendRegisteredOnlyBroadcast:3457 com.android.server.notification.NotificationManagerService.lambda$sendZenBroadcastWithDelay$6:3432 com.android.server.notification.NotificationManagerService.$r8$lambda$ICYTgrsHTBLE2s5g4uqjJ79jdFY:0 com.android.server.notification.NotificationManagerService$$ExternalSyntheticLambda12.run:0 
