07-04 18:17:19.828 D/WindowOnBackDispatcher( 6000): setTopOnBackInvokedCallback (unwrapped): android.app.Activity$$ExternalSyntheticLambda0@661ae09
07-04 18:17:19.829 D/CoreBackPreview( 1795): Window{798cd6f u0 com.kenleren.my_art_collection/com.kenleren.my_art_collection.MainActivity}: Setting back callback OnBackInvokedCallbackInfo{mCallback=android.window.IOnBackInvokedCallback$Stub$Proxy@ec0e9a9, mPriority=-1, mIsAnimationCallback=false, mOverrideBehavior=0}
07-04 18:17:19.839 I/pixel-thermal( 1688): soc_therm:37.518 raw data: soc_therm:37518 
07-04 18:17:19.839 I/pixel-thermal( 1688): VIRTUAL-USB-UI:0 raw data: USB-MINUS-CHARGING:-5136 VIRTUAL-USB-UI:0 charging_therm:36832 usb_pwr_therm:31696 
07-04 18:17:19.840 I/pixel-thermal( 1688): north_therm:34.166 raw data: north_therm:34166 
07-04 18:17:19.840 I/pixel-thermal( 1688): flash_therm:32.833 raw data: flash_therm:32833 
07-04 18:17:19.840 I/pixel-thermal( 1688): rfpa_therm:34.935 raw data: rfpa_therm:34935 
07-04 18:17:19.840 I/pixel-thermal( 1688): quiet_therm:36.03 raw data: quiet_therm:36030 
07-04 18:17:19.840 I/pixel-thermal( 1688): usb_pwr_therm:31.696 raw data: usb_pwr_therm:31696 
07-04 18:17:19.840 I/pixel-thermal( 1688): VIRTUAL-USB-THROTTLING:0 raw data: USB-MINUS-CHARGING:-5136 VIRTUAL-USB-THROTTLING:0 usb_pwr_therm:31696 
07-04 18:17:20.496 I/Finsky:background( 6982): [40] Stats for Executor: bgExecutor wij@27e1049[Running, pool size = 4, active threads = 0, queued tasks = 0, completed tasks = 1415]
07-04 18:17:20.496 I/Finsky:background( 6982): [40] Stats for Executor: LightweightExecutor wij@d6692bd[Running, pool size = 4, active threads = 0, queued tasks = 0, completed tasks = 815]
07-04 18:17:20.581 I/Finsky:background( 6982): [40] Stats for Executor: BlockingExecutor wij@1bbedda[Running, pool size = 0, active threads = 0, queued tasks = 0, completed tasks = 580]
07-04 18:17:20.636 I/adbd    ( 2198): adbd service requested 'shell,v2,TERM=dumb,raw:input tap 674 2200'
07-04 18:17:20.895 D/WindowOnBackDispatcher( 6000): setTopOnBackInvokedCallback (unwrapped): io.flutter.embedding.android.FlutterActivity$1@4ff461e
07-04 18:17:20.895 D/CoreBackPreview( 1795): Window{798cd6f u0 com.kenleren.my_art_collection/com.kenleren.my_art_collection.MainActivity}: Setting back callback OnBackInvokedCallbackInfo{mCallback=android.window.IOnBackInvokedCallback$Stub$Proxy@d157765, mPriority=0, mIsAnimationCallback=true, mOverrideBehavior=0}
07-04 18:17:21.031 I/ctjp    ( 2168): connectToGlassesApi before mutex
07-04 18:17:21.032 I/ctjp    ( 2168): connectToGlassesApi mutex acquired
07-04 18:17:21.033 D/ApiFactory( 2168): returning GlassesApi
07-04 18:17:21.033 E/GlassesApi( 2168): Unable to load GlassesApi implementation.
07-04 18:17:21.033 E/GlassesApi( 2168): com.google.android.glasses.sdk.ApiFactory$ClassLoadException: java.lang.ClassNotFoundException: GlassesCore is a stub.
07-04 18:17:21.033 E/GlassesApi( 2168): 	at com.google.android.glasses.sdk.ApiFactory.getObjectByApiMethodName(PG:41)
07-04 18:17:21.033 E/GlassesApi( 2168): 	at com.google.android.glasses.sdk.ApiFactory.getGlassesApi(PG:16)
07-04 18:17:21.033 E/GlassesApi( 2168): 	at com.google.android.glasses.sdk.GlassesApi$-CC.create(PG:4)
07-04 18:17:21.033 E/GlassesApi( 2168): 	at ctjp.e(PG:156)
07-04 18:17:21.033 E/GlassesApi( 2168): 	at ctjo.invokeSuspend(PG:29)
07-04 18:17:21.033 E/GlassesApi( 2168): 	at ctjo.a(PG:14)
07-04 18:17:21.033 E/GlassesApi( 2168): 	at ctjh.invokeSuspend(PG:42)
07-04 18:17:21.033 E/GlassesApi( 2168): 	at ctjh.invoke(PG:13)
07-04 18:17:21.033 E/GlassesApi( 2168): 	at gmfv.g(PG:3)
07-04 18:17:21.033 E/GlassesApi( 2168): 	at gmfq.b(PG:57)
07-04 18:17:21.033 E/GlassesApi( 2168): 	at gmkw.invokeSuspend(PG:24)
07-04 18:17:21.033 E/GlassesApi( 2168): 	at glrk.resumeWith(PG:11)
07-04 18:17:21.033 E/GlassesApi( 2168): 	at gmbc.run(PG:115)
07-04 18:17:21.033 E/GlassesApi( 2168): 	at fgtu.run(PG:3)
07-04 18:17:21.033 E/GlassesApi( 2168): 	at fiic.run(PG:17)
07-04 18:17:21.033 E/GlassesApi( 2168): 	at dhec.run(PG:5)
07-04 18:17:21.033 E/GlassesApi( 2168): 	at fryo.run(PG:46)
07-04 18:17:21.033 E/GlassesApi( 2168): 	at dhdo.run(PG:81)
07-04 18:17:21.033 E/GlassesApi( 2168): 	at java.lang.Thread.run(Thread.java:1572)
07-04 18:17:21.033 E/GlassesApi( 2168): 	at dhfd.run(PG:62)
07-04 18:17:21.033 E/GlassesApi( 2168): Caused by: java.lang.ClassNotFoundException: GlassesCore is a stub.
07-04 18:17:21.033 E/GlassesApi( 2168): 	at com.google.android.glasses.sdk.ApiFactory.getApiFactoryClass(PG:45)
07-04 18:17:21.033 E/GlassesApi( 2168): 	at com.google.android.glasses.sdk.ApiFactory.getObjectByApiMethodName(PG:1)
07-04 18:17:21.033 E/GlassesApi( 2168): 	... 19 more
07-04 18:17:21.033 W/ctjp    ( 2168): Failed to connect to GlassesApi
07-04 18:17:21.033 W/ctjp    ( 2168): java.lang.IllegalStateException: Failed to create GlassesApi
07-04 18:17:21.033 W/ctjp    ( 2168): 	at ctjp.e(PG:282)
07-04 18:17:21.033 W/ctjp    ( 2168): 	at ctjo.invokeSuspend(PG:29)
07-04 18:17:21.033 W/ctjp    ( 2168): 	at ctjo.a(PG:14)
07-04 18:17:21.033 W/ctjp    ( 2168): 	at ctjh.invokeSuspend(PG:42)
07-04 18:17:21.033 W/ctjp    ( 2168): 	at ctjh.invoke(PG:13)
07-04 18:17:21.033 W/ctjp    ( 2168): 	at gmfv.g(PG:3)
07-04 18:17:21.033 W/ctjp    ( 2168): 	at gmfq.b(PG:57)
07-04 18:17:21.033 W/ctjp    ( 2168): 	at gmkw.invokeSuspend(PG:24)
07-04 18:17:21.033 W/ctjp    ( 2168): 	at glrk.resumeWith(PG:11)
07-04 18:17:21.033 W/ctjp    ( 2168): 	at gmbc.run(PG:115)
07-04 18:17:21.033 W/ctjp    ( 2168): 	at fgtu.run(PG:3)
07-04 18:17:21.033 W/ctjp    ( 2168): 	at fiic.run(PG:17)
07-04 18:17:21.033 W/ctjp    ( 2168): 	at dhec.run(PG:5)
07-04 18:17:21.033 W/ctjp    ( 2168): 	at fryo.run(PG:46)
07-04 18:17:21.033 W/ctjp    ( 2168): 	at dhdo.run(PG:81)
07-04 18:17:21.033 W/ctjp    ( 2168): 	at java.lang.Thread.run(Thread.java:1572)
07-04 18:17:21.033 W/ctjp    ( 2168): 	at dhfd.run(PG:62)
07-04 18:17:21.034 I/adzq    ( 2168): Settings API module disconnected
07-04 18:17:21.035 I/adzq    ( 2168): Wear detection disabled, using connection status
07-04 18:17:21.035 I/ctjp    ( 2168): (REDACTED) delay retry by %s second(s)
07-04 18:17:21.188 I/pixel-thermal( 1688): VIRTUAL-SKIN-MODEL: model_input: [36813.00 31899.00 32858.00 34146.00 36090.00 35002.00 37356.00 31698.00 ]
07-04 18:17:21.188 I/native  ( 1688): I0000 00:00:1783181841.188400    1710 thermal_tflite_wrapper.cc:261] ThermalTfliteInvoke
07-04 18:17:21.188 I/pixel-thermal( 1688): VIRTUAL-SKIN-MODEL: model_output: [33634 ]
07-04 18:17:21.188 I/pixel-thermal( 1688): VIRTUAL-SKIN-MODEL: predicted_value: [33634 ]
07-04 18:17:21.188 I/pixel-thermal( 1688): VIRTUAL-SKIN-HINT:33.496 raw data: VIRTUAL-SKIN:33496 VIRTUAL-SKIN-EQ:33496 VIRTUAL-SKIN-HINT:33496 VIRTUAL-SKIN-LEGACY:33882.3 VIRTUAL-SKIN-LEGACY-MODEL-DIFF:248.27 VIRTUAL-SKIN-LEGACY-SHUTDOWN:0 VIRTUAL-SKIN-MODEL:33634 VIRTUAL-SKIN-MODEL-CLAMPED:33634 VIRTUAL-SKIN-MODEL-LEGACY-DIFF:-248.27 VIRTUAL-SKIN-MODEL-UPDATED:33496 VIRTUAL-SKIN-MODEL-UPPER-CLAMPED:33634 VIRTUAL-SKIN-SUB-0:33770 VIRTUAL-SKIN-SUB-1:33882.3 VIRTUAL-SKIN-SUB-2:33788 VIRTUAL-SKIN-SUB-3:33656.5 VIRTUAL-SKIN-SUB-4:33563.2 VIRTUAL-SKIN-SUB-5:33261.5 VIRTUAL-SKIN-SUB-6:33383.7 VIRTUAL-SKIN-SUB-7:33403.6 VT_LEGACY_WEIGHT:0 VT_MODEL_WEIGHT:1 charging_therm:36813 disp0_therm:31899 flash_therm:32858 north_therm:34146 quiet_therm:36090 rfpa_therm:35002 soc_therm:37356 usb_pwr_therm:31698 
07-04 18:17:21.188 I/pixel-thermal( 1688): cellular-emergency:33.496 raw data: VIRTUAL-SKIN:33496 cellular-emergency:33496 
07-04 18:17:21.188 I/pixel-thermal( 1688): BG-TASKS-THROTTLING-HINT:0 raw data: BG-TASKS-THROTTLING-EXP-PROPERTY:0 BG-TASKS-THROTTLING-HINT:0 BG_TASKS_THROTTLING_COUNT:1 IS_BG_TASKS_THROTTLING_ACTIVE:0 IS_CHARGING:1 VIRTUAL-SKIN:33496 thb_hda:54 
07-04 18:17:21.188 I/pixel-thermal( 1688): disp0_therm:31.899 raw data: disp0_therm:31899 
07-04 18:17:21.188 I/pixel-thermal( 1688): VIRTUAL-SKIN-CPU-LIGHT-ODPM:33.496 raw data: VIRTUAL-SKIN:33496 VIRTUAL-SKIN-CPU-LIGHT-ODPM:33496 
07-04 18:17:21.188 I/pixel-thermal( 1688): VIRTUAL-SKIN-CPU-MID:33.496 raw data: VIRTUAL-SKIN:33496 VIRTUAL-SKIN-CPU-MID:33496 
07-04 18:17:21.188 I/pixel-thermal( 1688): VIRTUAL-SKIN:33.496 raw data: VIRTUAL-SKIN:33496 
07-04 18:17:21.189 I/pixel-thermal( 1688): VIRTUAL-SKIN-SPEAKER:33.789 raw data: VIRTUAL-SKIN-SPEAKER:33789 VIRTUAL-SKIN-SPEAKER-SUB-0:32759.3 VIRTUAL-SKIN-SPEAKER-SUB-1:32789 charging_therm:36813 disp0_therm:31899 flash_therm:32858 north_therm:34146 quiet_therm:36090 rfpa_therm:35002 soc_therm:37356 usb_pwr_therm:31698 
07-04 18:17:21.189 I/pixel-thermal( 1688): VIRTUAL-SKIN-CPU-HIGH:33.496 raw data: VIRTUAL-SKIN:33496 VIRTUAL-SKIN-CPU-HIGH:33496 
07-04 18:17:21.189 I/pixel-thermal( 1688): VIRTUAL-SKIN-SOC:33.496 raw data: VIRTUAL-SKIN:33496 VIRTUAL-SKIN-SOC:33496 
07-04 18:17:21.189 I/pixel-thermal( 1688): VIRTUAL-SKIN-CPU-ODPM:33.496 raw data: VIRTUAL-SKIN:33496 VIRTUAL-SKIN-CPU-ODPM:33496 
07-04 18:17:21.189 I/pixel-thermal( 1688): VIRTUAL-SKIN-CHARGE-WIRED:33.996 raw data: NO_WLC:1 VIRTUAL-SKIN-CHARGE:33996 VIRTUAL-SKIN-CHARGE-WIRED:33996 VIRTUAL-SKIN-EQ:33496 WLC_CHECK:1 thb_hda:54 
07-04 18:17:21.189 I/pixel-thermal( 1688): VIRTUAL-SKIN-PREDICTION-MODEL: model_input: [34146.00 32858.00 37356.00 35002.00 36813.00 31899.00 31698.00 36090.00 33496.00 ]
07-04 18:17:21.189 I/native  ( 1688): I0000 00:00:1783181841.189279    1710 thermal_tflite_wrapper.cc:261] ThermalTfliteInvoke
07-04 18:17:21.190 I/pixel-thermal( 1688): VIRTUAL-SKIN-PREDICTION-MODEL: model_output: [33885.8 33952.1 34011.3 34074.8 34145.9 34214.1 34283 34357.6 34428.3 34492.8 ]
07-04 18:17:21.190 I/pixel-thermal( 1688): VIRTUAL-SKIN-PREDICTION-MODEL: predicted_value: [33885.8 33952.1 34011.3 34074.8 34145.9 34214.1 34283 34357.6 34428.3 34492.8 ]
07-04 18:17:21.190 I/pixel-thermal( 1688): STATS-UPDATOR:0 raw data: EXTREME-CONDITION-POWER-MONITOR-44C:0 EXTREME-CONDITION-POWER-MONITOR-45C:0 EXTREME-CONDITION-POWER-MONITOR-46C:0 EXTREME_WORKLOAD_ODPM:1334.31 STATS-UPDATOR:0 VIRTUAL-SKIN:33496 VIRTUAL-SKIN-44C:0 VIRTUAL-SKIN-45C:0 VIRTUAL-SKIN-46C:0 VIRTUAL-SKIN-PREDICTION-MODEL:33885.8 VT-FORECAST-30SEC-BACK:33372.6 VT-FORECAST-60SEC-BACK:33370 VT-FORECAST-ERROR-30SEC:-123.406 VT-FORECAST-ERROR-60SEC:-126.016 VT-FORECAST-ERROR-NOW:389.797 VT-FORECAST-NOW:33885.8 charging_therm:36813 disp0_therm:31899 flash_therm:32858 north_therm:34146 quiet_therm:36090 rfpa_therm:35002 soc_therm:37356 usb_pwr_therm:31698 
07-04 18:17:21.190 I/pixel-thermal( 1688): VIRTUAL-SKIN-CHARGE-PERSIST:33.996 raw data: VIRTUAL-SKIN-CHARGE:33996 VIRTUAL-SKIN-CHARGE-PERSIST:33996 
07-04 18:17:21.190 I/pixel-thermal( 1688): EARLY-WARNING-SENSOR:0 raw data: EARLY-EMERGENCY-WARNING-SENSOR:0 EARLY-SHUTDOWN-WARNING-SENSOR:0 EARLY-WARNING-SENSOR:0 VIRTUAL-SKIN-PREDICTION-MODEL:33885.8 VT-FORECAST-30SEC:34165.4 VT-FORECAST-60SEC:34465.2 
07-04 18:17:21.295 D/WindowOnBackDispatcher( 6000): setTopOnBackInvokedCallback (unwrapped): android.app.Activity$$ExternalSyntheticLambda0@661ae09
07-04 18:17:21.295 D/CoreBackPreview( 1795): Window{798cd6f u0 com.kenleren.my_art_collection/com.kenleren.my_art_collection.MainActivity}: Setting back callback OnBackInvokedCallbackInfo{mCallback=android.window.IOnBackInvokedCallback$Stub$Proxy@366d0eb, mPriority=-1, mIsAnimationCallback=false, mOverrideBehavior=0}
07-04 18:17:21.674 I/adbd    ( 2198): adbd service requested 'shell,v2,TERM=dumb,raw:input tap 540 990'
07-04 18:17:21.836 D/WindowOnBackDispatcher( 6000): setTopOnBackInvokedCallback (unwrapped): io.flutter.embedding.android.FlutterActivity$1@4ff461e
07-04 18:17:21.838 D/CoreBackPreview( 1795): Window{798cd6f u0 com.kenleren.my_art_collection/com.kenleren.my_art_collection.MainActivity}: Setting back callback OnBackInvokedCallbackInfo{mCallback=android.window.IOnBackInvokedCallback$Stub$Proxy@15f90c7, mPriority=0, mIsAnimationCallback=true, mOverrideBehavior=0}
07-04 18:17:22.413 I/WifiHAL ( 1211): Creating message to get link statistics; iface = 47
07-04 18:17:22.550 E/libbinder.IPCThreadState( 1211): binder thread pool (1 threads) starved for 136 ms
07-04 18:17:22.551 I/WifiHAL ( 1211): Getting cached scan results, iface handle = 0xb40000708bfa0950
07-04 18:17:22.552 E/WifiHAL ( 1211): Creating message to get cached scan results
07-04 18:17:22.565 I/WifiHAL ( 1211): In GetCachedScanResultsCommand::handleResponse
07-04 18:17:22.614 D/WifiHAL ( 1211): Start debug command: mType GET_FEATURE
07-04 18:17:22.614 I/WifiHAL ( 1211): CreateRequest mType = GET_FEATURE
07-04 18:17:22.614 D/WifiHAL ( 1211): In DebugCommand::handleResponse, mType:GET_FEATURE
07-04 18:17:22.614 D/WifiHAL ( 1211): len = 4, expected len = 4
07-04 18:17:22.859 I/adbd    ( 2198): adbd service requested 'exec:screencap '-p''
07-04 18:17:23.139 W/libbinder.BackendUnifiedServiceManager( 6430): Thread Pool max thread count is 0. Cannot cache binder as linkToDeath cannot be implemented. serviceName: SurfaceFlingerAIDL
07-04 18:17:23.139 W/libbinder.BpBinder( 6430): Linking to death on android.gui.ISurfaceComposer but there are no threads (yet?) listening to incoming transactions. See ProcessState::startThreadPool and ProcessState::setThreadPoolMaxThreadCount. Generally you should setup the binder threadpool before other initialization steps.
07-04 18:17:23.140 W/libbinder.ProcessState( 6430): Extra binder thread started, but 0 threads requested. Do not use *startThreadPool when zero threads are requested.
07-04 18:17:23.520 I/adbd    ( 2198): adbd service requested 'shell,v2,TERM=dumb:export ANDROID_LOG_TAGS=''; exec logcat '-d' '-v' 'time''
