07-04 18:17:06.805 D/b/417220811(29459): invalidateLoadedTasks - previous requestLoadId: -1
07-04 18:17:06.805 V/AppCompat( 2967): SingleSurfaceLetterboxController: []
07-04 18:17:06.805 V/AppCompat( 2967): MultiSurfaceLetterboxController: []
07-04 18:17:06.805 V/AppCompat( 2967): LetterboxInputController: []
07-04 18:17:06.805 V/AppCompat( 2967): RoundedCornersLetterboxController: {}
07-04 18:17:06.815 E/BpTransactionCompletedListener(  485): Failed to transact (-32)
07-04 18:17:06.815 E/BpTransactionCompletedListener(  485): Failed to transact (-32)
07-04 18:17:06.816 W/ImageReader_JNI( 1795): Unable to acquire a buffer item, very likely client tried to acquire more than maxImages buffers
07-04 18:17:06.817 W/WindowManager( 1795): takeTaskSnapshot: taskId=9920 not found or not visible
07-04 18:17:06.818 W/ActivityTaskManager( 1795): callingPackage for (uid=2000, pid=5992) has no WPC
07-04 18:17:06.820 V/Configuration( 1795): Updating configuration, locales updated from [] to [de_DE,en_NO,nb_NO]
07-04 18:17:06.820 V/GrammaticalInflectionUtils( 1795): AttributionSource: android.content.AttributionSource@d084eb42 does not have READ_SYSTEM_GRAMMATICAL_GENDER permission.
07-04 18:17:06.826 D/RecentsView(29459): onTaskDisplayChanged: 9921, new displayId = 0
07-04 18:17:06.829 D/Bubbles ( 2967): BubbleTaskStackListener.onTaskMovedToFront(): taskId=9921
07-04 18:17:06.830 I/libbinder.BpBinder(  485): onLastStrongRef automatically unlinking death recipients for binder (0xb40000766da70660) with descriptor: '(not cached)'
07-04 18:17:06.831 V/ActivityTaskManager( 1795): TaskLaunchParamsModifier: phase=3 task=Task{c0e7989 #9921 type=standard I=com.kenleren.my_art_collection/.MainActivity} activity=ActivityRecord{50289491 u0 com.kenleren.my_art_collection/.MainActivity t-1} display-from-task=0 display-id=0 task-display-area-windowing-mode=1 suggested-display-area=DefaultTaskDisplayArea@28652685 inherit-from-task=fullscreen non-freeform-task-display-area display-area=DefaultTaskDisplayArea@28652685 skip-bounds-fullscreen
07-04 18:17:06.831 I/ActivityTaskManager( 1795): START u0 {flg=0x10000000 xflg=0x5 cmp=com.kenleren.my_art_collection/.MainActivity} with LAUNCH_SINGLE_TOP from uid 2000 (com.android.shell) (BAL_ALLOW_PERMISSION) result code=0
07-04 18:17:06.831 V/WindowManagerShell( 2967): Transition requested (#1759): android.os.BinderProxy@89516a5 TransitionRequestInfo { type = OPEN, triggerTask = TaskInfo{userId=0 taskId=9921 effectiveUid=10326 displayId=0 isRunning=true baseIntent=Intent { flg=0x10000000 cmp=com.kenleren.my_art_collection/.MainActivity } baseActivity=ComponentInfo{com.kenleren.my_art_collection/com.kenleren.my_art_collection.MainActivity} topActivity=ComponentInfo{com.kenleren.my_art_collection/com.kenleren.my_art_collection.MainActivity} origActivity=null realActivity=ComponentInfo{com.kenleren.my_art_collection/com.kenleren.my_art_collection.MainActivity} realActivityIsAppLockEnabled=false numActivities=1 lastActiveTime=104929359 supportsMultiWindow=true resizeMode=1 isResizeable=true minWidth=-1 minHeight=-1 defaultMinSize=220 token=WCT{android.os.BinderProxy@cff1a7a} topActivityType=1 pictureInPictureParams=null shouldDockBigOverlays=false launchIntoPipHostTaskId=-1 lastParentTaskIdBeforePip=-1 displayCutoutSafeInsets=Rect(0, 161 - 0, 0) topActivityInfo=ActivityInfo{70ba22b com.kenleren.my_art_collection.MainActivity} launchCookies=[] positionInParent=Point(0, 0) parentTaskId=-1 isFocused=false isVisible=false isVisibleRequested=false isTopActivityNoDisplay=false isSleeping=false locusId=null displayAreaFeatureId=1 isTopActivityTransparent=false isActivityStackTransparent=false lastNonFullscreenBounds=null leafTaskBoundsFromOptions= false capturedLink=null capturedLinkTimestamp=0 requestedVisibleTypes=503 topActivityRequestOpenInBrowserEducationTimestamp=0 appCompatTaskInfo=AppCompatTaskInfo { topActivityInSizeCompat=false isLeafTask= true eligibleForLetterboxEducation= false isLetterboxEducationEnabled= false isLetterboxDoubleTapEnabled= false eligibleForUserAspectRatioButton= false topActivityBoundsLetterboxed= false isFromLetterboxDoubleTap= false topActivityLetterboxVerticalPosition= -1 topActivityLetterboxHorizontalPosition= -1 topActivityLetterboxWidth=-1 topActivityLetterboxHeight=-1 topActivityAppBounds=Rect(0, 0 - 1080, 2404) isUserFullscreenOverrideEnabled=false isSystemFullscreenOverrideEnabled=false hasMinAspectRatioOverride=false topActivityLetterboxBounds=null topNonResizableActivityAspectRatio=-1.0} topActivityMainWindowFrame=null isAppBubble=false}, pipChange = null, remoteTransitionInfo = null, displayChange = null, requestedLocation = null, userChange = null, windowingLayerChange = null, fullscreenRequestChange = null, flags = 0, debugId = 1759 }
07-04 18:17:06.831 W/DisplayDisconnectTransitionHandler( 2967): No disconnect change found in the transition, not handling request.
07-04 18:17:06.831 D/ShellSplitScreen( 2967): logExit: no-op, mLoggerSessionId is null
07-04 18:17:06.831 V/ShellDesktopMode( 2967): DesktopTasksController: skipping handleRequest reason=triggerTask's display doesn't support desktop mode
07-04 18:17:06.832 D/BaseActivity(29459): Launcher flags updated: [state_started|state_resumed|state_deferred_resumed|state_window_focused|state_user_active] -[]
07-04 18:17:06.832 D/CompatChangeReporter( 1795): Compat change id reported: 377864165; UID 10326; state: ENABLED
07-04 18:17:06.835 D/BaseActivity(29459): Launcher flags updated: [state_started|state_resumed|state_deferred_resumed|state_window_focused] -[state_user_active]
07-04 18:17:06.835 D/BaseActivity(29459): Launcher flags updated: [state_started|state_window_focused] -[state_resumed|state_deferred_resumed]
07-04 18:17:06.835 W/SplitSelectStateCtor(29459): Missing session instanceIds
07-04 18:17:06.835 D/StatsLog(29459): LAUNCHER_SPLIT_SELECTION_EXIT_INTERRUPTED
07-04 18:17:06.835 D/WindowManagerShell( 2967): setLauncherKeepClearAreaHeight: visible=false, height=461
07-04 18:17:06.836 V/Configuration( 1795): Updating configuration, locales updated from [] to [de_DE,en_NO,nb_NO]
07-04 18:17:06.836 V/GrammaticalInflectionUtils( 1795): AttributionSource: android.content.AttributionSource@d084eb42 does not have READ_SYSTEM_GRAMMATICAL_GENDER permission.
07-04 18:17:06.836 D/CompatChangeReporter( 1795): Compat change id reported: 441041342; UID 10326; state: ENABLED
07-04 18:17:06.836 I/AppsFilter( 1795): interaction: PackageSetting{a0aa4c4 com.google.android.microdroid.empty_payload/10299} -> PackageSetting{bffe066 com.kenleren.my_art_collection/10326} BLOCKED
07-04 18:17:06.837 D/ShellDesktopMode( 2967): DesktopRepository: Removes freeform task: taskId=9920
07-04 18:17:06.837 W/ShellDesktopMode( 2967): DesktopRepository: No display id found for task: taskId=9920
07-04 18:17:06.837 I/DisplayDeviceRepository( 1795): Display device changed render timings: "Built-in Screen", renderFrameRate=120.00001, presentationDeadlineNanos=11500000, appVsyncOffsetNanos=6233332, frameRateOverrides=[{uid=10253 frameRateHz=120.00001}, {uid=10270 frameRateHz=120.00001}]
07-04 18:17:06.838 W/libbinder.IPCThreadState( 1380): Sending oneway calls to frozen process.
07-04 18:17:06.838 W/libbinder.IPCThreadState( 1380): Sending oneway calls to frozen process.
07-04 18:17:06.838 W/libbinder.IPCThreadState( 1380): Sending oneway calls to frozen process.
07-04 18:17:06.838 W/libbinder.IPCThreadState( 1380): Sending oneway calls to frozen process.
07-04 18:17:06.838 V/WindowManager( 1795): Defer transition id=1759 for TaskFragmentTransaction=android.os.Binder@735cfa7
07-04 18:17:06.838 W/libbinder.IPCThreadState( 1380): Sending oneway calls to frozen process.
07-04 18:17:06.838 W/libbinder.IPCThreadState( 1380): Sending oneway calls to frozen process.
07-04 18:17:06.838 W/libbinder.IPCThreadState( 1380): Sending oneway calls to frozen process.
07-04 18:17:06.838 W/libbinder.IPCThreadState( 1380): Sending oneway calls to frozen process.
07-04 18:17:06.838 W/libbinder.IPCThreadState( 1380): Sending oneway calls to frozen process.
07-04 18:17:06.838 W/libbinder.IPCThreadState( 1380): Sending oneway calls to frozen process.
07-04 18:17:06.838 W/libbinder.IPCThreadState( 1380): Sending oneway calls to frozen process.
07-04 18:17:06.838 D/BackgroundInstallControlService( 1795): Package event received: 0
07-04 18:17:06.838 D/b/417220811(29459): invalidateLoadedTasks - previous requestLoadId: -1
07-04 18:17:06.838 D/b/417220811(29459): invalidateLoadedTasks - previous requestLoadId: -1
07-04 18:17:06.840 W/AutofillManagerServiceImpl( 1795): getFillEventHistory() called by UID 10139, but service UID is 10162
07-04 18:17:06.843 V/WindowManager( 1795): Continue transition id=1759 for TaskFragmentTransaction=android.os.Binder@735cfa7
07-04 18:17:06.848 D/BaseActivity(29459): Launcher flags updated: [state_started] -[state_window_focused]
07-04 18:17:06.850 D/Zygote  ( 1112): Forked child process 6000
07-04 18:17:06.850 I/ActivityManager( 1795): Start proc 6000:com.kenleren.my_art_collection/u0a326 for next-top-activity {com.kenleren.my_art_collection/com.kenleren.my_art_collection.MainActivity}
07-04 18:17:06.857 I/Zygote  ( 6000): Process 6000 created for com.kenleren.my_art_collection
07-04 18:17:06.858 I/_art_collection( 6000): Late-enabling -Xcheck:jni
07-04 18:17:06.859 V/WindowManager( 1795): Sent Transition (#1759) createdAt=07-04 18:17:06.821 via request=TransitionRequestInfo { type = OPEN, triggerTask = TaskInfo{userId=0 taskId=9921 effectiveUid=10326 displayId=0 isRunning=true baseIntent=Intent { flg=0x10000000 cmp=com.kenleren.my_art_collection/.MainActivity } baseActivity=ComponentInfo{com.kenleren.my_art_collection/com.kenleren.my_art_collection.MainActivity} topActivity=ComponentInfo{com.kenleren.my_art_collection/com.kenleren.my_art_collection.MainActivity} origActivity=null realActivity=ComponentInfo{com.kenleren.my_art_collection/com.kenleren.my_art_collection.MainActivity} realActivityIsAppLockEnabled=false numActivities=1 lastActiveTime=104929359 supportsMultiWindow=true resizeMode=1 isResizeable=true minWidth=-1 minHeight=-1 defaultMinSize=220 token=WCT{RemoteToken{769aa25 Task{c0e7989 #9921 type=standard I=com.kenleren.my_art_collection/.MainActivity}}} topActivityType=1 pictureInPictureParams=null shouldDockBigOverlays=false launchIntoPipHostTaskId=-1 lastParentTaskIdBeforePip=-1 displayCutoutSafeInsets=Rect(0, 161 - 0, 0) topActivityInfo=ActivityInfo{772e7fa com.kenleren.my_art_collection.MainActivity} launchCookies=[] positionInParent=Point(0, 0) parentTaskId=-1 isFocused=false isVisible=false isVisibleRequested=false isTopActivityNoDisplay=false isSleeping=false locusId=null displayAreaFeatureId=1 isTopActivityTransparent=false isActivityStackTransparent=false lastNonFullscreenBounds=null leafTaskBoundsFromOptions= false capturedLink=null capturedLinkTimestamp=0 requestedVisibleTypes=503 topActivityRequestOpenInBrowserEducationTimestamp=0 appCompatTaskInfo=AppCompatTaskInfo { topActivityInSizeCompat=false isLeafTask= true eligibleForLetterboxEducation= false isLetterboxEducationEnabled= false isLetterboxDoubleTapEnabled= false eligibleForUserAspectRatioButton= false topActivityBoundsLetterboxed= false isFromLetterboxDoubleTap= false topActivityLetterboxVerticalPosition= -1 topActivityLetterboxHorizontalPosition= -1 topActivityLetterboxWidth=-1 topActivityLetterboxHeight=-1 topActivityAppBounds=Rect(0, 0 - 1080, 2404) isUserFullscreenOverrideEnabled=false isSystemFullscreenOverrideEnabled=false hasMinAspectRatioOverride=false topActivityLetterboxBounds=null topNonResizableActivityAspectRatio=-1.0} topActivityMainWindowFrame=null isAppBubble=false}, pipChange = null, remoteTransitionInfo = null, displayChange = null, requestedLocation = null, userChange = null, windowingLayerChange = null, fullscreenRequestChange = null, flags = 0, debugId = 1759 }
07-04 18:17:06.859 V/WindowManagerShell( 2967): onTransitionReady(transaction=7709466579070)
07-04 18:17:06.859 V/WindowManager( 1795):     startWCT=WindowContainerTransaction { changes= {} hops= [] flags= 0 errorCallbackToken=null taskFragmentOrganizer=null }
07-04 18:17:06.859 V/WindowManagerShell( 2967): onTransitionReady (#1759) android.os.BinderProxy@89516a5: {id=1759 t=OPEN f=0x0 trk=0 r=[0@Point(0, 0)] c=[
07-04 18:17:06.859 V/WindowManagerShell( 2967):         {m=OPEN f=NONE leash=Surface(name=Task=9921#19036)/@0xa71ce32 sb=Rect(0, 0 - 1080, 2404) eb=Rect(0, 0 - 1080, 2404) epz=Point(1080, 2404) d=0 taskParent=-1 winMode=1 userId=0},
07-04 18:17:06.859 V/WindowManagerShell( 2967):         {m=TO_BACK f=SHOW_WALLPAPER leash=Surface(name=Task=1#44)/@0xbf43783 sb=Rect(0, 0 - 1080, 2404) eb=Rect(0, 0 - 1080, 2404) epz=Point(1080, 2404) d=0 taskParent=-1 winMode=1 userId=0},
07-04 18:17:06.859 V/WindowManagerShell( 2967):         {m=TO_BACK f=IS_WALLPAPER leash=Surface(name=WallpaperWindowToken{6c44cff}#61)/@0x237bd00 sb=Rect(0, 0 - 1080, 2404) eb=Rect(0, 0 - 1080, 2404) epz=Point(1080, 2404) d=0}
07-04 18:17:06.859 V/WindowManagerShell( 2967):     ]}
07-04 18:17:06.859 V/WindowManager( 1795):     info={id=1759 t=OPEN f=0x0 trk=0 r=[0@Point(0, 0)] c=[
07-04 18:17:06.859 V/WindowManager( 1795):         {WCT{RemoteToken{769aa25 Task{c0e7989 #9921 type=standard I=com.kenleren.my_art_collection/.MainActivity}}} m=OPEN f=NONE leash=Surface(name=Task=9921#19036)/@0x3e4ff33 sb=Rect(0, 0 - 1080, 2404) eb=Rect(0, 0 - 1080, 2404) epz=Point(1080, 2404) d=0 taskParent=-1 winMode=1 userId=0},
07-04 18:17:06.859 V/WindowManager( 1795):         {WCT{RemoteToken{e3326c2 Task{ed0d766 #1 type=home}}} m=TO_BACK f=SHOW_WALLPAPER leash=Surface(name=Task=1#44)/@0xc3fb14e sb=Rect(0, 0 - 1080, 2404) eb=Rect(0, 0 - 1080, 2404) epz=Point(1080, 2404) d=0 taskParent=-1 winMode=1 userId=0},
07-04 18:17:06.859 V/WindowManager( 1795):         {m=TO_BACK f=IS_WALLPAPER leash=Surface(name=WallpaperWindowToken{6c44cff}#61)/@0x56d85de sb=Rect(0, 0 - 1080, 2404) eb=Rect(0, 0 - 1080, 2404) epz=Point(1080, 2404) d=0}
07-04 18:17:06.859 V/WindowManager( 1795):     ]}
07-04 18:17:06.859 V/ShellDesktopMode( 2967): DesktopModeLogger: taskInfo map after processing changes 0
07-04 18:17:06.859 D/ShellDesktopMode( 2967): DesktopTaskChangeListener: onTaskMovingToBack for taskId=1, displayId=0 - desktop not supported
07-04 18:17:06.859 D/ShellDesktopMode( 2967): DesktopTaskChangeListener: onTaskOpening for taskId=9921, displayId=0 userId=0 currentUserId=0 parentTaskId=-1 isFreeform=false isActive=false isPinned=false
07-04 18:17:06.859 D/ShellDesktopMode( 2967): DesktopTaskChangeListener: onTaskOpening for taskId=9921, displayId=0 - desktop not supported
07-04 18:17:06.859 V/WindowManagerShell( 2967): Playing animation for (#1759) android.os.BinderProxy@89516a5@0
07-04 18:17:06.859 D/ShellSplitScreen( 2967): startAnimation: transition=1759 isSplitActive=false
07-04 18:17:06.859 V/ShellRecents( 2967): RecentsTransitionHandler.startAnimation: no controller found
07-04 18:17:06.859 V/ShellDesktopMode( 2967): DesktopMixedTransitionHandler: No pending desktop transition
07-04 18:17:06.859 V/WindowManagerShell( 2967): Transition doesn't have explicit remote, search filters for match for {id=1759 t=OPEN f=0x0 trk=0 r=[0@Point(0, 0)] c=[{m=OPEN f=NONE leash=Surface(name=Task=9921#19036)/@0xa71ce32 sb=Rect(0, 0 - 1080, 2404) eb=Rect(0, 0 - 1080, 2404) epz=Point(1080, 2404) d=0 taskParent=-1 winMode=1 userId=0},{m=TO_BACK f=SHOW_WALLPAPER leash=Surface(name=Task=1#44)/@0xbf43783 sb=Rect(0, 0 - 1080, 2404) eb=Rect(0, 0 - 1080, 2404) epz=Point(1080, 2404) d=0 taskParent=-1 winMode=1 userId=0},{m=TO_BACK f=IS_WALLPAPER leash=Surface(name=WallpaperWindowToken{6c44cff}#61)/@0x237bd00 sb=Rect(0, 0 - 1080, 2404) eb=Rect(0, 0 - 1080, 2404) epz=Point(1080, 2404) d=0}]}
07-04 18:17:06.860 V/WindowManagerShell( 2967):  Checking filter Pair{{types=[] flags=0x0] notFlags=0x0 checks=[{atype=undefined independent=true modes=[CLOSE,TO_BACK] flags=IN_TASK_WITH_EMBEDDED_ACTIVITY mustBeTask=false order=ANY topActivity=null launchCookie=null taskFragmentToken=android.os.BinderProxy@61b7bee windowingMode=undefined isCrossDisplayMove=false}]} RemoteTransition { remoteTransition = android.window.IRemoteTransition$Stub$Proxy@18a788f, appThread = android.app.IApplicationThread$Stub$Proxy@64b171c, debugName = overlayBackTransition, filter = null }}
07-04 18:17:06.860 V/WindowManagerShell( 2967):  Checking filter Pair{{types=[] flags=0x0] notFlags=0x0 checks=[{atype=dream independent=true modes=[OPEN,TO_FRONT] flags=NONE mustBeTask=false order=ANY topActivity=null launchCookie=null windowingMode=undefined isCrossDisplayMove=false},{atype=home independent=true modes=[CLOSE,TO_BACK] flags=NONE mustBeTask=false order=ANY topActivity=null launchCookie=null windowingMode=undefined isCrossDisplayMove=false}]} RemoteTransition { remoteTransition = android.window.IRemoteTransition$Stub$Proxy@aab8f25, appThread = android.app.IApplicationThread$Stub$Proxy@c4768fa, debugName = LauncherToDream, filter = null }}
07-04 18:17:06.860 V/WindowManagerShell( 2967):  Checking filter Pair{{types=[] flags=0x0] notFlags=0x0 checks=[{atype=standard independent=false modes=[CHANGE] flags=NONE mustBeTask=true order=ANY topActivity=null launchCookie=null windowingMode=undefined isCrossDisplayMove=true}]} RemoteTransition { remoteTransition = android.window.IRemoteTransition$Stub$Proxy@7c00eab, appThread = android.app.IApplicationThread$Stub$Proxy@4808908, debugName = QuickstepDisplayMove, filter = null }}
07-04 18:17:06.860 V/WindowManagerShell( 2967):  Checking filter Pair{{types=[] flags=0x0] notFlags=0x100 checks=[{atype=home independent=true modes=[OPEN,TO_FRONT] flags=NONE mustBeTask=false order=ANY topActivity=ComponentInfo{com.google.android.apps.nexuslauncher/com.google.android.apps.nexuslauncher.NexusLauncherActivity} launchCookie=null windowingMode=undefined isCrossDisplayMove=false},{atype=standard independent=true modes=[CLOSE,TO_BACK] flags=NONE mustBeTask=false order=ANY topActivity=null launchCookie=null windowingMode=undefined isCrossDisplayMove=false},{NOT atype=undefined independent=true modes=[] flags=NONE mustBeTask=true order=ANY topActivity=null launchCookie=null customAnim=true windowingMode=undefined isCrossDisplayMove=false}]} RemoteTransition { remoteTransition = android.window.IRemoteTransition$Stub$Proxy@8aaf8a1, appThread = android.app.IApplicationThread$Stub$Proxy@6131ac6, debugName = QuickstepLaunchHome, filter = null }}
07-04 18:17:06.860 V/WindowManagerShell( 2967):  Checking filter Pair{{types=[OPEN,TO_FRONT] flags=0x0] notFlags=0x0 checks=[{atype=standard independent=true modes=[OPEN,TO_FRONT] flags=NONE mustBeTask=true order=ANY topActivity=null launchCookie=null windowingMode=freeform isCrossDisplayMove=false}]} RemoteTransition { remoteTransition = android.window.IRemoteTransition$Stub$Proxy@36eea87, appThread = null, debugName = DesktopWindowLimitUnminimize, filter = null }}
07-04 18:17:06.860 V/WindowManagerShell( 2967):  Delegate animation for (#1759) to null
07-04 18:17:06.860 V/WindowManagerShell( 2967): start default transition animation, info = {id=1759 t=OPEN f=0x0 trk=0 r=[0@Point(0, 0)] c=[{m=OPEN f=NONE leash=Surface(name=Task=9921#19036)/@0xa71ce32 sb=Rect(0, 0 - 1080, 2404) eb=Rect(0, 0 - 1080, 2404) epz=Point(1080, 2404) d=0 taskParent=-1 winMode=1 userId=0},{m=TO_BACK f=SHOW_WALLPAPER leash=Surface(name=Task=1#44)/@0xbf43783 sb=Rect(0, 0 - 1080, 2404) eb=Rect(0, 0 - 1080, 2404) epz=Point(1080, 2404) d=0 taskParent=-1 winMode=1 userId=0},{m=TO_BACK f=IS_WALLPAPER leash=Surface(name=WallpaperWindowToken{6c44cff}#61)/@0x237bd00 sb=Rect(0, 0 - 1080, 2404) eb=Rect(0, 0 - 1080, 2404) epz=Point(1080, 2404) d=0}]}
07-04 18:17:06.860 V/WindowManagerShell( 2967): loadAnimation: anim=android.view.animation.AnimationSet@f1a9ff5 animAttr=0x13 type=OPEN isEntrance=false
07-04 18:17:06.860 V/WindowManagerShell( 2967): loadAnimation: anim=android.view.animation.AnimationSet@790f18a animAttr=0x12 type=OPEN isEntrance=true
07-04 18:17:06.860 V/WindowManagerShell( 2967):  animated by com.android.wm.shell.transition.DefaultTransitionHandler@6fab825
07-04 18:17:06.860 V/ShellTaskOrganizer( 2967): Task appeared taskId=9921 listener=FullscreenTaskListener
07-04 18:17:06.860 V/ShellTaskOrganizer( 2967): Fullscreen Task Appeared: #9921
07-04 18:17:06.866 D/b/417220811(29459): invalidateLoadedTasks - previous requestLoadId: -1
07-04 18:17:06.871 I/_art_collection( 6000): Using generational CollectorTypeCMC GC.
07-04 18:17:06.873 I/adbd    ( 2198): jdwp connection from 6000
07-04 18:17:06.876 D/nativeloader( 6000): Load libframework-connectivity-tiramisu-jni.so using APEX ns com_android_tethering for caller /apex/com.android.tethering/javalib/framework-connectivity-t.jar: ok
07-04 18:17:06.881 I/WifiHAL ( 1211): Creating message to get link statistics; iface = 47
07-04 18:17:06.886 D/BackgroundInstallControlService( 1795): Package event received: 0
07-04 18:17:06.897 D/ApplicationLoaders( 6000): Returning zygote-cached class loader: /system_ext/framework/androidx.window.extensions.jar
07-04 18:17:06.897 D/ApplicationLoaders( 6000): Returning zygote-cached class loader: /system_ext/framework/androidx.window.sidecar.jar
07-04 18:17:06.903 I/NearbySharing(23012): Got package event: PackageReplaced(packageName=com.kenleren.my_art_collection)
07-04 18:17:06.904 I/NearbySharing(23012): Got package event: PackageReplaced(packageName=com.kenleren.my_art_collection)
07-04 18:17:06.908 I/WifiHAL ( 1211): Getting cached scan results, iface handle = 0xb40000708bfa0950
07-04 18:17:06.908 E/WifiHAL ( 1211): Creating message to get cached scan results
07-04 18:17:06.911 I/WifiHAL ( 1211): In GetCachedScanResultsCommand::handleResponse
07-04 18:17:06.925 D/WifiHAL ( 1211): Start debug command: mType GET_FEATURE
07-04 18:17:06.925 I/WifiHAL ( 1211): CreateRequest mType = GET_FEATURE
07-04 18:17:06.925 D/WifiHAL ( 1211): In DebugCommand::handleResponse, mType:GET_FEATURE
07-04 18:17:06.925 D/WifiHAL ( 1211): len = 4, expected len = 4
07-04 18:17:06.937 D/nativeloader( 6000): Configuring clns-9 for other apk /data/app/~~WO6YzmRMMdr-eeeKkcLGRQ==/com.kenleren.my_art_collection-dZEeakXYtR1XxAE31KPe0g==/base.apk. target_sdk_version=36, uses_libraries=, library_path=/data/app/~~WO6YzmRMMdr-eeeKkcLGRQ==/com.kenleren.my_art_collection-dZEeakXYtR1XxAE31KPe0g==/lib/arm64:/data/app/~~WO6YzmRMMdr-eeeKkcLGRQ==/com.kenleren.my_art_collection-dZEeakXYtR1XxAE31KPe0g==/base.apk!/lib/arm64-v8a, permitted_path=/data:/mnt/expand:/data/user/0/com.kenleren.my_art_collection
07-04 18:17:06.938 D/b/417220811(29459): invalidateLoadedTasks - previous requestLoadId: -1
07-04 18:17:06.944 V/GraphicsEnvironment( 6000): Currently set values for:
07-04 18:17:06.944 V/GraphicsEnvironment( 6000):   angle_gl_driver_selection_pkgs=[com.android.angle]
07-04 18:17:06.944 V/GraphicsEnvironment( 6000):   angle_gl_driver_selection_values=[angle]
07-04 18:17:06.944 V/GraphicsEnvironment( 6000): com.kenleren.my_art_collection is not listed in per-application setting
07-04 18:17:06.944 V/GraphicsEnvironment( 6000): No special selections for ANGLE, returning default driver choice
07-04 18:17:06.944 V/GraphicsEnvironment( 6000): Neither updatable production driver nor prerelease driver is supported.
07-04 18:17:06.956 D/BackgroundInstallControlService( 1795): Package event received: 0
07-04 18:17:06.957 D/BackgroundInstallControlService( 1795): Package event received: 0
07-04 18:17:06.959 I/DisplayManager( 6000): Choreographer implicitly registered for the refresh rate.
07-04 18:17:06.960 D/vulkan  ( 6000): searching for layers in '/data/app/~~WO6YzmRMMdr-eeeKkcLGRQ==/com.kenleren.my_art_collection-dZEeakXYtR1XxAE31KPe0g==/lib/arm64'
07-04 18:17:06.960 D/vulkan  ( 6000): searching for layers in '/data/app/~~WO6YzmRMMdr-eeeKkcLGRQ==/com.kenleren.my_art_collection-dZEeakXYtR1XxAE31KPe0g==/base.apk!/lib/arm64-v8a'
07-04 18:17:06.963 D/vulkan  ( 6000): added global layer 'VK_LAYER_KHRONOS_validation' from library '/data/app/~~WO6YzmRMMdr-eeeKkcLGRQ==/com.kenleren.my_art_collection-dZEeakXYtR1XxAE31KPe0g==/base.apk!/lib/arm64-v8a/libVkLayer_khronos_validation.so'
07-04 18:17:06.972 D/FlutterJNI( 6000): Beginning load of flutter...
07-04 18:17:06.973 I/ResourceExtractor( 6000): Found extracted resources res_timestamp-1-1783181219821
07-04 18:17:06.980 D/nativeloader( 6000): Load /data/app/~~WO6YzmRMMdr-eeeKkcLGRQ==/com.kenleren.my_art_collection-dZEeakXYtR1XxAE31KPe0g==/base.apk!/lib/arm64-v8a/libflutter.so using class loader ns clns-9 (caller=/data/app/~~WO6YzmRMMdr-eeeKkcLGRQ==/com.kenleren.my_art_collection-dZEeakXYtR1XxAE31KPe0g==/base.apk): ok
07-04 18:17:06.981 D/FlutterJNI( 6000): flutter (null) was loaded normally!
07-04 18:17:06.992 W/_art_collection( 6000): type=1400 audit(0.0:24532): avc:  denied  { read } for  name="max_map_count" dev="proc" ino=3403918 scontext=u:r:untrusted_app:s0:c70,c257,c512,c768 tcontext=u:object_r:proc_max_map_count:s0 tclass=file permissive=0 app=com.kenleren.my_art_collection
07-04 18:17:07.000 D/DesktopExperienceFlags( 6000): Toggle override initialized to: false
07-04 18:17:07.000 D/DesktopModeFlags( 6000): Toggle override initialized to: OVERRIDE_UNSET
07-04 18:17:07.012 I/flutter ( 6000): [IMPORTANT:flutter/shell/platform/android/android_context_vk_impeller.cc(62)] Using the Impeller rendering backend (Vulkan).
07-04 18:17:07.046 I/flutter ( 6000): The Dart VM service is listening on http://127.0.0.1:42639/jXO_QmhDQxI=/
07-04 18:17:07.048 W/TracingMuxer( 1142): type=1400 audit(0.0:24533): avc:  denied  { write } for  name="traced_producer" dev="tmpfs" ino=1373 scontext=u:r:hal_neuralnetworks_darwinn:s0 tcontext=u:object_r:traced_producer_socket:s0 tclass=sock_file permissive=0
07-04 18:17:07.128 D/nativeloader( 6000): Load /data/app/~~WO6YzmRMMdr-eeeKkcLGRQ==/com.kenleren.my_art_collection-dZEeakXYtR1XxAE31KPe0g==/base.apk!/lib/arm64-v8a/libdartjni.so using class loader ns clns-9 (caller=/data/app/~~WO6YzmRMMdr-eeeKkcLGRQ==/com.kenleren.my_art_collection-dZEeakXYtR1XxAE31KPe0g==/base.apk!classes6.dex): ok
07-04 18:17:07.135 I/pixel-thermal( 1688): VIRTUAL-SKIN-HINT:33.2913 raw data: VIRTUAL-SKIN:33291.3 VIRTUAL-SKIN-HINT:33291.3 
07-04 18:17:07.135 I/pixel-thermal( 1688): cellular-emergency:33.2913 raw data: cellular-emergency:33291.3 
07-04 18:17:07.135 I/pixel-thermal( 1688): BG-TASKS-THROTTLING-HINT:0 raw data: BG-TASKS-THROTTLING-EXP-PROPERTY:0 BG-TASKS-THROTTLING-HINT:0 BG_TASKS_THROTTLING_COUNT:1 IS_BG_TASKS_THROTTLING_ACTIVE:0 IS_CHARGING:1 VIRTUAL-SKIN:33291.3 thb_hda:54 
07-04 18:17:07.135 I/pixel-thermal( 1688): disp0_therm:31.813 raw data: disp0_therm:31813 
07-04 18:17:07.135 I/pixel-thermal( 1688): VIRTUAL-SKIN-CPU-LIGHT-ODPM:33.2913 raw data: VIRTUAL-SKIN:33291.3 VIRTUAL-SKIN-CPU-LIGHT-ODPM:33291.3 
07-04 18:17:07.135 I/pixel-thermal( 1688): VIRTUAL-SKIN-CPU-MID:33.2913 raw data: VIRTUAL-SKIN:33291.3 VIRTUAL-SKIN-CPU-MID:33291.3 
07-04 18:17:07.135 I/pixel-thermal( 1688): VIRTUAL-SKIN:33.2913 raw data: VIRTUAL-SKIN:33291.3 
07-04 18:17:07.135 I/pixel-thermal( 1688): VIRTUAL-SKIN-SPEAKER:33.6741 raw data: VIRTUAL-SKIN-SPEAKER:33674.1 
07-04 18:17:07.135 I/pixel-thermal( 1688): VIRTUAL-SKIN-CPU-HIGH:33.2913 raw data: VIRTUAL-SKIN:33291.3 VIRTUAL-SKIN-CPU-HIGH:33291.3 
07-04 18:17:07.135 I/pixel-thermal( 1688): VIRTUAL-SKIN-SOC:33.2913 raw data: VIRTUAL-SKIN:33291.3 VIRTUAL-SKIN-SOC:33291.3 
07-04 18:17:07.135 I/pixel-thermal( 1688): VIRTUAL-SKIN-CPU-ODPM:33.2913 raw data: VIRTUAL-SKIN:33291.3 VIRTUAL-SKIN-CPU-ODPM:33291.3 
07-04 18:17:07.135 I/pixel-thermal( 1688): VIRTUAL-SKIN-CHARGE-WIRED:33.7913 raw data: VIRTUAL-SKIN-CHARGE-WIRED:33791.3 
07-04 18:17:07.135 I/pixel-thermal( 1688): VIRTUAL-SKIN-PREDICTION-MODEL: model_input: [33880.00 32783.00 36543.00 34692.00 36118.00 31813.00 31658.00 35535.00 33291.34 ]
07-04 18:17:07.135 I/native  ( 1688): I0000 00:00:1783181827.135910    1710 thermal_tflite_wrapper.cc:261] ThermalTfliteInvoke
07-04 18:17:07.136 I/pixel-thermal( 1688): VIRTUAL-SKIN-PREDICTION-MODEL: model_output: [33368.2 33396.7 33420.2 33449.3 33487.6 33526.3 33568.1 33616.9 33664.1 33706.7 ]
07-04 18:17:07.136 I/pixel-thermal( 1688): VIRTUAL-SKIN-PREDICTION-MODEL: predicted_value: [33368.2 33396.7 33420.2 33449.3 33487.6 33526.3 33568.1 33616.9 33664.1 33706.7 ]
07-04 18:17:07.136 I/pixel-thermal( 1688): STATS-UPDATOR:0 raw data: EXTREME-CONDITION-POWER-MONITOR-44C:0 EXTREME-CONDITION-POWER-MONITOR-45C:0 EXTREME-CONDITION-POWER-MONITOR-46C:0 EXTREME_WORKLOAD_ODPM:927.065 STATS-UPDATOR:0 VIRTUAL-SKIN:33291.3 VIRTUAL-SKIN-44C:0 VIRTUAL-SKIN-45C:0 VIRTUAL-SKIN-46C:0 VIRTUAL-SKIN-PREDICTION-MODEL:33368.2 VT-FORECAST-30SEC-BACK:33458.6 VT-FORECAST-60SEC-BACK:33766.6 VT-FORECAST-ERROR-30SEC:167.281 VT-FORECAST-ERROR-60SEC:475.238 VT-FORECAST-ERROR-NOW:226.77 VT-FORECAST-NOW:33518.1 charging_therm:36118 disp0_therm:31813 flash_therm:32783 north_therm:33880 quiet_therm:35535 rfpa_therm:34692 soc_therm:36543 usb_pwr_therm:31658 
07-04 18:17:07.136 I/pixel-thermal( 1688): VIRTUAL-SKIN-CHARGE-PERSIST:33.7913 raw data: VIRTUAL-SKIN-CHARGE-PERSIST:33791.3 
07-04 18:17:07.136 I/pixel-thermal( 1688): EARLY-WARNING-SENSOR:0 raw data: EARLY-EMERGENCY-WARNING-SENSOR:0 EARLY-SHUTDOWN-WARNING-SENSOR:0 EARLY-WARNING-SENSOR:0 VIRTUAL-SKIN-PREDICTION-MODEL:33368.2 VT-FORECAST-30SEC:33694.8 VT-FORECAST-60SEC:33688.4 
07-04 18:17:07.145 I/_art_collection( 6000): hiddenapi: Accessing hidden method Landroid/view/accessibility/AccessibilityNodeInfo;->getSourceNodeId()J (runtime_flags=0, domain=platform, api=unsupported,test-api) from Lio/flutter/view/AccessibilityViewEmbedder$ReflectionAccessors; (domain=app, TargetSdkVersion=36) using reflection: allowed
07-04 18:17:07.145 I/_art_collection( 6000): hiddenapi: Accessing hidden method Landroid/view/accessibility/AccessibilityRecord;->getSourceNodeId()J (runtime_flags=0, domain=platform, api=unsupported) from Lio/flutter/view/AccessibilityViewEmbedder$ReflectionAccessors; (domain=app, TargetSdkVersion=36) using reflection: allowed
07-04 18:17:07.145 I/_art_collection( 6000): hiddenapi: Accessing hidden field Landroid/view/accessibility/AccessibilityNodeInfo;->mChildNodeIds:Landroid/util/LongArray; (runtime_flags=0, domain=platform, api=unsupported) from Lio/flutter/view/AccessibilityViewEmbedder$ReflectionAccessors; (domain=app, TargetSdkVersion=36) using reflection: allowed
07-04 18:17:07.145 I/_art_collection( 6000): hiddenapi: Accessing hidden method Landroid/util/LongArray;->get(I)J (runtime_flags=0, domain=platform, api=unsupported) from Lio/flutter/view/AccessibilityViewEmbedder$ReflectionAccessors; (domain=app, TargetSdkVersion=36) using reflection: allowed
07-04 18:17:07.147 V/WindowManagerShell( 2967): Transition animation finished (aborted=false), notifying core (#1759) android.os.BinderProxy@89516a5@0
07-04 18:17:07.148 V/WindowManager( 1795): Finish Transition (#1759): created at 07-04 18:17:06.821 collect-started=0.14ms request-sent=9.227ms started=12.857ms ready=34.394ms sent=35.329ms commit=7.61ms finished=326.868ms
07-04 18:17:07.149 D/VRI[NexusLauncherActivity](29459): visibilityChanged oldVisibility=true newVisibility=false
07-04 18:17:07.149 D/WallpaperService( 2967): onVisibilityChanged(false): com.android.systemui.wallpapers.ImageWallpaper$CanvasEngine@b51968d
07-04 18:17:07.149 V/WindowManagerShell( 2967): Track 0 became idle
07-04 18:17:07.149 V/WindowManagerShell( 2967): All active transition animations finished
07-04 18:17:07.155 D/NexusLauncherModelDelegate(29459): notifySmartspaceEvent: SmartspaceTargetEvent{mSmartspaceTarget=null, mSmartspaceActionId='null', mEventType=7}
07-04 18:17:07.156 D/Bubbles ( 2967): BubbleData.onLocusVisibilityChanged() locusId=Overview|DISABLED visible=false taskId=1
07-04 18:17:07.157 I/DisplayDeviceRepository( 1795): Display device changed render timings: "Built-in Screen", renderFrameRate=120.00001, presentationDeadlineNanos=11500000, appVsyncOffsetNanos=6233332, frameRateOverrides=[{uid=10270 frameRateHz=120.00001}]
07-04 18:17:07.158 I/AiAiEcho( 5158): (REDACTED) %s No tracked ambient data found for ID: %s; for event type: %d, skipping event processing.
07-04 18:17:07.164 D/FlutterRenderer( 6000): Width is zero. 0,0
07-04 18:17:07.167 D/CompatChangeReporter( 6000): Compat change id reported: 377864165; UID 10326; state: ENABLED
07-04 18:17:07.170 I/ContentCaptureHelper( 6000): Setting logging level to OFF
07-04 18:17:07.245 I/DisplayDeviceRepository( 1795): Display device changed render timings: "Built-in Screen", renderFrameRate=120.00001, presentationDeadlineNanos=11500000, appVsyncOffsetNanos=6233332, frameRateOverrides=[{uid=10253 frameRateHz=60.000004}, {uid=10270 frameRateHz=120.00001}]
07-04 18:17:07.329 D/WindowOnBackDispatcher( 6000): setTopOnBackInvokedCallback (unwrapped): android.app.Activity$$ExternalSyntheticLambda0@661ae09
07-04 18:17:07.329 D/CoreBackPreview( 1795): Window{798cd6f u0 com.kenleren.my_art_collection/com.kenleren.my_art_collection.MainActivity}: Setting back callback OnBackInvokedCallbackInfo{mCallback=android.window.IOnBackInvokedCallback$Stub$Proxy@ea9c268, mPriority=-1, mIsAnimationCallback=false, mOverrideBehavior=0}
07-04 18:17:07.332 I/WindowExtensionsImpl( 6000): Initializing Window Extensions, vendor API level=9, activity embedding enabled=true
07-04 18:17:07.342 D/VRI[MainActivity]( 6000): WindowInsets changed: 1080x2404 statusBars:[0,161,0,0] navigationBars:[0,0,0,59] mandatorySystemGestures:[0,190,0,78] 
07-04 18:17:07.343 D/FlutterRenderer( 6000): Width is zero. 0,0
07-04 18:17:07.347 D/FlutterRenderer( 6000): Width is zero. 0,0
07-04 18:17:07.347 D/FlutterJNI( 6000): Sending viewport metrics to the engine.
07-04 18:17:07.348 I/_art_collection( 6000): Compiler allocated 5127KB to compile void android.view.ViewRootImpl.performTraversals()
07-04 18:17:07.352 E/pixel-gralloc(  489): Block GPU does not support format R10G10B10A10
07-04 18:17:07.353 E/pixel-gralloc(  489): Block GPU does not support format R10G10B10A10
07-04 18:17:07.858 D/WindowLayoutComponentImpl( 6000): Register WindowLayoutInfoListener on Context=com.kenleren.my_art_collection.MainActivity@eabba47, of which baseContext=android.app.ContextImpl@a286688
07-04 18:17:07.859 I/Choreographer( 6000): Skipped 55 frames!  The application may be doing too much work on its main thread.
07-04 18:17:07.926 D/FlutterJNI( 6000): Sending viewport metrics to the engine.
07-04 18:17:07.946 I/ActivityTaskManager( 1795): Displayed com.kenleren.my_art_collection/.MainActivity for user 0: +1s128ms
07-04 18:17:07.946 I/ActivityTaskManager( 1795): Fully drawn com.kenleren.my_art_collection/.MainActivity: +1s128ms
07-04 18:17:07.947 W/libbinder.Binder( 1795): Binder transaction to android.app.IActivityManager code 1598246212 took 1391ms. Data bytes: 280 Reply bytes: 4 Flags: 16
07-04 18:17:07.947 D/BaseActivity(29459): Launcher flags updated: [] -[state_started]
07-04 18:17:07.947 D/BaseDepthController(29459): setSurface:
07-04 18:17:07.947 D/BaseDepthController(29459): 	mWaitingOnSurfaceValidity: false
07-04 18:17:07.947 D/BaseDepthController(29459): 	mBaseSurface: null
07-04 18:17:07.947 D/BaseDepthController(29459): mSurface is null and mCurrentBlur is: 0
07-04 18:17:07.947 D/LauncherStateManager(29459): StateManager.goToState: fromState: Normal, toState: Normal, partial trace:
07-04 18:17:07.947 D/LauncherStateManager(29459): 	at com.android.launcher3.statemanager.StateManager.moveToRestState(go/retraceme a3aa3d8f7866df086447e2750ed709a512c413217e6fe376491357f4c486d1d6:27)
07-04 18:17:07.947 D/LauncherStateManager(29459): 	at com.android.launcher3.statemanager.StateManager.moveToRestState(go/retraceme a3aa3d8f7866df086447e2750ed709a512c413217e6fe376491357f4c486d1d6:36)
07-04 18:17:07.947 D/LauncherStateManager(29459): 	at com.android.launcher3.statemanager.StatefulActivity.onStop(go/retraceme a3aa3d8f7866df086447e2750ed709a512c413217e6fe376491357f4c486d1d6:32)
07-04 18:17:07.947 D/LauncherStateManager(29459): StateManager.onRepeatStateSetAborted: state: Normal
07-04 18:17:07.947 D/KeyboardStateManager(29459): hideKeyboard
07-04 18:17:07.947 D/KeyboardStateManager(29459): isImeShown: false
07-04 18:17:07.947 D/StatsLog(29459): LAUNCHER_ONSTOP
07-04 18:17:07.947 D/GmsPlayProvider(29459): Shutdown the binder channel gracefully.
07-04 18:17:07.947 D/GmsPlayProvider(29459): Binder channel is terminated gracefully.
07-04 18:17:07.948 D/StatsLog(29459): LAUNCHER_GOOGLE_SEARCH_RESTORE_LIST_SIZE_AFTER_ACTIVITY_RESTART
07-04 18:17:07.954 I/DisplayDeviceRepository( 1795): Display device changed render timings: "Built-in Screen", renderFrameRate=120.00001, presentationDeadlineNanos=11500000, appVsyncOffsetNanos=6233332, frameRateOverrides=[{uid=10253 frameRateHz=120.00001}, {uid=10270 frameRateHz=120.00001}, {uid=10326 frameRateHz=120.00001}]
07-04 18:17:07.955 D/BackgroundInstallControlService( 1795): Package event received: 0
07-04 18:17:07.963 I/ImeTracker( 1795): com.kenleren.my_art_collection:feb0132f: onRequestHide at ORIGIN_SERVER reason HIDE_UNSPECIFIED_WINDOW fromUser false userId 0 displayId 0
07-04 18:17:07.964 D/InsetsController( 6000): hide(ime())
07-04 18:17:07.964 I/ImeTracker( 6000): com.kenleren.my_art_collection:feb0132f: onCancelled at PHASE_CLIENT_ALREADY_HIDDEN
07-04 18:17:07.966 I/GoogleInputMethodService( 4955): GoogleInputMethodService.onFinishInput():2276 
07-04 18:17:07.966 I/ImeTracker( 1795): system_server:42f0e056: onRequestHide at ORIGIN_SERVER reason IME_REQUESTED_CHANGED_LISTENER fromUser false displayId 0
07-04 18:17:07.967 I/Module  ( 4955): DeviceLockedStatusModuleProvider$Module.updateDeviceLockedStatusInternal():129 repeatCheckTimes = 0, locked = false
07-04 18:17:07.967 I/ImeTracker( 1795): system_server:42f0e056: onCancelled at PHASE_SERVER_SHOULD_HIDE
07-04 18:17:07.967 I/GoogleInputMethodService( 4955): GoogleInputMethodService.onStartInput():1460 onStartInput(EditorInfo{EditorInfo{packageName=com.kenleren.my_art_collection, inputType=0, inputTypeString=NULL, enableLearning=false, autoCorrection=false, autoComplete=false, imeOptions=0, privateImeOptions=null, actionName=UNSPECIFIED, actionLabel=null, initialSelStart=-1, initialSelEnd=-1, initialCapsMode=0, label=null, fieldId=0, fieldName=null, extras=null, hintText=null, hintLocales=[]}}, false)
07-04 18:17:07.967 I/LatinIMEBase( 4955): LatinIMEBase.updateInputViewCoverNavigation():317 Update input view padding, isNavbarOverInputWindow=true, bottom inset=117
07-04 18:17:07.968 I/Module  ( 4955): DeviceLockedStatusModuleProvider$Module.updateDeviceLockedStatusInternal():129 repeatCheckTimes = 1, locked = false
07-04 18:17:07.970 I/DynamicLanguageSetterModule( 4955): DynamicLanguageSetterModule.createTemporaryEnableTask():503 Enable temporary entries: [de-DE], and current entry: null
07-04 18:17:07.970 I/InputMethodEntryManager( 4955): InputMethodEntryManager.enableLanguagesAndChangeCurrentTemporarily():1943 enabledLanguages: [de-Latn-DE], specifiedCurrentLanguage null
07-04 18:17:07.975 I/InputMethodEntryManager( 4955): InputMethodEntryManager.enableInputMethodEntriesTemporarily():2169 temporarilyEnabledEntryTuples [LanguageTagVariantTuple{languageTag=de-DE, variant=qwertz}]
07-04 18:17:07.975 V/Configuration( 4955): Updating configuration, locales updated from [en_NO,nb_NO] to [de_DE]
07-04 18:17:07.977 I/KeyboardContextProvider( 4955): KeyboardContextProvider$KeyboardContextCache.createKeyboardContext():173 createKeyboardContext(): de-DE, mqn@daeb228(com.android.inputmethod.latin.LatinIME@e5e5c8e), {1.0 242mcc2mnc [de_DE] ldltr sw443dp w443dp h986dp 390dpi nrml long compactNeeded hdr widecg port night finger -keyb/v/h -nav/h winConfig={ mBounds=Rect(0, 0 - 1080, 2404) mAppBounds=Rect(0, 0 - 1080, 2404) mMaxBounds=Rect(0, 0 - 1080, 2404) mDisplayRotation=ROTATION_0 mWindowingMode=fullscreen mActivityType=undefined mAlwaysOnTop=undefined mRotation=ROTATION_0} s.11 fontWeightAdjustment=0}
07-04 18:17:07.984 I/InputMethodEntryManager( 4955): InputMethodEntryManager.enableLanguagesAndChangeCurrentTemporarily():1979 Update temporary current entry(de-DE, qwertz)
07-04 18:17:07.984 I/InputMethodEntryManager( 4955): InputMethodEntryManager.changeCurrentInputMethodEntry():3120 Set current input method entry: source=UNSPECIFIED, entryChanged=true, enablePersist=false, nyk{languageTag=de-DE, variant=qwertz, hasLocalizedResources=true, conditionCacheKey=_android_software_xr_api_spatial=false_app_first_start_timestamp=1751424294780_device=phone_device_size=default_enable_free_cursor_by_long_press_space=true_enable_number_row=false_enable_number_row_in_password=true_enable_pk_simulator=false_enable_pk_simulator_setting=false_enable_scrub_move=true_enable_secondary_digits=true_enable_secondary_symbols=false_expressions=normal_four_or_more_letter_rows=false_free_cursor=false_keyboard_font_size_setting=_keyboard_mode=normal_language=de-DE_layout_9key_split=false_orientation=portrait_physical_keyboard=nokeys_pk_simulator_vk_ready=false_pref_enable_flick_symbols=false_rtl_layout=false_show_comma_key=true_show_period_key=true_show_secondary_digits=true_show_suggestion_strip=true_show_suggestions=true_split_with_duplicate_keys=true_true=true_variant=qwertz_writing_helper_enable_by_word_revert=true, imeDef.stringId=ime_german, imeDef.className=com.google.android.apps.inputmethod.libs.edittracker.EditTrackingImeWrapper, imeDef.languageTag=de}
07-04 18:17:07.984 I/InputMethodEntryManager( 4955): InputMethodEntryManager.loadAdditionalImeDefsForCurrentEntry():3153 loadAdditionalImeDefsForCurrentEntry(): nyk{languageTag=de-DE, variant=qwertz, hasLocalizedResources=true, conditionCacheKey=_android_software_xr_api_spatial=false_app_first_start_timestamp=1751424294780_device=phone_device_size=default_enable_free_cursor_by_long_press_space=true_enable_number_row=false_enable_number_row_in_password=true_enable_pk_simulator=false_enable_pk_simulator_setting=false_enable_scrub_move=true_enable_secondary_digits=true_enable_secondary_symbols=false_expressions=normal_four_or_more_letter_rows=false_free_cursor=false_keyboard_font_size_setting=_keyboard_mode=normal_language=de-DE_layout_9key_split=false_orientation=portrait_physical_keyboard=nokeys_pk_simulator_vk_ready=false_pref_enable_flick_symbols=false_rtl_layout=false_show_comma_key=true_show_period_key=true_show_secondary_digits=true_show_suggestion_strip=true_show_suggestions=true_split_with_duplicate_keys=true_true=true_variant=qwertz_writing_helper_enable_by_word_revert=true, imeDef.stringId=ime_german, imeDef.className=com.google.android.apps.inputmethod.libs.edittracker.EditTrackingImeWrapper, imeDef.languageTag=de}
07-04 18:17:07.984 I/LatinImeEntryActivation( 4955): LatinImeActivationContentObserver.activeLanguagesHaveChanged():70 Active entries changed: [en-US, nb] -> {de, nb, en-US}
07-04 18:17:07.984 I/AdditionalImeDefCache( 4955): AdditionalImeDefCache.loadAdditionalImeDefsForEntry():149 Start loading additional ime defs for entry: nyk{languageTag=de-DE, variant=qwertz, hasLocalizedResources=true, conditionCacheKey=_android_software_xr_api_spatial=false_app_first_start_timestamp=1751424294780_device=phone_device_size=default_enable_free_cursor_by_long_press_space=true_enable_number_row=false_enable_number_row_in_password=true_enable_pk_simulator=false_enable_pk_simulator_setting=false_enable_scrub_move=true_enable_secondary_digits=true_enable_secondary_symbols=false_expressions=normal_four_or_more_letter_rows=false_free_cursor=false_keyboard_font_size_setting=_keyboard_mode=normal_language=de-DE_layout_9key_split=false_orientation=portrait_physical_keyboard=nokeys_pk_simulator_vk_ready=false_pref_enable_flick_symbols=false_rtl_layout=false_show_comma_key=true_show_period_key=true_show_secondary_digits=true_show_suggestion_strip=true_show_suggestions=true_split_with_duplicate_keys=true_true=true_variant=qwertz_writing_helper_enable_by_word_revert=true, imeDef.stringId=ime_german, imeDef.className=com.google.android.apps.inputmethod.libs.edittracker.EditTrackingImeWrapper, imeDef.languageTag=de}
07-04 18:17:07.985 W/ModuleManager( 4955): ModuleManager.loadModule():634 Module qtw is not available
07-04 18:17:07.986 I/SuperDelight( 4955): SuperDelightManager.initializeBundledDelightSuperpacks():371 initializeBundledDelightSuperpacks()
07-04 18:17:07.986 I/LmManager( 4955): LmManager.asyncUpdateEnabledLanguageModels():98 asyncUpdateEnabledLanguageModels()
07-04 18:17:07.986 I/SuperDelight( 4955): SuperDelightManager.initializeOverridesSuperpacks():397 initializeOverridesSuperpacks()
07-04 18:17:07.987 I/SP      ( 4955): Registering emoticon_content_description.2022081613, url: https://www.gstatic.com/android/keyboard/emoticon_content_desc/202208161305/superpacks_manifest.json, constraints: W:*:*:*, flags: bg, requested: 2022081613, current: 2022081613
07-04 18:17:07.987 I/SuperDelight( 4955): SuperDelightManager.syncOverridesLanguageModels():646 SuperDelightManager#syncOverridesLanguageModels(): Superpack delight_overrides not found or negative version provided
07-04 18:17:07.987 I/AiAiEcho( 5158): (REDACTED) Settings changed for uri: %s
07-04 18:17:07.987 I/DelightKLPDownloader( 4955): DelightKLPDownloader.downloadKLPInternal():203 downloading KLP for en_US
07-04 18:17:07.987 I/DelightKLPDownloader( 4955): DelightKLPDownloader.downloadKLPInternal():203 downloading KLP for en_US
07-04 18:17:07.987 I/AiAiEcho( 5158): (REDACTED) Predicting[%d]: %s
07-04 18:17:07.988 I/DelightKLPDownloader( 4955): DelightKLPDownloader.downloadKLPInternal():203 downloading KLP for nb
07-04 18:17:07.988 I/DelightKLPDownloader( 4955): DelightKLPDownloader.downloadKLPInternal():203 downloading KLP for nb
07-04 18:17:07.988 I/AiAiEcho( 5158): (REDACTED) EchoTargets: %s
07-04 18:17:07.988 I/AiAiEcho( 5158): Filtered by AiAi flag check: %s
07-04 18:17:07.988 I/AiAiEcho( 5158): #remoteViewsTwiddler: feature disabled.
07-04 18:17:07.988 I/DebugExecutorService( 4955): execute() called with Runnable: jxf@a4e6488
07-04 18:17:07.988 I/DebugExecutorService( 4955): jxf@a4e6488 finished on thread
07-04 18:17:07.988 I/AiAiEcho( 5158): (REDACTED) Predicting[%d]: %s
07-04 18:17:07.988 I/DebugExecutorService( 4955): execute() called with Runnable: hta@8ad1c07
07-04 18:17:07.988 I/DebugExecutorService( 4955): hta@8ad1c07 finished on thread
07-04 18:17:07.988 I/CrossProfileSender( 4955): tryMakeAsyncCalls
07-04 18:17:07.988 I/DebugExecutorService( 4955): execute() called with Runnable: jnd@26cb5d
07-04 18:17:07.988 I/DebugExecutorService( 4955): jnd@26cb5d finished on thread
07-04 18:17:07.988 I/CrossProfileSender( 4955): Attempting to bind
07-04 18:17:07.988 I/AiAiEcho( 5158): (REDACTED) EchoTargets: %s
07-04 18:17:07.988 I/AiAiEcho( 5158): Filtered by AiAi flag check: %s
07-04 18:17:07.989 I/AiAiEcho( 5158): (REDACTED) #weatherSubItemsTwiddler: Weather removes SubtitleSupplementalItem in surface: %s
07-04 18:17:07.989 I/AiAiEcho( 5158): #remoteViewsTwiddler: feature disabled.
07-04 18:17:07.989 I/DelightKLPDownloader( 4955): DelightKLPDownloader.downloadKLPInternal():203 downloading KLP for de_DE
07-04 18:17:07.989 I/AiAiEcho( 5158): (REDACTED) Predicting[%d]: %s
07-04 18:17:07.989 I/AiAiEcho( 5158): (REDACTED) EchoTargets: %s
07-04 18:17:07.989 I/AiAiEcho( 5158): Filtered by AiAi flag check: %s
07-04 18:17:07.990 I/SP      ( 4955): Registering spell_checker.2023080700, url: https://www.gstatic.com/android/keyboard/spell_checker/prod/2023080700/metadata_cpu_2023080700.json, constraints: m:*:*:*, flags: bg, requested: 2023080700, current: 2023080700
07-04 18:17:07.990 I/AiAiEcho( 5158): (REDACTED) #weatherSubItemsTwiddler: Weather removes SubtitleSupplementalItem in surface: %s
07-04 18:17:07.990 I/AiAiSmartspace( 5158): #weatherSecondaryCardTwiddler: don't change weather for the dream surface
07-04 18:17:07.990 I/AiAiEcho( 5158): #remoteViewsTwiddler: feature disabled.
07-04 18:17:07.989 I/DelightKLPDownloader( 4955): DelightKLPDownloader.downloadKLPInternal():203 downloading KLP for de_DE
07-04 18:17:07.990 I/AiAiEcho( 5158): (REDACTED) Predicting[%d]: %s
07-04 18:17:07.990 I/AiAiEcho( 5158): (REDACTED) EchoTargets: %s
07-04 18:17:07.990 I/AiAiEcho( 5158): Filtered by AiAi flag check: %s
07-04 18:17:07.990 I/AiAiEcho( 5158): (REDACTED) #weatherSubItemsTwiddler: Weather removes SubtitleSupplementalItem in surface: %s
07-04 18:17:07.990 I/AiAiEcho( 5158): #remoteViewsTwiddler: feature disabled.
