07-04 18:17:34.225 I/DisplayDeviceRepository( 1795): Display device changed render timings: "Built-in Screen", renderFrameRate=120.00001, presentationDeadlineNanos=11500000, appVsyncOffsetNanos=6233332, frameRateOverrides=[{uid=10270 frameRateHz=60.000004}]
07-04 18:17:34.762 D/ActivityManager( 1795): freezing 18798 com.google.android.gms
07-04 18:17:34.800 I/WifiHAL ( 1211): Creating message to get link statistics; iface = 47
07-04 18:17:34.809 W/libbinder.IPCThreadState( 1795): Sending oneway calls to frozen process.
07-04 18:17:34.809 W/libbinder.IPCThreadState( 1795): Sending oneway calls to frozen process.
07-04 18:17:34.875 W/libbinder.IPCThreadState( 1795): Sending oneway calls to frozen process.
07-04 18:17:34.875 I/WifiHAL ( 1211): Getting cached scan results, iface handle = 0xb40000708bfa0950
07-04 18:17:34.875 E/WifiHAL ( 1211): Creating message to get cached scan results
07-04 18:17:34.879 I/WifiHAL ( 1211): In GetCachedScanResultsCommand::handleResponse
07-04 18:17:34.904 D/WifiHAL ( 1211): Start debug command: mType GET_FEATURE
07-04 18:17:34.905 I/WifiHAL ( 1211): CreateRequest mType = GET_FEATURE
07-04 18:17:34.905 D/WifiHAL ( 1211): In DebugCommand::handleResponse, mType:GET_FEATURE
07-04 18:17:34.905 D/WifiHAL ( 1211): len = 4, expected len = 4
07-04 18:17:34.934 I/adbd    ( 2198): adbd service requested 'shell,v2,TERM=dumb,raw:input swipe 540 2180 540 300 800'
07-04 18:17:34.983 I/DisplayDeviceRepository( 1795): Display device changed render timings: "Built-in Screen", renderFrameRate=120.00001, presentationDeadlineNanos=11500000, appVsyncOffsetNanos=6233332, frameRateOverrides=[]
07-04 18:17:35.263 I/pixel-thermal( 1688): VIRTUAL-SKIN-HINT:33.5722 raw data: VIRTUAL-SKIN:33572.2 VIRTUAL-SKIN-HINT:33572.2 
07-04 18:17:35.264 I/pixel-thermal( 1688): cellular-emergency:33.5722 raw data: VIRTUAL-SKIN:33572.2 cellular-emergency:33572.2 
07-04 18:17:35.266 I/pixel-thermal( 1688): BG-TASKS-THROTTLING-HINT:0 raw data: BG-TASKS-THROTTLING-EXP-PROPERTY:0 BG-TASKS-THROTTLING-HINT:0 BG_TASKS_THROTTLING_COUNT:1 IS_BG_TASKS_THROTTLING_ACTIVE:0 IS_CHARGING:1 VIRTUAL-SKIN:33572.2 thb_hda:54 
07-04 18:17:35.266 I/pixel-thermal( 1688): disp0_therm:31.95 raw data: disp0_therm:31950 
07-04 18:17:35.267 I/pixel-thermal( 1688): VIRTUAL-SKIN-CPU-LIGHT-ODPM:33.5722 raw data: VIRTUAL-SKIN:33572.2 VIRTUAL-SKIN-CPU-LIGHT-ODPM:33572.2 
07-04 18:17:35.267 I/pixel-thermal( 1688): VIRTUAL-SKIN-CPU-MID:33.5722 raw data: VIRTUAL-SKIN:33572.2 VIRTUAL-SKIN-CPU-MID:33572.2 
07-04 18:17:35.268 I/pixel-thermal( 1688): VIRTUAL-SKIN:33.5722 raw data: VIRTUAL-SKIN:33572.2 
07-04 18:17:35.268 I/pixel-thermal( 1688): VIRTUAL-SKIN-SPEAKER:33.846 raw data: VIRTUAL-SKIN-SPEAKER:33846 VIRTUAL-SKIN-SPEAKER-SUB-0:32846 VIRTUAL-SKIN-SPEAKER-SUB-1:32843.9 charging_therm:37056 disp0_therm:31950 flash_therm:32838 north_therm:34612 quiet_therm:36272 rfpa_therm:35180 soc_therm:38059 usb_pwr_therm:31735 
07-04 18:17:35.268 I/pixel-thermal( 1688): VIRTUAL-SKIN-CPU-HIGH:33.5722 raw data: VIRTUAL-SKIN:33572.2 VIRTUAL-SKIN-CPU-HIGH:33572.2 
07-04 18:17:35.269 I/pixel-thermal( 1688): VIRTUAL-SKIN-SOC:33.5722 raw data: VIRTUAL-SKIN:33572.2 VIRTUAL-SKIN-SOC:33572.2 
07-04 18:17:35.269 I/pixel-thermal( 1688): VIRTUAL-SKIN-CPU-ODPM:33.5722 raw data: VIRTUAL-SKIN:33572.2 VIRTUAL-SKIN-CPU-ODPM:33572.2 
07-04 18:17:35.269 I/pixel-thermal( 1688): VIRTUAL-SKIN-CHARGE-WIRED:34.0722 raw data: NO_WLC:1 VIRTUAL-SKIN-CHARGE:34072.2 VIRTUAL-SKIN-CHARGE-WIRED:34072.2 VIRTUAL-SKIN-EQ:33572.2 WLC_CHECK:1 thb_hda:54 
07-04 18:17:35.269 I/pixel-thermal( 1688): VIRTUAL-SKIN-CHARGE-WIRED power_budget=3710 err=3.92785 s_power=2493 time_elapsed_ms=7028 p=1194.06 i=585.249 d=-0 dt_per_min=-0.00515262 compensation=0 budget transient=0 control target=2 excluded power budget=174.647 (PARTIAL_SYSTEM_POWER: 1455.40 mW, cdev_weight: 0.120000)
07-04 18:17:35.270 I/pixel-thermal( 1688): VIRTUAL-SKIN-PREDICTION-MODEL: model_input: [34612.00 32838.00 38059.00 35180.00 37056.00 31950.00 31735.00 36272.00 33572.15 ]
07-04 18:17:35.270 I/native  ( 1688): I0000 00:00:1783181855.270113    1710 thermal_tflite_wrapper.cc:261] ThermalTfliteInvoke
07-04 18:17:35.273 I/pixel-thermal( 1688): VIRTUAL-SKIN-PREDICTION-MODEL: model_output: [33784.8 33829.4 33868.3 33910.7 33961.6 34011.9 34063 34121.1 34176.1 34227.1 ]
07-04 18:17:35.274 I/pixel-thermal( 1688): VIRTUAL-SKIN-PREDICTION-MODEL: predicted_value: [33784.8 33829.4 33868.3 33910.7 33961.6 34011.9 34063 34121.1 34176.1 34227.1 ]
07-04 18:17:35.275 I/pixel-thermal( 1688): STATS-UPDATOR:0 raw data: EXTREME-CONDITION-POWER-MONITOR-44C:0 EXTREME-CONDITION-POWER-MONITOR-45C:0 EXTREME-CONDITION-POWER-MONITOR-46C:0 EXTREME_WORKLOAD_ODPM:1455.4 STATS-UPDATOR:0 VIRTUAL-SKIN:33572.2 VIRTUAL-SKIN-44C:0 VIRTUAL-SKIN-45C:0 VIRTUAL-SKIN-46C:0 VIRTUAL-SKIN-PREDICTION-MODEL:33784.8 VT-FORECAST-30SEC-BACK:33487.6 VT-FORECAST-60SEC-BACK:33635.8 VT-FORECAST-ERROR-30SEC:-84.5195 VT-FORECAST-ERROR-60SEC:63.6719 VT-FORECAST-ERROR-NOW:212.691 VT-FORECAST-NOW:33784.8 charging_therm:37056 disp0_therm:31950 flash_therm:32838 north_therm:34612 quiet_therm:36272 rfpa_therm:35180 soc_therm:38059 usb_pwr_therm:31735 
07-04 18:17:35.276 I/pixel-thermal( 1688): VIRTUAL-SKIN-CHARGE-PERSIST:34.0722 raw data: VIRTUAL-SKIN-CHARGE:34072.2 VIRTUAL-SKIN-CHARGE-PERSIST:34072.2 
07-04 18:17:35.276 I/pixel-thermal( 1688): EARLY-WARNING-SENSOR:0 raw data: EARLY-EMERGENCY-WARNING-SENSOR:0 EARLY-SHUTDOWN-WARNING-SENSOR:0 EARLY-WARNING-SENSOR:0 VIRTUAL-SKIN-PREDICTION-MODEL:33784.8 VT-FORECAST-30SEC:33976 VT-FORECAST-60SEC:34205.3 
07-04 18:17:35.277 I/pixel-thermal( 1688): Successfully update cdev chg_mdis sysfs to 0
07-04 18:17:35.330 D/DLObserver( 2967): onReceive(); android.intent.action.BATTERY_CHANGED
07-04 18:17:35.331 D/DLObserver( 2967): plugged=1
07-04 18:17:35.334 D/SystemEventDataSource( 2967): onReceive: intentAction
07-04 18:17:35.336 D/PowerNotificationWarningsGoogleImpl( 2967): onReceive: android.intent.action.BATTERY_CHANGED
07-04 18:17:35.336 D/PulsarController( 2967): dispatchIntent: android.intent.action.BATTERY_CHANGED
07-04 18:17:35.336 D/IncompatibleChargerNotification( 2967): dispatchIntent: android.intent.action.BATTERY_CHANGED
07-04 18:17:35.336 D/ChargeLimitDiscoveryNotification( 2967): isPluggedIn = true
07-04 18:17:35.338 D/GoogleBatteryDataSource( 2967): fetchDwellDefendStatus: CONNECTED
07-04 18:17:35.339 D/GoogleBatteryDataSource( 2967): fetchTempDefendStatus: t_sum=0, time_sum=0 t_avg=0 lst_v=0 lst_t=0 lst_u=0, dt=100467, t=0 e=0
07-04 18:17:35.339 D/PowerUI ( 2967): can't show warning due to - plugged: true status unknown: false
07-04 18:17:35.339 D/SystemEventDataSource( 2967): updatedEventData: SystemEventData(intentAction=android.intent.action.BATTERY_CHANGED, plugged=EventData(value=1), batteryScale=EventData(value=100), batteryLevel=EventData(value=80), chargingStatus=EventData(value=4), maxChargingCurrent=EventData(value=3000000), maxChargingVoltage=EventData(value=5000000), batteryStatus=EventData(value=2), halEventData=HalEventData(dockDefendStatus=EventData(value=-3), tempDefendEventData=EventData(value=false), dwellDefendEventData=EventData(value=false)), settingsEventData=SettingsEventData(dockDefenderBypass=EventData(value=0), chargingLimitSettings=EventData(value=1), dndState=EventData(value=false), airplaneState=EventData(value=false)), frameworkApiEventData=FrameworkApiEventData(batterySaverState=EventData(value=false), extremeBatterySaverState=EventData(value=false)))
07-04 18:17:35.339 D/DwellDefendBatteryModule( 2967): validate: false -> false
07-04 18:17:35.339 D/TempDefendBatteryModule( 2967): validate: false -> false
07-04 18:17:35.844 I/NearbyPresence(23012): (REDACTED) %s: Charging state changed: %b
07-04 18:17:35.856 I/NearbyPresence(22422): (REDACTED) %s: Charging state changed: %b
07-04 18:17:35.858 I/NearbyPresence(22422): (REDACTED) %s verified [==] new request %s equals to the old request
07-04 18:17:35.859 I/NearbyPresence(22422): (REDACTED) %s verified [==] new request %s equals to the old request
07-04 18:17:35.872 I/NearbyPresence(23012): (REDACTED) %s verified [==] new request %s equals to the old request
07-04 18:17:35.872 I/NearbyPresence(23012): (REDACTED) %s verified [==] new request %s equals to the old request
07-04 18:17:36.044 I/ctjp    ( 2168): connectToGlassesApi before mutex
07-04 18:17:36.045 I/ctjp    ( 2168): connectToGlassesApi mutex acquired
07-04 18:17:36.047 D/ApiFactory( 2168): returning GlassesApi
07-04 18:17:36.048 E/GlassesApi( 2168): Unable to load GlassesApi implementation.
07-04 18:17:36.048 E/GlassesApi( 2168): com.google.android.glasses.sdk.ApiFactory$ClassLoadException: java.lang.ClassNotFoundException: GlassesCore is a stub.
07-04 18:17:36.048 E/GlassesApi( 2168): 	at com.google.android.glasses.sdk.ApiFactory.getObjectByApiMethodName(PG:41)
07-04 18:17:36.048 E/GlassesApi( 2168): 	at com.google.android.glasses.sdk.ApiFactory.getGlassesApi(PG:16)
07-04 18:17:36.048 E/GlassesApi( 2168): 	at com.google.android.glasses.sdk.GlassesApi$-CC.create(PG:4)
07-04 18:17:36.048 E/GlassesApi( 2168): 	at ctjp.e(PG:156)
07-04 18:17:36.048 E/GlassesApi( 2168): 	at ctjo.invokeSuspend(PG:29)
07-04 18:17:36.048 E/GlassesApi( 2168): 	at ctjo.a(PG:14)
07-04 18:17:36.048 E/GlassesApi( 2168): 	at ctjh.invokeSuspend(PG:42)
07-04 18:17:36.048 E/GlassesApi( 2168): 	at ctjh.invoke(PG:13)
07-04 18:17:36.048 E/GlassesApi( 2168): 	at gmfv.g(PG:3)
07-04 18:17:36.048 E/GlassesApi( 2168): 	at gmfq.b(PG:57)
07-04 18:17:36.048 E/GlassesApi( 2168): 	at gmkw.invokeSuspend(PG:24)
07-04 18:17:36.048 E/GlassesApi( 2168): 	at glrk.resumeWith(PG:11)
07-04 18:17:36.048 E/GlassesApi( 2168): 	at gmbc.run(PG:115)
07-04 18:17:36.048 E/GlassesApi( 2168): 	at fgtu.run(PG:3)
07-04 18:17:36.048 E/GlassesApi( 2168): 	at fiic.run(PG:17)
07-04 18:17:36.048 E/GlassesApi( 2168): 	at dhec.run(PG:5)
07-04 18:17:36.048 E/GlassesApi( 2168): 	at fryo.run(PG:46)
07-04 18:17:36.048 E/GlassesApi( 2168): 	at dhdo.run(PG:81)
07-04 18:17:36.048 E/GlassesApi( 2168): 	at java.lang.Thread.run(Thread.java:1572)
07-04 18:17:36.048 E/GlassesApi( 2168): 	at dhfd.run(PG:62)
07-04 18:17:36.048 E/GlassesApi( 2168): Caused by: java.lang.ClassNotFoundException: GlassesCore is a stub.
07-04 18:17:36.048 E/GlassesApi( 2168): 	at com.google.android.glasses.sdk.ApiFactory.getApiFactoryClass(PG:45)
07-04 18:17:36.048 E/GlassesApi( 2168): 	at com.google.android.glasses.sdk.ApiFactory.getObjectByApiMethodName(PG:1)
07-04 18:17:36.048 E/GlassesApi( 2168): 	... 19 more
07-04 18:17:36.048 W/ctjp    ( 2168): Failed to connect to GlassesApi
07-04 18:17:36.048 W/ctjp    ( 2168): java.lang.IllegalStateException: Failed to create GlassesApi
07-04 18:17:36.048 W/ctjp    ( 2168): 	at ctjp.e(PG:282)
07-04 18:17:36.048 W/ctjp    ( 2168): 	at ctjo.invokeSuspend(PG:29)
07-04 18:17:36.048 W/ctjp    ( 2168): 	at ctjo.a(PG:14)
07-04 18:17:36.048 W/ctjp    ( 2168): 	at ctjh.invokeSuspend(PG:42)
07-04 18:17:36.048 W/ctjp    ( 2168): 	at ctjh.invoke(PG:13)
07-04 18:17:36.048 W/ctjp    ( 2168): 	at gmfv.g(PG:3)
07-04 18:17:36.048 W/ctjp    ( 2168): 	at gmfq.b(PG:57)
07-04 18:17:36.048 W/ctjp    ( 2168): 	at gmkw.invokeSuspend(PG:24)
07-04 18:17:36.048 W/ctjp    ( 2168): 	at glrk.resumeWith(PG:11)
07-04 18:17:36.048 W/ctjp    ( 2168): 	at gmbc.run(PG:115)
07-04 18:17:36.048 W/ctjp    ( 2168): 	at fgtu.run(PG:3)
07-04 18:17:36.048 W/ctjp    ( 2168): 	at fiic.run(PG:17)
07-04 18:17:36.048 W/ctjp    ( 2168): 	at dhec.run(PG:5)
07-04 18:17:36.048 W/ctjp    ( 2168): 	at fryo.run(PG:46)
07-04 18:17:36.048 W/ctjp    ( 2168): 	at dhdo.run(PG:81)
07-04 18:17:36.048 W/ctjp    ( 2168): 	at java.lang.Thread.run(Thread.java:1572)
07-04 18:17:36.048 W/ctjp    ( 2168): 	at dhfd.run(PG:62)
07-04 18:17:36.049 I/adzq    ( 2168): Settings API module disconnected
07-04 18:17:36.049 I/ctjp    ( 2168): (REDACTED) delay retry by %s second(s)
07-04 18:17:36.049 I/adzq    ( 2168): Wear detection disabled, using connection status
07-04 18:17:36.247 W/libbinder.IPCThreadState( 1795): Sending oneway calls to frozen process.
07-04 18:17:36.250 W/libbinder.IPCThreadState( 1795): Sending oneway calls to frozen process.
07-04 18:17:36.252 W/libbinder.IPCThreadState( 1795): Sending oneway calls to frozen process.
07-04 18:17:36.721 I/adbd    ( 2198): adbd service requested 'exec:screencap '-p''
07-04 18:17:36.972 W/libbinder.BackendUnifiedServiceManager( 6661): Thread Pool max thread count is 0. Cannot cache binder as linkToDeath cannot be implemented. serviceName: SurfaceFlingerAIDL
07-04 18:17:36.972 W/libbinder.BpBinder( 6661): Linking to death on android.gui.ISurfaceComposer but there are no threads (yet?) listening to incoming transactions. See ProcessState::startThreadPool and ProcessState::setThreadPoolMaxThreadCount. Generally you should setup the binder threadpool before other initialization steps.
07-04 18:17:36.973 W/libbinder.ProcessState( 6661): Extra binder thread started, but 0 threads requested. Do not use *startThreadPool when zero threads are requested.
07-04 18:17:37.080 W/TracingMuxer( 1142): type=1400 audit(0.0:24540): avc:  denied  { write } for  name="traced_producer" dev="tmpfs" ino=1373 scontext=u:r:hal_neuralnetworks_darwinn:s0 tcontext=u:object_r:traced_producer_socket:s0 tclass=sock_file permissive=0
07-04 18:17:37.650 I/adbd    ( 2198): adbd service requested 'shell,v2,TERM=dumb,raw:input keyevent BACK'
07-04 18:17:37.902 D/WindowOnBackDispatcher( 6496): setTopOnBackInvokedCallback (unwrapped): android.app.Activity$$ExternalSyntheticLambda0@661ae09
07-04 18:17:37.904 D/CoreBackPreview( 1795): Window{e1b40ca u0 com.kenleren.my_art_collection/com.kenleren.my_art_collection.MainActivity}: Setting back callback OnBackInvokedCallbackInfo{mCallback=android.window.IOnBackInvokedCallback$Stub$Proxy@4be2503, mPriority=-1, mIsAnimationCallback=false, mOverrideBehavior=0}
07-04 18:17:37.911 I/WifiHAL ( 1211): Creating message to get link statistics; iface = 47
07-04 18:17:37.972 I/WifiHAL ( 1211): Getting cached scan results, iface handle = 0xb40000708bfa0950
07-04 18:17:37.972 E/WifiHAL ( 1211): Creating message to get cached scan results
07-04 18:17:37.980 I/WifiHAL ( 1211): In GetCachedScanResultsCommand::handleResponse
07-04 18:17:38.022 D/WifiHAL ( 1211): Start debug command: mType GET_FEATURE
07-04 18:17:38.022 I/WifiHAL ( 1211): CreateRequest mType = GET_FEATURE
07-04 18:17:38.022 D/WifiHAL ( 1211): In DebugCommand::handleResponse, mType:GET_FEATURE
07-04 18:17:38.022 D/WifiHAL ( 1211): len = 4, expected len = 4
07-04 18:17:38.036 D/SatelliteController( 3281): isInCarrierRoamingNbIotNtn: satellite is disabled
07-04 18:17:38.036 D/SatelliteController( 3281): getCarrierRoamingNtnConnectType: Checking connect type from PLMN config for subId: 2
07-04 18:17:38.036 D/SatelliteController( 3281): getCarrierRoamingNtnConnectType: config: null
07-04 18:17:38.038 W/libbinder.IPCThreadState( 1795): Sending oneway calls to frozen process.
07-04 18:17:38.040 I/SHANNON_IMS( 3230): 5327 [PROX] Received onSignalStrengthsChanged [CellSignalStrengthLte: rssi=-67 rsrp=-98 rsrq=-10 rssnr=2 cqiTableIndex=1 cqi=14 ta=17 level=4 parametersUseForLevel=0] [SLID:1 APM:false] (ImsConnectivityProxyListener$ImsPhoneStateListener%onSignalStrengthsChanged:413)
07-04 18:17:38.040 D/SatelliteController( 3281): getCarrierRoamingNtnConnectType: Falling back to global carrier config connect type: 0
07-04 18:17:38.041 D/SatelliteController( 3281): updateLastNotifiedCarrierRoamingNtnSignalStrengthAndNotify(2)
07-04 18:17:38.041 D/SatelliteController( 3281): updateLastNotifiedCarrierRoamingNtnSignalStrengthAndNotify(2) lastNotifiedSignalStrength level: 0
07-04 18:17:38.041 D/SatelliteController( 3281): updateLastNotifiedCarrierRoamingNtnSignalStrengthAndNotify(2) currSignalStrength level: 0
07-04 18:17:38.042 D/CellularQualityMonitor-1( 3712): Signal Strength Changed : SignalStrength:{mCdma=CellSignalStrengthCdma: cdmaDbm=2147483647 cdmaEcio=2147483647 evdoDbm=2147483647 evdoEcio=2147483647 evdoSnr=2147483647 level=0,mGsm=CellSignalStrengthGsm: rssi=2147483647 ber=2147483647 mTa=2147483647 mLevel=0,mWcdma=CellSignalStrengthWcdma: ss=2147483647 ber=2147483647 rscp=2147483647 ecno=2147483647 level=0,mTdscdma=CellSignalStrengthTdscdma: rssi=2147483647 ber=2147483647 rscp=2147483647 level=0,mLte=CellSignalStrengthLte: rssi=-67 rsrp=-98 rsrq=-10 rssnr=2 cqiTableIndex=1 cqi=14 ta=17 level=4 parametersUseForLevel=0,mNr=CellSignalStrengthNr:{ csiRsrp = 2147483647 csiRsrq = 2147483647 csiCqiTableIndex = 2147483647 csiCqiReport = [] ssRsrp = 2147483647 ssRsrq = 2147483647 ssSinr = 2147483647 level = 0 parametersUseForLevel = 0 timingAdvance = 2147483647 },primary=CellSignalStrengthLte}
07-04 18:17:38.042 D/CellularQualityMonitor-1( 3712): CellSignalStrength Changed: CellSignalStrengthLte: rssi=-67 rsrp=-98 rsrq=-10 rssnr=2 cqiTableIndex=1 cqi=14 ta=17 level=4 parametersUseForLevel=0
07-04 18:17:38.060 I/DisplayDeviceRepository( 1795): Display device changed render timings: "Built-in Screen", renderFrameRate=120.00001, presentationDeadlineNanos=11500000, appVsyncOffsetNanos=6233332, frameRateOverrides=[{uid=10270 frameRateHz=60.000004}]
07-04 18:17:38.171 D/AOC     ( 1476): A3:MSG: usf_sensor.cc, 1207: USF: Sensor 4, dropping sample with ts 104963311137700 ns. Old ts = 104963312192909 ns.
07-04 18:17:38.179 I/NearbyMediums(23012): Found Fast Ble Advertisements :
07-04 18:17:38.179 I/NearbyMediums(23012): BleAdvertisement { version=2, socketVersion=2, isFast=true, serviceIdHash=null, data=[ 0x23 0x49 0x4b 0x34 0x36 0x11 0x32 0xef 0x09 0x5b 0xc4 0x10 0xa1 0x06 0xa2 0x53 0xaf 0x55 0x72 0xf4 0x0f 0x7d 0x6c ], deviceToken=[ 0x54 0x4e ], rxAdvertisement=null } : 28 times.
07-04 18:17:38.179 I/NearbyMediums(23012): BleAdvertisement { version=2, socketVersion=2, isFast=true, serviceIdHash=null, data=[ 0x23 0x4d 0x33 0x53 0x42 0x11 0x32 0x7b 0x11 0x23 0x07 0xfc 0x43 0x64 0x1e 0xe4 0x36 0xb2 0x21 0x56 0xf5 0x34 0xa5 ], deviceToken=[ 0xd7 0xc2 ], rxAdvertisement=null } : 18 times.
07-04 18:17:38.179 I/NearbyMediums(23012): Total 46 fast advertisements from 2 unique advertisers.
07-04 18:17:38.181 I/NearbyMediums(23012): Current Tracked Scanning Clients are : {NearbyConnections.EnvironmentMonitor, NearbySharing}
07-04 18:17:38.729 I/adbd    ( 2198): adbd service requested 'shell,v2,TERM=dumb,raw:input tap 674 2200'
07-04 18:17:38.818 I/DisplayDeviceRepository( 1795): Display device changed render timings: "Built-in Screen", renderFrameRate=120.00001, presentationDeadlineNanos=11500000, appVsyncOffsetNanos=6233332, frameRateOverrides=[]
07-04 18:17:38.983 D/WindowOnBackDispatcher( 6496): setTopOnBackInvokedCallback (unwrapped): io.flutter.embedding.android.FlutterActivity$1@4ff461e
07-04 18:17:38.986 D/CoreBackPreview( 1795): Window{e1b40ca u0 com.kenleren.my_art_collection/com.kenleren.my_art_collection.MainActivity}: Setting back callback OnBackInvokedCallbackInfo{mCallback=android.window.IOnBackInvokedCallback$Stub$Proxy@3740e5f, mPriority=0, mIsAnimationCallback=true, mOverrideBehavior=0}
07-04 18:17:39.392 D/WindowOnBackDispatcher( 6496): setTopOnBackInvokedCallback (unwrapped): android.app.Activity$$ExternalSyntheticLambda0@661ae09
07-04 18:17:39.393 D/CoreBackPreview( 1795): Window{e1b40ca u0 com.kenleren.my_art_collection/com.kenleren.my_art_collection.MainActivity}: Setting back callback OnBackInvokedCallbackInfo{mCallback=android.window.IOnBackInvokedCallback$Stub$Proxy@14540ac, mPriority=-1, mIsAnimationCallback=false, mOverrideBehavior=0}
07-04 18:17:39.475 I/Finsky:background(11583): [41] Stats for Executor: bgExecutor wij@27e1049[Running, pool size = 4, active threads = 0, queued tasks = 0, completed tasks = 384]
07-04 18:17:39.476 I/Finsky:background(11583): [41] Stats for Executor: LightweightExecutor wij@d6692bd[Running, pool size = 4, active threads = 0, queued tasks = 0, completed tasks = 283]
07-04 18:17:39.476 I/Finsky:background(11583): [41] Stats for Executor: BlockingExecutor wij@5216334[Running, pool size = 0, active threads = 0, queued tasks = 0, completed tasks = 124]
07-04 18:17:39.752 I/adbd    ( 2198): adbd service requested 'shell,v2,TERM=dumb,raw:input tap 540 990'
07-04 18:17:39.977 D/WindowOnBackDispatcher( 6496): setTopOnBackInvokedCallback (unwrapped): io.flutter.embedding.android.FlutterActivity$1@4ff461e
07-04 18:17:39.978 D/CoreBackPreview( 1795): Window{e1b40ca u0 com.kenleren.my_art_collection/com.kenleren.my_art_collection.MainActivity}: Setting back callback OnBackInvokedCallbackInfo{mCallback=android.window.IOnBackInvokedCallback$Stub$Proxy@9b6a57, mPriority=0, mIsAnimationCallback=true, mOverrideBehavior=0}
07-04 18:17:40.929 D/AOC     ( 1476): CHRE: DRAM vote count begins
07-04 18:17:40.929 D/AOC     ( 1476): CHRE: DRAM vote count ends: 0 ms
07-04 18:17:40.929 D/AOC     ( 1476): CHRE: DRAM vote count begins
07-04 18:17:40.929 D/AOC     ( 1476): F1:MSG: controller.cc, 275: AudioInCtrl: cmd ID: 0x00f4, tag: 0x94 [cntr = 6398]
07-04 18:17:40.930 D/AOC     ( 1476): F1:MSG: controller_audio_input.cc, 4423: Got Chre audio start cmd (input path = 0)
07-04 18:17:40.930 D/AOC     ( 1476): F1:MSG: audio_capture_pdm.cc, 448: Reconfig seamless
07-04 18:17:40.930 D/AOC     ( 1476): F1:Stream 1: mask 0x5, rings {1, 0}, pipe 0x1, sr 16000, il {0,2,0,0}, en 1, mc 0, ni 1, fpo 0, ru 1, hq 0
07-04 18:17:40.930 D/AOC     ( 1476): F1:Stream 4: mask 0x1, rings {7, 0}, pipe 0x10, sr 16000, il {0,0,0,0}, en 1, mc 0, ni 10, fpo 0, ru 1, hq 0
07-04 18:17:40.930 D/AOC     ( 1476): F1:MSG: audio_capture_pdm.cc, 580: Stream 4 restarted (ramp ON)
07-04 18:17:40.931 D/AOC     ( 1476): F1:MSG: chre_src.cc, 427: Set input source to 0
07-04 18:17:40.931 D/AOC     ( 1476): F1:TRC: hotword_input_processor.cc, 1014: Receive cmd: 0x84 (132)
07-04 18:17:40.931 D/AOC     ( 1476): F1:TRC: hotword_input_processor.cc, 1510: Finished cmd: 0x84 (132)
07-04 18:17:40.932 D/AOC     ( 1476): F1:MSG: controller.cc, 933: AudioInCtrl: ipc: C-Ch-AI, cmd ID: 0x00f4, tag: 0x94, rc: 0
07-04 18:17:40.932 D/AOC     ( 1476): CHRE: DRAM vote count ends: 0 ms
07-04 18:17:40.932 D/AOC     ( 1476): CHRE: DRAM vote count begins
07-04 18:17:40.932 D/AOC     ( 1476): CHRE: DRAM vote count ends: 0 ms
07-04 18:17:40.933 D/AOC     ( 1476): CHRE: DRAM vote count begins
07-04 18:17:40.933 D/AOC     ( 1476): CHRE: DRAM vote count ends: 0 ms
07-04 18:17:40.933 I/CHRE    ( 1137): @ 104966.072: [vice_ambient_volume] SendMessageToAmbientVolume, message_type: 33281 to instance_id: 0x3
07-04 18:17:40.933 I/CHRE    ( 1137): @ 104966.072: [vice_ambient_volume] Ambient Volume enabled
07-04 18:17:40.934 I/CHRE    ( 1137): @ 104966.072: [AV] Client info registered: client endpoint 0x19, include_volume_history_seconds: transition=0 exposure=0
07-04 18:17:40.934 D/CHRE    ( 1137): @ 104966.074: request audio send: 0
07-04 18:17:40.934 I/CHRE    ( 1137): @ 104966.074: [AV] Requested audio from handle 0, status: 1
07-04 18:17:40.934 I/CHRE    ( 1137): @ 104966.075: [vice_ambient_volume] Received ACK from Ambient Volume for enable request
07-04 18:17:40.935 D/AOC     ( 1476): F1:MSG: chre_src.cc, 152: CHRE SRC Reset Requested
07-04 18:17:40.964 I/pixel-thermal( 1688): soc_therm:37.702 raw data: soc_therm:37702 
07-04 18:17:40.965 I/pixel-thermal( 1688): VIRTUAL-USB-UI:0 raw data: USB-MINUS-CHARGING:-5373 VIRTUAL-USB-UI:0 charging_therm:37115 usb_pwr_therm:31742 
07-04 18:17:40.966 I/pixel-thermal( 1688): north_therm:34.623 raw data: north_therm:34623 
07-04 18:17:40.967 I/pixel-thermal( 1688): flash_therm:32.918 raw data: flash_therm:32918 
07-04 18:17:40.968 I/pixel-thermal( 1688): rfpa_therm:35.316 raw data: rfpa_therm:35316 
07-04 18:17:40.969 I/pixel-thermal( 1688): quiet_therm:36.43 raw data: quiet_therm:36430 
07-04 18:17:40.969 I/pixel-thermal( 1688): usb_pwr_therm:31.742 raw data: usb_pwr_therm:31742 
07-04 18:17:40.969 I/pixel-thermal( 1688): VIRTUAL-USB-THROTTLING:0 raw data: USB-MINUS-CHARGING:-5373 VIRTUAL-USB-THROTTLING:0 usb_pwr_therm:31742 
07-04 18:17:40.973 I/adbd    ( 2198): adbd service requested 'exec:screencap '-p''
07-04 18:17:41.028 I/WifiHAL ( 1211): Creating message to get link statistics; iface = 47
07-04 18:17:41.053 I/ctjp    ( 2168): connectToGlassesApi before mutex
07-04 18:17:41.053 I/ctjp    ( 2168): connectToGlassesApi mutex acquired
07-04 18:17:41.053 D/ApiFactory( 2168): returning GlassesApi
07-04 18:17:41.055 E/GlassesApi( 2168): Unable to load GlassesApi implementation.
07-04 18:17:41.055 E/GlassesApi( 2168): com.google.android.glasses.sdk.ApiFactory$ClassLoadException: java.lang.ClassNotFoundException: GlassesCore is a stub.
07-04 18:17:41.055 E/GlassesApi( 2168): 	at com.google.android.glasses.sdk.ApiFactory.getObjectByApiMethodName(PG:41)
07-04 18:17:41.055 E/GlassesApi( 2168): 	at com.google.android.glasses.sdk.ApiFactory.getGlassesApi(PG:16)
07-04 18:17:41.055 E/GlassesApi( 2168): 	at com.google.android.glasses.sdk.GlassesApi$-CC.create(PG:4)
07-04 18:17:41.055 E/GlassesApi( 2168): 	at ctjp.e(PG:156)
07-04 18:17:41.055 E/GlassesApi( 2168): 	at ctjo.invokeSuspend(PG:29)
07-04 18:17:41.055 E/GlassesApi( 2168): 	at ctjo.a(PG:14)
07-04 18:17:41.055 E/GlassesApi( 2168): 	at ctjh.invokeSuspend(PG:42)
07-04 18:17:41.055 E/GlassesApi( 2168): 	at ctjh.invoke(PG:13)
07-04 18:17:41.055 E/GlassesApi( 2168): 	at gmfv.g(PG:3)
07-04 18:17:41.055 E/GlassesApi( 2168): 	at gmfq.b(PG:57)
07-04 18:17:41.055 E/GlassesApi( 2168): 	at gmkw.invokeSuspend(PG:24)
07-04 18:17:41.055 E/GlassesApi( 2168): 	at glrk.resumeWith(PG:11)
07-04 18:17:41.055 E/GlassesApi( 2168): 	at gmbc.run(PG:115)
07-04 18:17:41.055 E/GlassesApi( 2168): 	at fgtu.run(PG:3)
07-04 18:17:41.055 E/GlassesApi( 2168): 	at fiic.run(PG:17)
07-04 18:17:41.055 E/GlassesApi( 2168): 	at dhec.run(PG:5)
07-04 18:17:41.055 E/GlassesApi( 2168): 	at fryo.run(PG:46)
07-04 18:17:41.055 E/GlassesApi( 2168): 	at dhdo.run(PG:81)
07-04 18:17:41.055 E/GlassesApi( 2168): 	at java.lang.Thread.run(Thread.java:1572)
07-04 18:17:41.055 E/GlassesApi( 2168): 	at dhfd.run(PG:62)
07-04 18:17:41.055 E/GlassesApi( 2168): Caused by: java.lang.ClassNotFoundException: GlassesCore is a stub.
07-04 18:17:41.055 E/GlassesApi( 2168): 	at com.google.android.glasses.sdk.ApiFactory.getApiFactoryClass(PG:45)
07-04 18:17:41.055 E/GlassesApi( 2168): 	at com.google.android.glasses.sdk.ApiFactory.getObjectByApiMethodName(PG:1)
07-04 18:17:41.055 E/GlassesApi( 2168): 	... 19 more
07-04 18:17:41.056 W/ctjp    ( 2168): Failed to connect to GlassesApi
07-04 18:17:41.056 W/ctjp    ( 2168): java.lang.IllegalStateException: Failed to create GlassesApi
07-04 18:17:41.056 W/ctjp    ( 2168): 	at ctjp.e(PG:282)
07-04 18:17:41.056 W/ctjp    ( 2168): 	at ctjo.invokeSuspend(PG:29)
07-04 18:17:41.056 W/ctjp    ( 2168): 	at ctjo.a(PG:14)
07-04 18:17:41.056 W/ctjp    ( 2168): 	at ctjh.invokeSuspend(PG:42)
07-04 18:17:41.056 W/ctjp    ( 2168): 	at ctjh.invoke(PG:13)
07-04 18:17:41.056 W/ctjp    ( 2168): 	at gmfv.g(PG:3)
07-04 18:17:41.056 W/ctjp    ( 2168): 	at gmfq.b(PG:57)
07-04 18:17:41.056 W/ctjp    ( 2168): 	at gmkw.invokeSuspend(PG:24)
07-04 18:17:41.056 W/ctjp    ( 2168): 	at glrk.resumeWith(PG:11)
07-04 18:17:41.056 W/ctjp    ( 2168): 	at gmbc.run(PG:115)
07-04 18:17:41.056 W/ctjp    ( 2168): 	at fgtu.run(PG:3)
07-04 18:17:41.056 W/ctjp    ( 2168): 	at fiic.run(PG:17)
07-04 18:17:41.056 W/ctjp    ( 2168): 	at dhec.run(PG:5)
07-04 18:17:41.056 W/ctjp    ( 2168): 	at fryo.run(PG:46)
07-04 18:17:41.056 W/ctjp    ( 2168): 	at dhdo.run(PG:81)
07-04 18:17:41.056 W/ctjp    ( 2168): 	at java.lang.Thread.run(Thread.java:1572)
07-04 18:17:41.056 W/ctjp    ( 2168): 	at dhfd.run(PG:62)
07-04 18:17:41.057 I/adzq    ( 2168): Settings API module disconnected
07-04 18:17:41.057 I/adzq    ( 2168): Wear detection disabled, using connection status
07-04 18:17:41.060 I/ctjp    ( 2168): (REDACTED) delay retry by %s second(s)
07-04 18:17:41.103 I/WifiHAL ( 1211): Getting cached scan results, iface handle = 0xb40000708bfa0950
07-04 18:17:41.103 E/WifiHAL ( 1211): Creating message to get cached scan results
07-04 18:17:41.112 I/WifiHAL ( 1211): In GetCachedScanResultsCommand::handleResponse
07-04 18:17:41.153 D/WifiHAL ( 1211): Start debug command: mType GET_FEATURE
07-04 18:17:41.153 I/WifiHAL ( 1211): CreateRequest mType = GET_FEATURE
07-04 18:17:41.153 D/WifiHAL ( 1211): In DebugCommand::handleResponse, mType:GET_FEATURE
07-04 18:17:41.153 D/WifiHAL ( 1211): len = 4, expected len = 4
07-04 18:17:41.243 W/libbinder.BackendUnifiedServiceManager( 6689): Thread Pool max thread count is 0. Cannot cache binder as linkToDeath cannot be implemented. serviceName: SurfaceFlingerAIDL
07-04 18:17:41.243 W/libbinder.BpBinder( 6689): Linking to death on android.gui.ISurfaceComposer but there are no threads (yet?) listening to incoming transactions. See ProcessState::startThreadPool and ProcessState::setThreadPoolMaxThreadCount. Generally you should setup the binder threadpool before other initialization steps.
07-04 18:17:41.243 W/libbinder.ProcessState( 6689): Extra binder thread started, but 0 threads requested. Do not use *startThreadPool when zero threads are requested.
07-04 18:17:41.516 W/TracingMuxer( 1134): type=1400 audit(0.0:24541): avc:  denied  { write } for  name="traced_producer" dev="tmpfs" ino=1373 scontext=u:r:hal_camera_default:s0 tcontext=u:object_r:traced_producer_socket:s0 tclass=sock_file permissive=0
07-04 18:17:41.642 I/adbd    ( 2198): adbd service requested 'shell,v2,TERM=dumb:export ANDROID_LOG_TAGS=''; exec logcat '-d' '-v' 'time''
