07-04 18:17:24.820 I/AiAiSmartspace( 5158): #weatherSecondaryCardTwiddler: don't change weather for the dream surface
07-04 18:17:24.820 I/AiAiEcho( 5158): #remoteViewsTwiddler: feature disabled.
07-04 18:17:24.820 I/AiAiEcho( 5158): (REDACTED) Predicting[%d]: %s
07-04 18:17:24.820 I/AiAiEcho( 5158): (REDACTED) EchoTargets: %s
07-04 18:17:24.820 I/AiAiEcho( 5158): Filtered by AiAi flag check: %s
07-04 18:17:24.821 W/libbinder.IPCThreadState( 1795): Sending oneway calls to frozen process.
07-04 18:17:24.821 I/AiAiEcho( 5158): (REDACTED) #weatherSubItemsTwiddler: Weather removes SubtitleSupplementalItem in surface: %s
07-04 18:17:24.821 I/AiAiEcho( 5158): #remoteViewsTwiddler: feature disabled.
07-04 18:17:24.821 W/libbinder.IPCThreadState( 1795): Sending oneway calls to frozen process.
07-04 18:17:24.821 W/libbinder.IPCThreadState( 1795): Sending oneway calls to frozen process.
07-04 18:17:24.821 I/AiAiEcho( 5158): (REDACTED) Predicting[%d]: %s
07-04 18:17:24.821 W/libbinder.IPCThreadState( 1795): Sending oneway calls to frozen process.
07-04 18:17:24.821 W/libbinder.IPCThreadState( 1795): Sending oneway calls to frozen process.
07-04 18:17:24.821 W/libbinder.IPCThreadState( 1795): Sending oneway calls to frozen process.
07-04 18:17:24.821 W/libbinder.IPCThreadState( 1795): Sending oneway calls to frozen process.
07-04 18:17:24.821 W/libbinder.IPCThreadState( 1795): Sending oneway calls to frozen process.
07-04 18:17:24.821 I/AiAiEcho( 5158): (REDACTED) EchoTargets: %s
07-04 18:17:24.821 I/AiAiEcho( 5158): Filtered by AiAi flag check: %s
07-04 18:17:24.821 W/libbinder.IPCThreadState( 1795): Sending oneway calls to frozen process.
07-04 18:17:24.821 W/libbinder.IPCThreadState( 1795): Sending oneway calls to frozen process.
07-04 18:17:24.821 I/AiAiEcho( 5158): #remoteViewsTwiddler: feature disabled.
07-04 18:17:24.821 W/libbinder.IPCThreadState( 1795): Sending oneway calls to frozen process.
07-04 18:17:24.821 W/libbinder.IPCThreadState( 1795): Sending oneway calls to frozen process.
07-04 18:17:24.821 W/libbinder.IPCThreadState( 1795): Sending oneway calls to frozen process.
07-04 18:17:24.821 W/libbinder.IPCThreadState( 1795): Sending oneway calls to frozen process.
07-04 18:17:24.821 W/libbinder.IPCThreadState( 1795): Sending oneway calls to frozen process.
07-04 18:17:24.821 I/AiAiEcho( 5158): (REDACTED) Predicting[%d]: %s
07-04 18:17:24.821 W/libbinder.IPCThreadState( 1795): Sending oneway calls to frozen process.
07-04 18:17:24.821 W/libbinder.IPCThreadState( 1795): Sending oneway calls to frozen process.
07-04 18:17:24.821 W/libbinder.IPCThreadState( 1795): Sending oneway calls to frozen process.
07-04 18:17:24.822 W/libbinder.IPCThreadState( 1795): Sending oneway calls to frozen process.
07-04 18:17:24.822 W/libbinder.IPCThreadState( 1795): Sending oneway calls to frozen process.
07-04 18:17:24.822 I/AiAiEcho( 5158): (REDACTED) EchoTargets: %s
07-04 18:17:24.822 I/AiAiEcho( 5158): Filtered by AiAi flag check: %s
07-04 18:17:24.822 W/libbinder.IPCThreadState( 1795): Sending oneway calls to frozen process.
07-04 18:17:24.822 W/libbinder.IPCThreadState( 1795): Sending oneway calls to frozen process.
07-04 18:17:24.822 W/libbinder.IPCThreadState( 1795): Sending oneway calls to frozen process.
07-04 18:17:24.822 I/AiAiEcho( 5158): (REDACTED) #weatherSubItemsTwiddler: Weather removes SubtitleSupplementalItem in surface: %s
07-04 18:17:24.822 I/AiAiEcho( 5158): #remoteViewsTwiddler: feature disabled.
07-04 18:17:24.822 I/AiAiEcho( 5158): (REDACTED) Predicting[%d]: %s
07-04 18:17:24.825 I/AiAiEcho( 5158): (REDACTED) EchoTargets: %s
07-04 18:17:24.825 I/AiAiEcho( 5158): Filtered by AiAi flag check: %s
07-04 18:17:24.826 I/DelightKLPDownloader( 4955): DelightKLPDownloader.getBundledLmVersion():312 bundled KLP for en_US version = 2026030300
07-04 18:17:24.826 D/AOC     ( 1476): A3:MSG: controller.cc, 933: SysMem: ipc: C-F1-Ar, cmd ID: 0x00c8, tag: 0x8f, rc: 0
07-04 18:17:24.826 I/DelightKLPDownloader( 4955): DelightKLPDownloader.getBundledLmVersion():312 bundled KLP for nb version = 0
07-04 18:17:24.826 I/AiAiEcho( 5158): (REDACTED) #weatherSubItemsTwiddler: Weather removes SubtitleSupplementalItem in surface: %s
07-04 18:17:24.826 I/AiAiSmartspace( 5158): #weatherSecondaryCardTwiddler: don't change weather for the dream surface
07-04 18:17:24.826 I/AiAiEcho( 5158): #remoteViewsTwiddler: feature disabled.
07-04 18:17:24.826 D/AOC     ( 1476): A3:MSG: controller.cc, 933: SysMem: ipc: C-F1-Ar, cmd ID: 0x00c8, tag: 0x90, rc: 0
07-04 18:17:24.826 I/AiAiEcho( 5158): (REDACTED) Predicting[%d]: %s
07-04 18:17:24.827 I/AiAiEcho( 5158): (REDACTED) EchoTargets: %s
07-04 18:17:24.827 I/AiAiEcho( 5158): Filtered by AiAi flag check: %s
07-04 18:17:24.827 I/AiAiEcho( 5158): (REDACTED) #weatherSubItemsTwiddler: Weather removes SubtitleSupplementalItem in surface: %s
07-04 18:17:24.827 I/AiAiEcho( 5158): #remoteViewsTwiddler: feature disabled.
07-04 18:17:24.827 I/AiAiEcho( 5158): (REDACTED) #postPredictionTargets: Sending updates to UISurface %s with targets# %s (types=[%s])
07-04 18:17:24.828 I/PkModeUpdater( 4955): PkModeUpdater.refreshDevices():206 refreshing devices
07-04 18:17:24.829 I/DelightKLPDownloader( 4955): DelightKLPDownloader.getBundledLmVersion():312 bundled KLP for nb version = 0
07-04 18:17:24.829 I/ManifestedDataDownloader( 4955): ManifestedDataDownloader.download():67 downloading manifest https://www.gstatic.com/android/keyboard/dictionarypack/2026032418/metadata.json-perlang/en-US.json?v=2026060100
07-04 18:17:24.829 I/ManifestedDataDownloader( 4955): ManifestedDataDownloader.download():67 downloading manifest https://www.gstatic.com/android/keyboard/dictionarypack/2026032418/metadata.json-perlang/nb.json?v=2026060100
07-04 18:17:24.829 I/ManifestedDataDownloader( 4955): ManifestedDataDownloader.download():67 downloading manifest https://www.gstatic.com/android/keyboard/dictionarypack/2026032418/metadata.json-perlang/nb.json?v=2026060100
07-04 18:17:24.830 I/AiAiEcho( 5158): (REDACTED) #postPredictionTargets: Sending updates to UISurface %s with targets# %s (types=[%s])
07-04 18:17:24.832 I/AiAiEcho( 5158): (REDACTED) #postPredictionTargets: Sending updates to UISurface %s with targets# %s (types=[%s])
07-04 18:17:24.832 I/PkModeUpdater( 4955): PkModeUpdater.refreshDevices():206 refreshing devices
07-04 18:17:24.833 I/SP      ( 4955): Registering content_cache.2024032915, url: https://www.gstatic.com/android/keyboard/modelpack/contentcache/202403291544/superpacks_manifest.json, constraints: W:*:*:*, flags: bg, requested: 2024032915, current: 2024032915
07-04 18:17:24.833 I/SP      ( 4955): Registering emoticon_content_description.2022081613, url: https://www.gstatic.com/android/keyboard/emoticon_content_desc/202208161305/superpacks_manifest.json, constraints: W:*:*:*, flags: bg, requested: 2022081613, current: 2022081613
07-04 18:17:24.834 I/SP      ( 4955): Registering bundled_delight.2026052100, url: null, constraints: *:*:*:*, flags: *, requested: 2026052100, current: 2026052100
07-04 18:17:24.834 I/SP      ( 4955): Registering spell_checker.2023080700, url: https://www.gstatic.com/android/keyboard/spell_checker/prod/2023080700/metadata_cpu_2023080700.json, constraints: m:*:*:*, flags: bg, requested: 2023080700, current: 2023080700
07-04 18:17:24.834 I/SuperDelight( 4955): SuperDelightManager.syncOverridesLanguageModels():646 SuperDelightManager#syncOverridesLanguageModels(): Superpack delight_overrides not found or negative version provided
07-04 18:17:24.834 I/SuperpacksManagerImpl( 4955): SuperpacksManagerImpl$3$1.onSuccess():552 content_cache.registerManifest() succeeded
07-04 18:17:24.834 I/SuperpacksManagerImpl( 4955): SuperpacksManagerImpl$3$1.onSuccess():552 emoticon_content_description.registerManifest() succeeded
07-04 18:17:24.834 I/SuperpacksManagerImpl( 4955): SuperpacksManagerImpl$3$1.onSuccess():552 bundled_delight.registerManifest() succeeded
07-04 18:17:24.834 I/SuperpacksManagerImpl( 4955): SuperpacksManagerImpl$3$1.onSuccess():552 spell_checker.registerManifest() succeeded
07-04 18:17:24.834 I/AiAiEcho( 5158): (REDACTED) #postPredictionTargets: Sending updates to UISurface %s with targets# %s (types=[%s])
07-04 18:17:24.834 I/SP      ( 4955): Syncing spell_checker (2023080700) with slices: [{en_cpu_272adaa02e4841a0e8fe0d7f95b77421, W:b:*:*, bg}], metadata: false
07-04 18:17:24.834 I/AiAiEcho( 5158): (REDACTED) #postPredictionTargets: Sending updates to UISurface %s with targets# %s (types=[%s])
07-04 18:17:24.836 I/AiAiEcho( 5158): (REDACTED) #postPredictionTargets: Sending updates to UISurface %s with targets# %s (types=[%s])
07-04 18:17:24.836 I/AmbientCueRepository( 2967): Receiving SmartSpace targets # 0
07-04 18:17:24.836 I/AmbientCueRepository( 2967): Receiving SmartSpace targets # 0
07-04 18:17:24.837 D/ShortcutAndWidgetContainer(29459): appWidgetScale - [x,y]: [1.0,1.0]
07-04 18:17:24.837 D/NavigableAppWidgetHostView(29459): updateScale - [fitScale,bounceScale]: [1.0,1.0]
07-04 18:17:24.837 I/SuperDelight( 4955): SuperDelightManager$2.onSuccess():521 delight_overrides sync success, adding to data file manager
07-04 18:17:24.837 I/SuperDelight( 4955): SuperDelightManager.syncBundledLanguageModels():721 SuperDelightManager#syncBundledLanguageModels(): Syncing for version 2026052100
07-04 18:17:24.837 D/SsBaseTemplateCard(29459): Passed-in item info is null
07-04 18:17:24.837 I/SsBaseTemplateCard(29459): setFormattedContentDescription: text=20°C, iconDescription=Mostly cloudy day, contentDescription=Mostly cloudy day 20°C
07-04 18:17:24.837 D/SsBaseTemplateCard(29459): Passed-in item info is null
07-04 18:17:24.837 D/SsBaseTemplateCard(29459): Passed-in item info is null
07-04 18:17:24.837 I/SsBaseTemplateCard(29459): Secondary card pane is null
07-04 18:17:24.837 I/WeatherSmartspaceView( 2967): setFormattedContentDescription: text=20°C, iconDescription=Mostly cloudy day, contentDescription=Mostly cloudy day 20°C
07-04 18:17:24.837 I/WeatherSmartspaceView( 2967): setFormattedContentDescription: text=20°C, iconDescription=Mostly cloudy day, contentDescription=Mostly cloudy day 20°C
07-04 18:17:24.837 I/WeatherData( 2967): Weather data parsed MOSTLY_CLOUDY_DAY ("Mostly cloudy day") 20°C from Bundle[{description=Mostly cloudy day, feedback_intent=null, explanation_intent=Supplier{VAL_PARCELABLE@160+1920}, is_gaia_linked_data=true, use_celsius=true, state=7, temperature=20}]
07-04 18:17:24.838 I/WeatherSmartspaceView( 2967): setFormattedContentDescription: text=20°C, iconDescription=Mostly cloudy day, contentDescription=Mostly cloudy day 20°C
07-04 18:17:24.838 I/WeatherSmartspaceView( 2967): setFormattedContentDescription: text=20°C, iconDescription=Mostly cloudy day, contentDescription=Mostly cloudy day 20°C
07-04 18:17:24.838 I/WeatherData( 2967): Weather data parsed MOSTLY_CLOUDY_DAY ("Mostly cloudy day") 20°C from Bundle[{description=Mostly cloudy day, feedback_intent=null, explanation_intent=Supplier{VAL_PARCELABLE@160+1920}, is_gaia_linked_data=true, use_celsius=true, state=7, temperature=20}]
07-04 18:17:24.840 I/AiAiEcho( 5158): (REDACTED) #postPredictionTargets: Sending updates to UISurface %s with targets# %s (types=[%s])
07-04 18:17:24.842 I/AiAiEcho( 5158): (REDACTED) #postPredictionTargets: Sending updates to UISurface %s with targets# %s (types=[%s])
07-04 18:17:24.842 I/DebugExecutorService( 4955): execute() called with Runnable: jxf@fd81e96
07-04 18:17:24.842 I/DebugExecutorService( 4955): jxf@fd81e96 finished on thread
07-04 18:17:24.842 I/DelightKLPDownloader( 4955): DelightKLPDownloader.getBundledLmVersion():312 bundled KLP for en_US version = 2026030300
07-04 18:17:24.842 I/ManifestedDataDownloader( 4955): ManifestedDataDownloader.download():67 downloading manifest https://www.gstatic.com/android/keyboard/dictionarypack/2026032418/metadata.json-perlang/en-US.json?v=2026060100
07-04 18:17:24.843 I/ActivityManager( 1795): Force stopping com.kenleren.my_art_collection appid=10326 user=0: from pid 6492
07-04 18:17:24.843 I/WindowManager( 1795):   Force removing ActivityRecord{50289491 u0 com.kenleren.my_art_collection/.MainActivity t9921 f} isExiting}
07-04 18:17:24.843 W/WindowManager( 1795): removeAppToken: Attempted to remove non-existing token: Token{427ad8e ActivityRecord{50289491 u0 com.kenleren.my_art_collection/.MainActivity t9921 f} isExiting}}
07-04 18:17:24.844 I/DebugExecutorService( 4955): execute() called with Runnable: hta@6de9de9
07-04 18:17:24.845 I/AppsFilter( 1795): interaction: PackageSetting{a0aa4c4 com.google.android.microdroid.empty_payload/10299} -> PackageSetting{5c9813e com.kenleren.my_art_collection/10326} BLOCKED
07-04 18:17:24.849 I/SP      ( 4955): Syncing content_cache (2024032915) with slices: [74ed8b2e38ec1bc8af70aa63d8ec49de, 8722425f4121ffdea802b1066df73991, fa1da98da1212aad6fb9a8efaff48148], metadata: true
07-04 18:17:24.849 I/SP      ( 4955): Syncing emoticon_content_description (2022081613) with slices: [7a635888cb828dfa2fc744b7b9b50f04, 5d203531c1d4addc95edd340f6ff6857], metadata: false
07-04 18:17:24.849 I/DebugExecutorService( 4955): hta@6de9de9 finished on thread
07-04 18:17:24.849 I/CrossProfileSender( 4955): tryMakeAsyncCalls
07-04 18:17:24.850 I/DebugExecutorService( 4955): execute() called with Runnable: jxg@c1c6a6e
07-04 18:17:24.850 I/DebugExecutorService( 4955): jxg@c1c6a6e finished on thread
07-04 18:17:24.850 I/DebugExecutorService( 4955): execute() called with Runnable: jnd@f9b050f
07-04 18:17:24.850 I/DebugExecutorService( 4955): jnd@f9b050f finished on thread
07-04 18:17:24.850 I/CrossProfileSender( 4955): drainAsyncQueue
07-04 18:17:24.850 I/DelightKLPDownloader( 4955): DelightKLPDownloader$1.onSuccess():157 removing filegroup __KLP_delight__de-DE
07-04 18:17:24.850 I/DelightKLPDownloader( 4955): DelightKLPDownloader$1.onSuccess():157 removing filegroup __KLP_manifest_delight__de-DE
07-04 18:17:24.851 I/SharedPreferencesSynchronizer( 8826): SharedPreferencesSynchronizer.putStringSet():97 putStringSet previously_enabled_entries: [en-US, nb]
07-04 18:17:24.852 I/DebugExecutorService( 4955): execute() called with Runnable: jek@fa8bf7a
07-04 18:17:24.852 I/DebugExecutorService( 4955): jek@fa8bf7a finished on thread
07-04 18:17:24.852 W/BundleCallSender( 8826): Call returned null or empty bytes from jyb
07-04 18:17:24.852 W/BundleCallSender( 8826): Return bytes are empty
07-04 18:17:24.852 I/CrossProfileSender( 4955): Attempting to bind
07-04 18:17:24.852 I/CrossProfileSender( 4955): Already bound
07-04 18:17:24.852 I/CrossProfileSender( 4955): Binding attempt succeeded
07-04 18:17:24.852 I/CrossProfileSender( 4955): Scheduling automatic disconnection
07-04 18:17:24.853 D/ShortcutAndWidgetContainer(29459): appWidgetScale - [x,y]: [1.0,1.0]
07-04 18:17:24.853 D/NavigableAppWidgetHostView(29459): updateScale - [fitScale,bounceScale]: [1.0,1.0]
07-04 18:17:24.853 D/SsBaseTemplateCard(29459): Passed-in item info is null
07-04 18:17:24.853 I/SsBaseTemplateCard(29459): setFormattedContentDescription: text=20°C, iconDescription=Mostly cloudy day, contentDescription=Mostly cloudy day 20°C
07-04 18:17:24.853 D/SsBaseTemplateCard(29459): Passed-in item info is null
07-04 18:17:24.853 D/SsBaseTemplateCard(29459): Passed-in item info is null
07-04 18:17:24.853 I/SsBaseTemplateCard(29459): Secondary card pane is null
07-04 18:17:24.858 D/EuiccConnector( 3281): handleMessage: E msg.what=1
07-04 18:17:24.858 D/EuiccConnector( 3281): processMsg: ConnectedState
07-04 18:17:24.858 D/EuiccConnector( 3281): processMsg: DisconnectedState
07-04 18:17:24.858 D/EuiccConnector( 3281): handleMessage: X
07-04 18:17:24.862 D/CarrierSvcBindHelper( 3281): onHandleForceStop: [com.kenleren.my_art_collection]
07-04 18:17:24.862 D/CarrierSvcBindHelper( 3281): No carrier app for: 0
07-04 18:17:24.863 D/CarrierSvcBindHelper( 3281): No carrier app for: 1
07-04 18:17:24.865 I/SuperDelight( 4955): SuperDelightBundledSlicingStrategy.getSlices():41 BundledSlicing#getSlices() : Locale = [en_US, nb]
07-04 18:17:24.866 I/SuperDelight( 4955): SuperDelightBundledSlicingStrategy.getSlices():67 BundledSlicing#getSlices(): result {slices=[bundled_delight:main_en_us_2026030300_2], last batch=true, sync metadata=false}
07-04 18:17:24.866 I/SP      ( 4955): Syncing bundled_delight (2026052100) with slices: [main_en_us_2026030300_2], metadata: false
07-04 18:17:24.867 I/AiAiEcho( 5158): (REDACTED) Settings changed for uri: %s
07-04 18:17:24.867 I/AiAiEcho( 5158): (REDACTED) Predicting[%d]: %s
07-04 18:17:24.867 I/AiAiEcho( 5158): (REDACTED) EchoTargets: %s
07-04 18:17:24.867 I/AiAiEcho( 5158): Filtered by AiAi flag check: %s
07-04 18:17:24.868 I/AiAiEcho( 5158): #remoteViewsTwiddler: feature disabled.
07-04 18:17:24.868 I/AiAiEcho( 5158): (REDACTED) #postPredictionTargets: Sending updates to UISurface %s with targets# %s (types=[%s])
07-04 18:17:24.868 I/AiAiEcho( 5158): (REDACTED) Predicting[%d]: %s
07-04 18:17:24.868 I/DelightKLPDownloader( 4955): DelightKLPDownloader$1.onSuccess():157 removing filegroup __KLP_delight__de-DE
07-04 18:17:24.868 I/AmbientCueRepository( 2967): Receiving SmartSpace targets # 0
07-04 18:17:24.868 I/DelightKLPDownloader( 4955): DelightKLPDownloader$1.onSuccess():157 removing filegroup __KLP_manifest_delight__de-DE
07-04 18:17:24.868 I/AiAiEcho( 5158): (REDACTED) EchoTargets: %s
07-04 18:17:24.868 I/AiAiEcho( 5158): Filtered by AiAi flag check: %s
07-04 18:17:24.869 I/AiAiEcho( 5158): (REDACTED) #weatherSubItemsTwiddler: Weather removes SubtitleSupplementalItem in surface: %s
07-04 18:17:24.869 I/AiAiEcho( 5158): #remoteViewsTwiddler: feature disabled.
07-04 18:17:24.869 I/AiAiEcho( 5158): (REDACTED) Predicting[%d]: %s
07-04 18:17:24.869 I/AiAiEcho( 5158): (REDACTED) EchoTargets: %s
07-04 18:17:24.869 I/AiAiEcho( 5158): Filtered by AiAi flag check: %s
07-04 18:17:24.869 I/AiAiEcho( 5158): (REDACTED) #weatherSubItemsTwiddler: Weather removes SubtitleSupplementalItem in surface: %s
07-04 18:17:24.869 I/AiAiSmartspace( 5158): #weatherSecondaryCardTwiddler: don't change weather for the dream surface
07-04 18:17:24.869 I/AiAiEcho( 5158): #remoteViewsTwiddler: feature disabled.
07-04 18:17:24.869 I/AiAiEcho( 5158): (REDACTED) Predicting[%d]: %s
07-04 18:17:24.870 I/AiAiEcho( 5158): (REDACTED) EchoTargets: %s
07-04 18:17:24.870 I/AiAiEcho( 5158): Filtered by AiAi flag check: %s
07-04 18:17:24.870 I/AiAiEcho( 5158): (REDACTED) #weatherSubItemsTwiddler: Weather removes SubtitleSupplementalItem in surface: %s
07-04 18:17:24.870 I/AiAiEcho( 5158): #remoteViewsTwiddler: feature disabled.
07-04 18:17:24.871 I/AiAiEcho( 5158): (REDACTED) #postPredictionTargets: Sending updates to UISurface %s with targets# %s (types=[%s])
07-04 18:17:24.872 I/DownloadManager( 4955): DownloadManager$5.onSuccess():667 Data __KLP_delight__de-DE removed!
07-04 18:17:24.873 I/AiAiEcho( 5158): (REDACTED) #postPredictionTargets: Sending updates to UISurface %s with targets# %s (types=[%s])
07-04 18:17:24.873 I/DownloadManager( 4955): DownloadManager$5.onSuccess():667 Data __KLP_manifest_delight__de-DE removed!
07-04 18:17:24.874 I/DownloadManager( 4955): DownloadManager$5.onSuccess():667 Data __KLP_delight__de-DE removed!
07-04 18:17:24.874 I/AiAiEcho( 5158): (REDACTED) #postPredictionTargets: Sending updates to UISurface %s with targets# %s (types=[%s])
07-04 18:17:24.874 I/DownloadManager( 4955): DownloadManager$5.onSuccess():667 Data __KLP_manifest_delight__de-DE removed!
07-04 18:17:24.874 I/DownloadManager( 4955): DownloadManager.completeDownload():434 Download for __KLP_manifest_delight__en-US scheduled with params ors[allowMetered=true, requireCharging=false, foreground=false, immediately=true, priority=0]
07-04 18:17:24.874 I/DownloadManager( 4955): DownloadManager.startDownload():518 start download of __KLP_manifest_delight__en-US
07-04 18:17:24.874 I/SP      ( 4955): Sync for spell_checker succeeded in 41 ms: no changes
07-04 18:17:24.874 I/DownloadManager( 4955): DownloadManager.completeDownload():434 Download for __KLP_manifest_delight__nb scheduled with params ors[allowMetered=true, requireCharging=false, foreground=false, immediately=true, priority=0]
07-04 18:17:24.874 I/DownloadManager( 4955): DownloadManager.startDownload():518 start download of __KLP_manifest_delight__nb
07-04 18:17:24.875 I/DownloadManager( 4955): DownloadManager$4.onFailure():599 download for __KLP_manifest_delight__nb is cancelled
07-04 18:17:24.875 I/DownloadManager( 4955): DownloadManager.completeDownload():432 Previous download for __KLP_manifest_delight__nb is cancelled
07-04 18:17:24.875 I/DownloadManager( 4955): DownloadManager.completeDownload():434 Download for __KLP_manifest_delight__nb scheduled with params ors[allowMetered=true, requireCharging=false, foreground=false, immediately=true, priority=0]
07-04 18:17:24.875 I/DownloadManager( 4955): DownloadManager.startDownload():518 start download of __KLP_manifest_delight__nb
07-04 18:17:24.875 I/DownloadManager( 4955): DownloadManager$4.onFailure():599 download for __KLP_manifest_delight__en-US is cancelled
07-04 18:17:24.875 I/DownloadManager( 4955): DownloadManager.completeDownload():432 Previous download for __KLP_manifest_delight__en-US is cancelled
07-04 18:17:24.875 I/DownloadManager( 4955): DownloadManager.completeDownload():434 Download for __KLP_manifest_delight__en-US scheduled with params ors[allowMetered=true, requireCharging=false, foreground=false, immediately=true, priority=0]
07-04 18:17:24.875 I/DownloadManager( 4955): DownloadManager.startDownload():518 start download of __KLP_manifest_delight__en-US
07-04 18:17:24.876 I/DownloadManager( 4955): DownloadManager$4.onSuccess():587 download for __KLP_manifest_delight__nb is finished with files # sfo@d3355169
07-04 18:17:24.876 I/DownloadManager( 4955): DownloadManager$4.onSuccess():587 download for __KLP_manifest_delight__en-US is finished with files # sfo@d99f315
07-04 18:17:24.876 I/DelightKLPDownloader( 4955): DelightKLPDownloader$2.onSuccess():226 klp en_US has same bundled version, skip download
07-04 18:17:24.876 I/DelightKLPDownloader( 4955): DelightKLPDownloader$2.onSuccess():226 klp en_US has same bundled version, skip download
07-04 18:17:24.877 I/ManifestedDataDownloader( 4955): ManifestedDataDownloader.checkVersionAndDownload():98 filegroup __KLP_delight__nb with version 2024031400 is already downloaded
07-04 18:17:24.877 I/ManifestedDataDownloader( 4955): ManifestedDataDownloader.checkVersionAndDownload():98 filegroup __KLP_delight__nb with version 2024031400 is already downloaded
07-04 18:17:24.878 I/DelightKLPDownloader( 4955): DelightKLPDownloader$2.onSuccess():233 klp nb downloaded with version 2024031400
07-04 18:17:24.878 D/ShortcutAndWidgetContainer(29459): appWidgetScale - [x,y]: [1.0,1.0]
07-04 18:17:24.878 D/NavigableAppWidgetHostView(29459): updateScale - [fitScale,bounceScale]: [1.0,1.0]
07-04 18:17:24.878 D/SsBaseTemplateCard(29459): Passed-in item info is null
07-04 18:17:24.878 I/SsBaseTemplateCard(29459): setFormattedContentDescription: text=20°C, iconDescription=Mostly cloudy day, contentDescription=Mostly cloudy day 20°C
07-04 18:17:24.878 D/SsBaseTemplateCard(29459): Passed-in item info is null
07-04 18:17:24.878 D/SsBaseTemplateCard(29459): Passed-in item info is null
07-04 18:17:24.878 I/SsBaseTemplateCard(29459): Secondary card pane is null
07-04 18:17:24.879 I/WeatherSmartspaceView( 2967): setFormattedContentDescription: text=20°C, iconDescription=Mostly cloudy day, contentDescription=Mostly cloudy day 20°C
07-04 18:17:24.879 I/WeatherSmartspaceView( 2967): setFormattedContentDescription: text=20°C, iconDescription=Mostly cloudy day, contentDescription=Mostly cloudy day 20°C
07-04 18:17:24.879 I/WeatherData( 2967): Weather data parsed MOSTLY_CLOUDY_DAY ("Mostly cloudy day") 20°C from Bundle[{description=Mostly cloudy day, feedback_intent=null, explanation_intent=Supplier{VAL_PARCELABLE@160+1920}, is_gaia_linked_data=true, use_celsius=true, state=7, temperature=20}]
07-04 18:17:24.882 I/SP      ( 4955): GC for 'spell_checker' (10) with ttl of 0 ms took 0 ms (0/0/0)
07-04 18:17:24.882 I/SuperpacksManagerImpl( 4955): SuperpacksManagerImpl$19.onSyncSuccess():947 spell_checker.sync() succeeded
07-04 18:17:24.882 I/adbd    ( 2198): Remote process closed the socket (on MSG_PEEK)
07-04 18:17:24.882 I/SP      ( 4955): Sync for content_cache succeeded in 34 ms: no changes
07-04 18:17:24.882 I/SP      ( 4955): Sync for emoticon_content_description succeeded in 34 ms: {removed: [1c661f5c7fb2b8a396a302d79ea74d30], metadata: false
07-04 18:17:24.883 W/System  (29459): A resource failed to call release. 
07-04 18:17:24.883 W/System  (29459): A resource failed to call release. 
07-04 18:17:24.883 W/System  (29459): A resource failed to call release. 
07-04 18:17:24.878 I/DelightKLPDownloader( 4955): DelightKLPDownloader$2.onSuccess():233 klp nb downloaded with version 2024031400
07-04 18:17:24.884 V/ActivityManager( 1795): Got obituary of 6000:com.kenleren.my_art_collection
07-04 18:17:24.884 I/Zygote  ( 1112): Process 6000 exited due to signal 9 (Killed)
07-04 18:17:24.885 I/libprocessgroup( 1795): Removed cgroup /sys/fs/cgroup/apps/uid_10326/pid_6000
07-04 18:17:24.885 I/WindowManager( 1795): WIN DEATH: Window{798cd6f u0 com.kenleren.my_art_collection/com.kenleren.my_art_collection.MainActivity}
07-04 18:17:24.888 W/ActivityManager( 1795): setHasOverlayUi called on unknown pid: 6000
07-04 18:17:24.893 I/SP      ( 4955): GC for 'content_cache' (10) with ttl of 0 ms took 0 ms (0/0/0)
07-04 18:17:24.894 I/SP      ( 4955): GC for 'emoticon_content_description' (10) with ttl of 0 ms took 0 ms (0/0/0)
07-04 18:17:24.894 I/SuperpacksManagerImpl( 4955): SuperpacksManagerImpl$19.onSyncSuccess():947 content_cache.sync() succeeded
07-04 18:17:24.894 I/SuperpacksManagerImpl( 4955): SuperpacksManagerImpl$19.onSyncSuccess():947 emoticon_content_description.sync() succeeded
07-04 18:17:24.894 I/SP      ( 4955): Sync for bundled_delight succeeded in 29 ms: no changes
07-04 18:17:24.894 I/SP      ( 4955): GC for 'bundled_delight' (10) with ttl of 0 ms took 0 ms (0/0/0)
07-04 18:17:24.894 I/LmManager( 4955): LmManager$1.onSuccess():84 Bundled delight sync success
07-04 18:17:24.894 I/SuperpacksManagerImpl( 4955): SuperpacksManagerImpl$19.onSyncSuccess():947 bundled_delight.sync() succeeded
07-04 18:17:24.897 I/SuperDelight( 4955): SuperDelightManager$2.onSuccess():521 bundled_delight sync success, adding to data file manager
07-04 18:17:24.899 I/DataFileManager( 4955): DataFileManager.addDataWithoutNotify():184 data en-US already exists
07-04 18:17:24.921 I/DisplayDeviceRepository( 1795): Display device changed render timings: "Built-in Screen", renderFrameRate=120.00001, presentationDeadlineNanos=11500000, appVsyncOffsetNanos=6233332, frameRateOverrides=[{uid=10253 frameRateHz=120.00001}, {uid=10270 frameRateHz=120.00001}]
07-04 18:17:25.021 I/bt_shim_scanner( 3117): system/main/shim/le_scanning_manager.cc:376 BatchScanReadReports: in shim layer
07-04 18:17:25.030 W/BluetoothMetricsLogger( 3117): count is not larger than 0. count: 0 key: 120302
07-04 18:17:25.030 W/BluetoothMetricsLogger( 3117): count is not larger than 0. count: 0 key: 120305
07-04 18:17:25.098 W/ActivityTaskManager( 1795): callingPackage for (uid=2000, pid=6492) has no WPC
07-04 18:17:25.100 V/Configuration( 1795): Updating configuration, locales updated from [] to [fr_FR,en_NO,nb_NO]
07-04 18:17:25.101 V/GrammaticalInflectionUtils( 1795): AttributionSource: android.content.AttributionSource@d084eb42 does not have READ_SYSTEM_GRAMMATICAL_GENDER permission.
07-04 18:17:25.105 D/RecentsView(29459): onTaskDisplayChanged: 9922, new displayId = 0
07-04 18:17:25.107 I/libbinder.BpBinder(  485): onLastStrongRef automatically unlinking death recipients for binder (0xb40000766da8deb0) with descriptor: '(not cached)'
07-04 18:17:25.108 D/Bubbles ( 2967): BubbleTaskStackListener.onTaskMovedToFront(): taskId=9922
07-04 18:17:25.108 I/ActivityTaskManager( 1795): Add Task{c0e7989 #9921 type=standard I=com.kenleren.my_art_collection/.MainActivity} to hidden list because adding Task{9019bfe #9922 type=standard I=com.kenleren.my_art_collection/.MainActivity}
07-04 18:17:25.109 V/ActivityTaskManager( 1795): TaskLaunchParamsModifier: phase=3 task=Task{9019bfe #9922 type=standard I=com.kenleren.my_art_collection/.MainActivity} activity=ActivityRecord{47864761 u0 com.kenleren.my_art_collection/.MainActivity t-1} display-from-task=0 display-id=0 task-display-area-windowing-mode=1 suggested-display-area=DefaultTaskDisplayArea@28652685 inherit-from-task=fullscreen non-freeform-task-display-area display-area=DefaultTaskDisplayArea@28652685 skip-bounds-fullscreen
07-04 18:17:25.109 I/ActivityTaskManager( 1795): START u0 {flg=0x10000000 xflg=0x5 cmp=com.kenleren.my_art_collection/.MainActivity} with LAUNCH_SINGLE_TOP from uid 2000 (com.android.shell) (BAL_ALLOW_PERMISSION) result code=0
07-04 18:17:25.109 V/WindowManagerShell( 2967): Transition requested (#1761): android.os.BinderProxy@dbd7125 TransitionRequestInfo { type = OPEN, triggerTask = TaskInfo{userId=0 taskId=9922 effectiveUid=10326 displayId=0 isRunning=true baseIntent=Intent { flg=0x10000000 cmp=com.kenleren.my_art_collection/.MainActivity } baseActivity=ComponentInfo{com.kenleren.my_art_collection/com.kenleren.my_art_collection.MainActivity} topActivity=ComponentInfo{com.kenleren.my_art_collection/com.kenleren.my_art_collection.MainActivity} origActivity=null realActivity=ComponentInfo{com.kenleren.my_art_collection/com.kenleren.my_art_collection.MainActivity} realActivityIsAppLockEnabled=false numActivities=1 lastActiveTime=104947637 supportsMultiWindow=true resizeMode=1 isResizeable=true minWidth=-1 minHeight=-1 defaultMinSize=220 token=WCT{android.os.BinderProxy@9c0a2fa} topActivityType=1 pictureInPictureParams=null shouldDockBigOverlays=false launchIntoPipHostTaskId=-1 lastParentTaskIdBeforePip=-1 displayCutoutSafeInsets=Rect(0, 161 - 0, 0) topActivityInfo=ActivityInfo{9c0ab com.kenleren.my_art_collection.MainActivity} launchCookies=[] positionInParent=Point(0, 0) parentTaskId=-1 isFocused=false isVisible=false isVisibleRequested=false isTopActivityNoDisplay=false isSleeping=false locusId=null displayAreaFeatureId=1 isTopActivityTransparent=false isActivityStackTransparent=false lastNonFullscreenBounds=null leafTaskBoundsFromOptions= false capturedLink=null capturedLinkTimestamp=0 requestedVisibleTypes=503 topActivityRequestOpenInBrowserEducationTimestamp=0 appCompatTaskInfo=AppCompatTaskInfo { topActivityInSizeCompat=false isLeafTask= true eligibleForLetterboxEducation= false isLetterboxEducationEnabled= false isLetterboxDoubleTapEnabled= false eligibleForUserAspectRatioButton= false topActivityBoundsLetterboxed= false isFromLetterboxDoubleTap= false topActivityLetterboxVerticalPosition= -1 topActivityLetterboxHorizontalPosition= -1 topActivityLetterboxWidth=-1 topActivityLetterboxHeight=-1 topActivityAppBounds=Rect(0, 0 - 1080, 2404) isUserFullscreenOverrideEnabled=false isSystemFullscreenOverrideEnabled=false hasMinAspectRatioOverride=false topActivityLetterboxBounds=null topNonResizableActivityAspectRatio=-1.0} topActivityMainWindowFrame=null isAppBubble=false}, pipChange = null, remoteTransitionInfo = null, displayChange = null, requestedLocation = null, userChange = null, windowingLayerChange = null, fullscreenRequestChange = null, flags = 0, debugId = 1761 }
07-04 18:17:25.109 W/DisplayDisconnectTransitionHandler( 2967): No disconnect change found in the transition, not handling request.
07-04 18:17:25.109 D/ShellSplitScreen( 2967): logExit: no-op, mLoggerSessionId is null
07-04 18:17:25.109 D/BaseActivity(29459): Launcher flags updated: [state_started|state_resumed|state_deferred_resumed|state_window_focused|state_user_active] -[]
07-04 18:17:25.109 V/ShellDesktopMode( 2967): DesktopTasksController: skipping handleRequest reason=triggerTask's display doesn't support desktop mode
07-04 18:17:25.109 V/Configuration( 1795): Updating configuration, locales updated from [] to [fr_FR,en_NO,nb_NO]
07-04 18:17:25.109 V/GrammaticalInflectionUtils( 1795): AttributionSource: android.content.AttributionSource@d084eb42 does not have READ_SYSTEM_GRAMMATICAL_GENDER permission.
07-04 18:17:25.110 D/CompatChangeReporter( 1795): Compat change id reported: 441041342; UID 10326; state: ENABLED
07-04 18:17:25.110 D/CompatChangeReporter( 1795): Compat change id reported: 377864165; UID 10326; state: ENABLED
07-04 18:17:25.110 D/ShellDesktopMode( 2967): DesktopRepository: Removes freeform task: taskId=9921
07-04 18:17:25.110 W/ShellDesktopMode( 2967): DesktopRepository: No display id found for task: taskId=9921
07-04 18:17:25.111 D/BaseActivity(29459): Launcher flags updated: [state_started|state_resumed|state_deferred_resumed|state_window_focused] -[state_user_active]
07-04 18:17:25.111 D/BaseActivity(29459): Launcher flags updated: [state_started|state_window_focused] -[state_resumed|state_deferred_resumed]
07-04 18:17:25.111 W/SplitSelectStateCtor(29459): Missing session instanceIds
07-04 18:17:25.111 D/StatsLog(29459): LAUNCHER_SPLIT_SELECTION_EXIT_INTERRUPTED
07-04 18:17:25.111 D/WindowManagerShell( 2967): setLauncherKeepClearAreaHeight: visible=false, height=461
07-04 18:17:25.112 I/AppsFilter( 1795): interaction: PackageSetting{a0aa4c4 com.google.android.microdroid.empty_payload/10299} -> PackageSetting{7d77a0a com.kenleren.my_art_collection/10326} BLOCKED
07-04 18:17:25.112 D/BackgroundInstallControlService( 1795): Package event received: 0
07-04 18:17:25.113 V/WindowManager( 1795): Defer transition id=1761 for TaskFragmentTransaction=android.os.Binder@8fb2898
07-04 18:17:25.113 D/b/417220811(29459): invalidateLoadedTasks - previous requestLoadId: -1
07-04 18:17:25.113 D/b/417220811(29459): invalidateLoadedTasks - previous requestLoadId: -1
07-04 18:17:25.113 D/WorkspaceRevealAnim(29459): onAnimationEnd: workspace alpha = 1.0
07-04 18:17:25.113 V/WindowManagerShell( 2967): Received remote transition finished callback for (#1760)
07-04 18:17:25.114 V/WindowManagerShell( 2967): Transition animation finished (aborted=false), notifying core (#1760) android.os.BinderProxy@96d9a53@0
07-04 18:17:25.115 V/WindowManager( 1795): Continue transition id=1761 for TaskFragmentTransaction=android.os.Binder@8fb2898
07-04 18:17:25.116 V/WindowManager( 1795): Finish Transition (#1760): created at 07-04 18:17:24.689 collect-started=0.289ms request-sent=0.588ms started=26.995ms ready=54.252ms sent=56.702ms commit=17.722ms finished=426.969ms
07-04 18:17:25.116 E/libbinder.IPCThreadState( 1795): Binder transaction failure. id: 32778075, cmd: BR_DEAD_REPLY (29189), error: -22 (Invalid argument)
07-04 18:17:25.116 W/ActivityManager( 1795): pid 1795 system sent binder code 7 with flags 1 and got error -32
07-04 18:17:25.117 W/WindowManager( 1795): Exception thrown during dispatchAppVisibility Window{798cd6f u0 com.kenleren.my_art_collection/com.kenleren.my_art_collection.MainActivity EXITING}
07-04 18:17:25.117 W/WindowManager( 1795): android.os.DeadObjectException
07-04 18:17:25.117 W/WindowManager( 1795): 	at android.os.BinderProxy.transactNative(Native Method)
07-04 18:17:25.117 W/WindowManager( 1795): 	at android.os.BinderProxy.transact(BinderProxy.java:602)
07-04 18:17:25.117 W/WindowManager( 1795): 	at android.view.IWindow$Stub$Proxy.dispatchAppVisibility(IWindow.java:580)
07-04 18:17:25.117 W/WindowManager( 1795): 	at com.android.server.wm.WindowState.sendAppVisibilityToClients(WindowState.java:3292)
07-04 18:17:25.117 W/WindowManager( 1795): 	at com.android.server.wm.WindowContainer.sendAppVisibilityToClients(WindowContainer.java:1241)
07-04 18:17:25.117 W/WindowManager( 1795): 	at com.android.server.wm.WindowToken.setClientVisible(WindowToken.java:392)
07-04 18:17:25.117 W/WindowManager( 1795): 	at com.android.server.wm.ActivityRecord.commitVisibility(ActivityRecord.java:5572)
07-04 18:17:25.117 W/WindowManager( 1795): 	at com.android.server.wm.Transition.finishTransition(Transition.java:1544)
07-04 18:17:25.117 W/WindowManager( 1795): 	at com.android.server.wm.TransitionController.finishTransition(TransitionController.java:1140)
07-04 18:17:25.117 W/WindowManager( 1795): 	at com.android.server.wm.WindowOrganizerController.finishTransition(WindowOrganizerController.java:529)
07-04 18:17:25.117 W/WindowManager( 1795): 	at android.window.IWindowOrganizerController$Stub.onTransact(IWindowOrganizerController.java:270)
07-04 18:17:25.117 W/WindowManager( 1795): 	at com.android.server.wm.WindowOrganizerController.onTransact(WindowOrganizerController.java:239)
07-04 18:17:25.117 W/WindowManager( 1795): 	at android.os.Binder.execTransactInternal(Binder.java:1471)
07-04 18:17:25.117 W/WindowManager( 1795): 	at android.os.Binder.execTransact(Binder.java:1411)
07-04 18:17:25.117 W/Process ( 1795): Unable to open /proc/6000/status
07-04 18:17:25.118 V/WindowManagerShell( 2967): Track 0 became idle
07-04 18:17:25.118 D/RecentsView(29459): onTaskRemoved: 9921, not handling task stack changes
07-04 18:17:25.119 D/RecentsView(29459): onTaskRemoved: 9921, not handling task stack changes
07-04 18:17:25.121 V/ShellTaskOrganizer( 2967): Task vanished taskId=9921
07-04 18:17:25.121 V/ShellTaskOrganizer( 2967): Fullscreen Task Vanished: #9921
07-04 18:17:25.121 V/ShellDesktopMode( 2967): Task Vanished: #9921 closed=true
07-04 18:17:25.121 D/ShellDesktopMode( 2967): AppToWebRepository: Task 9921 is vanishing. Removing task data from repository
07-04 18:17:25.121 D/b/417220811(29459): invalidateLoadedTasks - previous requestLoadId: -1
07-04 18:17:25.121 V/AppCompat( 2967): SingleSurfaceLetterboxController: []
07-04 18:17:25.121 V/AppCompat( 2967): MultiSurfaceLetterboxController: []
07-04 18:17:25.121 V/AppCompat( 2967): LetterboxInputController: []
07-04 18:17:25.121 V/AppCompat( 2967): RoundedCornersLetterboxController: {}
07-04 18:17:25.122 W/WindowManager( 1795): takeTaskSnapshot: taskId=9922 not found or not visible
07-04 18:17:25.123 W/AutofillManagerServiceImpl( 1795): getFillEventHistory() called by UID 10139, but service UID is 10162
07-04 18:17:25.124 W/libbinder.IPCThreadState( 1380): Sending oneway calls to frozen process.
07-04 18:17:25.124 W/libbinder.IPCThreadState( 1380): Sending oneway calls to frozen process.
07-04 18:17:25.124 W/libbinder.IPCThreadState( 1380): Sending oneway calls to frozen process.
07-04 18:17:25.124 W/libbinder.IPCThreadState( 1380): Sending oneway calls to frozen process.
07-04 18:17:25.124 W/libbinder.IPCThreadState( 1380): Sending oneway calls to frozen process.
07-04 18:17:25.124 W/libbinder.IPCThreadState( 1380): Sending oneway calls to frozen process.
07-04 18:17:25.124 W/libbinder.IPCThreadState( 1380): Sending oneway calls to frozen process.
07-04 18:17:25.124 W/libbinder.IPCThreadState( 1380): Sending oneway calls to frozen process.
07-04 18:17:25.124 W/libbinder.IPCThreadState( 1380): Sending oneway calls to frozen process.
07-04 18:17:25.124 W/libbinder.IPCThreadState( 1380): Sending oneway calls to frozen process.
07-04 18:17:25.124 W/libbinder.IPCThreadState( 1380): Sending oneway calls to frozen process.
07-04 18:17:25.124 D/Zygote  ( 1112): Forked child process 6496
07-04 18:17:25.125 I/ActivityManager( 1795): Start proc 6496:com.kenleren.my_art_collection/u0a326 for next-top-activity {com.kenleren.my_art_collection/com.kenleren.my_art_collection.MainActivity}
07-04 18:17:25.128 V/WindowManager( 1795): Sent Transition (#1761) createdAt=07-04 18:17:25.102 via request=TransitionRequestInfo { type = OPEN, triggerTask = TaskInfo{userId=0 taskId=9922 effectiveUid=10326 displayId=0 isRunning=true baseIntent=Intent { flg=0x10000000 cmp=com.kenleren.my_art_collection/.MainActivity } baseActivity=ComponentInfo{com.kenleren.my_art_collection/com.kenleren.my_art_collection.MainActivity} topActivity=ComponentInfo{com.kenleren.my_art_collection/com.kenleren.my_art_collection.MainActivity} origActivity=null realActivity=ComponentInfo{com.kenleren.my_art_collection/com.kenleren.my_art_collection.MainActivity} realActivityIsAppLockEnabled=false numActivities=1 lastActiveTime=104947637 supportsMultiWindow=true resizeMode=1 isResizeable=true minWidth=-1 minHeight=-1 defaultMinSize=220 token=WCT{RemoteToken{87bd755 Task{9019bfe #9922 type=standard I=com.kenleren.my_art_collection/.MainActivity}}} topActivityType=1 pictureInPictureParams=null shouldDockBigOverlays=false launchIntoPipHostTaskId=-1 lastParentTaskIdBeforePip=-1 displayCutoutSafeInsets=Rect(0, 161 - 0, 0) topActivityInfo=ActivityInfo{914c56a com.kenleren.my_art_collection.MainActivity} launchCookies=[] positionInParent=Point(0, 0) parentTaskId=-1 isFocused=false isVisible=false isVisibleRequested=false isTopActivityNoDisplay=false isSleeping=false locusId=null displayAreaFeatureId=1 isTopActivityTransparent=false isActivityStackTransparent=false lastNonFullscreenBounds=null leafTaskBoundsFromOptions= false capturedLink=null capturedLinkTimestamp=0 requestedVisibleTypes=503 topActivityRequestOpenInBrowserEducationTimestamp=0 appCompatTaskInfo=AppCompatTaskInfo { topActivityInSizeCompat=false isLeafTask= true eligibleForLetterboxEducation= false isLetterboxEducationEnabled= false isLetterboxDoubleTapEnabled= false eligibleForUserAspectRatioButton= false topActivityBoundsLetterboxed= false isFromLetterboxDoubleTap= false topActivityLetterboxVerticalPosition= -1 topActivityLetterboxHorizontalPosition= -1 topActivityLetterboxWidth=-1 topActivityLetterboxHeight=-1 topActivityAppBounds=Rect(0, 0 - 1080, 2404) isUserFullscreenOverrideEnabled=false isSystemFullscreenOverrideEnabled=false hasMinAspectRatioOverride=false topActivityLetterboxBounds=null topNonResizableActivityAspectRatio=-1.0} topActivityMainWindowFrame=null isAppBubble=false}, pipChange = null, remoteTransitionInfo = null, displayChange = null, requestedLocation = null, userChange = null, windowingLayerChange = null, fullscreenRequestChange = null, flags = 0, debugId = 1761 }
07-04 18:17:25.128 V/WindowManager( 1795):     startWCT=WindowContainerTransaction { changes= {} hops= [] flags= 0 errorCallbackToken=null taskFragmentOrganizer=null }
07-04 18:17:25.128 V/WindowManager( 1795):     info={id=1761 t=OPEN f=0x0 trk=1 r=[0@Point(0, 0)] c=[
07-04 18:17:25.128 V/WindowManager( 1795):         {WCT{RemoteToken{87bd755 Task{9019bfe #9922 type=standard I=com.kenleren.my_art_collection/.MainActivity}}} m=OPEN f=NONE leash=Surface(name=Task=9922#19063)/@0x19c2a99 sb=Rect(0, 0 - 1080, 2404) eb=Rect(0, 0 - 1080, 2404) epz=Point(1080, 2404) d=0 taskParent=-1 winMode=1 userId=0},
07-04 18:17:25.128 V/WindowManager( 1795):         {WCT{RemoteToken{e3326c2 Task{ed0d766 #1 type=home}}} m=TO_BACK f=SHOW_WALLPAPER leash=Surface(name=Task=1#44)/@0xc3fb14e sb=Rect(0, 0 - 1080, 2404) eb=Rect(0, 0 - 1080, 2404) epz=Point(1080, 2404) d=0 taskParent=-1 winMode=1 userId=0},
07-04 18:17:25.128 V/WindowManager( 1795):         {m=TO_BACK f=IS_WALLPAPER leash=Surface(name=WallpaperWindowToken{6c44cff}#61)/@0x56d85de sb=Rect(0, 0 - 1080, 2404) eb=Rect(0, 0 - 1080, 2404) epz=Point(1080, 2404) d=0}
07-04 18:17:25.128 V/WindowManager( 1795):     ]}
07-04 18:17:25.129 V/WindowManagerShell( 2967): onTransitionReady(transaction=7709466579257)
07-04 18:17:25.129 V/WindowManagerShell( 2967): onTransitionReady (#1761) android.os.BinderProxy@dbd7125: {id=1761 t=OPEN f=0x0 trk=1 r=[0@Point(0, 0)] c=[
07-04 18:17:25.129 V/WindowManagerShell( 2967):         {m=OPEN f=NONE leash=Surface(name=Task=9922#19063)/@0xb6a2e49 sb=Rect(0, 0 - 1080, 2404) eb=Rect(0, 0 - 1080, 2404) epz=Point(1080, 2404) d=0 taskParent=-1 winMode=1 userId=0},
07-04 18:17:25.129 V/WindowManagerShell( 2967):         {m=TO_BACK f=SHOW_WALLPAPER leash=Surface(name=Task=1#44)/@0xbc6234e sb=Rect(0, 0 - 1080, 2404) eb=Rect(0, 0 - 1080, 2404) epz=Point(1080, 2404) d=0 taskParent=-1 winMode=1 userId=0},
07-04 18:17:25.129 V/WindowManagerShell( 2967):         {m=TO_BACK f=IS_WALLPAPER leash=Surface(name=WallpaperWindowToken{6c44cff}#61)/@0xe72fc6f sb=Rect(0, 0 - 1080, 2404) eb=Rect(0, 0 - 1080, 2404) epz=Point(1080, 2404) d=0}
07-04 18:17:25.129 V/WindowManagerShell( 2967):     ]}
07-04 18:17:25.129 V/ShellDesktopMode( 2967): DesktopModeLogger: taskInfo map after processing changes 0
07-04 18:17:25.129 D/ShellDesktopMode( 2967): DesktopTaskChangeListener: onTaskMovingToBack for taskId=1, displayId=0 - desktop not supported
07-04 18:17:25.129 D/ShellDesktopMode( 2967): DesktopTaskChangeListener: onTaskOpening for taskId=9922, displayId=0 userId=0 currentUserId=0 parentTaskId=-1 isFreeform=false isActive=false isPinned=false
07-04 18:17:25.129 D/ShellDesktopMode( 2967): DesktopTaskChangeListener: onTaskOpening for taskId=9922, displayId=0 - desktop not supported
07-04 18:17:25.130 V/WindowManagerShell( 2967): Playing animation for (#1761) android.os.BinderProxy@dbd7125@1
07-04 18:17:25.130 D/ShellSplitScreen( 2967): startAnimation: transition=1761 isSplitActive=false
07-04 18:17:25.130 V/ShellRecents( 2967): RecentsTransitionHandler.startAnimation: no controller found
07-04 18:17:25.130 V/ShellDesktopMode( 2967): DesktopMixedTransitionHandler: No pending desktop transition
07-04 18:17:25.130 V/WindowManagerShell( 2967): Transition doesn't have explicit remote, search filters for match for {id=1761 t=OPEN f=0x0 trk=1 r=[0@Point(0, 0)] c=[{m=OPEN f=NONE leash=Surface(name=Task=9922#19063)/@0xb6a2e49 sb=Rect(0, 0 - 1080, 2404) eb=Rect(0, 0 - 1080, 2404) epz=Point(1080, 2404) d=0 taskParent=-1 winMode=1 userId=0},{m=TO_BACK f=SHOW_WALLPAPER leash=Surface(name=Task=1#44)/@0xbc6234e sb=Rect(0, 0 - 1080, 2404) eb=Rect(0, 0 - 1080, 2404) epz=Point(1080, 2404) d=0 taskParent=-1 winMode=1 userId=0},{m=TO_BACK f=IS_WALLPAPER leash=Surface(name=WallpaperWindowToken{6c44cff}#61)/@0xe72fc6f sb=Rect(0, 0 - 1080, 2404) eb=Rect(0, 0 - 1080, 2404) epz=Point(1080, 2404) d=0}]}
07-04 18:17:25.130 V/WindowManagerShell( 2967):  Checking filter Pair{{types=[] flags=0x0] notFlags=0x0 checks=[{atype=undefined independent=true modes=[CLOSE,TO_BACK] flags=IN_TASK_WITH_EMBEDDED_ACTIVITY mustBeTask=false order=ANY topActivity=null launchCookie=null taskFragmentToken=android.os.BinderProxy@61b7bee windowingMode=undefined isCrossDisplayMove=false}]} RemoteTransition { remoteTransition = android.window.IRemoteTransition$Stub$Proxy@18a788f, appThread = android.app.IApplicationThread$Stub$Proxy@64b171c, debugName = overlayBackTransition, filter = null }}
07-04 18:17:25.130 V/WindowManagerShell( 2967):  Checking filter Pair{{types=[] flags=0x0] notFlags=0x0 checks=[{atype=dream independent=true modes=[OPEN,TO_FRONT] flags=NONE mustBeTask=false order=ANY topActivity=null launchCookie=null windowingMode=undefined isCrossDisplayMove=false},{atype=home independent=true modes=[CLOSE,TO_BACK] flags=NONE mustBeTask=false order=ANY topActivity=null launchCookie=null windowingMode=undefined isCrossDisplayMove=false}]} RemoteTransition { remoteTransition = android.window.IRemoteTransition$Stub$Proxy@aab8f25, appThread = android.app.IApplicationThread$Stub$Proxy@c4768fa, debugName = LauncherToDream, filter = null }}
07-04 18:17:25.130 V/WindowManagerShell( 2967):  Checking filter Pair{{types=[] flags=0x0] notFlags=0x0 checks=[{atype=standard independent=false modes=[CHANGE] flags=NONE mustBeTask=true order=ANY topActivity=null launchCookie=null windowingMode=undefined isCrossDisplayMove=true}]} RemoteTransition { remoteTransition = android.window.IRemoteTransition$Stub$Proxy@7c00eab, appThread = android.app.IApplicationThread$Stub$Proxy@4808908, debugName = QuickstepDisplayMove, filter = null }}
07-04 18:17:25.130 V/WindowManagerShell( 2967):  Checking filter Pair{{types=[] flags=0x0] notFlags=0x100 checks=[{atype=home independent=true modes=[OPEN,TO_FRONT] flags=NONE mustBeTask=false order=ANY topActivity=ComponentInfo{com.google.android.apps.nexuslauncher/com.google.android.apps.nexuslauncher.NexusLauncherActivity} launchCookie=null windowingMode=undefined isCrossDisplayMove=false},{atype=standard independent=true modes=[CLOSE,TO_BACK] flags=NONE mustBeTask=false order=ANY topActivity=null launchCookie=null windowingMode=undefined isCrossDisplayMove=false},{NOT atype=undefined independent=true modes=[] flags=NONE mustBeTask=true order=ANY topActivity=null launchCookie=null customAnim=true windowingMode=undefined isCrossDisplayMove=false}]} RemoteTransition { remoteTransition = android.window.IRemoteTransition$Stub$Proxy@8aaf8a1, appThread = android.app.IApplicationThread$Stub$Proxy@6131ac6, debugName = QuickstepLaunchHome, filter = null }}
07-04 18:17:25.130 V/WindowManagerShell( 2967):  Checking filter Pair{{types=[OPEN,TO_FRONT] flags=0x0] notFlags=0x0 checks=[{atype=standard independent=true modes=[OPEN,TO_FRONT] flags=NONE mustBeTask=true order=ANY topActivity=null launchCookie=null windowingMode=freeform isCrossDisplayMove=false}]} RemoteTransition { remoteTransition = android.window.IRemoteTransition$Stub$Proxy@36eea87, appThread = null, debugName = DesktopWindowLimitUnminimize, filter = null }}
07-04 18:17:25.130 V/WindowManagerShell( 2967):  Delegate animation for (#1761) to null
07-04 18:17:25.130 V/WindowManagerShell( 2967): start default transition animation, info = {id=1761 t=OPEN f=0x0 trk=1 r=[0@Point(0, 0)] c=[{m=OPEN f=NONE leash=Surface(name=Task=9922#19063)/@0xb6a2e49 sb=Rect(0, 0 - 1080, 2404) eb=Rect(0, 0 - 1080, 2404) epz=Point(1080, 2404) d=0 taskParent=-1 winMode=1 userId=0},{m=TO_BACK f=SHOW_WALLPAPER leash=Surface(name=Task=1#44)/@0xbc6234e sb=Rect(0, 0 - 1080, 2404) eb=Rect(0, 0 - 1080, 2404) epz=Point(1080, 2404) d=0 taskParent=-1 winMode=1 userId=0},{m=TO_BACK f=IS_WALLPAPER leash=Surface(name=WallpaperWindowToken{6c44cff}#61)/@0xe72fc6f sb=Rect(0, 0 - 1080, 2404) eb=Rect(0, 0 - 1080, 2404) epz=Point(1080, 2404) d=0}]}
07-04 18:17:25.130 V/WindowManagerShell( 2967): loadAnimation: anim=android.view.animation.AnimationSet@1e5265a animAttr=0x13 type=OPEN isEntrance=false
07-04 18:17:25.130 V/WindowManagerShell( 2967): loadAnimation: anim=android.view.animation.AnimationSet@3dcf08b animAttr=0x12 type=OPEN isEntrance=true
