07-04 18:16:57.545 E/libbinder.IPCThreadState( 1211): binder thread pool (1 threads) starved for 106 ms
07-04 18:16:57.547 I/WifiHAL ( 1211): Getting cached scan results, iface handle = 0xb40000708bfa0950
07-04 18:16:57.547 E/WifiHAL ( 1211): Creating message to get cached scan results
07-04 18:16:57.556 I/WifiHAL ( 1211): In GetCachedScanResultsCommand::handleResponse
07-04 18:16:57.598 D/WifiHAL ( 1211): Start debug command: mType GET_FEATURE
07-04 18:16:57.598 I/WifiHAL ( 1211): CreateRequest mType = GET_FEATURE
07-04 18:16:57.598 D/WifiHAL ( 1211): In DebugCommand::handleResponse, mType:GET_FEATURE
07-04 18:16:57.598 D/WifiHAL ( 1211): len = 4, expected len = 4
07-04 18:16:57.697 D/AOC     ( 1476): A3:MSG: controller.cc, 933: SysMem: ipc: C-F1-Ar, cmd ID: 0x00c8, tag: 0x7c, rc: 0
07-04 18:16:57.697 D/AOC     ( 1476): A3:MSG: controller.cc, 933: SysMem: ipc: C-F1-Ar, cmd ID: 0x00c8, tag: 0x7d, rc: 0
07-04 18:16:58.011 W/libbinder.IPCThreadState( 1795): Sending oneway calls to frozen process.
07-04 18:16:58.063 W/libbinder.IPCThreadState( 1795): Sending oneway calls to frozen process.
07-04 18:16:58.064 W/libbinder.IPCThreadState( 1795): Sending oneway calls to frozen process.
07-04 18:16:58.065 W/libbinder.IPCThreadState( 1795): Sending oneway calls to frozen process.
07-04 18:16:58.065 W/libbinder.IPCThreadState( 1795): Sending oneway calls to frozen process.
07-04 18:16:58.066 W/libbinder.IPCThreadState( 1795): Sending oneway calls to frozen process.
07-04 18:16:58.068 W/libbinder.IPCThreadState( 1795): Sending oneway calls to frozen process.
07-04 18:16:58.069 W/libbinder.IPCThreadState( 1795): Sending oneway calls to frozen process.
07-04 18:16:58.069 W/libbinder.IPCThreadState( 1795): Sending oneway calls to frozen process.
07-04 18:16:58.070 W/libbinder.IPCThreadState( 1795): Sending oneway calls to frozen process.
07-04 18:16:58.070 W/libbinder.IPCThreadState( 1795): Sending oneway calls to frozen process.
07-04 18:16:58.071 W/libbinder.IPCThreadState( 1795): Sending oneway calls to frozen process.
07-04 18:16:58.072 W/libbinder.IPCThreadState( 1795): Sending oneway calls to frozen process.
07-04 18:16:58.074 W/libbinder.IPCThreadState( 1795): Sending oneway calls to frozen process.
07-04 18:16:58.074 W/libbinder.IPCThreadState( 1795): Sending oneway calls to frozen process.
07-04 18:16:58.075 W/libbinder.IPCThreadState( 1795): Sending oneway calls to frozen process.
07-04 18:16:58.076 W/libbinder.IPCThreadState( 1795): Sending oneway calls to frozen process.
07-04 18:16:58.161 I/NearbyMediums(23012): Found Fast Ble Advertisements :
07-04 18:16:58.161 I/NearbyMediums(23012): BleAdvertisement { version=2, socketVersion=2, isFast=true, serviceIdHash=null, data=[ 0x23 0x49 0x4b 0x34 0x36 0x11 0x32 0xef 0x09 0x5b 0xc4 0x10 0xa1 0x06 0xa2 0x53 0xaf 0x55 0x72 0xf4 0x0f 0x7d 0x6c ], deviceToken=[ 0x54 0x4e ], rxAdvertisement=null } : 53 times.
07-04 18:16:58.161 I/NearbyMediums(23012): BleAdvertisement { version=2, socketVersion=2, isFast=true, serviceIdHash=null, data=[ 0x23 0x4d 0x33 0x53 0x42 0x11 0x32 0x7b 0x11 0x23 0x07 0xfc 0x43 0x64 0x1e 0xe4 0x36 0xb2 0x21 0x56 0xf5 0x34 0xa5 ], deviceToken=[ 0xd7 0xc2 ], rxAdvertisement=null } : 32 times.
07-04 18:16:58.161 I/NearbyMediums(23012): Total 85 fast advertisements from 2 unique advertisers.
07-04 18:16:58.161 I/NearbyMediums(23012): Current Tracked Scanning Clients are : {NearbyConnections.EnvironmentMonitor, NearbySharing}
07-04 18:16:58.163 I/NearbyPresence(23012): (REDACTED) %s verified [==] new request %s equals to the old request
07-04 18:16:58.164 I/NearbyPresence(23012): (REDACTED) %s verified [==] new request %s equals to the old request
07-04 18:16:58.180 I/NearbyPresence(22422): (REDACTED) %s verified [==] new request %s equals to the old request
07-04 18:16:58.181 I/NearbyPresence(22422): (REDACTED) %s verified [==] new request %s equals to the old request
07-04 18:16:58.331 W/libbinder.IPCThreadState( 1795): Sending oneway calls to frozen process.
07-04 18:16:58.346 W/libbinder.IPCThreadState( 1795): Sending oneway calls to frozen process.
07-04 18:16:58.350 D/ActivityManager( 1795): freezing 12612 com.google.android.apps.privacy.wildlife
07-04 18:16:58.355 D/InetDiagMessage( 1795): Destroyed 0 sockets, proto=IPPROTO_TCP, family=AF_INET, states=14
07-04 18:16:58.357 D/InetDiagMessage( 1795): Destroyed 0 sockets, proto=IPPROTO_TCP, family=AF_INET6, states=14
07-04 18:16:58.357 D/InetDiagMessage( 1795): Destroyed live tcp sockets for uids={10160} in 3ms
07-04 18:16:58.384 I/DisplayDeviceRepository( 1795): Display device changed render timings: "Built-in Screen", renderFrameRate=120.00001, presentationDeadlineNanos=11500000, appVsyncOffsetNanos=6233332, frameRateOverrides=[{uid=10270 frameRateHz=60.000004}]
07-04 18:16:58.640 I/adbd    ( 2198): adbd service requested 'shell,v2,TERM=dumb,raw:input swipe 540 2180 540 300 800'
07-04 18:16:58.732 I/pixel-thermal( 1688): soc_therm:36.639 raw data: soc_therm:36639 
07-04 18:16:58.735 I/pixel-thermal( 1688): VIRTUAL-USB-UI:0 raw data: USB-MINUS-CHARGING:-4392 VIRTUAL-USB-UI:0 charging_therm:36050 usb_pwr_therm:31658 
07-04 18:16:58.736 I/pixel-thermal( 1688): north_therm:33.9 raw data: north_therm:33900 
07-04 18:16:58.736 I/pixel-thermal( 1688): flash_therm:32.775 raw data: flash_therm:32775 
07-04 18:16:58.737 I/pixel-thermal( 1688): rfpa_therm:34.575 raw data: rfpa_therm:34575 
07-04 18:16:58.737 I/pixel-thermal( 1688): quiet_therm:35.363 raw data: quiet_therm:35363 
07-04 18:16:58.737 I/pixel-thermal( 1688): usb_pwr_therm:31.658 raw data: usb_pwr_therm:31658 
07-04 18:16:58.737 I/pixel-thermal( 1688): VIRTUAL-USB-THROTTLING:0 raw data: USB-MINUS-CHARGING:-4392 VIRTUAL-USB-THROTTLING:0 usb_pwr_therm:31658 
07-04 18:16:59.050 W/ProcessStats( 1795): Tracking association SourceState{15d8c69 system/1000 BFgs #223086} whose proc state 4 is better than process ProcessState{a55a3d2 com.google.android.tts/10207 pkg=com.google.android.tts} proc state 14 (70 skipped)
07-04 18:16:59.325 I/DisplayDeviceRepository( 1795): Display device changed render timings: "Built-in Screen", renderFrameRate=120.00001, presentationDeadlineNanos=11500000, appVsyncOffsetNanos=6233332, frameRateOverrides=[]
07-04 18:16:59.353 I/hwc-DSI-1(  486): Routine: ProximitySensorStateNotifierWorker: timed
07-04 18:16:59.532 D/InetDiagMessage( 1795): Destroyed 0 sockets, proto=IPPROTO_TCP, family=AF_INET, states=14
07-04 18:16:59.534 D/InetDiagMessage( 1795): Destroyed 0 sockets, proto=IPPROTO_TCP, family=AF_INET6, states=14
07-04 18:16:59.534 D/InetDiagMessage( 1795): Destroyed live tcp sockets for uids={10148} in 5ms
07-04 18:16:59.539 D/InetDiagMessage( 1795): Destroyed 0 sockets, proto=IPPROTO_TCP, family=AF_INET, states=14
07-04 18:16:59.540 D/InetDiagMessage( 1795): Destroyed 0 sockets, proto=IPPROTO_TCP, family=AF_INET6, states=14
07-04 18:16:59.542 D/InetDiagMessage( 1795): Destroyed live tcp sockets for uids={20148} in 6ms
07-04 18:17:00.034 I/DisplayDeviceRepository( 1795): Display device changed render timings: "Built-in Screen", renderFrameRate=120.00001, presentationDeadlineNanos=11500000, appVsyncOffsetNanos=6233332, frameRateOverrides=[{uid=10270 frameRateHz=120.00001}]
07-04 18:17:00.105 I/pixel-thermal( 1688): VIRTUAL-SKIN-MODEL: model_input: [36050.00 31755.00 32775.00 33900.00 35363.00 34575.00 36639.00 31658.00 ]
07-04 18:17:00.105 I/native  ( 1688): I0000 00:00:1783181820.105242    1710 thermal_tflite_wrapper.cc:261] ThermalTfliteInvoke
07-04 18:17:00.105 I/pixel-thermal( 1688): VIRTUAL-SKIN-MODEL: model_output: [33310.8 ]
07-04 18:17:00.105 I/pixel-thermal( 1688): VIRTUAL-SKIN-MODEL: predicted_value: [33310.8 ]
07-04 18:17:00.106 I/pixel-thermal( 1688): VIRTUAL-SKIN-HINT:33.2568 raw data: VIRTUAL-SKIN:33256.8 VIRTUAL-SKIN-EQ:33256.8 VIRTUAL-SKIN-HINT:33256.8 VIRTUAL-SKIN-LEGACY:33586 VIRTUAL-SKIN-LEGACY-MODEL-DIFF:275.203 VIRTUAL-SKIN-LEGACY-SHUTDOWN:0 VIRTUAL-SKIN-MODEL:33310.8 VIRTUAL-SKIN-MODEL-CLAMPED:33310.8 VIRTUAL-SKIN-MODEL-LEGACY-DIFF:-275.203 VIRTUAL-SKIN-MODEL-UPDATED:33256.8 VIRTUAL-SKIN-MODEL-UPPER-CLAMPED:33310.8 VIRTUAL-SKIN-SUB-0:33586 VIRTUAL-SKIN-SUB-1:33546.9 VIRTUAL-SKIN-SUB-2:33576.7 VIRTUAL-SKIN-SUB-3:33473.1 VIRTUAL-SKIN-SUB-4:33310.6 VIRTUAL-SKIN-SUB-5:33058.6 VIRTUAL-SKIN-SUB-6:33203.8 VIRTUAL-SKIN-SUB-7:33232.1 VT_LEGACY_WEIGHT:0 VT_MODEL_WEIGHT:1 charging_therm:36050 disp0_therm:31755 flash_therm:32775 north_therm:33900 quiet_therm:35363 rfpa_therm:34575 soc_therm:36639 usb_pwr_therm:31658 
07-04 18:17:00.106 I/pixel-thermal( 1688): cellular-emergency:33.2568 raw data: VIRTUAL-SKIN:33256.8 cellular-emergency:33256.8 
07-04 18:17:00.107 I/pixel-thermal( 1688): BG-TASKS-THROTTLING-HINT:0 raw data: BG-TASKS-THROTTLING-EXP-PROPERTY:0 BG-TASKS-THROTTLING-HINT:0 BG_TASKS_THROTTLING_COUNT:1 IS_BG_TASKS_THROTTLING_ACTIVE:0 IS_CHARGING:1 VIRTUAL-SKIN:33256.8 thb_hda:54 
07-04 18:17:00.107 I/pixel-thermal( 1688): disp0_therm:31.755 raw data: disp0_therm:31755 
07-04 18:17:00.107 I/pixel-thermal( 1688): VIRTUAL-SKIN-CPU-LIGHT-ODPM:33.2568 raw data: VIRTUAL-SKIN:33256.8 VIRTUAL-SKIN-CPU-LIGHT-ODPM:33256.8 
07-04 18:17:00.108 I/pixel-thermal( 1688): VIRTUAL-SKIN-CPU-MID:33.2568 raw data: VIRTUAL-SKIN:33256.8 VIRTUAL-SKIN-CPU-MID:33256.8 
07-04 18:17:00.108 I/pixel-thermal( 1688): VIRTUAL-SKIN:33.2568 raw data: VIRTUAL-SKIN:33256.8 
07-04 18:17:00.109 I/pixel-thermal( 1688): VIRTUAL-SKIN-SPEAKER:33.6536 raw data: VIRTUAL-SKIN-SPEAKER:33653.6 VIRTUAL-SKIN-SPEAKER-SUB-0:32567.3 VIRTUAL-SKIN-SPEAKER-SUB-1:32653.6 charging_therm:36050 disp0_therm:31755 flash_therm:32775 north_therm:33900 quiet_therm:35363 rfpa_therm:34575 soc_therm:36639 usb_pwr_therm:31658 
07-04 18:17:00.109 I/pixel-thermal( 1688): VIRTUAL-SKIN-CPU-HIGH:33.2568 raw data: VIRTUAL-SKIN:33256.8 VIRTUAL-SKIN-CPU-HIGH:33256.8 
07-04 18:17:00.109 I/pixel-thermal( 1688): VIRTUAL-SKIN-SOC:33.2568 raw data: VIRTUAL-SKIN:33256.8 VIRTUAL-SKIN-SOC:33256.8 
07-04 18:17:00.110 I/pixel-thermal( 1688): VIRTUAL-SKIN-CPU-ODPM:33.2568 raw data: VIRTUAL-SKIN:33256.8 VIRTUAL-SKIN-CPU-ODPM:33256.8 
07-04 18:17:00.110 I/pixel-thermal( 1688): VIRTUAL-SKIN-CHARGE-WIRED:33.7568 raw data: NO_WLC:1 VIRTUAL-SKIN-CHARGE:33756.8 VIRTUAL-SKIN-CHARGE-WIRED:33756.8 VIRTUAL-SKIN-EQ:33256.8 WLC_CHECK:1 thb_hda:54 
07-04 18:17:00.111 I/pixel-thermal( 1688): VIRTUAL-SKIN-PREDICTION-MODEL: model_input: [33900.00 32775.00 36639.00 34575.00 36050.00 31755.00 31658.00 35363.00 33256.79 ]
07-04 18:17:00.111 I/native  ( 1688): I0000 00:00:1783181820.111046    1710 thermal_tflite_wrapper.cc:261] ThermalTfliteInvoke
07-04 18:17:00.115 I/pixel-thermal( 1688): VIRTUAL-SKIN-PREDICTION-MODEL: model_output: [33484.1 33522 33554.6 33592.6 33639.4 33685.8 33735.1 33791 33844.7 33893.1 ]
07-04 18:17:00.115 I/pixel-thermal( 1688): VIRTUAL-SKIN-PREDICTION-MODEL: predicted_value: [33484.1 33522 33554.6 33592.6 33639.4 33685.8 33735.1 33791 33844.7 33893.1 ]
07-04 18:17:00.116 I/pixel-thermal( 1688): STATS-UPDATOR:0 raw data: EXTREME-CONDITION-POWER-MONITOR-44C:0 EXTREME-CONDITION-POWER-MONITOR-45C:0 EXTREME-CONDITION-POWER-MONITOR-46C:0 EXTREME_WORKLOAD_ODPM:869.384 STATS-UPDATOR:0 VIRTUAL-SKIN:33256.8 VIRTUAL-SKIN-44C:0 VIRTUAL-SKIN-45C:0 VIRTUAL-SKIN-46C:0 VIRTUAL-SKIN-PREDICTION-MODEL:33484.1 VT-FORECAST-30SEC-BACK:33318.7 VT-FORECAST-60SEC-BACK:33630.2 VT-FORECAST-ERROR-30SEC:61.8906 VT-FORECAST-ERROR-60SEC:373.453 VT-FORECAST-ERROR-NOW:227.277 VT-FORECAST-NOW:33484.1 charging_therm:36050 disp0_therm:31755 flash_therm:32775 north_therm:33900 quiet_therm:35363 rfpa_therm:34575 soc_therm:36639 usb_pwr_therm:31658 
07-04 18:17:00.116 I/pixel-thermal( 1688): VIRTUAL-SKIN-CHARGE-PERSIST:33.7568 raw data: VIRTUAL-SKIN-CHARGE:33756.8 VIRTUAL-SKIN-CHARGE-PERSIST:33756.8 
07-04 18:17:00.117 I/pixel-thermal( 1688): EARLY-WARNING-SENSOR:0 raw data: EARLY-EMERGENCY-WARNING-SENSOR:0 EARLY-SHUTDOWN-WARNING-SENSOR:0 EARLY-WARNING-SENSOR:0 VIRTUAL-SKIN-PREDICTION-MODEL:33484.1 VT-FORECAST-30SEC:33652.7 VT-FORECAST-60SEC:33872.4 
07-04 18:17:00.367 I/adbd    ( 2198): adbd service requested 'exec:screencap '-p''
07-04 18:17:00.579 W/libbinder.BackendUnifiedServiceManager( 5755): Thread Pool max thread count is 0. Cannot cache binder as linkToDeath cannot be implemented. serviceName: SurfaceFlingerAIDL
07-04 18:17:00.580 W/libbinder.BpBinder( 5755): Linking to death on android.gui.ISurfaceComposer but there are no threads (yet?) listening to incoming transactions. See ProcessState::startThreadPool and ProcessState::setThreadPoolMaxThreadCount. Generally you should setup the binder threadpool before other initialization steps.
07-04 18:17:00.581 W/libbinder.ProcessState( 5755): Extra binder thread started, but 0 threads requested. Do not use *startThreadPool when zero threads are requested.
07-04 18:17:00.604 I/WifiHAL ( 1211): Creating message to get link statistics; iface = 47
07-04 18:17:00.697 I/WifiHAL ( 1211): Getting cached scan results, iface handle = 0xb40000708bfa0950
07-04 18:17:00.697 E/WifiHAL ( 1211): Creating message to get cached scan results
07-04 18:17:00.709 I/WifiHAL ( 1211): In GetCachedScanResultsCommand::handleResponse
07-04 18:17:00.724 W/TracingMuxer( 1473): type=1400 audit(0.0:24531): avc:  denied  { write } for  name="traced_producer" dev="tmpfs" ino=1373 scontext=u:r:gxp_logging:s0 tcontext=u:object_r:traced_producer_socket:s0 tclass=sock_file permissive=0
07-04 18:17:00.758 D/WifiHAL ( 1211): Start debug command: mType GET_FEATURE
07-04 18:17:00.758 I/WifiHAL ( 1211): CreateRequest mType = GET_FEATURE
07-04 18:17:00.758 D/WifiHAL ( 1211): In DebugCommand::handleResponse, mType:GET_FEATURE
07-04 18:17:00.758 D/WifiHAL ( 1211): len = 4, expected len = 4
07-04 18:17:00.792 I/DisplayDeviceRepository( 1795): Display device changed render timings: "Built-in Screen", renderFrameRate=120.00001, presentationDeadlineNanos=11500000, appVsyncOffsetNanos=6233332, frameRateOverrides=[]
07-04 18:17:00.998 I/ctjp    ( 2168): connectToGlassesApi before mutex
07-04 18:17:00.998 I/ctjp    ( 2168): connectToGlassesApi mutex acquired
07-04 18:17:01.001 D/ApiFactory( 2168): returning GlassesApi
07-04 18:17:01.002 I/AiAiEcho( 5158): (REDACTED) Predicting[%d]: %s
07-04 18:17:01.004 I/AiAiEcho( 5158): (REDACTED) EchoTargets: %s
07-04 18:17:01.004 I/AiAiEcho( 5158): Filtered by AiAi flag check: %s
07-04 18:17:01.005 I/AiAiEcho( 5158): #remoteViewsTwiddler: feature disabled.
07-04 18:17:01.005 E/GlassesApi( 2168): Unable to load GlassesApi implementation.
07-04 18:17:01.005 E/GlassesApi( 2168): com.google.android.glasses.sdk.ApiFactory$ClassLoadException: java.lang.ClassNotFoundException: GlassesCore is a stub.
07-04 18:17:01.005 E/GlassesApi( 2168): 	at com.google.android.glasses.sdk.ApiFactory.getObjectByApiMethodName(PG:41)
07-04 18:17:01.005 E/GlassesApi( 2168): 	at com.google.android.glasses.sdk.ApiFactory.getGlassesApi(PG:16)
07-04 18:17:01.005 E/GlassesApi( 2168): 	at com.google.android.glasses.sdk.GlassesApi$-CC.create(PG:4)
07-04 18:17:01.005 E/GlassesApi( 2168): 	at ctjp.e(PG:156)
07-04 18:17:01.005 E/GlassesApi( 2168): 	at ctjo.invokeSuspend(PG:29)
07-04 18:17:01.005 E/GlassesApi( 2168): 	at ctjo.a(PG:14)
07-04 18:17:01.005 E/GlassesApi( 2168): 	at ctjh.invokeSuspend(PG:42)
07-04 18:17:01.005 E/GlassesApi( 2168): 	at ctjh.invoke(PG:13)
07-04 18:17:01.005 E/GlassesApi( 2168): 	at gmfv.g(PG:3)
07-04 18:17:01.005 E/GlassesApi( 2168): 	at gmfq.b(PG:57)
07-04 18:17:01.005 E/GlassesApi( 2168): 	at gmkw.invokeSuspend(PG:24)
07-04 18:17:01.005 E/GlassesApi( 2168): 	at glrk.resumeWith(PG:11)
07-04 18:17:01.005 E/GlassesApi( 2168): 	at gmbc.run(PG:115)
07-04 18:17:01.005 E/GlassesApi( 2168): 	at fgtu.run(PG:3)
07-04 18:17:01.005 E/GlassesApi( 2168): 	at fiic.run(PG:17)
07-04 18:17:01.005 E/GlassesApi( 2168): 	at dhec.run(PG:5)
07-04 18:17:01.005 E/GlassesApi( 2168): 	at fryo.run(PG:46)
07-04 18:17:01.005 E/GlassesApi( 2168): 	at dhdo.run(PG:81)
07-04 18:17:01.005 E/GlassesApi( 2168): 	at java.lang.Thread.run(Thread.java:1572)
07-04 18:17:01.005 E/GlassesApi( 2168): 	at dhfd.run(PG:62)
07-04 18:17:01.005 E/GlassesApi( 2168): Caused by: java.lang.ClassNotFoundException: GlassesCore is a stub.
07-04 18:17:01.005 E/GlassesApi( 2168): 	at com.google.android.glasses.sdk.ApiFactory.getApiFactoryClass(PG:45)
07-04 18:17:01.005 E/GlassesApi( 2168): 	at com.google.android.glasses.sdk.ApiFactory.getObjectByApiMethodName(PG:1)
07-04 18:17:01.005 E/GlassesApi( 2168): 	... 19 more
07-04 18:17:01.005 I/AiAiEcho( 5158): (REDACTED) Predicting[%d]: %s
07-04 18:17:01.007 I/AiAiEcho( 5158): (REDACTED) EchoTargets: %s
07-04 18:17:01.007 I/AiAiEcho( 5158): Filtered by AiAi flag check: %s
07-04 18:17:01.007 W/ctjp    ( 2168): Failed to connect to GlassesApi
07-04 18:17:01.007 W/ctjp    ( 2168): java.lang.IllegalStateException: Failed to create GlassesApi
07-04 18:17:01.007 W/ctjp    ( 2168): 	at ctjp.e(PG:282)
07-04 18:17:01.007 W/ctjp    ( 2168): 	at ctjo.invokeSuspend(PG:29)
07-04 18:17:01.007 W/ctjp    ( 2168): 	at ctjo.a(PG:14)
07-04 18:17:01.007 W/ctjp    ( 2168): 	at ctjh.invokeSuspend(PG:42)
07-04 18:17:01.007 W/ctjp    ( 2168): 	at ctjh.invoke(PG:13)
07-04 18:17:01.007 W/ctjp    ( 2168): 	at gmfv.g(PG:3)
07-04 18:17:01.007 W/ctjp    ( 2168): 	at gmfq.b(PG:57)
07-04 18:17:01.007 W/ctjp    ( 2168): 	at gmkw.invokeSuspend(PG:24)
07-04 18:17:01.007 W/ctjp    ( 2168): 	at glrk.resumeWith(PG:11)
07-04 18:17:01.007 W/ctjp    ( 2168): 	at gmbc.run(PG:115)
07-04 18:17:01.007 W/ctjp    ( 2168): 	at fgtu.run(PG:3)
07-04 18:17:01.007 W/ctjp    ( 2168): 	at fiic.run(PG:17)
07-04 18:17:01.007 W/ctjp    ( 2168): 	at dhec.run(PG:5)
07-04 18:17:01.007 W/ctjp    ( 2168): 	at fryo.run(PG:46)
07-04 18:17:01.007 W/ctjp    ( 2168): 	at dhdo.run(PG:81)
07-04 18:17:01.007 W/ctjp    ( 2168): 	at java.lang.Thread.run(Thread.java:1572)
07-04 18:17:01.007 W/ctjp    ( 2168): 	at dhfd.run(PG:62)
07-04 18:17:01.007 I/AiAiEcho( 5158): (REDACTED) #weatherSubItemsTwiddler: Weather removes SubtitleSupplementalItem in surface: %s
07-04 18:17:01.008 I/AiAiEcho( 5158): #remoteViewsTwiddler: feature disabled.
07-04 18:17:01.008 I/ctjp    ( 2168): (REDACTED) delay retry by %s second(s)
07-04 18:17:01.008 I/AiAiEcho( 5158): (REDACTED) Predicting[%d]: %s
07-04 18:17:01.009 I/adzq    ( 2168): Settings API module disconnected
07-04 18:17:01.009 I/adzq    ( 2168): Wear detection disabled, using connection status
07-04 18:17:01.009 I/AiAiEcho( 5158): (REDACTED) EchoTargets: %s
07-04 18:17:01.009 I/AiAiEcho( 5158): Filtered by AiAi flag check: %s
07-04 18:17:01.010 I/AiAiEcho( 5158): (REDACTED) #weatherSubItemsTwiddler: Weather removes SubtitleSupplementalItem in surface: %s
07-04 18:17:01.011 I/AiAiSmartspace( 5158): #weatherSecondaryCardTwiddler: don't change weather for the dream surface
07-04 18:17:01.011 I/AiAiEcho( 5158): #remoteViewsTwiddler: feature disabled.
07-04 18:17:01.011 I/AiAiEcho( 5158): (REDACTED) Predicting[%d]: %s
07-04 18:17:01.013 I/AiAiEcho( 5158): (REDACTED) EchoTargets: %s
07-04 18:17:01.013 I/AiAiEcho( 5158): Filtered by AiAi flag check: %s
07-04 18:17:01.013 I/AiAiEcho( 5158): (REDACTED) #weatherSubItemsTwiddler: Weather removes SubtitleSupplementalItem in surface: %s
07-04 18:17:01.014 I/AiAiEcho( 5158): #remoteViewsTwiddler: feature disabled.
07-04 18:17:01.014 I/AiAiEcho( 5158): (REDACTED) #postPredictionTargets: Sending updates to UISurface %s with targets# %s (types=[%s])
07-04 18:17:01.017 I/AmbientCueRepository( 2967): Receiving SmartSpace targets # 0
07-04 18:17:01.022 I/AiAiEcho( 5158): (REDACTED) #postPredictionTargets: Sending updates to UISurface %s with targets# %s (types=[%s])
07-04 18:17:01.025 I/WeatherSmartspaceView( 2967): setFormattedContentDescription: text=20°C, iconDescription=Mostly cloudy day, contentDescription=Mostly cloudy day 20°C
07-04 18:17:01.026 I/WeatherSmartspaceView( 2967): setFormattedContentDescription: text=20°C, iconDescription=Mostly cloudy day, contentDescription=Mostly cloudy day 20°C
07-04 18:17:01.026 I/WeatherData( 2967): Weather data parsed MOSTLY_CLOUDY_DAY ("Mostly cloudy day") 20°C from Bundle[{description=Mostly cloudy day, feedback_intent=null, explanation_intent=Supplier{VAL_PARCELABLE@160+1920}, is_gaia_linked_data=true, use_celsius=true, state=7, temperature=20}]
07-04 18:17:01.029 I/AiAiEcho( 5158): (REDACTED) #postPredictionTargets: Sending updates to UISurface %s with targets# %s (types=[%s])
07-04 18:17:01.035 I/AiAiEcho( 5158): (REDACTED) #postPredictionTargets: Sending updates to UISurface %s with targets# %s (types=[%s])
07-04 18:17:01.260 I/adbd    ( 2198): adbd service requested 'shell,v2,TERM=dumb,raw:input keyevent BACK'
07-04 18:17:01.471 D/WindowOnBackDispatcher( 5474): setTopOnBackInvokedCallback (unwrapped): android.app.Activity$$ExternalSyntheticLambda0@e94080e
07-04 18:17:01.472 D/CoreBackPreview( 1795): Window{16276e1 u0 com.kenleren.my_art_collection/com.kenleren.my_art_collection.MainActivity}: Setting back callback OnBackInvokedCallbackInfo{mCallback=android.window.IOnBackInvokedCallback$Stub$Proxy@2a64c4d, mPriority=-1, mIsAnimationCallback=false, mOverrideBehavior=0}
07-04 18:17:01.574 D/AOC     ( 1476): A3:MSG: controller.cc, 933: SysMem: ipc: C-F1-Ar, cmd ID: 0x00c8, tag: 0x7e, rc: 0
07-04 18:17:01.574 D/AOC     ( 1476): A3:MSG: controller.cc, 933: SysMem: ipc: C-F1-Ar, cmd ID: 0x00c8, tag: 0x7f, rc: 0
07-04 18:17:02.282 I/adbd    ( 2198): adbd service requested 'shell,v2,TERM=dumb,raw:input tap 674 2200'
07-04 18:17:02.536 D/WindowOnBackDispatcher( 5474): setTopOnBackInvokedCallback (unwrapped): io.flutter.embedding.android.FlutterActivity$1@1422eff
07-04 18:17:02.537 D/CoreBackPreview( 1795): Window{16276e1 u0 com.kenleren.my_art_collection/com.kenleren.my_art_collection.MainActivity}: Setting back callback OnBackInvokedCallbackInfo{mCallback=android.window.IOnBackInvokedCallback$Stub$Proxy@3186049, mPriority=0, mIsAnimationCallback=true, mOverrideBehavior=0}
07-04 18:17:02.936 D/WindowOnBackDispatcher( 5474): setTopOnBackInvokedCallback (unwrapped): android.app.Activity$$ExternalSyntheticLambda0@e94080e
07-04 18:17:02.937 D/CoreBackPreview( 1795): Window{16276e1 u0 com.kenleren.my_art_collection/com.kenleren.my_art_collection.MainActivity}: Setting back callback OnBackInvokedCallbackInfo{mCallback=android.window.IOnBackInvokedCallback$Stub$Proxy@2d6d4e, mPriority=-1, mIsAnimationCallback=false, mOverrideBehavior=0}
07-04 18:17:02.988 I/bt_shim_scanner( 3117): system/main/shim/le_scanning_manager.cc:376 BatchScanReadReports: in shim layer
07-04 18:17:03.001 D/AOC     ( 1476): A3:MSG: controller.cc, 933: SysMem: ipc: C-F1-Ar, cmd ID: 0x00c8, tag: 0x80, rc: 0
07-04 18:17:03.001 D/AOC     ( 1476): A3:MSG: controller.cc, 933: SysMem: ipc: C-F1-Ar, cmd ID: 0x00c8, tag: 0x81, rc: 0
07-04 18:17:03.004 W/BluetoothMetricsLogger( 3117): count is not larger than 0. count: 0 key: 120302
07-04 18:17:03.004 W/BluetoothMetricsLogger( 3117): count is not larger than 0. count: 0 key: 120305
07-04 18:17:03.078 D/BoundBrokerSvc(23012): onUnbind: Intent { act=com.google.android.gms.findmydevice.spot.service.locationreport.START dat=chimera-action:/... xflg=0x4 cmp=com.google.android.gms/.chimera.PersistentApiService }
07-04 18:17:03.092 D/BoundBrokerSvc(18798): onUnbind: Intent { act=com.google.android.gms.onboardingconsent.api.ConsentManagerApiService.START dat=chimera-action:/... xflg=0x4 cmp=com.google.android.gms/.chimera.GmsApiService }
07-04 18:17:03.308 I/adbd    ( 2198): adbd service requested 'shell,v2,TERM=dumb,raw:input tap 540 990'
07-04 18:17:03.400 D/ActivityManager( 1795): freezing 13162 com.google.android.apps.turbo
07-04 18:17:03.423 D/InetDiagMessage( 1795): Destroyed 0 sockets, proto=IPPROTO_TCP, family=AF_INET, states=14
07-04 18:17:03.432 D/InetDiagMessage( 1795): Destroyed 0 sockets, proto=IPPROTO_TCP, family=AF_INET6, states=14
07-04 18:17:03.432 D/InetDiagMessage( 1795): Destroyed live tcp sockets for uids={10174} in 19ms
07-04 18:17:03.479 D/WindowOnBackDispatcher( 5474): setTopOnBackInvokedCallback (unwrapped): io.flutter.embedding.android.FlutterActivity$1@1422eff
07-04 18:17:03.480 D/CoreBackPreview( 1795): Window{16276e1 u0 com.kenleren.my_art_collection/com.kenleren.my_art_collection.MainActivity}: Setting back callback OnBackInvokedCallbackInfo{mCallback=android.window.IOnBackInvokedCallback$Stub$Proxy@749928b, mPriority=0, mIsAnimationCallback=true, mOverrideBehavior=0}
07-04 18:17:03.729 D/TemperatureStateSource( 3126): sequence=5810 actualDelay=10000
07-04 18:17:03.733 D/TemperatureStateSource( 3126): Reading temperature: sequence=5811
07-04 18:17:03.736 I/pixel-thermal( 1688): VIRTUAL-SKIN:33.2784 raw data: VIRTUAL-SKIN:33278.4 VIRTUAL-SKIN-EQ:33278.4 VIRTUAL-SKIN-LEGACY:33606.9 VIRTUAL-SKIN-LEGACY-MODEL-DIFF:296.117 VIRTUAL-SKIN-LEGACY-SHUTDOWN:0 VIRTUAL-SKIN-MODEL:33310.8 VIRTUAL-SKIN-MODEL-CLAMPED:33310.8 VIRTUAL-SKIN-MODEL-LEGACY-DIFF:-296.117 VIRTUAL-SKIN-MODEL-UPDATED:33278.4 VIRTUAL-SKIN-MODEL-UPPER-CLAMPED:33310.8 VIRTUAL-SKIN-SUB-0:33606.9 VIRTUAL-SKIN-SUB-1:33591.6 VIRTUAL-SKIN-SUB-2:33582.5 VIRTUAL-SKIN-SUB-3:33466.8 VIRTUAL-SKIN-SUB-4:33316.6 VIRTUAL-SKIN-SUB-5:33073.7 VIRTUAL-SKIN-SUB-6:33218.7 VIRTUAL-SKIN-SUB-7:33226.9 VT_LEGACY_WEIGHT:0 VT_MODEL_WEIGHT:1 charging_therm:36120 disp0_therm:31796 flash_therm:32728 north_therm:33890 quiet_therm:35510 rfpa_therm:34662 soc_therm:36598 usb_pwr_therm:31655 
07-04 18:17:03.736 D/TemperatureStateSource( 3126): getDeviceTemperatures: sequence=5811 deviceTemperatureType=3 temperatureSource=0 temperatures=[33.27839]
07-04 18:17:03.736 D/BusinessScope( 3126): Enqueuing the block
07-04 18:17:03.736 D/TemperatureStateSource( 3126): sequence=5811 waitTime=10000
07-04 18:17:03.737 D/BusinessScope( 3126): Start running the #14626 block
07-04 18:17:03.737 D/BusinessScope( 3126): Enqueuing the block
07-04 18:17:03.737 D/ImpulseStateSource( 3126): Notify clients: 7312
07-04 18:17:03.737 D/BusinessScope( 3126): Finish running the #14626 block
07-04 18:17:03.737 D/BusinessScope( 3126): Start running the #14627 block
07-04 18:17:03.737 D/BusinessScope( 3126): Finish running the #14627 block
07-04 18:17:03.765 I/WifiHAL ( 1211): Creating message to get link statistics; iface = 47
07-04 18:17:03.793 D/AOC     ( 1476): A3:MSG: controller.cc, 933: SysMem: ipc: C-F1-Ar, cmd ID: 0x00c8, tag: 0x82, rc: 0
07-04 18:17:03.793 D/AOC     ( 1476): A3:MSG: controller.cc, 933: SysMem: ipc: C-F1-Ar, cmd ID: 0x00c8, tag: 0x84, rc: 0
07-04 18:17:03.794 D/AOC     ( 1476): A3:MSG: controller.cc, 933: SysMem: ipc: C-F1-Ar, cmd ID: 0x00c8, tag: 0x83, rc: 0
07-04 18:17:03.835 I/WifiHAL ( 1211): Getting cached scan results, iface handle = 0xb40000708bfa0950
07-04 18:17:03.835 E/WifiHAL ( 1211): Creating message to get cached scan results
07-04 18:17:03.843 I/WifiHAL ( 1211): In GetCachedScanResultsCommand::handleResponse
07-04 18:17:03.878 D/WifiHAL ( 1211): Start debug command: mType GET_FEATURE
07-04 18:17:03.878 I/WifiHAL ( 1211): CreateRequest mType = GET_FEATURE
07-04 18:17:03.879 D/WifiHAL ( 1211): In DebugCommand::handleResponse, mType:GET_FEATURE
07-04 18:17:03.879 D/WifiHAL ( 1211): len = 4, expected len = 4
07-04 18:17:04.126 D/BoundBrokerSvc(23012): onUnbind: Intent { act=com.google.android.gms.libs.gmscorelogger.service.START dat=chimera-action:/... xflg=0x4 cmp=com.google.android.gms/.chimera.PersistentDirectBootAwareApiService }
07-04 18:17:04.477 I/adbd    ( 2198): adbd service requested 'exec:screencap '-p''
07-04 18:17:04.520 D/ActivityManager( 1795): freezing 3811 com.google.android.euicc
07-04 18:17:04.539 D/InetDiagMessage( 1795): Destroyed 0 sockets, proto=IPPROTO_TCP, family=AF_INET, states=14
07-04 18:17:04.549 D/InetDiagMessage( 1795): Destroyed 0 sockets, proto=IPPROTO_TCP, family=AF_INET6, states=14
07-04 18:17:04.549 D/InetDiagMessage( 1795): Destroyed live tcp sockets for uids={10148} in 18ms
07-04 18:17:04.765 W/libbinder.BackendUnifiedServiceManager( 5825): Thread Pool max thread count is 0. Cannot cache binder as linkToDeath cannot be implemented. serviceName: SurfaceFlingerAIDL
07-04 18:17:04.765 W/libbinder.BpBinder( 5825): Linking to death on android.gui.ISurfaceComposer but there are no threads (yet?) listening to incoming transactions. See ProcessState::startThreadPool and ProcessState::setThreadPoolMaxThreadCount. Generally you should setup the binder threadpool before other initialization steps.
07-04 18:17:04.765 W/libbinder.ProcessState( 5825): Extra binder thread started, but 0 threads requested. Do not use *startThreadPool when zero threads are requested.
07-04 18:17:05.013 I/adbd    ( 2198): adbd service requested 'shell,v2,TERM=dumb:export ANDROID_LOG_TAGS=''; exec logcat '-d' '-v' 'time''
