07-04 18:11:06.466 V/WindowManagerShell( 2967): Playing animation for (#1740) android.os.BinderProxy@393763d@0
07-04 18:11:06.466 D/ShellSplitScreen( 2967): startAnimation: transition=1740 isSplitActive=false
07-04 18:11:06.467 V/ShellRecents( 2967): RecentsTransitionHandler.startAnimation: no controller found
07-04 18:11:06.467 V/ShellDesktopMode( 2967): DesktopMixedTransitionHandler: No pending desktop transition
07-04 18:11:06.467 V/WindowManagerShell( 2967): Transition doesn't have explicit remote, search filters for match for {id=1740 t=CLOSE f=0x0 trk=0 r=[0@Point(0, 0)] c=[{m=CLOSE f=NONE leash=Surface(name=Task=9909#18762)/@0x3fe1e32 sb=Rect(0, 0 - 1080, 2404) eb=Rect(0, 0 - 1080, 2404) epz=Point(1080, 2404) d=0 taskParent=-1 winMode=1 userId=0},{m=TO_FRONT f=SHOW_WALLPAPER leash=Surface(name=Task=1#44)/@0xd124783 sb=Rect(0, 0 - 1080, 2404) eb=Rect(0, 0 - 1080, 2404) epz=Point(1080, 2404) d=0 taskParent=-1 winMode=1 userId=0},{m=TO_FRONT f=IS_WALLPAPER leash=Surface(name=WallpaperWindowToken{6c44cff}#61)/@0x4e48d00 sb=Rect(0, 0 - 1080, 2404) eb=Rect(0, 0 - 1080, 2404) epz=Point(1080, 2404) d=0}]}
07-04 18:11:06.467 V/WindowManagerShell( 2967):  Checking filter Pair{{types=[] flags=0x0] notFlags=0x0 checks=[{atype=undefined independent=true modes=[CLOSE,TO_BACK] flags=IN_TASK_WITH_EMBEDDED_ACTIVITY mustBeTask=false order=ANY topActivity=null launchCookie=null taskFragmentToken=android.os.BinderProxy@61b7bee windowingMode=undefined isCrossDisplayMove=false}]} RemoteTransition { remoteTransition = android.window.IRemoteTransition$Stub$Proxy@18a788f, appThread = android.app.IApplicationThread$Stub$Proxy@64b171c, debugName = overlayBackTransition, filter = null }}
07-04 18:11:06.467 V/WindowManagerShell( 2967):  Checking filter Pair{{types=[] flags=0x0] notFlags=0x0 checks=[{atype=dream independent=true modes=[OPEN,TO_FRONT] flags=NONE mustBeTask=false order=ANY topActivity=null launchCookie=null windowingMode=undefined isCrossDisplayMove=false},{atype=home independent=true modes=[CLOSE,TO_BACK] flags=NONE mustBeTask=false order=ANY topActivity=null launchCookie=null windowingMode=undefined isCrossDisplayMove=false}]} RemoteTransition { remoteTransition = android.window.IRemoteTransition$Stub$Proxy@aab8f25, appThread = android.app.IApplicationThread$Stub$Proxy@c4768fa, debugName = LauncherToDream, filter = null }}
07-04 18:11:06.467 V/WindowManagerShell( 2967):  Checking filter Pair{{types=[] flags=0x0] notFlags=0x0 checks=[{atype=standard independent=false modes=[CHANGE] flags=NONE mustBeTask=true order=ANY topActivity=null launchCookie=null windowingMode=undefined isCrossDisplayMove=true}]} RemoteTransition { remoteTransition = android.window.IRemoteTransition$Stub$Proxy@7c00eab, appThread = android.app.IApplicationThread$Stub$Proxy@4808908, debugName = QuickstepDisplayMove, filter = null }}
07-04 18:11:06.467 V/WindowManagerShell( 2967):  Checking filter Pair{{types=[] flags=0x0] notFlags=0x100 checks=[{atype=home independent=true modes=[OPEN,TO_FRONT] flags=NONE mustBeTask=false order=ANY topActivity=ComponentInfo{com.google.android.apps.nexuslauncher/com.google.android.apps.nexuslauncher.NexusLauncherActivity} launchCookie=null windowingMode=undefined isCrossDisplayMove=false},{atype=standard independent=true modes=[CLOSE,TO_BACK] flags=NONE mustBeTask=false order=ANY topActivity=null launchCookie=null windowingMode=undefined isCrossDisplayMove=false},{NOT atype=undefined independent=true modes=[] flags=NONE mustBeTask=true order=ANY topActivity=null launchCookie=null customAnim=true windowingMode=undefined isCrossDisplayMove=false}]} RemoteTransition { remoteTransition = android.window.IRemoteTransition$Stub$Proxy@8aaf8a1, appThread = android.app.IApplicationThread$Stub$Proxy@6131ac6, debugName = QuickstepLaunchHome, filter = null }}
07-04 18:11:06.467 D/RemoteTransitionHandler( 2967): Found filterPair{{types=[] flags=0x0] notFlags=0x100 checks=[{atype=home independent=true modes=[OPEN,TO_FRONT] flags=NONE mustBeTask=false order=ANY topActivity=ComponentInfo{com.google.android.apps.nexuslauncher/com.google.android.apps.nexuslauncher.NexusLauncherActivity} launchCookie=null windowingMode=undefined isCrossDisplayMove=false},{atype=standard independent=true modes=[CLOSE,TO_BACK] flags=NONE mustBeTask=false order=ANY topActivity=null launchCookie=null windowingMode=undefined isCrossDisplayMove=false},{NOT atype=undefined independent=true modes=[] flags=NONE mustBeTask=true order=ANY topActivity=null launchCookie=null customAnim=true windowingMode=undefined isCrossDisplayMove=false}]} RemoteTransition { remoteTransition = android.window.IRemoteTransition$Stub$Proxy@8aaf8a1, appThread = android.app.IApplicationThread$Stub$Proxy@6131ac6, debugName = QuickstepLaunchHome, filter = null }}
07-04 18:11:06.467 V/WindowManagerShell( 2967):  Delegate animation for (#1740) to RemoteTransition { remoteTransition = android.window.IRemoteTransition$Stub$Proxy@8aaf8a1, appThread = android.app.IApplicationThread$Stub$Proxy@6131ac6, debugName = QuickstepLaunchHome, filter = null }
07-04 18:11:06.471 D/BackgroundInstallControlService( 1795): Package event received: 0
07-04 18:11:06.472 D/BackgroundInstallControlService( 1795): Package event received: 0
07-04 18:11:06.472 D/BackgroundInstallControlService( 1795): Package event received: 0
07-04 18:11:06.475 W/ActivityTaskManager( 1795): setRunningRemoteTransition: no process for null
07-04 18:11:06.475 V/WindowManager( 1795): Sent Transition (#1740) createdAt=07-04 18:11:06.421 via request=TransitionRequestInfo { type = CLOSE, triggerTask = TaskInfo{userId=0 taskId=9909 effectiveUid=10326 displayId=0 isRunning=false baseIntent=Intent { flg=0x10000000 cmp=com.kenleren.my_art_collection/.MainActivity } baseActivity=null topActivity=null origActivity=null realActivity=ComponentInfo{com.kenleren.my_art_collection/com.kenleren.my_art_collection.MainActivity} realActivityIsAppLockEnabled=false numActivities=0 lastActiveTime=104566389 supportsMultiWindow=true resizeMode=1 isResizeable=true minWidth=-1 minHeight=-1 defaultMinSize=220 token=WCT{RemoteToken{d6f0418 Task{fef66f7 #9909 type=standard I=com.kenleren.my_art_collection/.MainActivity}}} topActivityType=1 pictureInPictureParams=null shouldDockBigOverlays=false launchIntoPipHostTaskId=-1 lastParentTaskIdBeforePip=-1 displayCutoutSafeInsets=Rect(0, 0 - 0, 0) topActivityInfo=null launchCookies=[] positionInParent=Point(0, 0) parentTaskId=-1 isFocused=true isVisible=true isVisibleRequested=true isTopActivityNoDisplay=false isSleeping=false locusId=null displayAreaFeatureId=1 isTopActivityTransparent=false isActivityStackTransparent=true lastNonFullscreenBounds=null leafTaskBoundsFromOptions= false capturedLink=null capturedLinkTimestamp=0 requestedVisibleTypes=503 topActivityRequestOpenInBrowserEducationTimestamp=0 appCompatTaskInfo=AppCompatTaskInfo { topActivityInSizeCompat=false isLeafTask= true eligibleForLetterboxEducation= false isLetterboxEducationEnabled= false isLetterboxDoubleTapEnabled= false eligibleForUserAspectRatioButton= false topActivityBoundsLetterboxed= false isFromLetterboxDoubleTap= false topActivityLetterboxVerticalPosition= -1 topActivityLetterboxHorizontalPosition= -1 topActivityLetterboxWidth=-1 topActivityLetterboxHeight=-1 topActivityAppBounds=Rect(0, 0 - 0, 0) isUserFullscreenOverrideEnabled=false isSystemFullscreenOverrideEnabled=false hasMinAspectRatioOverride=false topActivityLetterboxBounds=null topNonResizableActivityAspectRatio=-1.0} topActivityMainWindowFrame=null isAppBubble=false}, pipChange = null, remoteTransitionInfo = null, displayChange = null, requestedLocation = null, userChange = null, windowingLayerChange = null, fullscreenRequestChange = null, flags = 0, debugId = 1740 }
07-04 18:11:06.475 V/WindowManager( 1795):     startWCT=WindowContainerTransaction { changes= {} hops= [] flags= 0 errorCallbackToken=null taskFragmentOrganizer=null }
07-04 18:11:06.475 V/WindowManager( 1795):     info={id=1740 t=CLOSE f=0x0 trk=0 r=[0@Point(0, 0)] c=[
07-04 18:11:06.475 V/WindowManager( 1795):         {WCT{RemoteToken{d6f0418 Task{fef66f7 #9909 type=standard I=com.kenleren.my_art_collection/.MainActivity}}} m=CLOSE f=NONE leash=Surface(name=Task=9909#18762)/@0x6ce098a sb=Rect(0, 0 - 1080, 2404) eb=Rect(0, 0 - 1080, 2404) epz=Point(1080, 2404) d=0 taskParent=-1 winMode=1 userId=0},
07-04 18:11:06.475 V/WindowManager( 1795):         {WCT{RemoteToken{e3326c2 Task{ed0d766 #1 type=home}}} m=TO_FRONT f=SHOW_WALLPAPER leash=Surface(name=Task=1#44)/@0xc3fb14e sb=Rect(0, 0 - 1080, 2404) eb=Rect(0, 0 - 1080, 2404) epz=Point(1080, 2404) d=0 taskParent=-1 winMode=1 userId=0},
07-04 18:11:06.475 V/WindowManager( 1795):         {m=TO_FRONT f=IS_WALLPAPER leash=Surface(name=WallpaperWindowToken{6c44cff}#61)/@0x56d85de sb=Rect(0, 0 - 1080, 2404) eb=Rect(0, 0 - 1080, 2404) epz=Point(1080, 2404) d=0}
07-04 18:11:06.475 V/WindowManager( 1795):     ]}
07-04 18:11:06.475 V/WindowManagerShell( 2967):  animated by com.android.wm.shell.transition.RemoteTransitionHandler@bc8a2c
07-04 18:11:06.478 D/Bubbles ( 2967): BubbleData.onLocusVisibilityChanged() locusId=Overview|DISABLED visible=true taskId=1
07-04 18:11:06.487 D/InsetsController(29459): hide(ime())
07-04 18:11:06.508 W/PackageConfigPersister( 1795): App-specific configuration not found for packageName: com.google.android.apps.nexuslauncher and userId: 0
07-04 18:11:06.631 I/DisplayDeviceRepository( 1795): Display device changed render timings: "Built-in Screen", renderFrameRate=120.00001, presentationDeadlineNanos=11500000, appVsyncOffsetNanos=6233332, frameRateOverrides=[{uid=10253 frameRateHz=120.00001}, {uid=10270 frameRateHz=120.00001}]
07-04 18:11:06.820 V/WindowManagerShell( 2967): Received remote transition finished callback for (#1740)
07-04 18:11:06.821 V/WindowManagerShell( 2967): Transition animation finished (aborted=false), notifying core (#1740) android.os.BinderProxy@393763d@0
07-04 18:11:06.836 V/WindowManager( 1795): Finish Transition (#1740): created at 07-04 18:11:06.421 collect-started=0.062ms request-sent=0.231ms started=4.709ms ready=37.217ms sent=40.282ms commit=16.338ms finished=413.893ms
07-04 18:11:06.840 V/WindowManagerShell( 2967): Track 0 became idle
07-04 18:11:06.840 V/WindowManagerShell( 2967): All active transition animations finished
07-04 18:11:06.855 I/DisplayDeviceRepository( 1795): Display device changed render timings: "Built-in Screen", renderFrameRate=120.00001, presentationDeadlineNanos=11500000, appVsyncOffsetNanos=6233332, frameRateOverrides=[{uid=10253 frameRateHz=120.00001}]
07-04 18:11:06.884 I/DisplayDeviceRepository( 1795): Display device changed render timings: "Built-in Screen", renderFrameRate=120.00001, presentationDeadlineNanos=11500000, appVsyncOffsetNanos=6233332, frameRateOverrides=[{uid=10253 frameRateHz=120.00001}, {uid=10270 frameRateHz=60.000004}]
07-04 18:11:06.996 D/CoreBackPreview( 1795): Window{482f1af u0 com.kenleren.my_art_collection/com.kenleren.my_art_collection.MainActivity}: Setting back callback null
07-04 18:11:07.206 D/BackgroundInstallControlService( 1795): Package event received: 0
07-04 18:11:07.208 V/ShellTaskOrganizer( 2967): Task vanished taskId=9909
07-04 18:11:07.208 V/ShellTaskOrganizer( 2967): Fullscreen Task Vanished: #9909
07-04 18:11:07.208 V/ShellDesktopMode( 2967): Task Vanished: #9909 closed=true
07-04 18:11:07.208 D/ShellDesktopMode( 2967): AppToWebRepository: Task 9909 is vanishing. Removing task data from repository
07-04 18:11:07.209 V/AppCompat( 2967): SingleSurfaceLetterboxController: []
07-04 18:11:07.209 V/AppCompat( 2967): MultiSurfaceLetterboxController: []
07-04 18:11:07.209 V/AppCompat( 2967): LetterboxInputController: []
07-04 18:11:07.209 V/AppCompat( 2967): RoundedCornersLetterboxController: {}
07-04 18:11:07.470 D/HintManagerService( 1795): Starts cleaning for 10326
07-04 18:11:07.777 I/DisplayDeviceRepository( 1795): Display device changed render timings: "Built-in Screen", renderFrameRate=120.00001, presentationDeadlineNanos=11500000, appVsyncOffsetNanos=6233332, frameRateOverrides=[{uid=10253 frameRateHz=120.00001}]
07-04 18:11:09.285 D/ActivityManager( 1795): freezing 5342 com.google.android.apps.youtube.music
07-04 18:11:09.735 D/ActivityManager( 1795): freezing 19110 com.google.android.youtube
07-04 18:11:10.209 E/TaskPersister( 1795): File error accessing recents directory (directory doesn't exist?).
07-04 18:11:10.669 I/DisplayDeviceRepository( 1795): Display device changed render timings: "Built-in Screen", renderFrameRate=120.00001, presentationDeadlineNanos=11500000, appVsyncOffsetNanos=6233332, frameRateOverrides=[]
07-04 18:11:12.805 D/ActivityManager( 1795): sync unfroze 28923 com.google.android.googlequicksearchbox:googleapp for 6
07-04 18:11:12.810 D/ActivityManager( 1795): sync unfroze 28985 com.google.android.webview:sandboxed_process0:org.chromium.content.app.SandboxedProcessService0:0 for 6
07-04 18:11:13.993 D/ActivityManager( 1795): freezing 23613 com.google.assistant.hubui:search
07-04 18:11:14.067 D/BackgroundInstallControlService( 1795): Package event received: 0
07-04 18:11:14.315 I/keystore2(  477): system/security/keystore2/watchdog/src/lib.rs:371 - Watchdog thread idle -> terminating. Have a great day.
07-04 18:11:14.698 D/BackgroundInstallControlService( 1795): Package event received: 0
07-04 18:11:14.933 D/BackgroundInstallControlService( 1795): Package event received: 0
07-04 18:11:14.933 D/BackgroundInstallControlService( 1795): Package event received: 0
07-04 18:11:14.933 D/BackgroundInstallControlService( 1795): Package event received: 0
07-04 18:11:14.933 D/BackgroundInstallControlService( 1795): Package event received: 0
07-04 18:11:16.862 D/ActivityManager( 1795): freezing 1050 com.kenleren.my_art_collection
07-04 18:11:18.442 D/BackgroundInstallControlService( 1795): Package event received: 0
07-04 18:11:18.447 I/DisplayDeviceRepository( 1795): Display device changed render timings: "Built-in Screen", renderFrameRate=60.000004, presentationDeadlineNanos=11500000, appVsyncOffsetNanos=6233332, frameRateOverrides=[{uid=10253 frameRateHz=60.000004}]
07-04 18:11:18.448 D/WindowManager( 1795): DeferredDisplayUpdater: partially applying DisplayInfo(1080 x 2404) immediately
07-04 18:11:18.464 I/DisplayDeviceRepository( 1795): Display device changed render timings: "Built-in Screen", renderFrameRate=120.00001, presentationDeadlineNanos=11500000, appVsyncOffsetNanos=6233332, frameRateOverrides=[]
07-04 18:11:18.465 D/WindowManager( 1795): DeferredDisplayUpdater: partially applying DisplayInfo(1080 x 2404) immediately
07-04 18:11:19.405 I/DisplayDeviceRepository( 1795): Display device changed render timings: "Built-in Screen", renderFrameRate=60.000004, presentationDeadlineNanos=11500000, appVsyncOffsetNanos=6233332, frameRateOverrides=[{uid=10253 frameRateHz=60.000004}]
07-04 18:11:19.407 D/WindowManager( 1795): DeferredDisplayUpdater: partially applying DisplayInfo(1080 x 2404) immediately
07-04 18:11:19.571 I/DisplayDeviceRepository( 1795): Display device changed render timings: "Built-in Screen", renderFrameRate=60.000004, presentationDeadlineNanos=11500000, appVsyncOffsetNanos=6233332, frameRateOverrides=[]
07-04 18:11:19.672 I/DisplayDeviceRepository( 1795): Display device changed render timings: "Built-in Screen", renderFrameRate=120.00001, presentationDeadlineNanos=11500000, appVsyncOffsetNanos=6233332, frameRateOverrides=[]
07-04 18:11:19.673 D/WindowManager( 1795): DeferredDisplayUpdater: partially applying DisplayInfo(1080 x 2404) immediately
07-04 18:11:19.684 D/Bubbles ( 2967): BubbleTaskStackListener.onTaskMovedToFront(): taskId=9912
07-04 18:11:19.685 W/LocaleConfig( 2967): The resource file pointed to by the given resource ID isn't found.
07-04 18:11:19.685 V/ActivityTaskManager( 1795): TaskLaunchParamsModifier: phase=3 task=Task{3295a95 #9912 type=standard A=10165:com.google.android.googlequicksearchbox.googleapp} activity=ActivityRecord{228338252 u0 com.google.android.googlequicksearchbox/.InternalGoogleAppActivityEntrypoint t-1} display-area-from-source=DefaultTaskDisplayArea@28652685 display-id=0 task-display-area-windowing-mode=1 suggested-display-area=DefaultTaskDisplayArea@28652685 inherit-from-source=fullscreen non-freeform-task-display-area display-area=DefaultTaskDisplayArea@28652685 skip-bounds-fullscreen
07-04 18:11:19.685 I/ActivityTaskManager( 1795): START u0 {dat=ga:/... flg=0x10008000 xflg=0x4 cmp=com.google.android.googlequicksearchbox/.InternalGoogleAppActivityEntrypoint (has extras)} with LAUNCH_SINGLE_TOP from uid 10165 (com.google.android.googlequicksearchbox) (realCallingUid=10253) (sr=262048936) (BAL_ALLOW_VISIBLE_WINDOW [realCaller]) result code=0
07-04 18:11:19.685 V/WindowManagerShell( 2967): Transition requested (#1741): android.os.BinderProxy@efa1706 TransitionRequestInfo { type = OPEN, triggerTask = TaskInfo{userId=0 taskId=9912 effectiveUid=10165 displayId=0 isRunning=true baseIntent=Intent { dat=ga:/... flg=0x10008000 cmp=com.google.android.googlequicksearchbox/.InternalGoogleAppActivityEntrypoint } baseActivity=ComponentInfo{com.google.android.googlequicksearchbox/com.google.android.apps.search.googleapp.activity.GoogleAppActivity} topActivity=ComponentInfo{com.google.android.googlequicksearchbox/com.google.android.apps.search.googleapp.activity.GoogleAppActivity} origActivity=ComponentInfo{com.google.android.googlequicksearchbox/com.google.android.googlequicksearchbox.InternalGoogleAppActivityEntrypoint} realActivity=ComponentInfo{com.google.android.googlequicksearchbox/com.google.android.apps.search.googleapp.activity.GoogleAppActivity} realActivityIsAppLockEnabled=false numActivities=1 lastActiveTime=104582213 supportsMultiWindow=true resizeMode=2 isResizeable=true minWidth=-1 minHeight=-1 defaultMinSize=220 token=WCT{android.os.BinderProxy@823d1c7} topActivityType=1 pictureInPictureParams=null shouldDockBigOverlays=false launchIntoPipHostTaskId=-1 lastParentTaskIdBeforePip=-1 displayCutoutSafeInsets=Rect(0, 161 - 0, 0) topActivityInfo=ActivityInfo{81523f4 com.google.android.googlequicksearchbox.InternalGoogleAppActivityEntrypoint} launchCookies=[android.os.BinderProxy@4acd71d] positionInParent=Point(0, 0) parentTaskId=-1 isFocused=false isVisible=false isVisibleRequested=false isTopActivityNoDisplay=false isSleeping=false locusId=null displayAreaFeatureId=1 isTopActivityTransparent=false isActivityStackTransparent=false lastNonFullscreenBounds=null leafTaskBoundsFromOptions= false capturedLink=null capturedLinkTimestamp=0 requestedVisibleTypes=503 topActivityRequestOpenInBrowserEducationTimestamp=0 appCompatTaskInfo=AppCompatTaskInfo { topActivityInSizeCompat=false isLeafTask= true eligibleForLetterboxEducation= false isLetterboxEducationEnabled= false isLetterboxDoubleTapEnabled= false eligibleForUserAspectRatioButton= false topActivityBoundsLetterboxed= false isFromLetterboxDoubleTap= false topActivityLetterboxVerticalPosition= -1 topActivityLetterboxHorizontalPosition= -1 topActivityLetterboxWidth=-1 topActivityLetterboxHeight=-1 topActivityAppBounds=Rect(0, 0 - 1080, 2404) isUserFullscreenOverrideEnabled=false isSystemFullscreenOverrideEnabled=false hasMinAspectRatioOverride=false topActivityLetterboxBounds=null topNonResizableActivityAspectRatio=-1.0} topActivityMainWindowFrame=null isAppBubble=false}, pipChange = null, remoteTransitionInfo = RemoteTransitionInfo { remoteTransition = android.window.IRemoteTransition$Stub$Proxy@4909d92, debugName = QuickstepLaunch }, displayChange = null, requestedLocation = null, userChange = null, windowingLayerChange = null, fullscreenRequestChange = null, flags = 0, debugId = 1741 }
07-04 18:11:19.685 D/ShellSplitScreen( 2967): logExit: no-op, mLoggerSessionId is null
07-04 18:11:19.685 V/ShellDesktopMode( 2967): DesktopTasksController: skipping handleRequest reason=triggerTask's display doesn't support desktop mode
07-04 18:11:19.685 V/WindowManagerShell( 2967): RemoteTransition directly requested for (#1741) android.os.BinderProxy@efa1706: RemoteTransition { remoteTransition = android.window.IRemoteTransition$Stub$Proxy@4909d92, appThread = null, debugName = QuickstepLaunch, filter = null }
07-04 18:11:19.685 V/WindowManagerShell( 2967): Transition (#1741): request handled by DefaultMixedHandler
07-04 18:11:19.687 I/DisplayDeviceRepository( 1795): Display device changed render timings: "Built-in Screen", renderFrameRate=120.00001, presentationDeadlineNanos=11500000, appVsyncOffsetNanos=6233332, frameRateOverrides=[{uid=10253 frameRateHz=120.00001}, {uid=10270 frameRateHz=120.00001}]
07-04 18:11:19.687 D/WindowManagerShell( 2967): setLauncherKeepClearAreaHeight: visible=false, height=461
07-04 18:11:19.688 D/BackgroundInstallControlService( 1795): Package event received: 0
07-04 18:11:19.689 V/WindowManager( 1795): Defer transition id=1741 for TaskFragmentTransaction=android.os.Binder@5920b11
07-04 18:11:19.690 W/ProcessStats( 1795): Tracking association SourceState{408b75 com.android.systemui/10270 ImpFg #221891} whose proc state 5 is better than process ProcessState{724a3f8 com.google.android.apps.dreamliner/10131 pkg=com.google.android.apps.dreamliner} proc state 14 (62 skipped)
07-04 18:11:19.694 V/WindowManager( 1795): Continue transition id=1741 for TaskFragmentTransaction=android.os.Binder@5920b11
07-04 18:11:19.694 D/BackgroundInstallControlService( 1795): Package event received: 0
07-04 18:11:19.694 D/BackgroundInstallControlService( 1795): Package event received: 0
07-04 18:11:19.694 D/BackgroundInstallControlService( 1795): Package event received: 0
07-04 18:11:19.703 V/WindowManager( 1795): Sent Transition (#1741) createdAt=07-04 18:11:19.679 via request=TransitionRequestInfo { type = OPEN, triggerTask = TaskInfo{userId=0 taskId=9912 effectiveUid=10165 displayId=0 isRunning=true baseIntent=Intent { dat=ga:/... flg=0x10008000 cmp=com.google.android.googlequicksearchbox/.InternalGoogleAppActivityEntrypoint } baseActivity=ComponentInfo{com.google.android.googlequicksearchbox/com.google.android.apps.search.googleapp.activity.GoogleAppActivity} topActivity=ComponentInfo{com.google.android.googlequicksearchbox/com.google.android.apps.search.googleapp.activity.GoogleAppActivity} origActivity=ComponentInfo{com.google.android.googlequicksearchbox/com.google.android.googlequicksearchbox.InternalGoogleAppActivityEntrypoint} realActivity=ComponentInfo{com.google.android.googlequicksearchbox/com.google.android.apps.search.googleapp.activity.GoogleAppActivity} realActivityIsAppLockEnabled=false numActivities=1 lastActiveTime=104582213 supportsMultiWindow=true resizeMode=2 isResizeable=true minWidth=-1 minHeight=-1 defaultMinSize=220 token=WCT{RemoteToken{9420b49 Task{3295a95 #9912 type=standard A=10165:com.google.android.googlequicksearchbox.googleapp}}} topActivityType=1 pictureInPictureParams=null shouldDockBigOverlays=false launchIntoPipHostTaskId=-1 lastParentTaskIdBeforePip=-1 displayCutoutSafeInsets=Rect(0, 161 - 0, 0) topActivityInfo=ActivityInfo{4053c4e com.google.android.googlequicksearchbox.InternalGoogleAppActivityEntrypoint} launchCookies=[android.os.BinderProxy@eea16f] positionInParent=Point(0, 0) parentTaskId=-1 isFocused=false isVisible=false isVisibleRequested=false isTopActivityNoDisplay=false isSleeping=false locusId=null displayAreaFeatureId=1 isTopActivityTransparent=false isActivityStackTransparent=false lastNonFullscreenBounds=null leafTaskBoundsFromOptions= false capturedLink=null capturedLinkTimestamp=0 requestedVisibleTypes=503 topActivityRequestOpenInBrowserEducationTimestamp=0 appCompatTaskInfo=AppCompatTaskInfo { topActivityInSizeCompat=false isLeafTask= true eligibleForLetterboxEducation= false isLetterboxEducationEnabled= false isLetterboxDoubleTapEnabled= false eligibleForUserAspectRatioButton= false topActivityBoundsLetterboxed= false isFromLetterboxDoubleTap= false topActivityLetterboxVerticalPosition= -1 topActivityLetterboxHorizontalPosition= -1 topActivityLetterboxWidth=-1 topActivityLetterboxHeight=-1 topActivityAppBounds=Rect(0, 0 - 1080, 2404) isUserFullscreenOverrideEnabled=false isSystemFullscreenOverrideEnabled=false hasMinAspectRatioOverride=false topActivityLetterboxBounds=null topNonResizableActivityAspectRatio=-1.0} topActivityMainWindowFrame=null isAppBubble=false}, pipChange = null, remoteTransitionInfo = RemoteTransitionInfo { remoteTransition = android.window.IRemoteTransition$Stub$Proxy@5a4be7c, debugName = QuickstepLaunch }, displayChange = null, requestedLocation = null, userChange = null, windowingLayerChange = null, fullscreenRequestChange = null, flags = 0, debugId = 1741 }
07-04 18:11:19.703 V/WindowManager( 1795):     startWCT=WindowContainerTransaction { changes= {} hops= [] flags= 0 errorCallbackToken=null taskFragmentOrganizer=null }
07-04 18:11:19.703 V/WindowManager( 1795):     info={id=1741 t=OPEN f=0x0 trk=0 r=[0@Point(0, 0)] c=[
07-04 18:11:19.703 V/WindowManager( 1795):         {WCT{RemoteToken{9420b49 Task{3295a95 #9912 type=standard A=10165:com.google.android.googlequicksearchbox.googleapp}}} m=OPEN f=NONE leash=Surface(name=Task=9912#18820)/@0x48aa713 sb=Rect(0, 0 - 1080, 2404) eb=Rect(0, 0 - 1080, 2404) epz=Point(1080, 2404) d=0 taskParent=-1 winMode=1 userId=0},
07-04 18:11:19.703 V/WindowManager( 1795):         {WCT{RemoteToken{e3326c2 Task{ed0d766 #1 type=home}}} m=TO_BACK f=SHOW_WALLPAPER leash=Surface(name=Task=1#44)/@0xc3fb14e sb=Rect(0, 0 - 1080, 2404) eb=Rect(0, 0 - 1080, 2404) epz=Point(1080, 2404) d=0 taskParent=-1 winMode=1 userId=0},
07-04 18:11:19.703 V/WindowManager( 1795):         {m=TO_BACK f=IS_WALLPAPER leash=Surface(name=WallpaperWindowToken{6c44cff}#61)/@0x56d85de sb=Rect(0, 0 - 1080, 2404) eb=Rect(0, 0 - 1080, 2404) epz=Point(1080, 2404) d=0}
07-04 18:11:19.703 V/WindowManager( 1795):     ]}
07-04 18:11:19.704 V/WindowManagerShell( 2967): onTransitionReady(transaction=7709466577593)
07-04 18:11:19.704 V/WindowManagerShell( 2967): onTransitionReady (#1741) android.os.BinderProxy@efa1706: {id=1741 t=OPEN f=0x0 trk=0 r=[0@Point(0, 0)] c=[
07-04 18:11:19.704 V/WindowManagerShell( 2967):         {m=OPEN f=NONE leash=Surface(name=Task=9912#18820)/@0x5437224 sb=Rect(0, 0 - 1080, 2404) eb=Rect(0, 0 - 1080, 2404) epz=Point(1080, 2404) d=0 taskParent=-1 winMode=1 userId=0},
07-04 18:11:19.704 V/WindowManagerShell( 2967):         {m=TO_BACK f=SHOW_WALLPAPER leash=Surface(name=Task=1#44)/@0x656c18d sb=Rect(0, 0 - 1080, 2404) eb=Rect(0, 0 - 1080, 2404) epz=Point(1080, 2404) d=0 taskParent=-1 winMode=1 userId=0},
07-04 18:11:19.704 V/WindowManagerShell( 2967):         {m=TO_BACK f=IS_WALLPAPER leash=Surface(name=WallpaperWindowToken{6c44cff}#61)/@0x1f78f42 sb=Rect(0, 0 - 1080, 2404) eb=Rect(0, 0 - 1080, 2404) epz=Point(1080, 2404) d=0}
07-04 18:11:19.704 V/WindowManagerShell( 2967):     ]}
07-04 18:11:19.704 V/ShellDesktopMode( 2967): DesktopModeLogger: taskInfo map after processing changes 0
07-04 18:11:19.704 D/ShellDesktopMode( 2967): DesktopTaskChangeListener: onTaskMovingToBack for taskId=1, displayId=0 - desktop not supported
07-04 18:11:19.704 D/ShellDesktopMode( 2967): DesktopTaskChangeListener: onTaskOpening for taskId=9912, displayId=0 userId=0 currentUserId=0 parentTaskId=-1 isFreeform=false isActive=false isPinned=false
07-04 18:11:19.704 D/ShellDesktopMode( 2967): DesktopTaskChangeListener: onTaskOpening for taskId=9912, displayId=0 - desktop not supported
07-04 18:11:19.704 V/WindowManagerShell( 2967): Playing animation for (#1741) android.os.BinderProxy@efa1706@0
07-04 18:11:19.704 V/WindowManagerShell( 2967):  try firstHandler com.android.wm.shell.transition.DefaultMixedHandler@a65fa23
07-04 18:11:19.704 V/WindowManagerShell( 2967): Mixed transition for opening an intent with a remote transition and PIP or Desktop #1741
07-04 18:11:19.704 V/WindowManagerShell( 2967): tryAnimateOpenIntentWithRemoteAndPipOrDesktop
07-04 18:11:19.704 V/WindowManagerShell( 2967):  Delegate animation for (#1741) to RemoteTransition { remoteTransition = android.window.IRemoteTransition$Stub$Proxy@4909d92, appThread = null, debugName = QuickstepLaunch, filter = null }
07-04 18:11:19.705 V/WindowManagerShell( 2967):  animated by firstHandler
07-04 18:11:19.706 V/ShellTaskOrganizer( 2967): Task appeared taskId=9912 listener=FullscreenTaskListener
07-04 18:11:19.706 V/ShellTaskOrganizer( 2967): Fullscreen Task Appeared: #9912
07-04 18:11:19.846 D/BackgroundInstallControlService( 1795): Package event received: 0
07-04 18:11:19.876 D/BackgroundInstallControlService( 1795): Package event received: 0
07-04 18:11:19.876 D/BackgroundInstallControlService( 1795): Package event received: 0
07-04 18:11:19.881 D/CoreBackPreview( 1795): Window{2fd5637 u0 com.google.android.googlequicksearchbox/com.google.android.googlequicksearchbox.InternalGoogleAppActivityEntrypoint}: Setting back callback OnBackInvokedCallbackInfo{mCallback=android.window.IOnBackInvokedCallback$Stub$Proxy@f18a909, mPriority=-1, mIsAnimationCallback=false, mOverrideBehavior=0}
07-04 18:11:19.882 D/CoreBackPreview( 1795): Window{2fd5637 u0 com.google.android.googlequicksearchbox/com.google.android.googlequicksearchbox.InternalGoogleAppActivityEntrypoint}: Setting back callback OnBackInvokedCallbackInfo{mCallback=android.window.IOnBackInvokedCallback$Stub$Proxy@6f6e70e, mPriority=1000000, mIsAnimationCallback=false, mOverrideBehavior=0}
07-04 18:11:19.894 V/AutofillSession( 1795): Primary service component name: ComponentInfo{com.google.android.gms/com.google.android.gms.autofill.service.AutofillService}, secondary service component name: ComponentInfo{com.android.credentialmanager/com.android.credentialmanager.autofill.CredentialAutofillService}
07-04 18:11:19.894 V/SecondaryProviderHandler( 1795): Creating a secondary provider handler with component name, ComponentInfo{com.android.credentialmanager/com.android.credentialmanager.autofill.CredentialAutofillService}
07-04 18:11:19.894 D/PresentationStatsEventLogger( 1795): Started new PresentationStatsEvent
07-04 18:11:19.895 W/FillRequestEventLogger( 1795): Shouldn't be logging AutofillFillRequestReported again for same event
07-04 18:11:19.895 W/FillResponseEventLogger( 1795): Shouldn't be logging AutofillFillRequestReported again for same event
07-04 18:11:19.895 W/PresentationStatsEventLogger( 1795): Shouldn't be logging AutofillPresentationEventReported again for same event
07-04 18:11:19.896 D/AutofillSession( 1795): clearPendingIntentLocked
07-04 18:11:19.897 D/BackgroundInstallControlService( 1795): Package event received: 0
07-04 18:11:19.921 D/AutofillSession( 1795): createPendingIntent for request 750
07-04 18:11:19.932 I/DisplayDeviceRepository( 1795): Display device changed render timings: "Built-in Screen", renderFrameRate=120.00001, presentationDeadlineNanos=11500000, appVsyncOffsetNanos=6233332, frameRateOverrides=[{uid=10165 frameRateHz=120.00001}, {uid=10253 frameRateHz=120.00001}, {uid=10270 frameRateHz=120.00001}]
07-04 18:11:19.950 D/InsetsController(28923): show(ime())
07-04 18:11:19.950 D/InsetsController(28923): Setting requestedVisibleTypes to 511 (was 503)
07-04 18:11:19.958 W/PackageConfigPersister( 1795): App-specific configuration not found for packageName: com.google.android.googlequicksearchbox and userId: 0
07-04 18:11:19.961 D/BackgroundInstallControlService( 1795): Package event received: 0
07-04 18:11:19.961 D/BackgroundInstallControlService( 1795): Package event received: 0
07-04 18:11:19.985 D/BackgroundInstallControlService( 1795): Package event received: 0
07-04 18:11:20.054 D/BackgroundInstallControlService( 1795): Package event received: 0
07-04 18:11:20.065 D/Bubbles ( 2967): BubbleController.BubblesImeListener.onImeVisibilityChanged visible=true runnable=null stackView=null
07-04 18:11:20.119 D/AutofillSession( 1795): Service did not request to wait for delayed fill response.
07-04 18:11:20.134 D/BackgroundInstallControlService( 1795): Package event received: 0
07-04 18:11:20.149 D/BackgroundInstallControlService( 1795): Package event received: 0
07-04 18:11:20.152 W/WindowManager( 1795): Requires INTERNAL_SYSTEM_WINDOW permission if assign type to input. New type will be 0.
07-04 18:11:20.162 W/WindowManager( 1795): Requires INTERNAL_SYSTEM_WINDOW permission if assign type to input. New type will be 0.
07-04 18:11:20.182 I/DisplayDeviceRepository( 1795): Display device changed render timings: "Built-in Screen", renderFrameRate=120.00001, presentationDeadlineNanos=11500000, appVsyncOffsetNanos=6233332, frameRateOverrides=[{uid=10165 frameRateHz=120.00001}, {uid=10217 frameRateHz=120.00001}, {uid=10253 frameRateHz=120.00001}, {uid=10270 frameRateHz=120.00001}]
07-04 18:11:20.193 D/AutofillSession( 1795): onShown(): 2, 1
07-04 18:11:20.215 V/WindowManagerShell( 2967): Received remote transition finished callback for (#1741)
07-04 18:11:20.217 V/WindowManagerShell( 2967): Transition animation finished (aborted=false), notifying core (#1741) android.os.BinderProxy@efa1706@0
07-04 18:11:20.219 V/WindowManager( 1795): Finish Transition (#1741): created at 07-04 18:11:19.679 collect-started=0.058ms request-sent=5.909ms started=6.78ms ready=14.877ms sent=23.087ms commit=12.307ms finished=539.758ms
07-04 18:11:20.220 V/WindowManagerShell( 2967): Track 0 became idle
07-04 18:11:20.220 V/WindowManagerShell( 2967): All active transition animations finished
07-04 18:11:20.225 D/Bubbles ( 2967): BubbleData.onLocusVisibilityChanged() locusId=Overview|DISABLED visible=false taskId=1
07-04 18:11:20.234 D/BackgroundInstallControlService( 1795): Package event received: 0
07-04 18:11:20.240 I/DisplayDeviceRepository( 1795): Display device changed render timings: "Built-in Screen", renderFrameRate=120.00001, presentationDeadlineNanos=11500000, appVsyncOffsetNanos=6233332, frameRateOverrides=[{uid=10165 frameRateHz=120.00001}, {uid=10217 frameRateHz=120.00001}, {uid=10253 frameRateHz=120.00001}, {uid=10270 frameRateHz=120.00001}, {uid=10289 frameRateHz=120.00001}]
07-04 18:11:20.375 I/DisplayDeviceRepository( 1795): Display device changed render timings: "Built-in Screen", renderFrameRate=120.00001, presentationDeadlineNanos=11500000, appVsyncOffsetNanos=6233332, frameRateOverrides=[{uid=10165 frameRateHz=120.00001}, {uid=10217 frameRateHz=120.00001}, {uid=10253 frameRateHz=60.000004}, {uid=10289 frameRateHz=120.00001}]
07-04 18:11:20.788 I/DisplayDeviceRepository( 1795): Display device changed render timings: "Built-in Screen", renderFrameRate=120.00001, presentationDeadlineNanos=11500000, appVsyncOffsetNanos=6233332, frameRateOverrides=[{uid=10165 frameRateHz=120.00001}, {uid=10217 frameRateHz=120.00001}, {uid=10289 frameRateHz=120.00001}]
07-04 18:11:21.737 D/CoreBackPreview( 1795): Window{2fd5637 u0 com.google.android.googlequicksearchbox/com.google.android.googlequicksearchbox.InternalGoogleAppActivityEntrypoint}: Setting back callback OnBackInvokedCallbackInfo{mCallback=android.window.IOnBackInvokedCallback$Stub$Proxy@bfe4e23, mPriority=0, mIsAnimationCallback=true, mOverrideBehavior=0}
07-04 18:11:21.809 D/InsetsController(28923): hide(ime())
07-04 18:11:21.809 D/InsetsController(28923): Setting requestedVisibleTypes to 503 (was 511)
07-04 18:11:21.811 D/Bubbles ( 2967): BubbleController.BubblesImeListener.onImeVisibilityChanged visible=false runnable=null stackView=null
07-04 18:11:21.821 D/BackgroundInstallControlService( 1795): Package event received: 0
07-04 18:11:21.892 D/BackgroundInstallControlService( 1795): Package event received: 0
07-04 18:11:22.144 D/HintManagerService( 1795): Sent cleanup message for uid 10217
07-04 18:11:22.173 I/DisplayDeviceRepository( 1795): Display device changed render timings: "Built-in Screen", renderFrameRate=120.00001, presentationDeadlineNanos=11500000, appVsyncOffsetNanos=6233332, frameRateOverrides=[{uid=10165 frameRateHz=120.00001}]
07-04 18:11:22.365 W/WindowManager( 1795): Failed looking up window session=Session{2183880 3369:u0a10289} callers=com.android.server.wm.WindowManagerService.removeClientToken:2232 com.android.server.wm.Session.remove:290 android.view.IWindowSession$Stub.onTransact:669 
07-04 18:11:22.368 W/WindowManager( 1795): Failed looking up window session=Session{2183880 3369:u0a10289} callers=com.android.server.wm.WindowManagerService.removeClientToken:2232 com.android.server.wm.Session.remove:290 android.view.IWindowSession$Stub.onTransact:669 
07-04 18:11:22.570 D/ActivityManager( 1795): sync unfroze 19698 com.android.chrome for 4
07-04 18:11:22.570 D/ActivityManager( 1795): sync unfroze 20611 com.android.chrome:privileged_process0 for 4
07-04 18:11:22.571 D/ActivityManager( 1795): sync unfroze 1952 com.android.chrome:sandboxed_process0:org.chromium.content.app.SandboxedProcessService0:4 for 4
07-04 18:11:22.572 D/ActivityManager( 1795): sync unfroze 20704 com.android.chrome:sandboxed_process0:org.chromium.content.app.SandboxedProcessService0:0 for 4
07-04 18:11:22.578 D/ActivityThread(20611): Package [com.kenleren.my_art_collection] reported as REPLACED, but missing application info. Assuming REMOVED.
07-04 18:11:22.579 D/ActivityThread(20611): Package [com.kenleren.my_art_collection] reported as REPLACED, but missing application info. Assuming REMOVED.
07-04 18:11:22.614 D/ActivityThread(20704): Package [com.kenleren.my_art_collection] reported as REPLACED, but missing application info. Assuming REMOVED.
07-04 18:11:22.605 D/ActivityThread( 1952): Package [com.kenleren.my_art_collection] reported as REPLACED, but missing application info. Assuming REMOVED.
07-04 18:11:22.621 D/ActivityThread(20704): Package [com.kenleren.my_art_collection] reported as REPLACED, but missing application info. Assuming REMOVED.
07-04 18:11:22.623 D/ActivityThread( 1952): Package [com.kenleren.my_art_collection] reported as REPLACED, but missing application info. Assuming REMOVED.
07-04 18:11:22.691 E/TaskPersister( 1795): File error accessing recents directory (directory doesn't exist?).
07-04 18:11:22.743 D/ActivityThread(19698): Package [com.kenleren.my_art_collection] reported as REPLACED, but missing application info. Assuming REMOVED.
07-04 18:11:22.744 D/ActivityThread(19698): Package [com.kenleren.my_art_collection] reported as REPLACED, but missing application info. Assuming REMOVED.
07-04 18:11:23.148 D/HintManagerService( 1795): Starts cleaning for 10217
07-04 18:11:24.724 I/DisplayDeviceRepository( 1795): Display device changed render timings: "Built-in Screen", renderFrameRate=120.00001, presentationDeadlineNanos=11500000, appVsyncOffsetNanos=6233332, frameRateOverrides=[]
07-04 18:11:24.989 I/DisplayDeviceRepository( 1795): Display device changed render timings: "Built-in Screen", renderFrameRate=120.00001, presentationDeadlineNanos=11500000, appVsyncOffsetNanos=6233332, frameRateOverrides=[{uid=10165 frameRateHz=120.00001}]
07-04 18:11:25.741 I/DisplayDeviceRepository( 1795): Display device changed render timings: "Built-in Screen", renderFrameRate=120.00001, presentationDeadlineNanos=11500000, appVsyncOffsetNanos=6233332, frameRateOverrides=[]
07-04 18:11:31.496 D/ActivityManager( 1795): freezing 13162 com.google.android.apps.turbo
07-04 18:11:33.399 D/BackgroundInstallControlService( 1795): Package event received: 0
07-04 18:11:33.402 D/ActivityManager( 1795): sync unfroze 13162 com.google.android.apps.turbo for 6
07-04 18:11:33.405 D/BackgroundInstallControlService( 1795): Package event received: 0
07-04 18:11:40.358 D/ActivityManager( 1795): freezing 32128 com.microsoft.windowsintune.companyportal:auth
07-04 18:11:40.624 W/PackageConfigPersister( 1795): App-specific configuration not found for packageName: com.google.android.googlequicksearchbox and userId: 0
07-04 18:11:40.625 I/DisplayDeviceRepository( 1795): Display device changed render timings: "Built-in Screen", renderFrameRate=120.00001, presentationDeadlineNanos=11500000, appVsyncOffsetNanos=6233332, frameRateOverrides=[{uid=10165 frameRateHz=120.00001}]
07-04 18:11:43.601 I/DisplayDeviceRepository( 1795): Display device changed render timings: "Built-in Screen", renderFrameRate=120.00001, presentationDeadlineNanos=11500000, appVsyncOffsetNanos=6233332, frameRateOverrides=[]
07-04 18:11:43.690 D/ActivityManager( 1795): sync unfroze 10535 com.google.android.gms.unstable for 6
07-04 18:11:43.705 D/ActivityManager( 1795): sync unfroze 5928 com.google.android.apps.messaging for 6
07-04 18:11:43.725 W/ProcessStats( 1795): Tracking association SourceState{2e76b2 com.google.android.apps.messaging/10154 ImpBg #222040} whose proc state 6 is better than process ProcessState{3d60143 com.google.android.gms.unstable/10162 pkg=com.google.android.gms} proc state 14 (30 skipped)
07-04 18:11:52.980 W/AppOps  ( 1795): Noting op not finished: uid 10162 pkg com.google.android.gms code 113 startTime of in progress event=1783181474934
07-04 18:11:52.993 W/AppOps  ( 1795): Noting op not finished: uid 10162 pkg com.google.android.gms code 79 startTime of in progress event=1783181474934
07-04 18:11:53.003 W/AppOps  ( 1795): Noting op not finished: uid 10162 pkg com.google.android.gms code 79 startTime of in progress event=1783181474934
07-04 18:11:53.021 W/AppOps  ( 1795): Noting op not finished: uid 10376 pkg com.google.android.apps.fitness code 79 startTime of in progress event=1783181402984
07-04 18:11:53.983 W/AppOps  ( 1795): Noting op not finished: uid 10162 pkg com.google.android.gms code 113 startTime of in progress event=1783181474934
07-04 18:11:53.984 W/AppOps  ( 1795): Noting op not finished: uid 10376 pkg com.google.android.apps.fitness code 79 startTime of in progress event=1783181402984
07-04 18:11:54.115 D/ActivityManager( 1795): freezing 10535 com.google.android.gms.unstable
07-04 18:11:54.128 D/ActivityManager( 1795): freezing 5928 com.google.android.apps.messaging
07-04 18:12:00.049 I/DisplayDeviceRepository( 1795): Display device changed render timings: "Built-in Screen", renderFrameRate=120.00001, presentationDeadlineNanos=11500000, appVsyncOffsetNanos=6233332, frameRateOverrides=[{uid=10270 frameRateHz=120.00001}]
07-04 18:12:00.809 I/DisplayDeviceRepository( 1795): Display device changed render timings: "Built-in Screen", renderFrameRate=120.00001, presentationDeadlineNanos=11500000, appVsyncOffsetNanos=6233332, frameRateOverrides=[]
07-04 18:12:02.475 V/AttentionDetector( 1795): Checking user attention, ID: 391
07-04 18:12:02.489 D/BackgroundInstallControlService( 1795): Package event received: 0
07-04 18:12:02.635 I/Lyric   ( 1134): smart_read_ahead_controller.cc:256: [SMRA] Waking up!
07-04 18:12:02.636 I/Lyric   ( 1134): camera_powerhal_impl.cc:189: SetPowerBoost Trigger CAMERA_LAUNCH for 1000ms
07-04 18:12:02.636 I/Lyric   ( 1134): smart_read_ahead_controller.cc:63: [SMRA] Processing request
07-04 18:12:02.636 I/Lyric   ( 1134): smart_read_ahead_controller.cc:246: [SMRA] UpdateModeAndConfig, config: from 0 to 0, mode: from 0 to 0
07-04 18:12:02.637 W/Lyric   ( 1134): device_context.cc:373: NotifyCaptureSessionOpen: No OisController found for physical camera FrontVirtual. Status: NOT_FOUND: Failed to find controller by type and camera id(FrontVirtual); Controller with ID: optical image stabilization controller for camera: FrontVirtual not present in device_context
07-04 18:12:02.637 W/Lyric   ( 1134): device_context.cc:373: NotifyCaptureSessionOpen: No OisController found for physical camera Front. Status: NOT_FOUND: Failed to find controller by type and camera id(Front); Controller with ID: optical image stabilization controller for camera: Front not present in device_context
07-04 18:12:02.639 I/G3ACoordinator( 1134): coordinator.cc:1082: Coordinator::AeNotifyCaptureSessionOpen called for camera: {position: front, lens_type: multi_fov, spectrum: visible, instance: real, capability: {default_mode: 1, in_sensor_hdr: 1, remosaic: 0, max_resolution: 0}}
07-04 18:12:02.640 I/G3ACoordinator( 1134): coordinator.cc:1106: Coordinator::AfNotifyCaptureSessionOpen called for camera: {position: front, lens_type: multi_fov, spectrum: visible, instance: real, capability: {default_mode: 1, in_sensor_hdr: 1, remosaic: 0, max_resolution: 0}}
07-04 18:12:02.640 I/G3ACoordinator( 1134): coordinator.cc:1131: Coordinator::AsdNotifyCaptureSessionOpen called for camera: {position: front, lens_type: multi_fov, spectrum: visible, instance: real, capability: {default_mode: 1, in_sensor_hdr: 1, remosaic: 0, max_resolution: 0}}
07-04 18:12:02.640 I/G3ACoordinator( 1134): coordinator.cc:1148: Coordinator::AwbNotifyCaptureSessionOpen called for camera: {position: front, lens_type: multi_fov, spectrum: visible, instance: real, capability: {default_mode: 1, in_sensor_hdr: 1, remosaic: 0, max_resolution: 0}}
07-04 18:12:02.640 I/G3ACoordinator( 1134): coordinator.cc:1065: Coordinator::NotifyCaptureSessionOpen called for camera: {position: front, lens_type: multi_fov, spectrum: visible, instance: real, capability: {default_mode: 1, in_sensor_hdr: 1, remosaic: 0, max_resolution: 0}}
07-04 18:12:02.640 I/Lyric   ( 1134): motion_sensor_controller_proxy.cc:477: Start to acquire all sensor readers.
07-04 18:12:02.640 V/WindowManager( 1795): WindowManager: Display id=0 is notified that Camera 1 is open for package com.google.android.as
07-04 18:12:02.640 I/G3ACoordinator( 1134): coordinator.cc:1065: Coordinator::NotifyCaptureSessionOpen called for camera: {position: front, lens_type: multi_fov, spectrum: visible, instance: real, capability: {default_mode: 1, in_sensor_hdr: 1, remosaic: 0, max_resolution: 0}}
07-04 18:12:02.641 I/Lyric   ( 1134): camera_device_session_manager_base.cc:486: CameraDeviceSessionManager for camera id(FrontMultiFov) is created.
07-04 18:12:02.641 W/WindowManager( 1795): WindowManager: Cannot find camera activity.
07-04 18:12:02.641 I/Lyric   ( 1134): camera_device_session_hwl_impl.cc:354: Created CameraDeviceSessionHwlImpl for camera 1
07-04 18:12:02.642 I/Lyric   ( 1134): camera_device_manager_impl.cc:66: Pinning memory flag v2 is set to 0.
07-04 18:12:02.649 I/Lyric   ( 1134): spectral_driver.cc:182: Changed als mode from 2 to 1 for sensor: rear with new id: 1491
07-04 18:12:02.652 I/Lyric   ( 1134): direct_channel_motion_sensor_data_streamer.cc:591: gyroscope resource acquired.
07-04 18:12:02.653 I/Lyric   ( 1134): time_triggered_task_pool.cc:66: Timer is created: TTTP[0,0]
07-04 18:12:02.653 I/Lyric   ( 1134): time_triggered_task_pool.cc:112: TTTP[0,0] worker is running the loop
07-04 18:12:02.654 I/Lyric   ( 1134): camera_device_session_hwl_impl.cc:1332: CameraDeviceSessionHwlImpl::IsStreamConfigurationSupported 1
07-04 18:12:02.654 I/Lyric   ( 1134): lyric_basic_capture_session.cc:66: LyricBasicCaptureSession supports the stream config
07-04 18:12:02.654 I/Lyric   ( 1134): camera_powerhal_impl.cc:265: SetPowerStreamingMode CAMERA_GPU_STANDARD mode
07-04 18:12:02.654 I/Lyric   ( 1134): camera_powerhal_impl.cc:265: SetPowerStreamingMode CAMERA_STREAMING_VIDEO_CALL mode
07-04 18:12:02.656 I/Lyric   ( 1134): spectral_driver.cc:182: Changed als mode from 2 to 1 for sensor: front with new id: 1492
07-04 18:12:02.657 I/Lyric   ( 1134): camera_powerhal_impl.cc:189: SetPowerBoost Trigger CAMERA_BACKEND_BOOST for 300ms
07-04 18:12:02.657 I/Lyric   ( 1134): camera_device_session_manager_impl.cc:547: Graph recycling disabled, flag_checks; is_logical_camera_configured: 1, is_camera_launch: 0, is_remapping_active_: 0
07-04 18:12:02.657 I/Lyric   ( 1134): camera_device_session_manager_impl.cc:392: ==========Classified streams for camera 1==========
07-04 18:12:02.657 I/Lyric   ( 1134): camera_device_session_manager_impl.cc:396: Physical camera id 7 stream id 32768 width 640 height 480 format: YCBCR_420_888 usage: 2 type Output
07-04 18:12:02.657 I/Lyric   ( 1134): camera_device_session_manager_impl.cc:396: Physical camera id 8 stream id 32769 width 640 height 480 format: YCBCR_420_888 usage: 2 type Output
07-04 18:12:02.657 I/Lyric   ( 1134): camera_device_session_manager_impl.cc:403: Dump lyric internal stream:
07-04 18:12:02.657 I/Lyric   ( 1134):  internal stream 32769 map to framework stream id 0 for camera id 8
07-04 18:12:02.657 I/Lyric   ( 1134):  internal stream 32768 map to framework stream id 0 for camera id 7
07-04 18:12:02.658 I/Lyric   ( 1134): camera_device_session_hwl_impl.cc:879: BuildPipelines entered, camera_id: 1
07-04 18:12:02.658 I/Lyric   ( 1134): active_camera_device_tracker.cc:53: Adding camera: 1, is_logical_camera: 1, is_front_camera: 1, is_1p_camera_app: 0, active devices: 0, is_tele_camera_participant: 0
07-04 18:12:02.658 I/Lyric   ( 1134): active_camera_device_tracker.cc:199: No specific graph requested, allowing lyric to select based on stream configuration.
07-04 18:12:02.658 I/Lyric   ( 1134): camera_device_session_manager_base.cc:693: Attempting to build a processing graph
07-04 18:12:02.658 I/Lyric   ( 1134): choose_and_make.h:48: Not making GenericGraph due to: FAILED_PRECONDITION: GenericGraph can't support stream configuration with logical camera
07-04 18:12:02.658 I/Lyric   ( 1134): multicam_graph.cc:533: SW denoise not supported: no eligible JPEG or YUV snapshot stream
07-04 18:12:02.658 I/Lyric   ( 1134): multicam_node.cc:889: Create Multicam node for logical camera 1, default camera id 8, roi transformation type 0, enable metadata validation 0, enable zoom ratio recalculation 1, enable multicam two stage processing 1
07-04 18:12:02.658 I/Lyric   ( 1134): top_level_graph_utils.cc:27: Sobek system property (from enable_sobek): 0
07-04 18:12:02.658 I/Lyric   ( 1134): top_level_graph_utils.cc:41: Sobek session enabled (from GCA) : 0 for camera Front
07-04 18:12:02.658 I/Lyric   ( 1134): top_level_graph_utils.cc:50: Sobek sensor enabled (from sensor properties): 0 for camera Front
07-04 18:12:02.658 I/Lyric   ( 1134): top_level_graph_utils.cc:41: Sobek session enabled (from GCA) : 0 for camera FrontVirtual
07-04 18:12:02.658 I/Lyric   ( 1134): top_level_graph_utils.cc:50: Sobek sensor enabled (from sensor properties): 0 for camera FrontVirtual
07-04 18:12:02.658 I/Lyric   ( 1134): guess_camera_mode.cc:345: GetAppInfo: vendor tags  camera 1p: 0 camera extension: 0 face auth mode: 0
