07-04 18:17:07.990 I/InputMethodEntryManager( 4955): InputMethodEntryManager$6.onSuccess():3179 Success load additional ImeDefs, entryChanged=true, additionalImeDefsChanged=true, [ImeDef{stringId=password, language=und-Latn-x-password, languageTag=und-Latn-x-password, processedConditions={language=de-DE, variant=qwertz, enable_number_row=true, enable_pk_simulator=false, device=phone, true=true, writing_helper_enable_by_word_revert=true, enable_number_row_in_password=true}, className=com.google.android.libraries.inputmethod.ime.password.PasswordIme, label=2132019358, keyEventInterpreter=null, inlineComposing=true, autoCapital=true, announceAutoSelectedCandidate=true, statusIcon=0, indicatorIcon=0, indicatorLabel=null, displayAppCompletions=false, extraValues=otq{}, processors=com.google.android.libraries.inputmethod.metadata.ProcessorsDef@961c4ff, unacceptableMetaKeys=4098, languageSpecificSettings=0, asciiCapable=false, alwaysShowSuggestions=false, useAsciiPasswordKeyboard=false, keyboardGroupDef=KeyboardGroupDef(variant=qwertz, variantLabel=0, pkLanguageTag=, pkLayoutType=, dynamicLayout=null, layoutSpecificSettings=[], layoutSpecificTheme=2132083596, order=0, supportsSplitMode=true, supportsOneHandedMode=true, isVariantNameMandatory=false, keyboardDefInfos={prime=KeyboardDefInfo(kbType=prime, initialStates=0, keyboardDefs=[2132215273, 2132215985, 2132215482], extraValues=otq{}), digit=KeyboardDefInfo(kbType=digit, initialStates=0, keyboardDefs=[2132215914], extraValues=otq{}), symbol=KeyboardDefInfo(kbType=symbol, initialStates=0, keyboardDefs=[2132216099], extraValues=otq{})}, overrideKeyboardXmlConditions=com.google.android.libraries.inputmethod.metadata.OverrideKeyboardXmlConditionsDef@c8e71c9), phenotypeFlagId=0, localizationLanguageTag=null, supportsInlineSuggestion=false}, ImeDef{stringId=number, language=und-Latn-x-number, languageTag=und-Latn-x-number, processedConditions={}, className=com.google.android.libraries.inputmethod.ime.DummyIme, label=2132019295, keyEventInterpreter=null, inlineComposing=true, autoCapital=false, announceAutoSelectedCandidate=false, statusIcon=0, indicatorIcon=0, indicatorLabel=null, displayAppCompletions=false, extraValues=otq{}, processors=com.google.android.libraries.inputmethod.metadata.ProcessorsDef@961c4ff, unacceptableMetaKeys=4098, languageSpecificSettings=0, asciiCapable=false, alwaysShowSuggestions=false, useAsciiPasswordKeyboard=false, keyboardGroupDef=KeyboardGroupDef(variant=, variantLabel=0, pkLanguageTag=, pkLayoutType=, dynamicLayout=null, layoutSpecificSettings=[], layoutSpecificTheme=0, order=0, supportsSplitMode=false, supportsOneHandedMode=true, isVariantNameMandatory=false, keyboardDefInfos={prime=KeyboardDefInfo(kbType=prime, initialStates=0, keyboardDefs=[2132215919], extraValues=otq{})}, overrideKeyboardXmlConditions=com.google.android.libraries.inputmethod.metadata.OverrideKeyboardXmlConditionsDef@652b42a), phenotypeFlagId=0, localizationLanguageTag=null, supportsInlineSuggestion=false}, ImeDef{stringId=number_password, language=und-Latn-x-number-password, languageTag=und-Latn-x-number-password, processedConditions={}, className=com.google.android.libraries.inputmethod.ime.DummyIme, label=2132019296, keyEventInterpreter=null, inlineComposing=true, autoCapital=false, announceAutoSelectedCandidate=false, statusIcon=0, indicatorIcon=0, indicatorLabel=null, displayAppCompletions=false, extraValues=otq{}, processors=com.google.android.libraries.inputmethod.metadata.ProcessorsDef@961c4ff, unacceptableMetaKeys=4098, languageSpecificSettings=0, asciiCapable=false, alwaysShowSuggestions=false, useAsciiPasswordKeyboard=false, keyboardGroupDef=KeyboardGroupDef(variant=, variantLabel=0, pkLanguageTag=, pkLayoutType=, dynamicLayout=null, layoutSpecificSettings=[], layoutSpecificTheme=0, order=0, supportsSplitMode=false, supportsOneHandedMode=true, isVariantNameMandatory=false, keyboardDefInfos={prime=KeyboardDefInfo(kbType=prime, initialStates=0, keyboardDefs=[2132215920], extraValues=otq{})}, overrideKeyboardXmlConditions=com.google.android
07-04 18:17:07.990 I/InputMethodEntryManager( 4955): .libraries.inputmethod.metadata.OverrideKeyboardXmlConditionsDef@697b21b), phenotypeFlagId=0, localizationLanguageTag=null, supportsInlineSuggestion=false}, ImeDef{stringId=phone_number, language=und-Latn-x-phone-number, languageTag=und-Latn-x-phone-number, processedConditions={}, className=com.google.android.libraries.inputmethod.ime.DummyIme, label=2132019394, keyEventInterpreter=null, inlineComposing=true, autoCapital=false, announceAutoSelectedCandidate=false, statusIcon=0, indicatorIcon=0, indicatorLabel=null, displayAppCompletions=false, extraValues=otq{}, processors=com.google.android.libraries.inputmethod.metadata.ProcessorsDef@961c4ff, unacceptableMetaKeys=4098, languageSpecificSettings=0, asciiCapable=false, alwaysShowSuggestions=false, useAsciiPasswordKeyboard=false, keyboardGroupDef=KeyboardGroupDef(variant=, variantLabel=0, pkLanguageTag=, pkLayoutType=, dynamicLayout=null, layoutSpecificSettings=[], layoutSpecificTheme=0, order=0, supportsSplitMode=false, supportsOneHandedMode=true, isVariantNameMandatory=false, keyboardDefInfos={prime=KeyboardDefInfo(kbType=prime, initialStates=0, keyboardDefs=[2132215945], extraValues=otq{})}, overrideKeyboardXmlConditions=com.google.android.libraries.inputmethod.metadata.OverrideKeyboardXmlConditionsDef@2bd3fb8), phenotypeFlagId=0, localizationLanguageTag=null, supportsInlineSuggestion=false}, ImeDef{stringId=date_time, language=und-Latn-x-date-time, languageTag=und-Latn-x-date-time, processedConditions={}, className=com.google.android.libraries.inputmethod.ime.DummyIme, label=2132017770, keyEventInterpreter=null, inlineComposing=true, autoCapital=false, announceAutoSelectedCandidate=false, statusIcon=0, indicatorIcon=0, indicatorLabel=null, displayAppCompletions=false, extraValues=otq{}, processors=com.google.android.libraries.inputmethod.metadata.ProcessorsDef@961c4ff, unacceptableMetaKeys=4098, languageSpecificSettings=0, asciiCapable=false, alwaysShowSuggestions=false, useAsciiPasswordKeyboard=false, keyboardGroupDef=KeyboardGroupDef(variant=, variantLabel=0, pkLanguageTag=, pkLayoutType=, dynamicLayout=null, layoutSpecificSettings=[], layoutSpecificTheme=0, order=0, supportsSplitMode=false, supportsOneHandedMode=true, isVariantNameMandatory=false, keyboardDefInfos={prime=KeyboardDefInfo(kbType=prime, initialStates=0, keyboardDefs=[2132215785], extraValues=otq{})}, overrideKeyboardXmlConditions=com.google.android.libraries.inputmethod.metadata.OverrideKeyboardXmlConditionsDef@44e6191), phenotypeFlagId=0, localizationLanguageTag=null, supportsInlineSuggestion=false}]
07-04 18:17:07.990 I/InputMethodEntryManager( 4955): InputMethodEntryManager.onSuccessLoadingAdditionalImeDefs():3255 Additional ImeDefs have been loaded, maybe notify entry change: true
07-04 18:17:07.990 I/AiAiEcho( 5158): (REDACTED) #postPredictionTargets: Sending updates to UISurface %s with targets# %s (types=[%s])
07-04 18:17:07.990 I/GoogleInputMethodService( 4955): GoogleInputMethodService.onCurrentInputMethodEntryChanged():2537 onCurrentInputMethodEntryChanged(): imeDefsChanged=true, entryLanguageVariantChanged=true, keyboardContextChanged=true
07-04 18:17:07.991 I/GoogleInputMethodService( 4955): GoogleInputMethodService.clearInputMethodServiceData():1130 clearInputMethodServiceData for entryChange
07-04 18:17:07.991 I/AbstractOpenableExtension( 4955): AbstractOpenableExtension.maybeDestroyExistingKeyboardGroupManager():536 Destroy existing keyboard group manager in ijy
07-04 18:17:07.991 I/AbstractOpenableExtension( 4955): AbstractOpenableExtension$3.onSuccess():556 KeyboardGroupManager destroyed in ijy.
07-04 18:17:07.991 I/AbstractOpenableExtension( 4955): AbstractOpenableExtension.createKeyboardGroupManagerListenableFuture():121 Create keyboard group manager listenable future in ijy
07-04 18:17:07.991 I/AbstractOpenableExtension( 4955): AbstractOpenableExtension.maybeDestroyExistingKeyboardGroupManager():536 Destroy existing keyboard group manager in fps
07-04 18:17:07.991 I/AbstractOpenableExtension( 4955): AbstractOpenableExtension$3.onSuccess():556 KeyboardGroupManager destroyed in fps.
07-04 18:17:07.991 I/AbstractOpenableExtension( 4955): AbstractOpenableExtension.createKeyboardGroupManagerListenableFuture():121 Create keyboard group manager listenable future in fps
07-04 18:17:07.991 I/AbstractOpenableExtension( 4955): AbstractOpenableExtension.maybeDestroyExistingKeyboardGroupManager():536 Destroy existing keyboard group manager in ing
07-04 18:17:07.991 I/AbstractOpenableExtension( 4955): AbstractOpenableExtension$3.onSuccess():556 KeyboardGroupManager destroyed in ing.
07-04 18:17:07.991 I/AbstractOpenableExtension( 4955): AbstractOpenableExtension.createKeyboardGroupManagerListenableFuture():121 Create keyboard group manager listenable future in ing
07-04 18:17:07.991 I/KeyboardGroupDefParser( 4955): KeyboardGroupDefParser.parseKeyboardGroupDef():72 parseKeyboardGroupDef() 2132213994 -> 0_resource_name_obfuscated : WaitTime = 0 ms : RunTime = 0 ms
07-04 18:17:07.991 I/KeyboardGroupDefParser( 4955): KeyboardGroupDefParser.parseKeyboardGroupDef():72 parseKeyboardGroupDef() 2132213997 -> 0_resource_name_obfuscated : WaitTime = 0 ms : RunTime = 0 ms
07-04 18:17:07.992 I/KeyboardGroupDefParser( 4955): KeyboardGroupDefParser.parseKeyboardGroupDef():72 parseKeyboardGroupDef() 2132213998 -> 0_resource_name_obfuscated : WaitTime = 0 ms : RunTime = 0 ms
07-04 18:17:07.992 I/GoogleInputMethodService( 4955): GoogleInputMethodService.initializeInputMethodServiceData():895 initializeInputMethodServiceData for nyk{languageTag=de-DE, variant=qwertz, hasLocalizedResources=true, conditionCacheKey=_android_software_xr_api_spatial=false_app_first_start_timestamp=1751424294780_device=phone_device_size=default_enable_free_cursor_by_long_press_space=true_enable_number_row=false_enable_number_row_in_password=true_enable_pk_simulator=false_enable_pk_simulator_setting=false_enable_scrub_move=true_enable_secondary_digits=true_enable_secondary_symbols=false_expressions=normal_four_or_more_letter_rows=false_free_cursor=false_keyboard_font_size_setting=_keyboard_mode=normal_language=de-DE_layout_9key_split=false_orientation=portrait_physical_keyboard=nokeys_pk_simulator_vk_ready=false_pref_enable_flick_symbols=false_rtl_layout=false_show_comma_key=true_show_period_key=true_show_secondary_digits=true_show_suggestion_strip=true_show_suggestions=true_split_with_duplicate_keys=true_true=true_variant=qwertz_writing_helper_enable_by_word_revert=true, imeDef.stringId=ime_german, imeDef.className=com.google.android.apps.inputmethod.libs.edittracker.EditTrackingImeWrapper, imeDef.languageTag=de}
07-04 18:17:07.993 I/AiAiEcho( 5158): (REDACTED) #postPredictionTargets: Sending updates to UISurface %s with targets# %s (types=[%s])
07-04 18:17:07.993 I/KeyboardThemeProvider( 4955): KeyboardThemeProvider.applyKeyboardTheme():27 Apply keyboard theme: theme,!gsf,!pgsf,!use_system_font,BORDER,FLAVOR_DPI=XXHDPI,KEYBOARD_WIDTH_CATEGORY=NORMAL,KEY_BORDER_SHAPE=1,LIGHT_THEME=false,PHYSICAL_DIAGONAL=6.38325,POPUP,SCREEN_SHORTEST_WIDTH=443,SCREEN_SHORTEST_WIDTH_NO_SCALE=443,SW400DP,XXHDPI,bottom4dp,enable_popup_on_keypress=true,keyboard_height_49_mm,non_linear_scale,noshadow,overlay_builtin_dynamic_color_dark_base.binarypb:gm3-dark-ff0e0e0e-ffbfc9c3-ce8dd9b88ca39a3ab328ec0047523a18,pgsans,silkpopup
07-04 18:17:07.993 I/InputMethodEntryManager( 4955): InputMethodEntryManager.getAdditionalImeDefs():2563 getAdditionalImeDefs() called, flag enabled: false, isUserUnlocked: true
07-04 18:17:07.993 I/InputMethodEntryManager( 4955): InputMethodEntryManager.getAdditionalImeDefs():2571 OptimizeAdditionalImeDefLoadingFlag disabled, retrieving additional ImeDefs synchronously for entry: nyk{languageTag=de-DE, variant=qwertz, hasLocalizedResources=true, conditionCacheKey=_android_software_xr_api_spatial=false_app_first_start_timestamp=1751424294780_device=phone_device_size=default_enable_free_cursor_by_long_press_space=true_enable_number_row=false_enable_number_row_in_password=true_enable_pk_simulator=false_enable_pk_simulator_setting=false_enable_scrub_move=true_enable_secondary_digits=true_enable_secondary_symbols=false_expressions=normal_four_or_more_letter_rows=false_free_cursor=false_keyboard_font_size_setting=_keyboard_mode=normal_language=de-DE_layout_9key_split=false_orientation=portrait_physical_keyboard=nokeys_pk_simulator_vk_ready=false_pref_enable_flick_symbols=false_rtl_layout=false_show_comma_key=true_show_period_key=true_show_secondary_digits=true_show_suggestion_strip=true_show_suggestions=true_split_with_duplicate_keys=true_true=true_variant=qwertz_writing_helper_enable_by_word_revert=true, imeDef.stringId=ime_german, imeDef.className=com.google.android.apps.inputmethod.libs.edittracker.EditTrackingImeWrapper, imeDef.languageTag=de}
07-04 18:17:07.993 I/AmbientCueRepository( 2967): Receiving SmartSpace targets # 0
07-04 18:17:07.994 I/InputBundle( 4955): InputBundle.prefetchKeyboard():670 prefetchKeyboard: prime
07-04 18:17:07.994 I/WeatherSmartspaceView( 2967): setFormattedContentDescription: text=20°C, iconDescription=Mostly cloudy day, contentDescription=Mostly cloudy day 20°C
07-04 18:17:07.994 I/WeatherSmartspaceView( 2967): setFormattedContentDescription: text=20°C, iconDescription=Mostly cloudy day, contentDescription=Mostly cloudy day 20°C
07-04 18:17:07.994 I/WeatherData( 2967): Weather data parsed MOSTLY_CLOUDY_DAY ("Mostly cloudy day") 20°C from Bundle[{description=Mostly cloudy day, feedback_intent=null, explanation_intent=Supplier{VAL_PARCELABLE@160+1920}, is_gaia_linked_data=true, use_celsius=true, state=7, temperature=20}]
07-04 18:17:07.994 I/KeyboardDefManager( 4955): KeyboardDefManager.requestKeyboardDef():128 requestKeyboardDef(): type=prime, info=ouy{defIds=[#0x7f1705e9, #0x7f1708b1], defIdsCacheKey=[2132215273, 2132215985]}
07-04 18:17:07.994 I/KeyboardDefManager( 4955): KeyboardDefManager.requestKeyboardDef():195 requestKeyboardDef(): getOrCreate from cache, info=ouy{defIds=[#0x7f1705e9, #0x7f1708b1], defIdsCacheKey=[2132215273, 2132215985]}
07-04 18:17:07.994 I/InputBundleManager( 4955): InputBundleManager.loadActiveInputBundleId():552 loadActiveInputBundleId: de, ime_german
07-04 18:17:07.995 I/KeyboardDefManager( 4955): KeyboardDefManager.loadKeyboardDefFromXml():219 loadKeyboardDefFromXml(): start for info=ouy{defIds=[#0x7f1705e9, #0x7f1708b1], defIdsCacheKey=[2132215273, 2132215985]}
07-04 18:17:07.995 I/SystemSubtypesReportModule( 4955): SystemSubtypesReportModule$2.onCurrentInputMethodEntryChanged():150 entry: de-DE, source: UNSPECIFIED
07-04 18:17:07.995 I/SystemSubtypesReportModule( 4955): SystemSubtypesReportModule$2.onCurrentInputMethodEntryChanged():164 switchSubtype(de-DE)
07-04 18:17:07.995 I/ewom    ( 2168): (REDACTED) HDM. appOpsListener %s %s
07-04 18:17:07.995 I/ewom    ( 2168): (REDACTED) HDM. Ignoring irrelevant audio permission changes for package %s
07-04 18:17:07.996 W/libbinder.IPCThreadState( 1380): Sending oneway calls to frozen process.
07-04 18:17:07.997 W/libbinder.IPCThreadState( 1380): Sending oneway calls to frozen process.
07-04 18:17:07.997 W/libbinder.IPCThreadState( 1380): Sending oneway calls to frozen process.
07-04 18:17:07.997 I/DelightKLPDownloader( 4955): DelightKLPDownloader.getBundledLmVersion():312 bundled KLP for nb version = 0
07-04 18:17:07.997 W/libbinder.IPCThreadState( 1380): Sending oneway calls to frozen process.
07-04 18:17:07.997 W/libbinder.IPCThreadState( 1380): Sending oneway calls to frozen process.
07-04 18:17:07.998 W/libbinder.IPCThreadState( 1380): Sending oneway calls to frozen process.
07-04 18:17:07.998 W/libbinder.IPCThreadState( 1380): Sending oneway calls to frozen process.
07-04 18:17:07.998 W/libbinder.IPCThreadState( 1380): Sending oneway calls to frozen process.
07-04 18:17:07.998 W/libbinder.IPCThreadState( 1380): Sending oneway calls to frozen process.
07-04 18:17:07.998 W/libbinder.IPCThreadState( 1380): Sending oneway calls to frozen process.
07-04 18:17:07.998 W/libbinder.IPCThreadState( 1380): Sending oneway calls to frozen process.
07-04 18:17:07.998 I/AiAiEcho( 5158): (REDACTED) #postPredictionTargets: Sending updates to UISurface %s with targets# %s (types=[%s])
07-04 18:17:08.000 I/CrossProfileSender( 4955): binder.tryBind returned true, expecting onServiceConnected
07-04 18:17:08.000 I/DelightKLPDownloader( 4955): DelightKLPDownloader.getBundledLmVersion():312 bundled KLP for nb version = 0
07-04 18:17:08.000 I/DelightKLPDownloader( 4955): DelightKLPDownloader.getBundledLmVersion():312 bundled KLP for en_US version = 2026030300
07-04 18:17:08.000 I/JarvisExtension( 4955): JarvisExtension.onCreateExtension():350 onCreate
07-04 18:17:08.000 I/DelightKLPDownloader( 4955): DelightKLPDownloader.getBundledLmVersion():312 bundled KLP for de_DE version = 0
07-04 18:17:08.000 I/InputReader( 1795): Reconfiguring input devices, changes=KEYBOARD_LAYOUTS
07-04 18:17:08.001 I/DelightKLPDownloader( 4955): DelightKLPDownloader.getBundledLmVersion():312 bundled KLP for de_DE version = 0
07-04 18:17:08.001 I/Delight5( 4955): JniUtil.loadLibrary():30 loadLibrary(): nativeLibraryLoaded=true
07-04 18:17:08.001 I/ManifestedDataDownloader( 4955): ManifestedDataDownloader.download():67 downloading manifest https://www.gstatic.com/android/keyboard/dictionarypack/2026032418/metadata.json-perlang/nb.json?v=2026060100
07-04 18:17:08.001 I/ManifestedDataDownloader( 4955): ManifestedDataDownloader.download():67 downloading manifest https://www.gstatic.com/android/keyboard/dictionarypack/2026032418/metadata.json-perlang/nb.json?v=2026060100
07-04 18:17:08.001 I/ManifestedDataDownloader( 4955): ManifestedDataDownloader.download():67 downloading manifest https://www.gstatic.com/android/keyboard/dictionarypack/2026032418/metadata.json-perlang/en-US.json?v=2026060100
07-04 18:17:08.001 I/NetworkInfoNotification( 4955): NetworkInfoNotification$Listener.onReceive():107 onNetworkAvailable: networkState = NON_METERED, isAirplaneModeOn = false
07-04 18:17:08.002 I/SP      ( 4955): Registering content_cache.2024032915, url: https://www.gstatic.com/android/keyboard/modelpack/contentcache/202403291544/superpacks_manifest.json, constraints: W:*:*:*, flags: bg, requested: 2024032915, current: 2024032915
07-04 18:17:08.002 I/DelightKLPDownloader( 4955): DelightKLPDownloader.getBundledLmVersion():312 bundled KLP for en_US version = 2026030300
07-04 18:17:08.002 I/NetworkInfoNotification( 4955): NetworkInfoNotification$Listener.onReceive():107 onNetworkAvailable: networkState = NON_METERED, isAirplaneModeOn = false
07-04 18:17:08.002 I/ManifestedDataDownloader( 4955): ManifestedDataDownloader.download():67 downloading manifest https://www.gstatic.com/android/keyboard/dictionarypack/2026032418/metadata.json-perlang/de-DE.json?v=2026060100
07-04 18:17:08.002 I/ManifestedDataDownloader( 4955): ManifestedDataDownloader.download():67 downloading manifest https://www.gstatic.com/android/keyboard/dictionarypack/2026032418/metadata.json-perlang/de-DE.json?v=2026060100
07-04 18:17:08.002 I/ManifestedDataDownloader( 4955): ManifestedDataDownloader.download():67 downloading manifest https://www.gstatic.com/android/keyboard/dictionarypack/2026032418/metadata.json-perlang/en-US.json?v=2026060100
07-04 18:17:08.002 I/ConversationalRewritePrompterImpl( 4955): ConversationalRewritePrompterImpl.<init>():110 Successfully loaded native lib prompt_templates_android_jni
07-04 18:17:08.002 I/AbstractOpenableExtension( 4955): AbstractOpenableExtension.createKeyboardGroupManagerListenableFuture():121 Create keyboard group manager listenable future in gya
07-04 18:17:08.002 I/NetworkInfoNotification( 4955): NetworkInfoNotification$Listener.onReceive():107 onNetworkAvailable: networkState = NON_METERED, isAirplaneModeOn = false
07-04 18:17:08.002 I/HardKeyTracker( 4955): HardKeyTracker.registerKeySequence():201 Register key sequence pup{labelResId=2132020540, callback=fmb@c7831db, lastModifier=2, keyCodes=[51], actions=[0]}
07-04 18:17:08.002 W/AccessPointsManager( 4955): AccessPointsManager.addAccessPoint():1124 The holder controller #0x7f0b2947 is not registered
07-04 18:17:08.003 I/HardKeyTracker( 4955): HardKeyTracker.registerKeySequence():201 Register key sequence pup{labelResId=2132020540, callback=fmb@1bc4751, lastModifier=2, keyCodes=[51], actions=[0]}
07-04 18:17:08.003 I/SystemSubtypesReportModule( 4955): SystemSubtypesReportModule$3.onSetCurrentInputMethodSubtype():193 de_DE
07-04 18:17:08.003 I/SystemSubtypesReportModule( 4955): SystemSubtypesReportModule$3.onSetCurrentInputMethodSubtype():205 Subtype de_DE was caused by entry
07-04 18:17:08.003 I/CrossProfileSender( 4955): onServiceConnected for component ComponentInfo{com.google.android.inputmethod.latin/com.google.android.enterprise.connectedapps.CrossProfileConnector_Service}
07-04 18:17:08.003 I/DebugExecutorService( 4955): execute() called with Runnable: kga@52d078d
07-04 18:17:08.003 I/DebugExecutorService( 4955): kga@52d078d finished on thread
07-04 18:17:08.003 I/CrossProfileSender( 4955): tryMakeAsyncCalls
07-04 18:17:08.003 I/DebugExecutorService( 4955): execute() called with Runnable: jxg@b190153
07-04 18:17:08.003 I/DebugExecutorService( 4955): jxg@b190153 finished on thread
07-04 18:17:08.003 I/CrossProfileSender( 4955): Binding attempt succeeded
07-04 18:17:08.003 I/CrossProfileSender( 4955): drainAsyncQueue
07-04 18:17:08.003 I/SP      ( 4955): Registering bundled_delight.2026052100, url: null, constraints: *:*:*:*, flags: *, requested: 2026052100, current: 2026052100
07-04 18:17:08.004 I/KeyboardGroupDefParser( 4955): KeyboardGroupDefParser.parseKeyboardGroupDef():72 parseKeyboardGroupDef() 2132214004 -> 0_resource_name_obfuscated : WaitTime = 1 ms : RunTime = 1 ms
07-04 18:17:08.004 I/AiAiEcho( 5158): (REDACTED) #postPredictionTargets: Sending updates to UISurface %s with targets# %s (types=[%s])
07-04 18:17:08.006 I/SuperpacksManagerImpl( 4955): SuperpacksManagerImpl$3$1.onSuccess():552 emoticon_content_description.registerManifest() succeeded
07-04 18:17:08.006 I/SuperpacksManagerImpl( 4955): SuperpacksManagerImpl$3$1.onSuccess():552 spell_checker.registerManifest() succeeded
07-04 18:17:08.006 I/SuperpacksManagerImpl( 4955): SuperpacksManagerImpl$3$1.onSuccess():552 content_cache.registerManifest() succeeded
07-04 18:17:08.006 I/SuperpacksManagerImpl( 4955): SuperpacksManagerImpl$3$1.onSuccess():552 bundled_delight.registerManifest() succeeded
07-04 18:17:08.006 I/SP      ( 4955): Syncing spell_checker (2023080700) with slices: [{en_cpu_272adaa02e4841a0e8fe0d7f95b77421, W:b:*:*, bg}], metadata: false
07-04 18:17:08.008 I/SharedPreferencesSynchronizer( 8826): SharedPreferencesSynchronizer.putStringSet():97 putStringSet previously_enabled_entries: [de, en-US, nb]
07-04 18:17:08.009 I/SuperDelight( 4955): SuperDelightManager$2.onSuccess():521 delight_overrides sync success, adding to data file manager
07-04 18:17:08.009 I/DebugExecutorService( 4955): execute() called with Runnable: jek@6e380e4
07-04 18:17:08.009 I/DebugExecutorService( 4955): jek@6e380e4 finished on thread
07-04 18:17:08.010 W/BundleCallSender( 8826): Call returned null or empty bytes from jyb
07-04 18:17:08.010 W/BundleCallSender( 8826): Return bytes are empty
07-04 18:17:08.010 I/CrossProfileSender( 4955): Scheduling automatic disconnection
07-04 18:17:08.010 I/AiAiEcho( 5158): (REDACTED) Settings changed for uri: %s
07-04 18:17:08.011 I/AiAiEcho( 5158): (REDACTED) Settings changed for uri: %s
07-04 18:17:08.011 I/AiAiEcho( 5158): (REDACTED) Predicting[%d]: %s
07-04 18:17:08.011 I/AiAiEcho( 5158): (REDACTED) EchoTargets: %s
07-04 18:17:08.011 I/AiAiEcho( 5158): Filtered by AiAi flag check: %s
07-04 18:17:08.011 I/AiAiEcho( 5158): #remoteViewsTwiddler: feature disabled.
07-04 18:17:08.011 I/AiAiEcho( 5158): (REDACTED) Predicting[%d]: %s
07-04 18:17:08.012 I/AiAiEcho( 5158): (REDACTED) EchoTargets: %s
07-04 18:17:08.012 I/AiAiEcho( 5158): Filtered by AiAi flag check: %s
07-04 18:17:08.012 I/AiAiEcho( 5158): (REDACTED) #weatherSubItemsTwiddler: Weather removes SubtitleSupplementalItem in surface: %s
07-04 18:17:08.012 I/AiAiEcho( 5158): #remoteViewsTwiddler: feature disabled.
07-04 18:17:08.012 I/AiAiEcho( 5158): (REDACTED) Predicting[%d]: %s
07-04 18:17:08.012 I/AiAiEcho( 5158): (REDACTED) EchoTargets: %s
07-04 18:17:08.012 I/AiAiEcho( 5158): Filtered by AiAi flag check: %s
07-04 18:17:08.012 I/AiAiEcho( 5158): (REDACTED) #weatherSubItemsTwiddler: Weather removes SubtitleSupplementalItem in surface: %s
07-04 18:17:08.012 I/AiAiSmartspace( 5158): #weatherSecondaryCardTwiddler: don't change weather for the dream surface
07-04 18:17:08.013 I/AiAiEcho( 5158): #remoteViewsTwiddler: feature disabled.
07-04 18:17:08.013 I/AiAiEcho( 5158): (REDACTED) Predicting[%d]: %s
07-04 18:17:08.013 I/AiAiEcho( 5158): (REDACTED) EchoTargets: %s
07-04 18:17:08.013 I/AiAiEcho( 5158): Filtered by AiAi flag check: %s
07-04 18:17:08.013 I/AiAiEcho( 5158): (REDACTED) #weatherSubItemsTwiddler: Weather removes SubtitleSupplementalItem in surface: %s
07-04 18:17:08.013 I/AiAiEcho( 5158): #remoteViewsTwiddler: feature disabled.
07-04 18:17:08.014 I/AiAiEcho( 5158): (REDACTED) Predicting[%d]: %s
07-04 18:17:08.014 I/AiAiEcho( 5158): (REDACTED) EchoTargets: %s
07-04 18:17:08.014 I/AiAiEcho( 5158): Filtered by AiAi flag check: %s
07-04 18:17:08.014 I/AiAiEcho( 5158): #remoteViewsTwiddler: feature disabled.
07-04 18:17:08.014 I/AiAiEcho( 5158): (REDACTED) Predicting[%d]: %s
07-04 18:17:08.014 I/AiAiEcho( 5158): (REDACTED) EchoTargets: %s
07-04 18:17:08.014 I/AiAiEcho( 5158): Filtered by AiAi flag check: %s
07-04 18:17:08.015 I/AiAiEcho( 5158): (REDACTED) #weatherSubItemsTwiddler: Weather removes SubtitleSupplementalItem in surface: %s
07-04 18:17:08.015 I/AiAiEcho( 5158): #remoteViewsTwiddler: feature disabled.
07-04 18:17:08.015 I/AiAiEcho( 5158): (REDACTED) Predicting[%d]: %s
07-04 18:17:08.015 I/AiAiEcho( 5158): (REDACTED) EchoTargets: %s
07-04 18:17:08.015 I/AiAiEcho( 5158): Filtered by AiAi flag check: %s
07-04 18:17:08.015 I/AiAiEcho( 5158): (REDACTED) #weatherSubItemsTwiddler: Weather removes SubtitleSupplementalItem in surface: %s
07-04 18:17:08.015 I/AiAiSmartspace( 5158): #weatherSecondaryCardTwiddler: don't change weather for the dream surface
07-04 18:17:08.015 I/AiAiEcho( 5158): #remoteViewsTwiddler: feature disabled.
07-04 18:17:08.015 I/AiAiEcho( 5158): (REDACTED) Predicting[%d]: %s
07-04 18:17:08.015 I/AiAiEcho( 5158): (REDACTED) EchoTargets: %s
07-04 18:17:08.015 I/AiAiEcho( 5158): Filtered by AiAi flag check: %s
07-04 18:17:08.015 I/AiAiEcho( 5158): (REDACTED) #weatherSubItemsTwiddler: Weather removes SubtitleSupplementalItem in surface: %s
07-04 18:17:08.015 I/AiAiEcho( 5158): #remoteViewsTwiddler: feature disabled.
07-04 18:17:08.016 I/AiAiEcho( 5158): (REDACTED) #postPredictionTargets: Sending updates to UISurface %s with targets# %s (types=[%s])
07-04 18:17:08.016 I/AmbientCueRepository( 2967): Receiving SmartSpace targets # 0
07-04 18:17:08.016 W/libbinder.IPCThreadState( 1795): Sending oneway calls to frozen process.
07-04 18:17:08.016 W/libbinder.IPCThreadState( 1795): Sending oneway calls to frozen process.
07-04 18:17:08.016 W/libbinder.IPCThreadState( 1795): Sending oneway calls to frozen process.
07-04 18:17:08.016 W/libbinder.IPCThreadState( 1795): Sending oneway calls to frozen process.
07-04 18:17:08.016 W/libbinder.IPCThreadState( 1795): Sending oneway calls to frozen process.
07-04 18:17:08.016 W/libbinder.IPCThreadState( 1795): Sending oneway calls to frozen process.
07-04 18:17:08.016 W/libbinder.IPCThreadState( 1795): Sending oneway calls to frozen process.
07-04 18:17:08.016 W/libbinder.IPCThreadState( 1795): Sending oneway calls to frozen process.
07-04 18:17:08.016 W/libbinder.IPCThreadState( 1795): Sending oneway calls to frozen process.
07-04 18:17:08.016 W/libbinder.IPCThreadState( 1795): Sending oneway calls to frozen process.
07-04 18:17:08.016 W/libbinder.IPCThreadState( 1795): Sending oneway calls to frozen process.
07-04 18:17:08.016 W/libbinder.IPCThreadState( 1795): Sending oneway calls to frozen process.
07-04 18:17:08.016 W/libbinder.IPCThreadState( 1795): Sending oneway calls to frozen process.
07-04 18:17:08.016 W/libbinder.IPCThreadState( 1795): Sending oneway calls to frozen process.
07-04 18:17:08.016 W/libbinder.IPCThreadState( 1795): Sending oneway calls to frozen process.
07-04 18:17:08.016 W/libbinder.IPCThreadState( 1795): Sending oneway calls to frozen process.
07-04 18:17:08.016 W/libbinder.IPCThreadState( 1795): Sending oneway calls to frozen process.
07-04 18:17:08.016 W/libbinder.IPCThreadState( 1795): Sending oneway calls to frozen process.
07-04 18:17:08.016 W/libbinder.IPCThreadState( 1795): Sending oneway calls to frozen process.
07-04 18:17:08.016 W/libbinder.IPCThreadState( 1795): Sending oneway calls to frozen process.
07-04 18:17:08.016 W/libbinder.IPCThreadState( 1795): Sending oneway calls to frozen process.
07-04 18:17:08.016 W/libbinder.IPCThreadState( 1795): Sending oneway calls to frozen process.
07-04 18:17:08.017 I/AiAiEcho( 5158): (REDACTED) #postPredictionTargets: Sending updates to UISurface %s with targets# %s (types=[%s])
07-04 18:17:08.017 I/PkModeUpdater( 4955): PkModeUpdater.refreshDevices():206 refreshing devices
07-04 18:17:08.017 I/PkModeUpdater( 4955): PkModeUpdater.refreshDevices():206 refreshing devices
07-04 18:17:08.018 I/WeatherSmartspaceView( 2967): setFormattedContentDescription: text=20°C, iconDescription=Mostly cloudy day, contentDescription=Mostly cloudy day 20°C
07-04 18:17:08.018 I/WeatherSmartspaceView( 2967): setFormattedContentDescription: text=20°C, iconDescription=Mostly cloudy day, contentDescription=Mostly cloudy day 20°C
07-04 18:17:08.018 I/WeatherData( 2967): Weather data parsed MOSTLY_CLOUDY_DAY ("Mostly cloudy day") 20°C from Bundle[{description=Mostly cloudy day, feedback_intent=null, explanation_intent=Supplier{VAL_PARCELABLE@160+1920}, is_gaia_linked_data=true, use_celsius=true, state=7, temperature=20}]
07-04 18:17:08.018 I/AiAiEcho( 5158): (REDACTED) #postPredictionTargets: Sending updates to UISurface %s with targets# %s (types=[%s])
07-04 18:17:08.019 I/AiAiEcho( 5158): (REDACTED) #postPredictionTargets: Sending updates to UISurface %s with targets# %s (types=[%s])
07-04 18:17:08.020 I/AiAiEcho( 5158): (REDACTED) #postPredictionTargets: Sending updates to UISurface %s with targets# %s (types=[%s])
07-04 18:17:08.020 I/AmbientCueRepository( 2967): Receiving SmartSpace targets # 0
07-04 18:17:08.022 I/AiAiEcho( 5158): (REDACTED) #postPredictionTargets: Sending updates to UISurface %s with targets# %s (types=[%s])
07-04 18:17:08.022 I/WeatherSmartspaceView( 2967): setFormattedContentDescription: text=20°C, iconDescription=Mostly cloudy day, contentDescription=Mostly cloudy day 20°C
07-04 18:17:08.022 I/WeatherSmartspaceView( 2967): setFormattedContentDescription: text=20°C, iconDescription=Mostly cloudy day, contentDescription=Mostly cloudy day 20°C
07-04 18:17:08.022 I/WeatherData( 2967): Weather data parsed MOSTLY_CLOUDY_DAY ("Mostly cloudy day") 20°C from Bundle[{description=Mostly cloudy day, feedback_intent=null, explanation_intent=Supplier{VAL_PARCELABLE@160+1920}, is_gaia_linked_data=true, use_celsius=true, state=7, temperature=20}]
07-04 18:17:08.023 I/AiAiEcho( 5158): (REDACTED) #postPredictionTargets: Sending updates to UISurface %s with targets# %s (types=[%s])
07-04 18:17:08.024 I/AiAiEcho( 5158): (REDACTED) #postPredictionTargets: Sending updates to UISurface %s with targets# %s (types=[%s])
07-04 18:17:08.035 I/SuperDelight( 4955): SuperDelightManager.syncBundledLanguageModels():721 SuperDelightManager#syncBundledLanguageModels(): Syncing for version 2026052100
07-04 18:17:08.035 I/SP      ( 4955): Syncing emoticon_content_description (2022081613) with slices: [7a635888cb828dfa2fc744b7b9b50f04, 5d203531c1d4addc95edd340f6ff6857, 1c661f5c7fb2b8a396a302d79ea74d30], metadata: false
07-04 18:17:08.036 I/SP      ( 4955): Syncing content_cache (2024032915) with slices: [74ed8b2e38ec1bc8af70aa63d8ec49de, 8722425f4121ffdea802b1066df73991, fa1da98da1212aad6fb9a8efaff48148], metadata: true
07-04 18:17:08.044 W/KeyMappingDef( 4955): KeyMappingDef$Builder.findSoftKeyDef():548 SoftKeyDef 0x7f0b2353 (#0x7f0b2353) has not been defined.
07-04 18:17:08.044 W/KeyMappingDef( 4955): KeyMappingDef$Builder.findSoftKeyDef():548 SoftKeyDef 0x7f0b1908 (#0x7f0b1908) has not been defined.
07-04 18:17:08.046 I/SP      ( 4955): Scheduling job with delay of 0s for {W:b:u:l, bg}, 1 candidates
07-04 18:17:08.050 I/SpBackgroundTask( 4955): SuperpacksBackgroundJobService.onStartJob():25 onStartJob: android.app.job.JobParameters@6de760c
07-04 18:17:08.050 I/SP      ( 4955): ====> Starting job {W:b:u:l, bg}
07-04 18:17:08.051 I/KeyboardDefManager( 4955): KeyboardDefManager$Companion$addFutureCallbackForKeyboardDefReceiver$1.onSuccess():425 requestKeyboardDef onSuccess(): info=ouy{defIds=[#0x7f1705e9, #0x7f1708b1], defIdsCacheKey=[2132215273, 2132215985]}
07-04 18:17:08.051 I/KeyboardInterfacePrivate( 4955): IKeyboard.createKeyboard():71 Keyboard created from HiltKeyboardFactory: com.google.android.apps.inputmethod.latin.keyboard.LatinPrimeKeyboard
07-04 18:17:08.052 I/SP      ( 4955): Scheduling: download registered, 0 started, 0 paused, 1 scheduled, 1 pending: emoticon_content_description:1c661f5c7fb2b8a396a302d79ea74d30 * {W:b:u:l, bg}
07-04 18:17:08.059 I/DownloadManager( 4955): DownloadManager.completeDownload():434 Download for __KLP_manifest_delight__nb scheduled with params ors[allowMetered=true, requireCharging=false, foreground=false, immediately=true, priority=0]
07-04 18:17:08.059 I/DownloadManager( 4955): DownloadManager.startDownload():518 start download of __KLP_manifest_delight__nb
07-04 18:17:08.059 I/DownloadManager( 4955): DownloadManager$4.onFailure():599 download for __KLP_manifest_delight__nb is cancelled
07-04 18:17:08.059 I/DownloadManager( 4955): DownloadManager.completeDownload():432 Previous download for __KLP_manifest_delight__nb is cancelled
07-04 18:17:08.059 I/DownloadManager( 4955): DownloadManager.completeDownload():434 Download for __KLP_manifest_delight__nb scheduled with params ors[allowMetered=true, requireCharging=false, foreground=false, immediately=true, priority=0]
07-04 18:17:08.059 I/DownloadManager( 4955): DownloadManager.startDownload():518 start download of __KLP_manifest_delight__nb
07-04 18:17:08.059 I/DownloadManager( 4955): DownloadManager.completeDownload():434 Download for __KLP_manifest_delight__en-US scheduled with params ors[allowMetered=true, requireCharging=false, foreground=false, immediately=true, priority=0]
07-04 18:17:08.059 I/DownloadManager( 4955): DownloadManager.startDownload():518 start download of __KLP_manifest_delight__en-US
07-04 18:17:08.059 I/DownloadManager( 4955): DownloadManager.completeDownload():434 Download for __KLP_manifest_delight__de-DE scheduled with params ors[allowMetered=true, requireCharging=false, foreground=false, immediately=true, priority=0]
07-04 18:17:08.059 I/DownloadManager( 4955): DownloadManager.startDownload():518 start download of __KLP_manifest_delight__de-DE
07-04 18:17:08.059 I/DownloadManager( 4955): DownloadManager$4.onFailure():599 download for __KLP_manifest_delight__de-DE is cancelled
07-04 18:17:08.059 I/DownloadManager( 4955): DownloadManager.completeDownload():432 Previous download for __KLP_manifest_delight__de-DE is cancelled
07-04 18:17:08.059 I/DownloadManager( 4955): DownloadManager.completeDownload():434 Download for __KLP_manifest_delight__de-DE scheduled with params ors[allowMetered=true, requireCharging=false, foreground=false, immediately=true, priority=0]
07-04 18:17:08.059 I/DownloadManager( 4955): DownloadManager.startDownload():518 start download of __KLP_manifest_delight__de-DE
07-04 18:17:08.059 I/DownloadManager( 4955): DownloadManager$4.onFailure():599 download for __KLP_manifest_delight__en-US is cancelled
07-04 18:17:08.059 I/DownloadManager( 4955): DownloadManager.completeDownload():432 Previous download for __KLP_manifest_delight__en-US is cancelled
07-04 18:17:08.059 I/DownloadManager( 4955): DownloadManager.completeDownload():434 Download for __KLP_manifest_delight__en-US scheduled with params ors[allowMetered=true, requireCharging=false, foreground=false, immediately=true, priority=0]
07-04 18:17:08.059 I/DownloadManager( 4955): DownloadManager.startDownload():518 start download of __KLP_manifest_delight__en-US
07-04 18:17:08.060 I/DownloadManager( 4955): DownloadManager$4.onSuccess():587 download for __KLP_manifest_delight__nb is finished with files # sfo@d3355169
07-04 18:17:08.062 I/DownloadManager( 4955): DownloadManager$4.onSuccess():587 download for __KLP_manifest_delight__en-US is finished with files # sfo@d99f315
07-04 18:17:08.062 I/DelightKLPDownloader( 4955): DelightKLPDownloader$2.onSuccess():226 klp en_US has same bundled version, skip download
07-04 18:17:08.062 I/DelightKLPDownloader( 4955): DelightKLPDownloader$2.onSuccess():226 klp en_US has same bundled version, skip download
07-04 18:17:08.062 I/ManifestedDataDownloader( 4955): ManifestedDataDownloader.checkVersionAndDownload():98 filegroup __KLP_delight__nb with version 2024031400 is already downloaded
07-04 18:17:08.064 I/DelightKLPDownloader( 4955): DelightKLPDownloader$2.onSuccess():233 klp nb downloaded with version 2024031400
07-04 18:17:08.064 D/ConnectivityService( 1795): Returning UNBLOCKED NetworkInfo to uid=10217
07-04 18:17:08.064 I/ManifestedDataDownloader( 4955): ManifestedDataDownloader.checkVersionAndDownload():98 filegroup __KLP_delight__nb with version 2024031400 is already downloaded
07-04 18:17:08.065 I/SP      ( 4955): Scheduling: job start ({W:b:u:l, bg}), 1 started, 0 paused, 0 scheduled, 1 pending: emoticon_content_description:1c661f5c7fb2b8a396a302d79ea74d30 @ * {W:b:u:l, bg}
07-04 18:17:08.065 I/DelightKLPDownloader( 4955): DelightKLPDownloader$2.onSuccess():233 klp nb downloaded with version 2024031400
07-04 18:17:08.066 I/SP      ( 4955): Sync for spell_checker succeeded in 60 ms: no changes
07-04 18:17:08.066 I/SP      ( 4955): Requesting download of URL https://www.gstatic.com/android/keyboard/emoticon_content_desc/202208161305/de.binaryproto to 1c661f5c7fb2b8a396a302d79ea74d30.fetched (constraints: W:b:u:l)
07-04 18:17:08.066 I/SP      ( 4955): GC for 'spell_checker' (10) with ttl of 0 ms took 0 ms (0/0/0)
07-04 18:17:08.067 I/SuperDelight( 4955): SuperDelightBundledSlicingStrategy.getSlices():41 BundledSlicing#getSlices() : Locale = [en_US, nb, de]
07-04 18:17:08.067 I/SuperDelight( 4955): SuperDelightBundledSlicingStrategy.getSlices():67 BundledSlicing#getSlices(): result {slices=[bundled_delight:main_en_us_2026030300_2], last batch=true, sync metadata=false}
07-04 18:17:08.067 I/SP      ( 4955): Syncing bundled_delight (2026052100) with slices: [main_en_us_2026030300_2], metadata: false
07-04 18:17:08.067 I/SuperpacksManagerImpl( 4955): SuperpacksManagerImpl$19.onSyncSuccess():947 spell_checker.sync() succeeded
07-04 18:17:08.076 I/SP      ( 4955): Sync for content_cache succeeded in 41 ms: no changes
07-04 18:17:08.076 I/SP      ( 4955): GC for 'content_cache' (10) with ttl of 0 ms took 0 ms (0/0/0)
07-04 18:17:08.077 I/SuperpacksManagerImpl( 4955): SuperpacksManagerImpl$19.onSyncSuccess():947 content_cache.sync() succeeded
07-04 18:17:08.077 I/SP      ( 4955): Sync for bundled_delight succeeded in 11 ms: no changes
07-04 18:17:08.077 I/SP      ( 4955): GC for 'bundled_delight' (10) with ttl of 0 ms took 0 ms (0/0/0)
07-04 18:17:08.077 I/LmManager( 4955): LmManager$1.onSuccess():84 Bundled delight sync success
07-04 18:17:08.077 I/SuperpacksManagerImpl( 4955): SuperpacksManagerImpl$19.onSyncSuccess():947 bundled_delight.sync() succeeded
07-04 18:17:08.077 I/SuperDelight( 4955): SuperDelightManager$2.onSuccess():521 bundled_delight sync success, adding to data file manager
07-04 18:17:08.078 I/DataFileManager( 4955): DataFileManager.addDataWithoutNotify():184 data en-US already exists
07-04 18:17:08.123 D/AOC     ( 1476): A3:MSG: controller.cc, 933: SysMem: ipc: C-F1-Ar, cmd ID: 0x00c8, tag: 0x87, rc: 0
07-04 18:17:08.123 D/AOC     ( 1476): A3:MSG: controller.cc, 933: SysMem: ipc: C-F1-Ar, cmd ID: 0x00c8, tag: 0x88, rc: 0
07-04 18:17:08.162 I/NearbyMediums(23012): Found Fast Ble Advertisements :
07-04 18:17:08.162 I/NearbyMediums(23012): BleAdvertisement { version=2, socketVersion=2, isFast=true, serviceIdHash=null, data=[ 0x23 0x49 0x4b 0x34 0x36 0x11 0x32 0xef 0x09 0x5b 0xc4 0x10 0xa1 0x06 0xa2 0x53 0xaf 0x55 0x72 0xf4 0x0f 0x7d 0x6c ], deviceToken=[ 0x54 0x4e ], rxAdvertisement=null } : 25 times.
07-04 18:17:08.162 I/NearbyMediums(23012): BleAdvertisement { version=2, socketVersion=2, isFast=true, serviceIdHash=null, data=[ 0x23 0x4d 0x33 0x53 0x42 0x11 0x32 0x7b 0x11 0x23 0x07 0xfc 0x43 0x64 0x1e 0xe4 0x36 0xb2 0x21 0x56 0xf5 0x34 0xa5 ], deviceToken=[ 0xd7 0xc2 ], rxAdvertisement=null } : 11 times.
07-04 18:17:08.162 I/NearbyMediums(23012): Total 36 fast advertisements from 2 unique advertisers.
07-04 18:17:08.162 I/NearbyMediums(23012): Current Tracked Scanning Clients are : {NearbyConnections.EnvironmentMonitor, NearbySharing}
07-04 18:17:08.200 D/InetDiagMessage( 1795): Destroyed 0 sockets, proto=IPPROTO_TCP, family=AF_INET, states=14
07-04 18:17:08.204 D/InetDiagMessage( 1795): Destroyed 0 sockets, proto=IPPROTO_TCP, family=AF_INET6, states=14
07-04 18:17:08.204 D/InetDiagMessage( 1795): Destroyed live tcp sockets for uids={1010166} in 8ms
07-04 18:17:08.210 D/InetDiagMessage( 1795): Destroyed 0 sockets, proto=IPPROTO_TCP, family=AF_INET, states=14
07-04 18:17:08.216 D/InetDiagMessage( 1795): Destroyed 0 sockets, proto=IPPROTO_TCP, family=AF_INET6, states=14
07-04 18:17:08.216 D/InetDiagMessage( 1795): Destroyed live tcp sockets for uids={1020166} in 12ms
07-04 18:17:08.248 I/DownloadManager( 4955): DownloadManager$4.onSuccess():587 download for __KLP_manifest_delight__de-DE is finished with files # sfo@877bcf2e
07-04 18:17:08.248 I/DownloadManager( 4955): DownloadManager$3.onProgress():537 Downloading __KLP_manifest_delight__de-DE with size 482
07-04 18:17:08.252 I/DownloadManager( 4955): DownloadManager.completeDownload():434 Download for __KLP_delight__de-DE scheduled with params ors[allowMetered=true, requireCharging=false, foreground=true, immediately=false, priority=500]
07-04 18:17:08.252 I/DownloadManager( 4955): DownloadManager.completeDownload():434 Download for __KLP_delight__de-DE scheduled with params ors[allowMetered=true, requireCharging=false, foreground=true, immediately=false, priority=500]
07-04 18:17:08.277 I/ewom    ( 2168): (REDACTED) HDM. appOpsListener %s %s
07-04 18:17:08.277 I/ewom    ( 2168): (REDACTED) HDM. Ignoring irrelevant audio permission changes for package %s
07-04 18:17:08.278 W/JobScheduler( 1795): Job didn't exist in JobStore: 76b7cd1 {androidx.work.systemjobscheduler} #u0a217/22082 #foreground_download_work#@androidx.work.systemjobscheduler@com.google.android.inputmethod.latin/androidx.work.impl.background.systemjob.SystemJobService
07-04 18:17:08.281 I/ewom    ( 2168): (REDACTED) HDM. appOpsListener %s %s
07-04 18:17:08.281 I/ewom    ( 2168): (REDACTED) HDM. Ignoring irrelevant audio permission changes for package %s
07-04 18:17:08.292 D/ConnectivityService( 1795): requestNetwork for uid/pid:10217/4955 activeRequest: null callbackRequest: 5331 [NetworkRequest [ REQUEST id=5332, [ Capabilities: INTERNET&NOT_RESTRICTED&TRUSTED&NOT_VCN_MANAGED&NOT_BANDWIDTH_CONSTRAINED Uid: 10217 RequestorUid: 10217 RequestorPkg: com.google.android.inputmethod.latin UnderlyingNetworks: Null] ]] callback flags: 0 order: 2147483647 isUidTracked: false declaredMethods: AVAIL|LOST|NC|BLK
07-04 18:17:08.293 I/DownloadManager( 4955): DownloadManager.startDownload():518 start download of __KLP_delight__de-DE
07-04 18:17:08.295 W/ConnectivityManager.CallbackHandler( 4955): callback not found for CALLBACK_AVAILABLE message
07-04 18:17:08.303 I/SP      ( 4955): <==== Finishing job {W:b:u:l, bg}, 252 ms. elapsed since start
07-04 18:17:08.303 I/SP      ( 4955): Download stopped: emoticon_content_description:1c661f5c7fb2b8a396a302d79ea74d30, succeeded, size: 14015
07-04 18:17:08.308 D/WifiNetworkFactory( 1795): got request NetworkRequest [ REQUEST id=5332, [ Capabilities: INTERNET&NOT_RESTRICTED&TRUSTED&NOT_VCN_MANAGED&NOT_BANDWIDTH_CONSTRAINED Uid: 10217 RequestorUid: 10217 RequestorPkg: com.google.android.inputmethod.latin UnderlyingNetworks: Null] ]
07-04 18:17:08.309 D/UntrustedWifiNetworkFactory( 1795): got request NetworkRequest [ REQUEST id=5332, [ Capabilities: INTERNET&NOT_RESTRICTED&TRUSTED&NOT_VCN_MANAGED&NOT_BANDWIDTH_CONSTRAINED Uid: 10217 RequestorUid: 10217 RequestorPkg: com.google.android.inputmethod.latin UnderlyingNetworks: Null] ]
07-04 18:17:08.310 D/OemPaidWifiNetworkFactory( 1795): got request NetworkRequest [ REQUEST id=5332, [ Capabilities: INTERNET&NOT_RESTRICTED&TRUSTED&NOT_VCN_MANAGED&NOT_BANDWIDTH_CONSTRAINED Uid: 10217 RequestorUid: 10217 RequestorPkg: com.google.android.inputmethod.latin UnderlyingNetworks: Null] ]
07-04 18:17:08.311 D/MultiInternetWifiNetworkFactory( 1795): got request NetworkRequest [ REQUEST id=5332, [ Capabilities: INTERNET&NOT_RESTRICTED&TRUSTED&NOT_VCN_MANAGED&NOT_BANDWIDTH_CONSTRAINED Uid: 10217 RequestorUid: 10217 RequestorPkg: com.google.android.inputmethod.latin UnderlyingNetworks: Null] ]
07-04 18:17:08.311 D/ConnectivityService( 1795): NetReassign [5332 : null → 107] [c 0] [a 9] [i 8]
07-04 18:17:08.314 W/libbinder.IPCThreadState( 1380): Sending oneway calls to frozen process.
07-04 18:17:08.314 W/libbinder.IPCThreadState( 1380): Sending oneway calls to frozen process.
07-04 18:17:08.314 W/libbinder.IPCThreadState( 1380): Sending oneway calls to frozen process.
07-04 18:17:08.314 W/libbinder.IPCThreadState( 1380): Sending oneway calls to frozen process.
07-04 18:17:08.314 W/libbinder.IPCThreadState( 1380): Sending oneway calls to frozen process.
07-04 18:17:08.314 W/libbinder.IPCThreadState( 1380): Sending oneway calls to frozen process.
07-04 18:17:08.314 W/libbinder.IPCThreadState( 1380): Sending oneway calls to frozen process.
07-04 18:17:08.315 W/libbinder.IPCThreadState( 1380): Sending oneway calls to frozen process.
07-04 18:17:08.315 W/libbinder.IPCThreadState( 1380): Sending oneway calls to frozen process.
07-04 18:17:08.315 W/libbinder.IPCThreadState( 1380): Sending oneway calls to frozen process.
07-04 18:17:08.315 W/libbinder.IPCThreadState( 1380): Sending oneway calls to frozen process.
07-04 18:17:08.324 I/SP      ( 4955): Sync for emoticon_content_description succeeded in 290 ms: {added: [1c661f5c7fb2b8a396a302d79ea74d30], metadata: false
07-04 18:17:08.339 I/SP      ( 4955): GC for 'emoticon_content_description' (10) with ttl of 0 ms took 0 ms (0/0/0)
07-04 18:17:08.340 I/SuperpacksManagerImpl( 4955): SuperpacksManagerImpl$19.onSyncSuccess():947 emoticon_content_description.sync() succeeded
07-04 18:17:08.354 W/SP      ( 4955): File ref is being finalized but wasn't closed, file: en_cpu_272adaa02e4841a0e8fe0d7f95b77421[5]
07-04 18:17:08.355 W/SP      ( 4955): File ref is being finalized but wasn't closed, file: main_en_us_2026030300_2[6]
07-04 18:17:08.355 W/SP      ( 4955): File ref is being finalized but wasn't closed, file: main_en_us_2026030300_2[6]
07-04 18:17:08.489 I/DisplayDeviceRepository( 1795): Display device changed render timings: "Built-in Screen", renderFrameRate=120.00001, presentationDeadlineNanos=11500000, appVsyncOffsetNanos=6233332, frameRateOverrides=[{uid=10253 frameRateHz=60.000004}, {uid=10270 frameRateHz=60.000004}]
07-04 18:17:09.173 I/DisplayDeviceRepository( 1795): Display device changed render timings: "Built-in Screen", renderFrameRate=120.00001, presentationDeadlineNanos=11500000, appVsyncOffsetNanos=6233332, frameRateOverrides=[{uid=10270 frameRateHz=60.000004}, {uid=10326 frameRateHz=120.00001}]
07-04 18:17:09.294 I/DownloadManager( 4955): DownloadManager$3.onProgress():537 Downloading __KLP_delight__de-DE with size 5828808
07-04 18:17:09.298 I/ewom    ( 2168): (REDACTED) HDM. appOpsListener %s %s
07-04 18:17:09.298 I/ewom    ( 2168): (REDACTED) HDM. Ignoring irrelevant audio permission changes for package %s
07-04 18:17:09.299 I/ewom    ( 2168): (REDACTED) HDM. appOpsListener %s %s
07-04 18:17:09.299 I/ewom    ( 2168): (REDACTED) HDM. Ignoring irrelevant audio permission changes for package %s
07-04 18:17:09.389 I/DisplayDeviceRepository( 1795): Display device changed render timings: "Built-in Screen", renderFrameRate=120.00001, presentationDeadlineNanos=11500000, appVsyncOffsetNanos=6233332, frameRateOverrides=[{uid=10326 frameRateHz=120.00001}]
07-04 18:17:09.751 E/TaskPersister( 1795): File error accessing recents directory (directory doesn't exist?).
07-04 18:17:09.930 I/WifiHAL ( 1211): Creating message to get link statistics; iface = 47
07-04 18:17:09.965 I/WifiHAL ( 1211): Getting cached scan results, iface handle = 0xb40000708bfa0950
07-04 18:17:09.965 E/WifiHAL ( 1211): Creating message to get cached scan results
07-04 18:17:09.969 I/WifiHAL ( 1211): In GetCachedScanResultsCommand::handleResponse
07-04 18:17:09.985 I/adbd    ( 2198): adbd service requested 'exec:screencap '-p''
07-04 18:17:09.986 D/WifiHAL ( 1211): Start debug command: mType GET_FEATURE
07-04 18:17:09.986 I/WifiHAL ( 1211): CreateRequest mType = GET_FEATURE
07-04 18:17:09.987 D/WifiHAL ( 1211): In DebugCommand::handleResponse, mType:GET_FEATURE
07-04 18:17:09.987 D/WifiHAL ( 1211): len = 4, expected len = 4
